    0.021  SESSION.START           log=D:\1_software\Experimental control software\Synthetic birefringence\delta 0pt25 new\pshg_diag_20260611_110924.log  csv=D:\1_software\Experimental control software\Synthetic birefringence\delta 0pt25 new\pshg_diag_20260611_110924.csv  file=delta_waves=0.250_fast_axis=60.xlsx  drain_stale=True
    0.066  ELL.QUERY               cmd=0in  reply='0IN0E1140051420211501016800023000\r\n'
    0.162  ELL.QUERY               cmd=2in  reply='2IN0E1140064920211501016800023000\r\n'
    0.354  ELL.QUERY               cmd=0ho  reply='0POFFFFFFFE\r\n'
    0.914  ELL.QUERY               cmd=2ho  reply='2POFFFFFFFF\r\n'
    0.946  ELL.QUERY               cmd=0gp  reply='0POFFFFFFFE\r\n'
    1.026  ELL.QUERY               cmd=2gp  reply='2POFFFFFFFF\r\n'
    2.044  LOOP.START            
    3.054  FRAME.START             frame=1  hwp=35  qwp=72
    3.060  ELL.TX                  addr=0  deg=35  hex=00003672  cmd=0ma00003672
    3.282  ELL.RX                  addr=0  line=0PO00003674  raw=b'0PO00003674\r\n'
    3.285  ELL.DONE                addr=0  pos=35.01  dt=0.221  lines=1  leftover=0
    3.286  ELL.TX                  addr=2  deg=72  hex=00007000  cmd=2ma00007000
    3.539  ELL.RX                  addr=2  line=2PO00007002  raw=b'2PO00007002\r\n'
    3.542  ELL.DONE                addr=2  pos=72.01  dt=0.254  lines=1  leftover=0
    3.961  ARD.TRIG                frame=1  attempt=1
    4.023  ARD.RX                  msg=TRIGGERED  raw=b'TRIGGERED\r\n'  t=0.0
    4.038  ARD.RX                  msg=ARMED  raw=b'ARMED\r\n'  t=0.015
    4.455  ARD.RX                  msg=FRAME_DONE  raw=b'FRAME_DONE\r\n'  t=0.431
    4.459  ARD.FRAME_DONE          frame=1  attempt=1  dt=0.435  leftover=0
    4.462  FRAME.END               frame=1  t_total=1.408  t_hwp=0.227  t_qwp=0.259  t_trig=0.501  attempts=1  flags=ok
    4.467  FRAME.START             frame=2  hwp=38  qwp=84
    4.469  ELL.TX                  addr=0  deg=38  hex=00003B1C  cmd=0ma00003B1C
    4.610  ELL.RX                  addr=0  line=0PO00003B1E  raw=b'0PO00003B1E\r\n'
    4.612  ELL.DONE                addr=0  pos=38.0  dt=0.141  lines=1  leftover=0
    4.612  ELL.TX                  addr=2  deg=84  hex=000082AB  cmd=2ma000082AB
    4.994  ELL.RX                  addr=2  line=2PO000082AC  raw=b'2PO000082AC\r\n'
    4.995  ELL.DONE                addr=2  pos=84.0  dt=0.382  lines=1  leftover=0
    5.403  ARD.TRIG                frame=2  attempt=1
    5.467  ARD.RX                  msg=TRIGGERED  raw=b'TRIGGERED\r\n'  t=0.0
    5.483  ARD.RX                  msg=ARMED  raw=b'ARMED\r\n'  t=0.016
    5.895  ARD.RX                  msg=FRAME_DONE  raw=b'FRAME_DONE\r\n'  t=0.427
    5.896  ARD.FRAME_DONE          frame=2  attempt=1  dt=0.429  leftover=0
    5.898  FRAME.END               frame=2  t_total=1.431  t_hwp=0.143  t_qwp=0.384  t_trig=0.495  attempts=1  flags=ok
    5.901  FRAME.START             frame=3  hwp=133  qwp=85
    5.902  ELL.TX                  addr=0  deg=133  hex=0000CEE4  cmd=0ma0000CEE4
    6.322  ELL.RX                  addr=0  line=0PO0000CEE6  raw=b'0PO0000CEE6\r\n'
    6.327  ELL.DONE                addr=0  pos=133.01  dt=0.423  lines=1  leftover=0
    6.331  ELL.TX                  addr=2  deg=85  hex=00008439  cmd=2ma00008439
    6.530  ELL.RX                  addr=2  line=2PO00008437  raw=b'2PO00008437\r\n'
    6.533  ELL.DONE                addr=2  pos=85.0  dt=0.199  lines=1  leftover=0
    6.936  ARD.TRIG                frame=3  attempt=1
    6.998  ARD.RX                  msg=TRIGGERED  raw=b'TRIGGERED\r\n'  t=0.0
    7.014  ARD.RX                  msg=ARMED  raw=b'ARMED\r\n'  t=0.016
    7.427  ARD.RX                  msg=FRAME_DONE  raw=b'FRAME_DONE\r\n'  t=0.429
    7.429  ARD.FRAME_DONE          frame=3  attempt=1  dt=0.431  leftover=0
    7.431  FRAME.END               frame=3  t_total=1.53  t_hwp=0.429  t_qwp=0.204  t_trig=0.495  attempts=1  flags=ok
    7.436  FRAME.START             frame=4  hwp=127  qwp=73
    7.438  ELL.TX                  addr=0  deg=127  hex=0000C58E  cmd=0ma0000C58E
    7.682  ELL.RX                  addr=0  line=0PO0000C58E  raw=b'0PO0000C58E\r\n'
    7.683  ELL.DONE                addr=0  pos=127.0  dt=0.243  lines=1  leftover=0
    7.684  ELL.TX                  addr=2  deg=73  hex=0000718E  cmd=2ma0000718E
    7.810  ELL.RX                  addr=2  line=2PO0000718B  raw=b'2PO0000718B\r\n'
    7.812  ELL.DONE                addr=2  pos=72.99  dt=0.127  lines=1  leftover=0
    8.218  ARD.TRIG                frame=4  attempt=1
    8.282  ARD.RX                  msg=TRIGGERED  raw=b'TRIGGERED\r\n'  t=0.001
    8.298  ARD.RX                  msg=ARMED  raw=b'ARMED\r\n'  t=0.016
    8.708  ARD.RX                  msg=FRAME_DONE  raw=b'FRAME_DONE\r\n'  t=0.427
    8.710  ARD.FRAME_DONE          frame=4  attempt=1  dt=0.428  leftover=0
    8.711  FRAME.END               frame=4  t_total=1.275  t_hwp=0.247  t_qwp=0.128  t_trig=0.493  attempts=1  flags=ok
    8.712  FRAME.START             frame=5  hwp=32  qwp=51
    8.713  ELL.TX                  addr=0  deg=32  hex=000031C7  cmd=0ma000031C7
    9.010  ELL.RX                  addr=0  line=0PO000031CA  raw=b'0PO000031CA\r\n'
    9.011  ELL.DONE                addr=0  pos=32.01  dt=0.297  lines=1  leftover=0
    9.012  ELL.TX                  addr=2  deg=51  hex=00004F55  cmd=2ma00004F55
    9.394  ELL.RX                  addr=2  line=2PO00004F55  raw=b'2PO00004F55\r\n'
    9.399  ELL.DONE                addr=2  pos=51.0  dt=0.385  lines=1  leftover=0
    9.814  ARD.TRIG                frame=5  attempt=1
    9.878  ARD.RX                  msg=TRIGGERED  raw=b'TRIGGERED\r\n'  t=0.0
    9.893  ARD.RX                  msg=ARMED  raw=b'ARMED\r\n'  t=0.015
   10.302  ARD.RX                  msg=FRAME_DONE  raw=b'FRAME_DONE\r\n'  t=0.424
   10.304  ARD.FRAME_DONE          frame=5  attempt=1  dt=0.426  leftover=0
   10.306  FRAME.END               frame=5  t_total=1.594  t_hwp=0.299  t_qwp=0.39  t_trig=0.492  attempts=1  flags=ok
   10.310  FRAME.START             frame=6  hwp=110  qwp=39
   10.311  ELL.TX                  addr=0  deg=110  hex=0000AB1C  cmd=0ma0000AB1C
   10.706  ELL.RX                  addr=0  line=0PO0000AB18  raw=b'0PO0000AB18\r\n'
   10.709  ELL.DONE                addr=0  pos=109.99  dt=0.395  lines=1  leftover=0
   10.711  ELL.TX                  addr=2  deg=39  hex=00003CAB  cmd=2ma00003CAB
   10.979  ELL.RX                  addr=2  line=2PO00003CAC  raw=b'2PO00003CAC\r\n'
   10.982  ELL.DONE                addr=2  pos=39.0  dt=0.269  lines=1  leftover=0
   11.387  ARD.TRIG                frame=6  attempt=1
   11.451  ARD.RX                  msg=TRIGGERED  raw=b'TRIGGERED\r\n'  t=0.0
   11.466  ARD.RX                  msg=ARMED  raw=b'ARMED\r\n'  t=0.016
   11.881  ARD.RX                  msg=FRAME_DONE  raw=b'FRAME_DONE\r\n'  t=0.43
   11.883  ARD.FRAME_DONE          frame=6  attempt=1  dt=0.432  leftover=0
   11.884  FRAME.END               frame=6  t_total=1.575  t_hwp=0.4  t_qwp=0.274  t_trig=0.498  attempts=1  flags=ok
   11.888  FRAME.START             frame=7  hwp=164  qwp=60
   11.889  ELL.TX                  addr=0  deg=164  hex=0000FF1C  cmd=0ma0000FF1C
   12.195  ELL.RX                  addr=0  line=0PO0000FF1D  raw=b'0PO0000FF1D\r\n'
   12.200  ELL.DONE                addr=0  pos=164.0  dt=0.309  lines=1  leftover=0
   12.203  ELL.TX                  addr=2  deg=60  hex=00005D55  cmd=2ma00005D55
   12.627  ELL.RX                  addr=2  line=2PO00005D58  raw=b'2PO00005D58\r\n'
   12.631  ELL.DONE                addr=2  pos=60.01  dt=0.42  lines=1  leftover=0
   13.046  ARD.TRIG                frame=7  attempt=1
   13.109  ARD.RX                  msg=TRIGGERED  raw=b'TRIGGERED\r\n'  t=0.0
   13.124  ARD.RX                  msg=ARMED  raw=b'ARMED\r\n'  t=0.015
   13.533  ARD.RX                  msg=FRAME_DONE  raw=b'FRAME_DONE\r\n'  t=0.424
   13.535  ARD.FRAME_DONE          frame=7  attempt=1  dt=0.426  leftover=0
   13.536  FRAME.END               frame=7  t_total=1.648  t_hwp=0.314  t_qwp=0.429  t_trig=0.49  attempts=1  flags=ok
   13.538  FRAME.START             frame=8  hwp=96  qwp=11
   13.539  ELL.TX                  addr=0  deg=96  hex=00009555  cmd=0ma00009555
   13.939  ELL.RX                  addr=0  line=0PO00009557  raw=b'0PO00009557\r\n'
   13.944  ELL.DONE                addr=0  pos=96.0  dt=0.404  lines=1  leftover=0
   13.947  ELL.TX                  addr=2  deg=11  hex=0000111C  cmd=2ma0000111C
   14.162  ELL.RX                  addr=2  line=2PO0000111C  raw=b'2PO0000111C\r\n'
   14.164  ELL.DONE                addr=2  pos=11.0  dt=0.21  lines=1  leftover=0
   14.568  ARD.TRIG                frame=8  attempt=1
   14.632  ARD.RX                  msg=TRIGGERED  raw=b'TRIGGERED\r\n'  t=0.001
   14.647  ARD.RX                  msg=ARMED  raw=b'ARMED\r\n'  t=0.016
   15.058  ARD.RX                  msg=FRAME_DONE  raw=b'FRAME_DONE\r\n'  t=0.427
   15.062  ARD.FRAME_DONE          frame=8  attempt=1  dt=0.431  leftover=0
   15.065  FRAME.END               frame=8  t_total=1.527  t_hwp=0.408  t_qwp=0.217  t_trig=0.497  attempts=1  flags=ok
   15.073  FRAME.START             frame=9  hwp=158  qwp=16
   15.077  ELL.TX                  addr=0  deg=158  hex=0000F5C7  cmd=0ma0000F5C7
   15.443  ELL.RX                  addr=0  line=0PO0000F5C4  raw=b'0PO0000F5C4\r\n'
   15.448  ELL.DONE                addr=0  pos=157.99  dt=0.366  lines=1  leftover=0
   15.452  ELL.TX                  addr=2  deg=16  hex=000018E4  cmd=2ma000018E4
   15.843  ELL.RX                  addr=2  line=2PO000018E2  raw=b'2PO000018E2\r\n'
   15.844  ELL.DONE                addr=2  pos=16.0  dt=0.385  lines=1  leftover=0
   16.245  ARD.TRIG                frame=9  attempt=1
   16.309  ARD.RX                  msg=TRIGGERED  raw=b'TRIGGERED\r\n'  t=0.0
   16.324  ARD.RX                  msg=ARMED  raw=b'ARMED\r\n'  t=0.016
   16.736  ARD.RX                  msg=FRAME_DONE  raw=b'FRAME_DONE\r\n'  t=0.428
   16.741  ARD.FRAME_DONE          frame=9  attempt=1  dt=0.432  leftover=0
   16.745  FRAME.END               frame=9  t_total=1.672  t_hwp=0.375  t_qwp=0.393  t_trig=0.499  attempts=1  flags=ok
   16.752  FRAME.START             frame=10  hwp=107  qwp=34
   16.756  ELL.TX                  addr=0  deg=107  hex=0000A672  cmd=0ma0000A672
   17.076  ELL.RX                  addr=0  line=0PO0000A673  raw=b'0PO0000A673\r\n'
   17.081  ELL.DONE                addr=0  pos=107.0  dt=0.319  lines=1  leftover=0
   17.084  ELL.TX                  addr=2  deg=34  hex=000034E4  cmd=2ma000034E4
   17.299  ELL.RX                  addr=2  line=2PO000034E4  raw=b'2PO000034E4\r\n'
   17.301  ELL.DONE                addr=2  pos=34.0  dt=0.214  lines=1  leftover=0
   17.714  ARD.TRIG                frame=10  attempt=1
   17.778  ARD.RX                  msg=TRIGGERED  raw=b'TRIGGERED\r\n'  t=0.0
   17.794  ARD.RX                  msg=ARMED  raw=b'ARMED\r\n'  t=0.016
   18.206  ARD.RX                  msg=FRAME_DONE  raw=b'FRAME_DONE\r\n'  t=0.428
   18.209  ARD.FRAME_DONE          frame=10  attempt=1  dt=0.431  leftover=0
   18.212  FRAME.END               frame=10  t_total=1.46  t_hwp=0.328  t_qwp=0.22  t_trig=0.499  attempts=1  flags=ok
   18.218  FRAME.START             frame=11  hwp=180  qwp=82
   18.221  ELL.TX                  addr=0  deg=180  hex=00011800  cmd=0ma00011800
   18.691  ELL.RX                  addr=0  line=0PO00011801  raw=b'0PO00011801\r\n'
   18.694  ELL.DONE                addr=0  pos=180.0  dt=0.468  lines=1  leftover=0
   18.696  ELL.TX                  addr=2  deg=82  hex=00007F8E  cmd=2ma00007F8E
   19.027  ELL.RX                  addr=2  line=2PO00007F8B  raw=b'2PO00007F8B\r\n'
   19.028  ELL.DONE                addr=2  pos=81.99  dt=0.33  lines=1  leftover=0
   19.438  ARD.TRIG                frame=11  attempt=1
   19.503  ARD.RX                  msg=TRIGGERED  raw=b'TRIGGERED\r\n'  t=0.001
   19.519  ARD.RX                  msg=ARMED  raw=b'ARMED\r\n'  t=0.016
   19.931  ARD.RX                  msg=FRAME_DONE  raw=b'FRAME_DONE\r\n'  t=0.429
   19.933  ARD.FRAME_DONE          frame=11  attempt=1  dt=0.43  leftover=0
   19.935  FRAME.END               frame=11  t_total=1.717  t_hwp=0.475  t_qwp=0.334  t_trig=0.497  attempts=1  flags=ok
   19.938  FRAME.START             frame=12  hwp=14  qwp=96
   19.939  ELL.TX                  addr=0  deg=14  hex=000015C7  cmd=0ma000015C7
   20.387  ELL.RX                  addr=0  line=0PO000015C7  raw=b'0PO000015C7\r\n'
   20.392  ELL.DONE                addr=0  pos=14.0  dt=0.45  lines=1  leftover=0
   20.395  ELL.TX                  addr=2  deg=96  hex=00009555  cmd=2ma00009555
   20.756  ELL.RX                  addr=2  line=2PO00009558  raw=b'2PO00009558\r\n'
   20.759  ELL.DONE                addr=2  pos=96.01  dt=0.357  lines=1  leftover=0
   21.164  ARD.TRIG                frame=12  attempt=1
   21.226  ARD.RX                  msg=TRIGGERED  raw=b'TRIGGERED\r\n'  t=0.001
   21.242  ARD.RX                  msg=ARMED  raw=b'ARMED\r\n'  t=0.016
   21.653  ARD.RX                  msg=FRAME_DONE  raw=b'FRAME_DONE\r\n'  t=0.428
   21.655  ARD.FRAME_DONE          frame=12  attempt=1  dt=0.429  leftover=0
   21.658  FRAME.END               frame=12  t_total=1.72  t_hwp=0.455  t_qwp=0.368  t_trig=0.494  attempts=1  flags=ok
   21.660  FRAME.START             frame=13  hwp=35  qwp=71
   21.662  ELL.TX                  addr=0  deg=35  hex=00003672  cmd=0ma00003672
   21.876  ELL.RX                  addr=0  line=0PO00003671  raw=b'0PO00003671\r\n'
   21.879  ELL.DONE                addr=0  pos=35.0  dt=0.216  lines=1  leftover=0
   21.884  ELL.TX                  addr=2  deg=71  hex=00006E72  cmd=2ma00006E72
   22.131  ELL.RX                  addr=2  line=2PO00006E6F  raw=b'2PO00006E6F\r\n'
   22.133  ELL.DONE                addr=2  pos=70.99  dt=0.245  lines=1  leftover=0
   22.541  ARD.TRIG                frame=13  attempt=1
   22.605  ARD.RX                  msg=TRIGGERED  raw=b'TRIGGERED\r\n'  t=0.001
   22.621  ARD.RX                  msg=ARMED  raw=b'ARMED\r\n'  t=0.016
   23.032  ARD.RX                  msg=FRAME_DONE  raw=b'FRAME_DONE\r\n'  t=0.427
   23.033  ARD.FRAME_DONE          frame=13  attempt=1  dt=0.429  leftover=0
   23.035  FRAME.END               frame=13  t_total=1.374  t_hwp=0.222  t_qwp=0.249  t_trig=0.494  attempts=1  flags=ok
   23.038  FRAME.START             frame=14  hwp=137  qwp=96
   23.039  ELL.TX                  addr=0  deg=137  hex=0000D51C  cmd=0ma0000D51C
   23.460  ELL.RX                  addr=0  line=0PO0000D51A  raw=b'0PO0000D51A\r\n'
   23.464  ELL.DONE                addr=0  pos=136.99  dt=0.423  lines=1  leftover=0
   23.468  ELL.TX                  addr=2  deg=96  hex=00009555  cmd=2ma00009555
   23.844  ELL.RX                  addr=2  line=2PO00009554  raw=b'2PO00009554\r\n'
   23.848  ELL.DONE                addr=2  pos=96.0  dt=0.375  lines=1  leftover=0
   24.265  ARD.TRIG                frame=14  attempt=1
   24.329  ARD.RX                  msg=TRIGGERED  raw=b'TRIGGERED\r\n'  t=0.0
   24.345  ARD.RX                  msg=ARMED  raw=b'ARMED\r\n'  t=0.016
   24.757  ARD.RX                  msg=FRAME_DONE  raw=b'FRAME_DONE\r\n'  t=0.429
   24.761  ARD.FRAME_DONE          frame=14  attempt=1  dt=0.432  leftover=0
   24.764  FRAME.END               frame=14  t_total=1.726  t_hwp=0.428  t_qwp=0.383  t_trig=0.5  attempts=1  flags=ok
   24.778  LOOP.END              
