    0.020  SESSION.START           log=D:\1_software\Experimental control software\Synthetic birefringence\delta 0pt25 new\pshg_diag_20260611_111030.log  csv=D:\1_software\Experimental control software\Synthetic birefringence\delta 0pt25 new\pshg_diag_20260611_111030.csv  file=delta_waves=0.250_fast_axis=55.xlsx  drain_stale=True
    0.066  ELL.QUERY               cmd=0in  reply='0IN0E1140051420211501016800023000\r\n'
    0.162  ELL.QUERY               cmd=2in  reply='2IN0E1140064920211501016800023000\r\n'
    0.690  ELL.QUERY               cmd=0ho  reply='0POFFFFFFFD\r\n'
    1.346  ELL.QUERY               cmd=2ho  reply='2POFFFFFFFE\r\n'
    1.378  ELL.QUERY               cmd=0gp  reply='0POFFFFFFFC\r\n'
    1.458  ELL.QUERY               cmd=2gp  reply='2POFFFFFFF8\r\n'
    2.473  LOOP.START            
    3.488  FRAME.START             frame=1  hwp=32  qwp=97
    3.493  ELL.TX                  addr=0  deg=32  hex=000031C7  cmd=0ma000031C7
    3.698  ELL.RX                  addr=0  line=0PO000031C5  raw=b'0PO000031C5\r\n'
    3.702  ELL.DONE                addr=0  pos=31.99  dt=0.203  lines=1  leftover=0
    3.704  ELL.TX                  addr=2  deg=97  hex=000096E4  cmd=2ma000096E4
    4.226  ELL.RX                  addr=2  line=2PO000096E4  raw=b'2PO000096E4\r\n'
    4.230  ELL.DONE                addr=2  pos=97.0  dt=0.524  lines=1  leftover=0
    4.647  ARD.TRIG                frame=1  attempt=1
    4.710  ARD.RX                  msg=TRIGGERED  raw=b'TRIGGERED\r\n'  t=0.001
    4.726  ARD.RX                  msg=ARMED  raw=b'ARMED\r\n'  t=0.016
    5.137  ARD.RX                  msg=FRAME_DONE  raw=b'FRAME_DONE\r\n'  t=0.428
    5.139  ARD.FRAME_DONE          frame=1  attempt=1  dt=0.43  leftover=0
    5.140  FRAME.END               frame=1  t_total=1.652  t_hwp=0.211  t_qwp=0.53  t_trig=0.493  attempts=1  flags=ok
    5.142  FRAME.START             frame=2  hwp=134  qwp=100
    5.143  ELL.TX                  addr=0  deg=134  hex=0000D072  cmd=0ma0000D072
    5.522  ELL.RX                  addr=0  line=0PO0000D074  raw=b'0PO0000D074\r\n'
    5.524  ELL.DONE                addr=0  pos=134.01  dt=0.379  lines=1  leftover=0
    5.525  ELL.TX                  addr=2  deg=100  hex=00009B8E  cmd=2ma00009B8E
    5.810  ELL.RX                  addr=2  line=2PO00009B8D  raw=b'2PO00009B8D\r\n'
    5.811  ELL.DONE                addr=2  pos=100.0  dt=0.285  lines=1  leftover=0
    6.215  ARD.TRIG                frame=2  attempt=1
    6.279  ARD.RX                  msg=TRIGGERED  raw=b'TRIGGERED\r\n'  t=0.0
    6.294  ARD.RX                  msg=ARMED  raw=b'ARMED\r\n'  t=0.015
    6.706  ARD.RX                  msg=FRAME_DONE  raw=b'FRAME_DONE\r\n'  t=0.427
    6.707  ARD.FRAME_DONE          frame=2  attempt=1  dt=0.429  leftover=0
    6.708  FRAME.END               frame=2  t_total=1.566  t_hwp=0.381  t_qwp=0.288  t_trig=0.493  attempts=1  flags=ok
    6.710  FRAME.START             frame=3  hwp=130  qwp=80
    6.711  ELL.TX                  addr=0  deg=130  hex=0000CA39  cmd=0ma0000CA39
    6.994  ELL.RX                  addr=0  line=0PO0000CA3A  raw=b'0PO0000CA3A\r\n'
    6.996  ELL.DONE                addr=0  pos=130.0  dt=0.285  lines=1  leftover=0
    6.998  ELL.TX                  addr=2  deg=80  hex=00007C72  cmd=2ma00007C72
    7.346  ELL.RX                  addr=2  line=2PO00007C6F  raw=b'2PO00007C6F\r\n'
    7.348  ELL.DONE                addr=2  pos=79.99  dt=0.346  lines=1  leftover=0
    7.763  ARD.TRIG                frame=3  attempt=1
    7.825  ARD.RX                  msg=TRIGGERED  raw=b'TRIGGERED\r\n'  t=0.0
    7.841  ARD.RX                  msg=ARMED  raw=b'ARMED\r\n'  t=0.016
    8.256  ARD.RX                  msg=FRAME_DONE  raw=b'FRAME_DONE\r\n'  t=0.431
    8.261  ARD.FRAME_DONE          frame=3  attempt=1  dt=0.435  leftover=0
    8.265  FRAME.END               frame=3  t_total=1.555  t_hwp=0.288  t_qwp=0.35  t_trig=0.502  attempts=1  flags=ok
    8.270  FRAME.START             frame=4  hwp=31  qwp=58
    8.273  ELL.TX                  addr=0  deg=31  hex=00003039  cmd=0ma00003039
    8.611  ELL.RX                  addr=0  line=0PO00003037  raw=b'0PO00003037\r\n'
    8.613  ELL.DONE                addr=0  pos=31.0  dt=0.338  lines=1  leftover=0
    8.615  ELL.TX                  addr=2  deg=58  hex=00005A39  cmd=2ma00005A39
    8.770  ELL.RX                  addr=2  line=2PO00005A36  raw=b'2PO00005A36\r\n'
    8.773  ELL.DONE                addr=2  pos=57.99  dt=0.154  lines=1  leftover=0
    9.188  ARD.TRIG                frame=4  attempt=1
    9.253  ARD.RX                  msg=TRIGGERED  raw=b'TRIGGERED\r\n'  t=0.001
    9.268  ARD.RX                  msg=ARMED  raw=b'ARMED\r\n'  t=0.016
    9.682  ARD.RX                  msg=FRAME_DONE  raw=b'FRAME_DONE\r\n'  t=0.43
    9.684  ARD.FRAME_DONE          frame=4  attempt=1  dt=0.432  leftover=0
    9.687  FRAME.END               frame=4  t_total=1.417  t_hwp=0.343  t_qwp=0.159  t_trig=0.499  attempts=1  flags=ok
    9.691  FRAME.START             frame=5  hwp=33  qwp=48
    9.694  ELL.TX                  addr=0  deg=33  hex=00003355  cmd=0ma00003355
    9.827  ELL.RX                  addr=0  line=0PO00003354  raw=b'0PO00003354\r\n'
    9.828  ELL.DONE                addr=0  pos=33.0  dt=0.132  lines=1  leftover=0
    9.829  ELL.TX                  addr=2  deg=48  hex=00004AAB  cmd=2ma00004AAB
   10.114  ELL.RX                  addr=2  line=2PO00004AAA  raw=b'2PO00004AAA\r\n'
   10.116  ELL.DONE                addr=2  pos=48.0  dt=0.286  lines=1  leftover=0
   10.520  ARD.TRIG                frame=5  attempt=1
   10.583  ARD.RX                  msg=TRIGGERED  raw=b'TRIGGERED\r\n'  t=0.0
   10.599  ARD.RX                  msg=ARMED  raw=b'ARMED\r\n'  t=0.016
   11.011  ARD.RX                  msg=FRAME_DONE  raw=b'FRAME_DONE\r\n'  t=0.428
   11.013  ARD.FRAME_DONE          frame=5  attempt=1  dt=0.429  leftover=0
   11.014  FRAME.END               frame=5  t_total=1.323  t_hwp=0.135  t_qwp=0.288  t_trig=0.494  attempts=1  flags=ok
   11.017  FRAME.START             frame=6  hwp=113  qwp=36
   11.019  ELL.TX                  addr=0  deg=113  hex=0000AFC7  cmd=0ma0000AFC7
   11.363  ELL.RX                  addr=0  line=0PO0000AFC5  raw=b'0PO0000AFC5\r\n'
   11.367  ELL.DONE                addr=0  pos=112.99  dt=0.347  lines=1  leftover=0
   11.371  ELL.TX                  addr=2  deg=36  hex=00003800  cmd=2ma00003800
   11.651  ELL.RX                  addr=2  line=2PO00003802  raw=b'2PO00003802\r\n'
   11.652  ELL.DONE                addr=2  pos=36.01  dt=0.277  lines=1  leftover=0
   12.068  ARD.TRIG                frame=6  attempt=1
   12.133  ARD.RX                  msg=TRIGGERED  raw=b'TRIGGERED\r\n'  t=0.0
   12.149  ARD.RX                  msg=ARMED  raw=b'ARMED\r\n'  t=0.016
   12.559  ARD.RX                  msg=FRAME_DONE  raw=b'FRAME_DONE\r\n'  t=0.426
   12.561  ARD.FRAME_DONE          frame=6  attempt=1  dt=0.429  leftover=0
   12.563  FRAME.END               frame=6  t_total=1.546  t_hwp=0.352  t_qwp=0.284  t_trig=0.495  attempts=1  flags=ok
   12.567  FRAME.START             frame=7  hwp=55  qwp=43
   12.569  ELL.TX                  addr=0  deg=55  hex=0000558E  cmd=0ma0000558E
   12.851  ELL.RX                  addr=0  line=0PO0000558B  raw=b'0PO0000558B\r\n'
   12.854  ELL.DONE                addr=0  pos=54.99  dt=0.283  lines=1  leftover=0
   12.856  ELL.TX                  addr=2  deg=43  hex=000042E4  cmd=2ma000042E4
   12.979  ELL.RX                  addr=2  line=2PO000042E4  raw=b'2PO000042E4\r\n'
   12.983  ELL.DONE                addr=2  pos=43.0  dt=0.124  lines=1  leftover=0
   13.402  ARD.TRIG                frame=7  attempt=1
   13.466  ARD.RX                  msg=TRIGGERED  raw=b'TRIGGERED\r\n'  t=0.001
   13.482  ARD.RX                  msg=ARMED  raw=b'ARMED\r\n'  t=0.016
   13.894  ARD.RX                  msg=FRAME_DONE  raw=b'FRAME_DONE\r\n'  t=0.429
   13.899  ARD.FRAME_DONE          frame=7  attempt=1  dt=0.433  leftover=0
   13.902  FRAME.END               frame=7  t_total=1.336  t_hwp=0.287  t_qwp=0.132  t_trig=0.5  attempts=1  flags=ok
   13.909  FRAME.START             frame=8  hwp=90  qwp=8
   13.910  ELL.TX                  addr=0  deg=90  hex=00008C00  cmd=0ma00008C00
   14.275  ELL.RX                  addr=0  line=0PO00008BFE  raw=b'0PO00008BFE\r\n'
   14.276  ELL.DONE                addr=0  pos=89.99  dt=0.364  lines=1  leftover=0
   14.277  ELL.TX                  addr=2  deg=8  hex=00000C72  cmd=2ma00000C72
   14.468  ELL.RX                  addr=2  line=2PO00000C70  raw=b'2PO00000C70\r\n'
   14.472  ELL.DONE                addr=2  pos=8.0  dt=0.194  lines=1  leftover=0
   14.878  ARD.TRIG                frame=8  attempt=1
   14.942  ARD.RX                  msg=TRIGGERED  raw=b'TRIGGERED\r\n'  t=0.001
   14.958  ARD.RX                  msg=ARMED  raw=b'ARMED\r\n'  t=0.016
   15.369  ARD.RX                  msg=FRAME_DONE  raw=b'FRAME_DONE\r\n'  t=0.428
   15.373  ARD.FRAME_DONE          frame=8  attempt=1  dt=0.432  leftover=0
   15.376  FRAME.END               frame=8  t_total=1.468  t_hwp=0.367  t_qwp=0.198  t_trig=0.499  attempts=1  flags=ok
   15.380  FRAME.START             frame=9  hwp=155  qwp=12
   15.382  ELL.TX                  addr=0  deg=155  hex=0000F11C  cmd=0ma0000F11C
   15.795  ELL.RX                  addr=0  line=0PO0000F119  raw=b'0PO0000F119\r\n'
   15.799  ELL.DONE                addr=0  pos=154.99  dt=0.416  lines=1  leftover=0
   15.804  ELL.TX                  addr=2  deg=12  hex=000012AB  cmd=2ma000012AB
   16.068  ELL.RX                  addr=2  line=2PO000012AB  raw=b'2PO000012AB\r\n'
   16.071  ELL.DONE                addr=2  pos=12.0  dt=0.264  lines=1  leftover=0
   16.489  ARD.TRIG                frame=9  attempt=1
   16.554  ARD.RX                  msg=TRIGGERED  raw=b'TRIGGERED\r\n'  t=0.0
   16.568  ARD.RX                  msg=ARMED  raw=b'ARMED\r\n'  t=0.015
   16.979  ARD.RX                  msg=FRAME_DONE  raw=b'FRAME_DONE\r\n'  t=0.425
   16.983  ARD.FRAME_DONE          frame=9  attempt=1  dt=0.429  leftover=0
   16.984  FRAME.END               frame=9  t_total=1.604  t_hwp=0.421  t_qwp=0.271  t_trig=0.495  attempts=1  flags=ok
   16.987  FRAME.START             frame=10  hwp=143  qwp=5
   16.988  ELL.TX                  addr=0  deg=143  hex=0000DE72  cmd=0ma0000DE72
   17.332  ELL.RX                  addr=0  line=0PO0000DE73  raw=b'0PO0000DE73\r\n'
   17.335  ELL.DONE                addr=0  pos=143.0  dt=0.346  lines=1  leftover=0
   17.339  ELL.TX                  addr=2  deg=5  hex=000007C7  cmd=2ma000007C7
   17.619  ELL.RX                  addr=2  line=2PO000007CA  raw=b'2PO000007CA\r\n'
   17.621  ELL.DONE                addr=2  pos=5.01  dt=0.279  lines=1  leftover=0
   18.027  ARD.TRIG                frame=10  attempt=1
   18.091  ARD.RX                  msg=TRIGGERED  raw=b'TRIGGERED\r\n'  t=0.001
   18.106  ARD.RX                  msg=ARMED  raw=b'ARMED\r\n'  t=0.015
   18.518  ARD.RX                  msg=FRAME_DONE  raw=b'FRAME_DONE\r\n'  t=0.428
   18.520  ARD.FRAME_DONE          frame=10  attempt=1  dt=0.429  leftover=0
   18.521  FRAME.END               frame=10  t_total=1.534  t_hwp=0.351  t_qwp=0.284  t_trig=0.495  attempts=1  flags=ok
   18.524  FRAME.START             frame=11  hwp=4  qwp=87
   18.525  ELL.TX                  addr=0  deg=4  hex=00000639  cmd=0ma00000639
   18.932  ELL.RX                  addr=0  line=0PO00000637  raw=b'0PO00000637\r\n'
   18.937  ELL.DONE                addr=0  pos=4.0  dt=0.412  lines=1  leftover=0
   18.941  ELL.TX                  addr=2  deg=87  hex=00008755  cmd=2ma00008755
   19.412  ELL.RX                  addr=2  line=2PO00008753  raw=b'2PO00008753\r\n'
   19.417  ELL.DONE                addr=2  pos=86.99  dt=0.471  lines=1  leftover=0
   19.826  ARD.TRIG                frame=11  attempt=1
   19.889  ARD.RX                  msg=TRIGGERED  raw=b'TRIGGERED\r\n'  t=0.001
   19.905  ARD.RX                  msg=ARMED  raw=b'ARMED\r\n'  t=0.016
   20.318  ARD.RX                  msg=FRAME_DONE  raw=b'FRAME_DONE\r\n'  t=0.43
   20.323  ARD.FRAME_DONE          frame=11  attempt=1  dt=0.435  leftover=0
   20.327  FRAME.END               frame=11  t_total=1.804  t_hwp=0.417  t_qwp=0.479  t_trig=0.501  attempts=1  flags=ok
   20.332  FRAME.START             frame=12  hwp=125  qwp=72
   20.334  ELL.TX                  addr=0  deg=125  hex=0000C272  cmd=0ma0000C272
   20.756  ELL.RX                  addr=0  line=0PO0000C26F  raw=b'0PO0000C26F\r\n'
   20.759  ELL.DONE                addr=0  pos=124.99  dt=0.422  lines=1  leftover=0
   20.762  ELL.TX                  addr=2  deg=72  hex=00007000  cmd=2ma00007000
   21.156  ELL.RX                  addr=2  line=2PO00006FFD  raw=b'2PO00006FFD\r\n'
   21.159  ELL.DONE                addr=2  pos=71.99  dt=0.394  lines=1  leftover=0
   21.577  ARD.TRIG                frame=12  attempt=1
   21.641  ARD.RX                  msg=TRIGGERED  raw=b'TRIGGERED\r\n'  t=0.0
   21.656  ARD.RX                  msg=ARMED  raw=b'ARMED\r\n'  t=0.016
   22.066  ARD.RX                  msg=FRAME_DONE  raw=b'FRAME_DONE\r\n'  t=0.425
   22.068  ARD.FRAME_DONE          frame=12  attempt=1  dt=0.427  leftover=0
   22.069  FRAME.END               frame=12  t_total=1.737  t_hwp=0.428  t_qwp=0.4  t_trig=0.492  attempts=1  flags=ok
   22.071  FRAME.START             frame=13  hwp=130  qwp=84
   22.073  ELL.TX                  addr=0  deg=130  hex=0000CA39  cmd=0ma0000CA39
   22.339  ELL.RX                  addr=0  line=0PO0000CA39  raw=b'0PO0000CA39\r\n'
   22.342  ELL.DONE                addr=0  pos=130.0  dt=0.268  lines=1  leftover=0
   22.344  ELL.TX                  addr=2  deg=84  hex=000082AB  cmd=2ma000082AB
   22.676  ELL.RX                  addr=2  line=2PO000082AA  raw=b'2PO000082AA\r\n'
   22.679  ELL.DONE                addr=2  pos=84.0  dt=0.332  lines=1  leftover=0
   23.081  ARD.TRIG                frame=13  attempt=1
   23.145  ARD.RX                  msg=TRIGGERED  raw=b'TRIGGERED\r\n'  t=0.0
   23.159  ARD.RX                  msg=ARMED  raw=b'ARMED\r\n'  t=0.015
   23.573  ARD.RX                  msg=FRAME_DONE  raw=b'FRAME_DONE\r\n'  t=0.428
   23.576  ARD.FRAME_DONE          frame=13  attempt=1  dt=0.432  leftover=0
   23.579  FRAME.END               frame=13  t_total=1.508  t_hwp=0.271  t_qwp=0.337  t_trig=0.498  attempts=1  flags=ok
   23.585  FRAME.START             frame=14  hwp=134  qwp=100
   23.588  ELL.TX                  addr=0  deg=134  hex=0000D072  cmd=0ma0000D072
   23.779  ELL.RX                  addr=0  line=0PO0000D075  raw=b'0PO0000D075\r\n'
   23.781  ELL.DONE                addr=0  pos=134.01  dt=0.188  lines=1  leftover=0
   23.782  ELL.TX                  addr=2  deg=100  hex=00009B8E  cmd=2ma00009B8E
   24.035  ELL.RX                  addr=2  line=2PO00009B8F  raw=b'2PO00009B8F\r\n'
   24.037  ELL.DONE                addr=2  pos=100.0  dt=0.255  lines=1  leftover=0
   24.438  ARD.TRIG                frame=14  attempt=1
   24.503  ARD.RX                  msg=TRIGGERED  raw=b'TRIGGERED\r\n'  t=0.001
   24.519  ARD.RX                  msg=ARMED  raw=b'ARMED\r\n'  t=0.016
   24.929  ARD.RX                  msg=FRAME_DONE  raw=b'FRAME_DONE\r\n'  t=0.426
   24.931  ARD.FRAME_DONE          frame=14  attempt=1  dt=0.429  leftover=0
   24.933  FRAME.END               frame=14  t_total=1.348  t_hwp=0.194  t_qwp=0.256  t_trig=0.495  attempts=1  flags=ok
   24.940  LOOP.END              
