    0.021  SESSION.START           log=D:\1_software\Experimental control software\Synthetic birefringence\delta 0.25\pshg_diag_20260610_134150.log  csv=D:\1_software\Experimental control software\Synthetic birefringence\delta 0.25\pshg_diag_20260610_134150.csv  file=delta_waves=0.250_fast_axis=70.xlsx  drain_stale=True
    0.066  ELL.QUERY               cmd=0in  reply='0IN0E1140051420211501016800023000\r\n'
    0.162  ELL.QUERY               cmd=2in  reply='2IN0E1140064920211501016800023000\r\n'
    0.690  ELL.QUERY               cmd=0ho  reply='0POFFFFFFFD\r\n'
    1.299  ELL.QUERY               cmd=2ho  reply='2POFFFFFFFF\r\n'
    1.330  ELL.QUERY               cmd=0gp  reply='0POFFFFFFFD\r\n'
    1.410  ELL.QUERY               cmd=2gp  reply='2PO00000001\r\n'
    2.423  LOOP.START            
    3.439  FRAME.START             frame=1  hwp=131  qwp=75
    3.445  ELL.TX                  addr=0  deg=131  hex=0000CBC7  cmd=0ma0000CBC7
    3.986  ELL.RX                  addr=0  line=0PO0000CBCA  raw=b'0PO0000CBCA\r\n'
    3.988  ELL.DONE                addr=0  pos=131.01  dt=0.541  lines=1  leftover=0
    3.989  ELL.TX                  addr=2  deg=75  hex=000074AB  cmd=2ma000074AB
    4.402  ELL.RX                  addr=2  line=2PO000074AD  raw=b'2PO000074AD\r\n'
    4.405  ELL.DONE                addr=2  pos=75.01  dt=0.415  lines=1  leftover=0
    4.815  ARD.TRIG                frame=1  attempt=1
    4.879  ARD.RX                  msg=TRIGGERED  raw=b'TRIGGERED\r\n'  t=0.0
    4.895  ARD.RX                  msg=ARMED  raw=b'ARMED\r\n'  t=0.016
    5.303  ARD.RX                  msg=FRAME_DONE  raw=b'FRAME_DONE\r\n'  t=0.424
    5.304  ARD.FRAME_DONE          frame=1  attempt=1  dt=0.425  leftover=0
    5.305  FRAME.END               frame=1  t_total=1.866  t_hwp=0.543  t_qwp=0.418  t_trig=0.49  attempts=1  flags=ok
    5.307  FRAME.START             frame=2  hwp=41  qwp=76
    5.308  ELL.TX                  addr=0  deg=41  hex=00003FC7  cmd=0ma00003FC7
    5.554  ELL.RX                  addr=0  line=0PO00003FCA  raw=b'0PO00003FCA\r\n'
    5.556  ELL.DONE                addr=0  pos=41.01  dt=0.246  lines=1  leftover=0
    5.557  ELL.TX                  addr=2  deg=76  hex=00007639  cmd=2ma00007639
    5.666  ELL.RX                  addr=2  line=2PO0000763A  raw=b'2PO0000763A\r\n'
    5.668  ELL.DONE                addr=2  pos=76.0  dt=0.11  lines=1  leftover=0
    6.082  ARD.TRIG                frame=2  attempt=1
    6.147  ARD.RX                  msg=TRIGGERED  raw=b'TRIGGERED\r\n'  t=0.0
    6.162  ARD.RX                  msg=ARMED  raw=b'ARMED\r\n'  t=0.016
    6.571  ARD.RX                  msg=FRAME_DONE  raw=b'FRAME_DONE\r\n'  t=0.425
    6.573  ARD.FRAME_DONE          frame=2  attempt=1  dt=0.426  leftover=0
    6.575  FRAME.END               frame=2  t_total=1.267  t_hwp=0.249  t_qwp=0.112  t_trig=0.492  attempts=1  flags=ok
    6.577  FRAME.START             frame=3  hwp=51  qwp=100
    6.579  ELL.TX                  addr=0  deg=51  hex=00004F55  cmd=0ma00004F55
    6.770  ELL.RX                  addr=0  line=0PO00004F53  raw=b'0PO00004F53\r\n'
    6.772  ELL.DONE                addr=0  pos=50.99  dt=0.191  lines=1  leftover=0
    6.773  ELL.TX                  addr=2  deg=100  hex=00009B8E  cmd=2ma00009B8E
    7.107  ELL.RX                  addr=2  line=2PO00009B8E  raw=b'2PO00009B8E\r\n'
    7.108  ELL.DONE                addr=2  pos=100.0  dt=0.335  lines=1  leftover=0
    7.513  ARD.TRIG                frame=3  attempt=1
    7.576  ARD.RX                  msg=TRIGGERED  raw=b'TRIGGERED\r\n'  t=0.0
    7.592  ARD.RX                  msg=ARMED  raw=b'ARMED\r\n'  t=0.016
    8.000  ARD.RX                  msg=FRAME_DONE  raw=b'FRAME_DONE\r\n'  t=0.424
    8.002  ARD.FRAME_DONE          frame=3  attempt=1  dt=0.425  leftover=0
    8.002  FRAME.END               frame=3  t_total=1.425  t_hwp=0.194  t_qwp=0.336  t_trig=0.489  attempts=1  flags=ok
    8.004  FRAME.START             frame=4  hwp=135  qwp=81
    8.005  ELL.TX                  addr=0  deg=135  hex=0000D200  cmd=0ma0000D200
    8.467  ELL.RX                  addr=0  line=0PO0000D203  raw=b'0PO0000D203\r\n'
    8.468  ELL.DONE                addr=0  pos=135.01  dt=0.462  lines=1  leftover=0
    8.469  ELL.TX                  addr=2  deg=81  hex=00007E00  cmd=2ma00007E00
    8.915  ELL.RX                  addr=2  line=2PO00007DFE  raw=b'2PO00007DFE\r\n'
    8.917  ELL.DONE                addr=2  pos=80.99  dt=0.447  lines=1  leftover=0
    9.326  ARD.TRIG                frame=4  attempt=1
    9.391  ARD.RX                  msg=TRIGGERED  raw=b'TRIGGERED\r\n'  t=0.0
    9.406  ARD.RX                  msg=ARMED  raw=b'ARMED\r\n'  t=0.016
    9.817  ARD.RX                  msg=FRAME_DONE  raw=b'FRAME_DONE\r\n'  t=0.426
    9.818  ARD.FRAME_DONE          frame=4  attempt=1  dt=0.427  leftover=0
    9.819  FRAME.END               frame=4  t_total=1.815  t_hwp=0.464  t_qwp=0.45  t_trig=0.493  attempts=1  flags=ok
    9.822  FRAME.START             frame=5  hwp=35  qwp=60
    9.823  ELL.TX                  addr=0  deg=35  hex=00003672  cmd=0ma00003672
   10.243  ELL.RX                  addr=0  line=0PO00003670  raw=b'0PO00003670\r\n'
   10.244  ELL.DONE                addr=0  pos=35.0  dt=0.419  lines=1  leftover=0
   10.245  ELL.TX                  addr=2  deg=60  hex=00005D55  cmd=2ma00005D55
   10.627  ELL.RX                  addr=2  line=2PO00005D55  raw=b'2PO00005D55\r\n'
   10.629  ELL.DONE                addr=2  pos=60.0  dt=0.384  lines=1  leftover=0
   11.040  ARD.TRIG                frame=5  attempt=1
   11.105  ARD.RX                  msg=TRIGGERED  raw=b'TRIGGERED\r\n'  t=0.0
   11.120  ARD.RX                  msg=ARMED  raw=b'ARMED\r\n'  t=0.016
   11.530  ARD.RX                  msg=FRAME_DONE  raw=b'FRAME_DONE\r\n'  t=0.426
   11.532  ARD.FRAME_DONE          frame=5  attempt=1  dt=0.427  leftover=0
   11.533  FRAME.END               frame=5  t_total=1.711  t_hwp=0.421  t_qwp=0.387  t_trig=0.493  attempts=1  flags=ok
   11.535  FRAME.START             frame=6  hwp=56  qwp=11
   11.536  ELL.TX                  addr=0  deg=56  hex=0000571C  cmd=0ma0000571C
   11.843  ELL.RX                  addr=0  line=0PO0000571E  raw=b'0PO0000571E\r\n'
   11.845  ELL.DONE                addr=0  pos=56.0  dt=0.308  lines=1  leftover=0
   11.845  ELL.TX                  addr=2  deg=11  hex=0000111C  cmd=2ma0000111C
   12.131  ELL.RX                  addr=2  line=2PO0000111A  raw=b'2PO0000111A\r\n'
   12.132  ELL.DONE                addr=2  pos=10.99  dt=0.286  lines=1  leftover=0
   12.539  ARD.TRIG                frame=6  attempt=1
   12.604  ARD.RX                  msg=TRIGGERED  raw=b'TRIGGERED\r\n'  t=0.0
   12.620  ARD.RX                  msg=ARMED  raw=b'ARMED\r\n'  t=0.016
   13.026  ARD.RX                  msg=FRAME_DONE  raw=b'FRAME_DONE\r\n'  t=0.422
   13.027  ARD.FRAME_DONE          frame=6  attempt=1  dt=0.424  leftover=0
   13.028  FRAME.END               frame=6  t_total=1.493  t_hwp=0.31  t_qwp=0.288  t_trig=0.489  attempts=1  flags=ok
   13.030  FRAME.START             frame=7  hwp=139  qwp=11
   13.031  ELL.TX                  addr=0  deg=139  hex=0000D839  cmd=0ma0000D839
   13.411  ELL.RX                  addr=0  line=0PO0000D836  raw=b'0PO0000D836\r\n'
   13.412  ELL.DONE                addr=0  pos=138.99  dt=0.381  lines=1  leftover=0
   13.413  ELL.TX                  addr=2  deg=11  hex=0000111C  cmd=2ma0000111C
   13.507  ELL.RX                  addr=2  line=2PO0000111D  raw=b'2PO0000111D\r\n'
   13.508  ELL.DONE                addr=2  pos=11.0  dt=0.094  lines=1  leftover=0
   13.916  ARD.TRIG                frame=7  attempt=1
   13.980  ARD.RX                  msg=TRIGGERED  raw=b'TRIGGERED\r\n'  t=0.0
   13.996  ARD.RX                  msg=ARMED  raw=b'ARMED\r\n'  t=0.016
   14.409  ARD.RX                  msg=FRAME_DONE  raw=b'FRAME_DONE\r\n'  t=0.429
   14.411  ARD.FRAME_DONE          frame=7  attempt=1  dt=0.431  leftover=0
   14.412  FRAME.END               frame=7  t_total=1.382  t_hwp=0.382  t_qwp=0.096  t_trig=0.496  attempts=1  flags=ok
   14.414  FRAME.START             frame=8  hwp=71  qwp=39
   14.415  ELL.TX                  addr=0  deg=71  hex=00006E72  cmd=0ma00006E72
   14.723  ELL.RX                  addr=0  line=0PO00006E73  raw=b'0PO00006E73\r\n'
   14.724  ELL.DONE                addr=0  pos=71.0  dt=0.308  lines=1  leftover=0
   14.725  ELL.TX                  addr=2  deg=39  hex=00003CAB  cmd=2ma00003CAB
   14.995  ELL.RX                  addr=2  line=2PO00003CAD  raw=b'2PO00003CAD\r\n'
   14.997  ELL.DONE                addr=2  pos=39.01  dt=0.271  lines=1  leftover=0
   15.407  ARD.TRIG                frame=8  attempt=1
   15.469  ARD.RX                  msg=TRIGGERED  raw=b'TRIGGERED\r\n'  t=0.0
   15.484  ARD.RX                  msg=ARMED  raw=b'ARMED\r\n'  t=0.015
   15.898  ARD.RX                  msg=FRAME_DONE  raw=b'FRAME_DONE\r\n'  t=0.428
   15.899  ARD.FRAME_DONE          frame=8  attempt=1  dt=0.429  leftover=0
   15.900  FRAME.END               frame=8  t_total=1.486  t_hwp=0.31  t_qwp=0.273  t_trig=0.493  attempts=1  flags=ok
   15.901  FRAME.START             frame=9  hwp=3  qwp=5
   15.902  ELL.TX                  addr=0  deg=3  hex=000004AB  cmd=0ma000004AB
   16.163  ELL.RX                  addr=0  line=0PO000004A9  raw=b'0PO000004A9\r\n'
   16.165  ELL.DONE                addr=0  pos=3.0  dt=0.262  lines=1  leftover=0
   16.166  ELL.TX                  addr=2  deg=5  hex=000007C7  cmd=2ma000007C7
   16.467  ELL.RX                  addr=2  line=2PO000007C8  raw=b'2PO000007C8\r\n'
   16.469  ELL.DONE                addr=2  pos=5.0  dt=0.302  lines=1  leftover=0
   16.877  ARD.TRIG                frame=9  attempt=1
   16.941  ARD.RX                  msg=TRIGGERED  raw=b'TRIGGERED\r\n'  t=0.0
   16.956  ARD.RX                  msg=ARMED  raw=b'ARMED\r\n'  t=0.016
   17.364  ARD.RX                  msg=FRAME_DONE  raw=b'FRAME_DONE\r\n'  t=0.423
   17.365  ARD.FRAME_DONE          frame=9  attempt=1  dt=0.424  leftover=0
   17.366  FRAME.END               frame=9  t_total=1.464  t_hwp=0.264  t_qwp=0.304  t_trig=0.489  attempts=1  flags=ok
   17.367  FRAME.START             frame=10  hwp=69  qwp=35
   17.368  ELL.TX                  addr=0  deg=69  hex=00006B55  cmd=0ma00006B55
   17.635  ELL.RX                  addr=0  line=0PO00006B57  raw=b'0PO00006B57\r\n'
   17.637  ELL.DONE                addr=0  pos=69.0  dt=0.268  lines=1  leftover=0
   17.638  ELL.TX                  addr=2  deg=35  hex=00003672  cmd=2ma00003672
   17.987  ELL.RX                  addr=2  line=2PO00003673  raw=b'2PO00003673\r\n'
   17.989  ELL.DONE                addr=2  pos=35.0  dt=0.35  lines=1  leftover=0
   18.403  ARD.TRIG                frame=10  attempt=1
   18.467  ARD.RX                  msg=TRIGGERED  raw=b'TRIGGERED\r\n'  t=0.0
   18.482  ARD.RX                  msg=ARMED  raw=b'ARMED\r\n'  t=0.016
   18.891  ARD.RX                  msg=FRAME_DONE  raw=b'FRAME_DONE\r\n'  t=0.425
   18.893  ARD.FRAME_DONE          frame=10  attempt=1  dt=0.426  leftover=0
   18.894  FRAME.END               frame=10  t_total=1.527  t_hwp=0.27  t_qwp=0.352  t_trig=0.491  attempts=1  flags=ok
   18.896  FRAME.START             frame=11  hwp=61  qwp=22
   18.897  ELL.TX                  addr=0  deg=61  hex=00005EE4  cmd=0ma00005EE4
   19.028  ELL.RX                  addr=0  line=0PO00005EE2  raw=b'0PO00005EE2\r\n'
   19.029  ELL.DONE                addr=0  pos=61.0  dt=0.131  lines=1  leftover=0
   19.030  ELL.TX                  addr=2  deg=22  hex=00002239  cmd=2ma00002239
   19.364  ELL.RX                  addr=2  line=2PO00002238  raw=b'2PO00002238\r\n'
   19.365  ELL.DONE                addr=2  pos=22.0  dt=0.334  lines=1  leftover=0
   19.767  ARD.TRIG                frame=11  attempt=1
   19.831  ARD.RX                  msg=TRIGGERED  raw=b'TRIGGERED\r\n'  t=0.0
   19.846  ARD.RX                  msg=ARMED  raw=b'ARMED\r\n'  t=0.016
   20.258  ARD.RX                  msg=FRAME_DONE  raw=b'FRAME_DONE\r\n'  t=0.428
   20.260  ARD.FRAME_DONE          frame=11  attempt=1  dt=0.429  leftover=0
   20.260  FRAME.END               frame=11  t_total=1.364  t_hwp=0.133  t_qwp=0.336  t_trig=0.493  attempts=1  flags=ok
   20.262  FRAME.START             frame=12  hwp=119  qwp=56
   20.263  ELL.TX                  addr=0  deg=119  hex=0000B91C  cmd=0ma0000B91C
   20.724  ELL.RX                  addr=0  line=0PO0000B91B  raw=b'0PO0000B91B\r\n'
   20.725  ELL.DONE                addr=0  pos=119.0  dt=0.461  lines=1  leftover=0
   20.726  ELL.TX                  addr=2  deg=56  hex=0000571C  cmd=2ma0000571C
   21.012  ELL.RX                  addr=2  line=2PO0000571C  raw=b'2PO0000571C\r\n'
   21.013  ELL.DONE                addr=2  pos=56.0  dt=0.286  lines=1  leftover=0
   21.415  ARD.TRIG                frame=12  attempt=1
   21.478  ARD.RX                  msg=TRIGGERED  raw=b'TRIGGERED\r\n'  t=0.0
   21.494  ARD.RX                  msg=ARMED  raw=b'ARMED\r\n'  t=0.016
   21.902  ARD.RX                  msg=FRAME_DONE  raw=b'FRAME_DONE\r\n'  t=0.423
   21.903  ARD.FRAME_DONE          frame=12  attempt=1  dt=0.424  leftover=0
   21.904  FRAME.END               frame=12  t_total=1.642  t_hwp=0.463  t_qwp=0.288  t_trig=0.489  attempts=1  flags=ok
   21.905  FRAME.START             frame=13  hwp=130  qwp=73
   21.906  ELL.TX                  addr=0  deg=130  hex=0000CA39  cmd=0ma0000CA39
   22.212  ELL.RX                  addr=0  line=0PO0000CA3A  raw=b'0PO0000CA3A\r\n'
   22.213  ELL.DONE                addr=0  pos=130.0  dt=0.306  lines=1  leftover=0
   22.214  ELL.TX                  addr=2  deg=73  hex=0000718E  cmd=2ma0000718E
   22.468  ELL.RX                  addr=2  line=2PO0000718D  raw=b'2PO0000718D\r\n'
   22.469  ELL.DONE                addr=2  pos=73.0  dt=0.255  lines=1  leftover=0
   22.876  ARD.TRIG                frame=13  attempt=1
   22.939  ARD.RX                  msg=TRIGGERED  raw=b'TRIGGERED\r\n'  t=0.0
   22.955  ARD.RX                  msg=ARMED  raw=b'ARMED\r\n'  t=0.016
   23.366  ARD.RX                  msg=FRAME_DONE  raw=b'FRAME_DONE\r\n'  t=0.427
   23.367  ARD.FRAME_DONE          frame=13  attempt=1  dt=0.428  leftover=0
   23.368  FRAME.END               frame=13  t_total=1.463  t_hwp=0.308  t_qwp=0.256  t_trig=0.492  attempts=1  flags=ok
   23.370  FRAME.START             frame=14  hwp=40  qwp=74
   23.370  ELL.TX                  addr=0  deg=40  hex=00003E39  cmd=0ma00003E39
   23.636  ELL.RX                  addr=0  line=0PO00003E39  raw=b'0PO00003E39\r\n'
   23.637  ELL.DONE                addr=0  pos=40.0  dt=0.266  lines=1  leftover=0
   23.639  ELL.TX                  addr=2  deg=74  hex=0000731C  cmd=2ma0000731C
   23.812  ELL.RX                  addr=2  line=2PO0000731B  raw=b'2PO0000731B\r\n'
   23.813  ELL.DONE                addr=2  pos=74.0  dt=0.174  lines=1  leftover=0
   24.228  ARD.TRIG                frame=14  attempt=1
   24.290  ARD.RX                  msg=TRIGGERED  raw=b'TRIGGERED\r\n'  t=0.0
   24.304  ARD.RX                  msg=ARMED  raw=b'ARMED\r\n'  t=0.015
   24.716  ARD.RX                  msg=FRAME_DONE  raw=b'FRAME_DONE\r\n'  t=0.426
   24.717  ARD.FRAME_DONE          frame=14  attempt=1  dt=0.428  leftover=0
   24.718  FRAME.END               frame=14  t_total=1.349  t_hwp=0.268  t_qwp=0.176  t_trig=0.49  attempts=1  flags=ok
   24.721  LOOP.END              
