    0.020  SESSION.START           log=D:\1_software\Experimental control software\Synthetic birefringence\delta 0.25\pshg_diag_20260610_124947.log  csv=D:\1_software\Experimental control software\Synthetic birefringence\delta 0.25\pshg_diag_20260610_124947.csv  file=delta_waves=0.250_fast_axis=100.xlsx  drain_stale=True
    0.065  ELL.QUERY               cmd=0in  reply='0IN0E1140051420211501016800023000\r\n'
    0.161  ELL.QUERY               cmd=2in  reply='2IN0E1140064920211501016800023000\r\n'
    0.497  ELL.QUERY               cmd=0ho  reply='0PO00000003\r\n'
    0.705  ELL.QUERY               cmd=2ho  reply='2POFFFFFFFF\r\n'
    0.737  ELL.QUERY               cmd=0gp  reply='0PO00000003\r\n'
    0.802  ELL.QUERY               cmd=2gp  reply='2PO0000003E\r\n'
    1.819  LOOP.START            
    2.824  FRAME.START             frame=1  hwp=97  qwp=90
    2.825  ELL.TX                  addr=0  deg=97  hex=000096E4  cmd=0ma000096E4
    3.266  ELL.RX                  addr=0  line=0PO000096E4  raw=b'0PO000096E4\r\n'
    3.267  ELL.DONE                addr=0  pos=97.0  dt=0.44  lines=1  leftover=0
    3.268  ELL.TX                  addr=2  deg=90  hex=00008C00  cmd=2ma00008C00
    3.778  ELL.RX                  addr=2  line=2PO00008C01  raw=b'2PO00008C01\r\n'
    3.781  ELL.DONE                addr=2  pos=90.0  dt=0.513  lines=1  leftover=0
    4.189  ARD.TRIG                frame=1  attempt=1
    4.254  ARD.RX                  msg=TRIGGERED  raw=b'TRIGGERED\r\n'  t=0.0
    4.269  ARD.RX                  msg=ARMED  raw=b'ARMED\r\n'  t=0.016
    4.677  ARD.RX                  msg=FRAME_DONE  raw=b'FRAME_DONE\r\n'  t=0.423
    4.678  ARD.FRAME_DONE          frame=1  attempt=1  dt=0.424  leftover=0
    4.679  FRAME.END               frame=1  t_total=1.855  t_hwp=0.442  t_qwp=0.515  t_trig=0.489  attempts=1  flags=ok
    4.680  FRAME.START             frame=2  hwp=120  qwp=55
    4.681  ELL.TX                  addr=0  deg=120  hex=0000BAAB  cmd=0ma0000BAAB
    4.978  ELL.RX                  addr=0  line=0PO0000BAAB  raw=b'0PO0000BAAB\r\n'
    4.979  ELL.DONE                addr=0  pos=120.0  dt=0.297  lines=1  leftover=0
    4.980  ELL.TX                  addr=2  deg=55  hex=0000558E  cmd=2ma0000558E
    5.458  ELL.RX                  addr=2  line=2PO0000558C  raw=b'2PO0000558C\r\n'
    5.459  ELL.DONE                addr=2  pos=54.99  dt=0.478  lines=1  leftover=0
    5.872  ARD.TRIG                frame=2  attempt=1
    5.936  ARD.RX                  msg=TRIGGERED  raw=b'TRIGGERED\r\n'  t=0.0
    5.952  ARD.RX                  msg=ARMED  raw=b'ARMED\r\n'  t=0.016
    6.361  ARD.RX                  msg=FRAME_DONE  raw=b'FRAME_DONE\r\n'  t=0.425
    6.362  ARD.FRAME_DONE          frame=2  attempt=1  dt=0.426  leftover=0
    6.363  FRAME.END               frame=2  t_total=1.683  t_hwp=0.299  t_qwp=0.48  t_trig=0.491  attempts=1  flags=ok
    6.365  FRAME.START             frame=3  hwp=177  qwp=93
    6.366  ELL.TX                  addr=0  deg=177  hex=00011355  cmd=0ma00011355
    6.674  ELL.RX                  addr=0  line=0PO00011353  raw=b'0PO00011353\r\n'
    6.675  ELL.DONE                addr=0  pos=176.99  dt=0.308  lines=1  leftover=0
    6.676  ELL.TX                  addr=2  deg=93  hex=000090AB  cmd=2ma000090AB
    7.042  ELL.RX                  addr=2  line=2PO000090AC  raw=b'2PO000090AC\r\n'
    7.043  ELL.DONE                addr=2  pos=93.0  dt=0.367  lines=1  leftover=0
    7.457  ARD.TRIG                frame=3  attempt=1
    7.521  ARD.RX                  msg=TRIGGERED  raw=b'TRIGGERED\r\n'  t=0.0
    7.536  ARD.RX                  msg=ARMED  raw=b'ARMED\r\n'  t=0.016
    7.947  ARD.RX                  msg=FRAME_DONE  raw=b'FRAME_DONE\r\n'  t=0.426
    7.948  ARD.FRAME_DONE          frame=3  attempt=1  dt=0.427  leftover=0
    7.948  FRAME.END               frame=3  t_total=1.584  t_hwp=0.31  t_qwp=0.369  t_trig=0.491  attempts=1  flags=ok
    7.950  FRAME.START             frame=4  hwp=70  qwp=90
    7.951  ELL.TX                  addr=0  deg=70  hex=00006CE4  cmd=0ma00006CE4
    8.243  ELL.RX                  addr=0  line=0PO00006CE2  raw=b'0PO00006CE2\r\n'
    8.245  ELL.DONE                addr=0  pos=70.0  dt=0.294  lines=1  leftover=0
    8.248  ELL.TX                  addr=2  deg=90  hex=00008C00  cmd=2ma00008C00
    8.498  ELL.RX                  addr=2  line=2PO00008C02  raw=b'2PO00008C02\r\n'
    8.499  ELL.DONE                addr=2  pos=90.01  dt=0.248  lines=1  leftover=0
    8.911  ARD.TRIG                frame=4  attempt=1
    8.975  ARD.RX                  msg=TRIGGERED  raw=b'TRIGGERED\r\n'  t=0.0
    8.991  ARD.RX                  msg=ARMED  raw=b'ARMED\r\n'  t=0.016
    9.399  ARD.RX                  msg=FRAME_DONE  raw=b'FRAME_DONE\r\n'  t=0.424
    9.400  ARD.FRAME_DONE          frame=4  attempt=1  dt=0.425  leftover=0
    9.401  FRAME.END               frame=4  t_total=1.451  t_hwp=0.297  t_qwp=0.252  t_trig=0.49  attempts=1  flags=ok
    9.403  FRAME.START             frame=5  hwp=150  qwp=80
    9.404  ELL.TX                  addr=0  deg=150  hex=0000E955  cmd=0ma0000E955
    9.938  ELL.RX                  addr=0  line=0PO0000E957  raw=b'0PO0000E957\r\n'
    9.940  ELL.DONE                addr=0  pos=150.0  dt=0.535  lines=1  leftover=0
    9.941  ELL.TX                  addr=2  deg=80  hex=00007C72  cmd=2ma00007C72
   10.162  ELL.RX                  addr=2  line=2PO00007C75  raw=b'2PO00007C75\r\n'
   10.163  ELL.DONE                addr=2  pos=80.01  dt=0.22  lines=1  leftover=0
   10.567  ARD.TRIG                frame=5  attempt=1
   10.631  ARD.RX                  msg=TRIGGERED  raw=b'TRIGGERED\r\n'  t=0.0
   10.647  ARD.RX                  msg=ARMED  raw=b'ARMED\r\n'  t=0.016
   11.061  ARD.RX                  msg=FRAME_DONE  raw=b'FRAME_DONE\r\n'  t=0.43
   11.063  ARD.FRAME_DONE          frame=5  attempt=1  dt=0.432  leftover=0
   11.065  FRAME.END               frame=5  t_total=1.662  t_hwp=0.537  t_qwp=0.224  t_trig=0.498  attempts=1  flags=ok
   11.069  FRAME.START             frame=6  hwp=74  qwp=93
   11.070  ELL.TX                  addr=0  deg=74  hex=0000731C  cmd=0ma0000731C
   11.378  ELL.RX                  addr=0  line=0PO0000731C  raw=b'0PO0000731C\r\n'
   11.379  ELL.DONE                addr=0  pos=74.0  dt=0.307  lines=1  leftover=0
   11.380  ELL.TX                  addr=2  deg=93  hex=000090AB  cmd=2ma000090AB
   11.586  ELL.RX                  addr=2  line=2PO000090A9  raw=b'2PO000090A9\r\n'
   11.588  ELL.DONE                addr=2  pos=93.0  dt=0.206  lines=1  leftover=0
   11.999  ARD.TRIG                frame=6  attempt=1
   12.063  ARD.RX                  msg=TRIGGERED  raw=b'TRIGGERED\r\n'  t=0.0
   12.078  ARD.RX                  msg=ARMED  raw=b'ARMED\r\n'  t=0.016
   12.487  ARD.RX                  msg=FRAME_DONE  raw=b'FRAME_DONE\r\n'  t=0.425
   12.489  ARD.FRAME_DONE          frame=6  attempt=1  dt=0.426  leftover=0
   12.490  FRAME.END               frame=6  t_total=1.421  t_hwp=0.31  t_qwp=0.208  t_trig=0.491  attempts=1  flags=ok
   12.492  FRAME.START             frame=7  hwp=40  qwp=57
   12.492  ELL.TX                  addr=0  deg=40  hex=00003E39  cmd=0ma00003E39
   12.674  ELL.RX                  addr=0  line=0PO00003E3A  raw=b'0PO00003E3A\r\n'
   12.675  ELL.DONE                addr=0  pos=40.0  dt=0.182  lines=1  leftover=0
   12.676  ELL.TX                  addr=2  deg=57  hex=000058AB  cmd=2ma000058AB
   12.882  ELL.RX                  addr=2  line=2PO000058A8  raw=b'2PO000058A8\r\n'
   12.884  ELL.DONE                addr=2  pos=56.99  dt=0.207  lines=1  leftover=0
   13.297  ARD.TRIG                frame=7  attempt=1
   13.361  ARD.RX                  msg=TRIGGERED  raw=b'TRIGGERED\r\n'  t=0.0
   13.377  ARD.RX                  msg=ARMED  raw=b'ARMED\r\n'  t=0.016
   13.786  ARD.RX                  msg=FRAME_DONE  raw=b'FRAME_DONE\r\n'  t=0.424
   13.787  ARD.FRAME_DONE          frame=7  attempt=1  dt=0.426  leftover=0
   13.789  FRAME.END               frame=7  t_total=1.297  t_hwp=0.184  t_qwp=0.208  t_trig=0.492  attempts=1  flags=ok
   13.791  FRAME.START             frame=8  hwp=30  qwp=48
   13.792  ELL.TX                  addr=0  deg=30  hex=00002EAB  cmd=0ma00002EAB
   13.922  ELL.RX                  addr=0  line=0PO00002EAE  raw=b'0PO00002EAE\r\n'
   13.923  ELL.DONE                addr=0  pos=30.01  dt=0.13  lines=1  leftover=0
   13.924  ELL.TX                  addr=2  deg=48  hex=00004AAB  cmd=2ma00004AAB
   14.275  ELL.RX                  addr=2  line=2PO00004AA8  raw=b'2PO00004AA8\r\n'
   14.277  ELL.DONE                addr=2  pos=47.99  dt=0.352  lines=1  leftover=0
   14.692  ARD.TRIG                frame=8  attempt=1
   14.756  ARD.RX                  msg=TRIGGERED  raw=b'TRIGGERED\r\n'  t=0.0
   14.772  ARD.RX                  msg=ARMED  raw=b'ARMED\r\n'  t=0.016
   15.184  ARD.RX                  msg=FRAME_DONE  raw=b'FRAME_DONE\r\n'  t=0.428
   15.185  ARD.FRAME_DONE          frame=8  attempt=1  dt=0.429  leftover=0
   15.186  FRAME.END               frame=8  t_total=1.395  t_hwp=0.132  t_qwp=0.355  t_trig=0.494  attempts=1  flags=ok
   15.187  FRAME.START             frame=9  hwp=43  qwp=13
   15.188  ELL.TX                  addr=0  deg=43  hex=000042E4  cmd=0ma000042E4
   15.347  ELL.RX                  addr=0  line=0PO000042E4  raw=b'0PO000042E4\r\n'
   15.348  ELL.DONE                addr=0  pos=43.0  dt=0.159  lines=1  leftover=0
   15.349  ELL.TX                  addr=2  deg=13  hex=00001439  cmd=2ma00001439
   15.715  ELL.RX                  addr=2  line=2PO00001436  raw=b'2PO00001436\r\n'
   15.716  ELL.DONE                addr=2  pos=12.99  dt=0.365  lines=1  leftover=0
   16.120  ARD.TRIG                frame=9  attempt=1
   16.185  ARD.RX                  msg=TRIGGERED  raw=b'TRIGGERED\r\n'  t=0.001
   16.200  ARD.RX                  msg=ARMED  raw=b'ARMED\r\n'  t=0.016
   16.611  ARD.RX                  msg=FRAME_DONE  raw=b'FRAME_DONE\r\n'  t=0.427
   16.613  ARD.FRAME_DONE          frame=9  attempt=1  dt=0.43  leftover=0
   16.615  FRAME.END               frame=9  t_total=1.427  t_hwp=0.161  t_qwp=0.368  t_trig=0.494  attempts=1  flags=ok
   16.617  FRAME.START             frame=10  hwp=10  qwp=44
   16.618  ELL.TX                  addr=0  deg=10  hex=00000F8E  cmd=0ma00000F8E
   16.819  ELL.RX                  addr=0  line=0PO00000F8B  raw=b'0PO00000F8B\r\n'
   16.823  ELL.DONE                addr=0  pos=9.99  dt=0.203  lines=1  leftover=0
   16.826  ELL.TX                  addr=2  deg=44  hex=00004472  cmd=2ma00004472
   17.171  ELL.RX                  addr=2  line=2PO0000446F  raw=b'2PO0000446F\r\n'
   17.172  ELL.DONE                addr=2  pos=43.99  dt=0.343  lines=1  leftover=0
   17.573  ARD.TRIG                frame=10  attempt=1
   17.636  ARD.RX                  msg=TRIGGERED  raw=b'TRIGGERED\r\n'  t=0.0
   17.651  ARD.RX                  msg=ARMED  raw=b'ARMED\r\n'  t=0.016
   18.066  ARD.RX                  msg=FRAME_DONE  raw=b'FRAME_DONE\r\n'  t=0.43
   18.068  ARD.FRAME_DONE          frame=10  attempt=1  dt=0.433  leftover=0
   18.070  FRAME.END               frame=10  t_total=1.453  t_hwp=0.207  t_qwp=0.347  t_trig=0.497  attempts=1  flags=ok
   18.074  FRAME.START             frame=11  hwp=100  qwp=64
   18.075  ELL.TX                  addr=0  deg=100  hex=00009B8E  cmd=0ma00009B8E
   18.467  ELL.RX                  addr=0  line=0PO00009B8D  raw=b'0PO00009B8D\r\n'
   18.468  ELL.DONE                addr=0  pos=100.0  dt=0.392  lines=1  leftover=0
   18.469  ELL.TX                  addr=2  deg=64  hex=0000638E  cmd=2ma0000638E
   18.691  ELL.RX                  addr=2  line=2PO00006390  raw=b'2PO00006390\r\n'
   18.693  ELL.DONE                addr=2  pos=64.0  dt=0.223  lines=1  leftover=0
   19.099  ARD.TRIG                frame=11  attempt=1
   19.162  ARD.RX                  msg=TRIGGERED  raw=b'TRIGGERED\r\n'  t=0.0
   19.177  ARD.RX                  msg=ARMED  raw=b'ARMED\r\n'  t=0.016
   19.590  ARD.RX                  msg=FRAME_DONE  raw=b'FRAME_DONE\r\n'  t=0.429
   19.595  ARD.FRAME_DONE          frame=11  attempt=1  dt=0.433  leftover=0
   19.598  FRAME.END               frame=11  t_total=1.524  t_hwp=0.394  t_qwp=0.225  t_trig=0.499  attempts=1  flags=ok
   19.604  FRAME.START             frame=12  hwp=12  qwp=44
   19.606  ELL.TX                  addr=0  deg=12  hex=000012AB  cmd=0ma000012AB
   19.843  ELL.RX                  addr=0  line=0PO000012AA  raw=b'0PO000012AA\r\n'
   19.844  ELL.DONE                addr=0  pos=12.0  dt=0.237  lines=1  leftover=0
   19.845  ELL.TX                  addr=2  deg=44  hex=00004472  cmd=2ma00004472
   20.019  ELL.RX                  addr=2  line=2PO00004472  raw=b'2PO00004472\r\n'
   20.020  ELL.DONE                addr=2  pos=44.0  dt=0.174  lines=1  leftover=0
   20.430  ARD.TRIG                frame=12  attempt=1
   20.494  ARD.RX                  msg=TRIGGERED  raw=b'TRIGGERED\r\n'  t=0.0
   20.510  ARD.RX                  msg=ARMED  raw=b'ARMED\r\n'  t=0.016
   20.921  ARD.RX                  msg=FRAME_DONE  raw=b'FRAME_DONE\r\n'  t=0.427
   20.922  ARD.FRAME_DONE          frame=12  attempt=1  dt=0.428  leftover=0
   20.923  FRAME.END               frame=12  t_total=1.319  t_hwp=0.239  t_qwp=0.176  t_trig=0.493  attempts=1  flags=ok
   20.924  FRAME.START             frame=13  hwp=46  qwp=13
   20.925  ELL.TX                  addr=0  deg=46  hex=0000478E  cmd=0ma0000478E
   21.187  ELL.RX                  addr=0  line=0PO0000478B  raw=b'0PO0000478B\r\n'
   21.188  ELL.DONE                addr=0  pos=45.99  dt=0.262  lines=1  leftover=0
   21.190  ELL.TX                  addr=2  deg=13  hex=00001439  cmd=2ma00001439
   21.491  ELL.RX                  addr=2  line=2PO00001436  raw=b'2PO00001436\r\n'
   21.492  ELL.DONE                addr=2  pos=12.99  dt=0.301  lines=1  leftover=0
   21.905  ARD.TRIG                frame=13  attempt=1
   21.967  ARD.RX                  msg=TRIGGERED  raw=b'TRIGGERED\r\n'  t=0.0
   21.982  ARD.RX                  msg=ARMED  raw=b'ARMED\r\n'  t=0.015
   22.395  ARD.RX                  msg=FRAME_DONE  raw=b'FRAME_DONE\r\n'  t=0.427
   22.396  ARD.FRAME_DONE          frame=13  attempt=1  dt=0.429  leftover=0
   22.397  FRAME.END               frame=13  t_total=1.473  t_hwp=0.264  t_qwp=0.306  t_trig=0.492  attempts=1  flags=ok
   22.399  FRAME.START             frame=14  hwp=119  qwp=55
   22.400  ELL.TX                  addr=0  deg=119  hex=0000B91C  cmd=0ma0000B91C
   22.755  ELL.RX                  addr=0  line=0PO0000B91D  raw=b'0PO0000B91D\r\n'
   22.756  ELL.DONE                addr=0  pos=119.0  dt=0.354  lines=1  leftover=0
   22.757  ELL.TX                  addr=2  deg=55  hex=0000558E  cmd=2ma0000558E
   23.203  ELL.RX                  addr=2  line=2PO0000558E  raw=b'2PO0000558E\r\n'
   23.205  ELL.DONE                addr=2  pos=55.0  dt=0.447  lines=1  leftover=0
   23.616  ARD.TRIG                frame=14  attempt=1
   23.680  ARD.RX                  msg=TRIGGERED  raw=b'TRIGGERED\r\n'  t=0.0
   23.696  ARD.RX                  msg=ARMED  raw=b'ARMED\r\n'  t=0.016
   24.109  ARD.RX                  msg=FRAME_DONE  raw=b'FRAME_DONE\r\n'  t=0.429
   24.110  ARD.FRAME_DONE          frame=14  attempt=1  dt=0.43  leftover=0
   24.111  FRAME.END               frame=14  t_total=1.712  t_hwp=0.357  t_qwp=0.448  t_trig=0.495  attempts=1  flags=ok
   24.113  LOOP.END              
