    0.033  SESSION.START           log=D:\1_software\Experimental control software\Synthetic birefringence\delta 0.25\pshg_diag_20260610_124614.log  csv=D:\1_software\Experimental control software\Synthetic birefringence\delta 0.25\pshg_diag_20260610_124614.csv  file=delta_waves=0.250_fast_axis=95.xlsx  drain_stale=True
    0.086  ELL.QUERY               cmd=0in  reply='0IN0E1140051420211501016800023000\r\n'
    0.182  ELL.QUERY               cmd=2in  reply='2IN0E1140064920211501016800023000\r\n'
    0.502  ELL.QUERY               cmd=0ho  reply='0POFFFFFFFD\r\n'
    0.934  ELL.QUERY               cmd=2ho  reply='2PO00000003\r\n'
    0.966  ELL.QUERY               cmd=0gp  reply='0POFFFFFFFD\r\n'
    1.046  ELL.QUERY               cmd=2gp  reply='2PO00000000\r\n'
    2.060  LOOP.START            
    3.069  FRAME.START             frame=1  hwp=51  qwp=14
    3.070  ELL.TX                  addr=0  deg=51  hex=00004F55  cmd=0ma00004F55
    3.286  ELL.RX                  addr=0  line=0PO00004F56  raw=b'0PO00004F56\r\n'
    3.288  ELL.DONE                addr=0  pos=51.0  dt=0.217  lines=1  leftover=0
    3.289  ELL.TX                  addr=2  deg=14  hex=000015C7  cmd=2ma000015C7
    3.622  ELL.RX                  addr=2  line=2PO000015C6  raw=b'2PO000015C6\r\n'
    3.624  ELL.DONE                addr=2  pos=14.0  dt=0.333  lines=1  leftover=0
    4.028  ARD.TRIG                frame=1  attempt=1
    4.092  ARD.RX                  msg=TRIGGERED  raw=b'TRIGGERED\r\n'  t=0.0
    4.108  ARD.RX                  msg=ARMED  raw=b'ARMED\r\n'  t=0.015
    4.518  ARD.RX                  msg=FRAME_DONE  raw=b'FRAME_DONE\r\n'  t=0.425
    4.519  ARD.FRAME_DONE          frame=1  attempt=1  dt=0.426  leftover=0
    4.520  FRAME.END               frame=1  t_total=1.45  t_hwp=0.218  t_qwp=0.336  t_trig=0.492  attempts=1  flags=ok
    4.521  FRAME.START             frame=2  hwp=55  qwp=2
    4.522  ELL.TX                  addr=0  deg=55  hex=0000558E  cmd=0ma0000558E
    4.646  ELL.RX                  addr=0  line=0PO0000558E  raw=b'0PO0000558E\r\n'
    4.648  ELL.DONE                addr=0  pos=55.0  dt=0.123  lines=1  leftover=0
    4.649  ELL.TX                  addr=2  deg=2  hex=0000031C  cmd=2ma0000031C
    4.982  ELL.RX                  addr=2  line=2PO0000031E  raw=b'2PO0000031E\r\n'
    4.984  ELL.DONE                addr=2  pos=2.0  dt=0.333  lines=1  leftover=0
    5.387  ARD.TRIG                frame=2  attempt=1
    5.450  ARD.RX                  msg=TRIGGERED  raw=b'TRIGGERED\r\n'  t=0.0
    5.465  ARD.RX                  msg=ARMED  raw=b'ARMED\r\n'  t=0.015
    5.875  ARD.RX                  msg=FRAME_DONE  raw=b'FRAME_DONE\r\n'  t=0.426
    5.876  ARD.FRAME_DONE          frame=2  attempt=1  dt=0.427  leftover=0
    5.877  FRAME.END               frame=2  t_total=1.356  t_hwp=0.127  t_qwp=0.336  t_trig=0.49  attempts=1  flags=ok
    5.879  FRAME.START             frame=3  hwp=177  qwp=97
    5.880  ELL.TX                  addr=0  deg=177  hex=00011355  cmd=0ma00011355
    6.455  ELL.RX                  addr=0  line=0PO00011355  raw=b'0PO00011355\r\n'
    6.456  ELL.DONE                addr=0  pos=177.0  dt=0.576  lines=1  leftover=0
    6.457  ELL.TX                  addr=2  deg=97  hex=000096E4  cmd=2ma000096E4
    6.935  ELL.RX                  addr=2  line=2PO000096E4  raw=b'2PO000096E4\r\n'
    6.936  ELL.DONE                addr=2  pos=97.0  dt=0.478  lines=1  leftover=0
    7.343  ARD.TRIG                frame=3  attempt=1
    7.408  ARD.RX                  msg=TRIGGERED  raw=b'TRIGGERED\r\n'  t=0.0
    7.424  ARD.RX                  msg=ARMED  raw=b'ARMED\r\n'  t=0.016
    7.831  ARD.RX                  msg=FRAME_DONE  raw=b'FRAME_DONE\r\n'  t=0.423
    7.833  ARD.FRAME_DONE          frame=3  attempt=1  dt=0.425  leftover=0
    7.834  FRAME.END               frame=3  t_total=1.955  t_hwp=0.577  t_qwp=0.48  t_trig=0.491  attempts=1  flags=ok
    7.836  FRAME.START             frame=4  hwp=67  qwp=91
    7.837  ELL.TX                  addr=0  deg=67  hex=00006839  cmd=0ma00006839
    8.135  ELL.RX                  addr=0  line=0PO00006839  raw=b'0PO00006839\r\n'
    8.136  ELL.DONE                addr=0  pos=67.0  dt=0.298  lines=1  leftover=0
    8.137  ELL.TX                  addr=2  deg=91  hex=00008D8E  cmd=2ma00008D8E
    8.311  ELL.RX                  addr=2  line=2PO00008D90  raw=b'2PO00008D90\r\n'
    8.312  ELL.DONE                addr=2  pos=91.0  dt=0.174  lines=1  leftover=0
    8.722  ARD.TRIG                frame=4  attempt=1
    8.786  ARD.RX                  msg=TRIGGERED  raw=b'TRIGGERED\r\n'  t=0.0
    8.801  ARD.RX                  msg=ARMED  raw=b'ARMED\r\n'  t=0.015
    9.214  ARD.RX                  msg=FRAME_DONE  raw=b'FRAME_DONE\r\n'  t=0.428
    9.218  ARD.FRAME_DONE          frame=4  attempt=1  dt=0.431  leftover=0
    9.223  FRAME.END               frame=4  t_total=1.387  t_hwp=0.301  t_qwp=0.176  t_trig=0.501  attempts=1  flags=ok
    9.229  FRAME.START             frame=5  hwp=168  qwp=96
    9.231  ELL.TX                  addr=0  deg=168  hex=00010555  cmd=0ma00010555
    9.703  ELL.RX                  addr=0  line=0PO00010557  raw=b'0PO00010557\r\n'
    9.704  ELL.DONE                addr=0  pos=168.0  dt=0.472  lines=1  leftover=0
    9.706  ELL.TX                  addr=2  deg=96  hex=00009555  cmd=2ma00009555
    9.943  ELL.RX                  addr=2  line=2PO00009557  raw=b'2PO00009557\r\n'
    9.944  ELL.DONE                addr=2  pos=96.0  dt=0.237  lines=1  leftover=0
   10.350  ARD.TRIG                frame=5  attempt=1
   10.414  ARD.RX                  msg=TRIGGERED  raw=b'TRIGGERED\r\n'  t=0.0
   10.430  ARD.RX                  msg=ARMED  raw=b'ARMED\r\n'  t=0.016
   10.841  ARD.RX                  msg=FRAME_DONE  raw=b'FRAME_DONE\r\n'  t=0.427
   10.842  ARD.FRAME_DONE          frame=5  attempt=1  dt=0.428  leftover=0
   10.843  FRAME.END               frame=5  t_total=1.614  t_hwp=0.475  t_qwp=0.239  t_trig=0.494  attempts=1  flags=ok
   10.845  FRAME.START             frame=6  hwp=136  qwp=70
   10.846  ELL.TX                  addr=0  deg=136  hex=0000D38E  cmd=0ma0000D38E
   11.127  ELL.RX                  addr=0  line=0PO0000D38C  raw=b'0PO0000D38C\r\n'
   11.128  ELL.DONE                addr=0  pos=135.99  dt=0.281  lines=1  leftover=0
   11.129  ELL.TX                  addr=2  deg=70  hex=00006CE4  cmd=2ma00006CE4
   11.479  ELL.RX                  addr=2  line=2PO00006CE2  raw=b'2PO00006CE2\r\n'
   11.480  ELL.DONE                addr=2  pos=70.0  dt=0.35  lines=1  leftover=0
   11.887  ARD.TRIG                frame=6  attempt=1
   11.950  ARD.RX                  msg=TRIGGERED  raw=b'TRIGGERED\r\n'  t=0.0
   11.966  ARD.RX                  msg=ARMED  raw=b'ARMED\r\n'  t=0.016
   12.379  ARD.RX                  msg=FRAME_DONE  raw=b'FRAME_DONE\r\n'  t=0.429
   12.380  ARD.FRAME_DONE          frame=6  attempt=1  dt=0.43  leftover=0
   12.381  FRAME.END               frame=6  t_total=1.536  t_hwp=0.283  t_qwp=0.352  t_trig=0.494  attempts=1  flags=ok
   12.382  FRAME.START             frame=7  hwp=124  qwp=59
   12.383  ELL.TX                  addr=0  deg=124  hex=0000C0E4  cmd=0ma0000C0E4
   12.599  ELL.RX                  addr=0  line=0PO0000C0E1  raw=b'0PO0000C0E1\r\n'
   12.600  ELL.DONE                addr=0  pos=123.99  dt=0.216  lines=1  leftover=0
   12.601  ELL.TX                  addr=2  deg=59  hex=00005BC7  cmd=2ma00005BC7
   13.063  ELL.RX                  addr=2  line=2PO00005BC5  raw=b'2PO00005BC5\r\n'
   13.064  ELL.DONE                addr=2  pos=58.99  dt=0.463  lines=1  leftover=0
   13.469  ARD.TRIG                frame=7  attempt=1
   13.533  ARD.RX                  msg=TRIGGERED  raw=b'TRIGGERED\r\n'  t=0.0
   13.549  ARD.RX                  msg=ARMED  raw=b'ARMED\r\n'  t=0.016
   13.959  ARD.RX                  msg=FRAME_DONE  raw=b'FRAME_DONE\r\n'  t=0.426
   13.960  ARD.FRAME_DONE          frame=7  attempt=1  dt=0.427  leftover=0
   13.961  FRAME.END               frame=7  t_total=1.579  t_hwp=0.218  t_qwp=0.464  t_trig=0.492  attempts=1  flags=ok
   13.963  FRAME.START             frame=8  hwp=95  qwp=91
   13.964  ELL.TX                  addr=0  deg=95  hex=000093C7  cmd=0ma000093C7
   14.199  ELL.RX                  addr=0  line=0PO000093C7  raw=b'0PO000093C7\r\n'
   14.200  ELL.DONE                addr=0  pos=95.0  dt=0.235  lines=1  leftover=0
   14.201  ELL.TX                  addr=2  deg=91  hex=00008D8E  cmd=2ma00008D8E
   14.631  ELL.RX                  addr=2  line=2PO00008D8D  raw=b'2PO00008D8D\r\n'
   14.632  ELL.DONE                addr=2  pos=91.0  dt=0.431  lines=1  leftover=0
   15.043  ARD.TRIG                frame=8  attempt=1
   15.107  ARD.RX                  msg=TRIGGERED  raw=b'TRIGGERED\r\n'  t=0.0
   15.122  ARD.RX                  msg=ARMED  raw=b'ARMED\r\n'  t=0.015
   15.535  ARD.RX                  msg=FRAME_DONE  raw=b'FRAME_DONE\r\n'  t=0.428
   15.537  ARD.FRAME_DONE          frame=8  attempt=1  dt=0.429  leftover=0
   15.538  FRAME.END               frame=8  t_total=1.575  t_hwp=0.237  t_qwp=0.432  t_trig=0.495  attempts=1  flags=ok
   15.540  FRAME.START             frame=9  hwp=123  qwp=0
   15.541  ELL.TX                  addr=0  deg=123  hex=0000BF55  cmd=0ma0000BF55
   15.863  ELL.RX                  addr=0  line=0PO0000BF53  raw=b'0PO0000BF53\r\n'
   15.865  ELL.DONE                addr=0  pos=122.99  dt=0.323  lines=1  leftover=0
   15.866  ELL.TX                  addr=2  deg=0  hex=00000000  cmd=2ma00000000
   16.327  ELL.RX                  addr=2  line=2PO00000002  raw=b'2PO00000002\r\n'
   16.329  ELL.DONE                addr=2  pos=0.01  dt=0.461  lines=1  leftover=0
   16.734  ARD.TRIG                frame=9  attempt=1
   16.796  ARD.RX                  msg=TRIGGERED  raw=b'TRIGGERED\r\n'  t=0.0
   16.812  ARD.RX                  msg=ARMED  raw=b'ARMED\r\n'  t=0.016
   17.223  ARD.RX                  msg=FRAME_DONE  raw=b'FRAME_DONE\r\n'  t=0.427
   17.225  ARD.FRAME_DONE          frame=9  attempt=1  dt=0.428  leftover=0
   17.225  FRAME.END               frame=9  t_total=1.685  t_hwp=0.325  t_qwp=0.463  t_trig=0.492  attempts=1  flags=ok
   17.227  FRAME.START             frame=10  hwp=97  qwp=57
   17.228  ELL.TX                  addr=0  deg=97  hex=000096E4  cmd=0ma000096E4
   17.511  ELL.RX                  addr=0  line=0PO000096E1  raw=b'0PO000096E1\r\n'
   17.512  ELL.DONE                addr=0  pos=96.99  dt=0.284  lines=1  leftover=0
   17.513  ELL.TX                  addr=2  deg=57  hex=000058AB  cmd=2ma000058AB
   17.975  ELL.RX                  addr=2  line=2PO000058AC  raw=b'2PO000058AC\r\n'
   17.976  ELL.DONE                addr=2  pos=57.0  dt=0.462  lines=1  leftover=0
   18.388  ARD.TRIG                frame=10  attempt=1
   18.452  ARD.RX                  msg=TRIGGERED  raw=b'TRIGGERED\r\n'  t=0.0
   18.468  ARD.RX                  msg=ARMED  raw=b'ARMED\r\n'  t=0.016
   18.876  ARD.RX                  msg=FRAME_DONE  raw=b'FRAME_DONE\r\n'  t=0.424
   18.878  ARD.FRAME_DONE          frame=10  attempt=1  dt=0.425  leftover=0
   18.878  FRAME.END               frame=10  t_total=1.651  t_hwp=0.285  t_qwp=0.464  t_trig=0.491  attempts=1  flags=ok
   18.880  FRAME.START             frame=11  hwp=28  qwp=11
   18.881  ELL.TX                  addr=0  deg=28  hex=00002B8E  cmd=0ma00002B8E
   19.256  ELL.RX                  addr=0  line=0PO00002B8F  raw=b'0PO00002B8F\r\n'
   19.257  ELL.DONE                addr=0  pos=28.0  dt=0.375  lines=1  leftover=0
   19.258  ELL.TX                  addr=2  deg=11  hex=0000111C  cmd=2ma0000111C
   19.463  ELL.RX                  addr=2  line=2PO0000111B  raw=b'2PO0000111B\r\n'
   19.464  ELL.DONE                addr=2  pos=11.0  dt=0.206  lines=1  leftover=0
   19.876  ARD.TRIG                frame=11  attempt=1
   19.939  ARD.RX                  msg=TRIGGERED  raw=b'TRIGGERED\r\n'  t=0.0
   19.955  ARD.RX                  msg=ARMED  raw=b'ARMED\r\n'  t=0.016
   20.369  ARD.RX                  msg=FRAME_DONE  raw=b'FRAME_DONE\r\n'  t=0.431
   20.372  ARD.FRAME_DONE          frame=11  attempt=1  dt=0.433  leftover=0
   20.374  FRAME.END               frame=11  t_total=1.493  t_hwp=0.377  t_qwp=0.207  t_trig=0.498  attempts=1  flags=ok
   20.376  FRAME.START             frame=12  hwp=39  qwp=16
   20.376  ELL.TX                  addr=0  deg=39  hex=00003CAB  cmd=0ma00003CAB
   20.551  ELL.RX                  addr=0  line=0PO00003CAD  raw=b'0PO00003CAD\r\n'
   20.553  ELL.DONE                addr=0  pos=39.01  dt=0.175  lines=1  leftover=0
   20.554  ELL.TX                  addr=2  deg=16  hex=000018E4  cmd=2ma000018E4
   20.951  ELL.RX                  addr=2  line=2PO000018E5  raw=b'2PO000018E5\r\n'
   20.953  ELL.DONE                addr=2  pos=16.0  dt=0.398  lines=1  leftover=0
   21.363  ARD.TRIG                frame=12  attempt=1
   21.426  ARD.RX                  msg=TRIGGERED  raw=b'TRIGGERED\r\n'  t=0.0
   21.442  ARD.RX                  msg=ARMED  raw=b'ARMED\r\n'  t=0.016
   21.860  ARD.RX                  msg=FRAME_DONE  raw=b'FRAME_DONE\r\n'  t=0.433
   21.861  ARD.FRAME_DONE          frame=12  attempt=1  dt=0.435  leftover=0
   21.862  FRAME.END               frame=12  t_total=1.486  t_hwp=0.178  t_qwp=0.4  t_trig=0.499  attempts=1  flags=ok
   21.864  FRAME.START             frame=13  hwp=49  qwp=15
   21.865  ELL.TX                  addr=0  deg=49  hex=00004C39  cmd=0ma00004C39
   22.120  ELL.RX                  addr=0  line=0PO00004C39  raw=b'0PO00004C39\r\n'
   22.121  ELL.DONE                addr=0  pos=49.0  dt=0.254  lines=1  leftover=0
   22.122  ELL.TX                  addr=2  deg=15  hex=00001755  cmd=2ma00001755
   22.344  ELL.RX                  addr=2  line=2PO00001756  raw=b'2PO00001756\r\n'
   22.345  ELL.DONE                addr=2  pos=15.0  dt=0.222  lines=1  leftover=0
   22.749  ARD.TRIG                frame=13  attempt=1
   22.815  ARD.RX                  msg=TRIGGERED  raw=b'TRIGGERED\r\n'  t=0.0
   22.828  ARD.RX                  msg=ARMED  raw=b'ARMED\r\n'  t=0.014
   23.238  ARD.RX                  msg=FRAME_DONE  raw=b'FRAME_DONE\r\n'  t=0.423
   23.239  ARD.FRAME_DONE          frame=13  attempt=1  dt=0.425  leftover=0
   23.240  FRAME.END               frame=13  t_total=1.377  t_hwp=0.257  t_qwp=0.224  t_trig=0.491  attempts=1  flags=ok
   23.242  FRAME.START             frame=14  hwp=55  qwp=3
   23.243  ELL.TX                  addr=0  deg=55  hex=0000558E  cmd=0ma0000558E
   23.368  ELL.RX                  addr=0  line=0PO0000558C  raw=b'0PO0000558C\r\n'
   23.369  ELL.DONE                addr=0  pos=54.99  dt=0.125  lines=1  leftover=0
   23.370  ELL.TX                  addr=2  deg=3  hex=000004AB  cmd=2ma000004AB
   23.672  ELL.RX                  addr=2  line=2PO000004AE  raw=b'2PO000004AE\r\n'
   23.673  ELL.DONE                addr=2  pos=3.01  dt=0.302  lines=1  leftover=0
   24.088  ARD.TRIG                frame=14  attempt=1
   24.151  ARD.RX                  msg=TRIGGERED  raw=b'TRIGGERED\r\n'  t=0.0
   24.167  ARD.RX                  msg=ARMED  raw=b'ARMED\r\n'  t=0.016
   24.579  ARD.RX                  msg=FRAME_DONE  raw=b'FRAME_DONE\r\n'  t=0.428
   24.581  ARD.FRAME_DONE          frame=14  attempt=1  dt=0.429  leftover=0
   24.581  FRAME.END               frame=14  t_total=1.339  t_hwp=0.127  t_qwp=0.304  t_trig=0.494  attempts=1  flags=ok
   24.584  LOOP.END              
