    0.021  SESSION.START           log=D:\1_software\Experimental control software\Synthetic birefringence\delta 0.25\pshg_diag_20260610_123853.log  csv=D:\1_software\Experimental control software\Synthetic birefringence\delta 0.25\pshg_diag_20260610_123853.csv  file=delta_waves=0.250_fast_axis=95.xlsx  drain_stale=True
    0.066  ELL.QUERY               cmd=0in  reply='0IN0E1140051420211501016800023000\r\n'
    0.162  ELL.QUERY               cmd=2in  reply='2IN0E1140064920211501016800023000\r\n'
    0.514  ELL.QUERY               cmd=0ho  reply='0PO00000002\r\n'
    0.994  ELL.QUERY               cmd=2ho  reply='2POFFFFFFFE\r\n'
    1.026  ELL.QUERY               cmd=0gp  reply='0PO00000004\r\n'
    1.106  ELL.QUERY               cmd=2gp  reply='2PO00000002\r\n'
    2.118  LOOP.START            
    3.122  FRAME.START             frame=1  hwp=51  qwp=14
    3.123  ELL.TX                  addr=0  deg=51  hex=00004F55  cmd=0ma00004F55
    3.330  ELL.RX                  addr=0  line=0PO00004F54  raw=b'0PO00004F54\r\n'
    3.331  ELL.DONE                addr=0  pos=51.0  dt=0.207  lines=1  leftover=0
    3.332  ELL.TX                  addr=2  deg=14  hex=000015C7  cmd=2ma000015C7
    3.618  ELL.RX                  addr=2  line=2PO000015C9  raw=b'2PO000015C9\r\n'
    3.619  ELL.DONE                addr=2  pos=14.0  dt=0.286  lines=1  leftover=0
    4.027  ARD.TRIG                frame=1  attempt=1
    4.090  ARD.RX                  msg=TRIGGERED  raw=b'TRIGGERED\r\n'  t=0.0
    4.106  ARD.RX                  msg=ARMED  raw=b'ARMED\r\n'  t=0.016
   14.094  ARD.TIMEOUT             waited=10.004
   14.096  ARD.DROP                frame=1  attempt=1
   14.503  ARD.TRIG                frame=1  attempt=2
   14.567  ARD.RX                  msg=TRIGGERED  raw=b'TRIGGERED\r\n'  t=0.0
   14.582  ARD.RX                  msg=ARMED  raw=b'ARMED\r\n'  t=0.015
   14.993  ARD.RX                  msg=FRAME_DONE  raw=b'FRAME_DONE\r\n'  t=0.426
   14.995  ARD.FRAME_DONE          frame=1  attempt=2  dt=0.428  leftover=0
   14.995  FRAME.END               frame=1  t_total=11.873  t_hwp=0.209  t_qwp=0.288  t_trig=10.968  attempts=2  flags=SLOW,RETRY2
   14.997  FRAME.START             frame=2  hwp=55  qwp=2
   14.998  ELL.TX                  addr=0  deg=55  hex=0000558E  cmd=0ma0000558E
   15.203  ELL.RX                  addr=0  line=0PO00005591  raw=b'0PO00005591\r\n'
   15.204  ELL.DONE                addr=0  pos=55.01  dt=0.206  lines=1  leftover=0
   15.205  ELL.TX                  addr=2  deg=2  hex=0000031C  cmd=2ma0000031C
   15.427  ELL.RX                  addr=2  line=2PO0000031A  raw=b'2PO0000031A\r\n'
   15.429  ELL.DONE                addr=2  pos=1.99  dt=0.222  lines=1  leftover=0
   15.833  ARD.TRIG                frame=2  attempt=1
   15.897  ARD.RX                  msg=TRIGGERED  raw=b'TRIGGERED\r\n'  t=0.0
   15.913  ARD.RX                  msg=ARMED  raw=b'ARMED\r\n'  t=0.016
   16.321  ARD.RX                  msg=FRAME_DONE  raw=b'FRAME_DONE\r\n'  t=0.423
   16.322  ARD.FRAME_DONE          frame=2  attempt=1  dt=0.424  leftover=0
   16.322  FRAME.END               frame=2  t_total=1.325  t_hwp=0.207  t_qwp=0.225  t_trig=0.49  attempts=1  flags=ok
   16.324  FRAME.START             frame=3  hwp=177  qwp=97
   16.325  ELL.TX                  addr=0  deg=177  hex=00011355  cmd=0ma00011355
   16.691  ELL.RX                  addr=0  line=0PO00011356  raw=b'0PO00011356\r\n'
   16.692  ELL.DONE                addr=0  pos=177.0  dt=0.366  lines=1  leftover=0
   16.693  ELL.TX                  addr=2  deg=97  hex=000096E4  cmd=2ma000096E4
   17.123  ELL.RX                  addr=2  line=2PO000096E1  raw=b'2PO000096E1\r\n'
   17.124  ELL.DONE                addr=2  pos=96.99  dt=0.43  lines=1  leftover=0
   17.530  ARD.TRIG                frame=3  attempt=1
   17.591  ARD.RX                  msg=TRIGGERED  raw=b'TRIGGERED\r\n'  t=0.0
   17.607  ARD.RX                  msg=ARMED  raw=b'ARMED\r\n'  t=0.016
   18.021  ARD.RX                  msg=FRAME_DONE  raw=b'FRAME_DONE\r\n'  t=0.429
   18.023  ARD.FRAME_DONE          frame=3  attempt=1  dt=0.432  leftover=0
   18.025  FRAME.END               frame=3  t_total=1.701  t_hwp=0.368  t_qwp=0.432  t_trig=0.496  attempts=1  flags=ok
   18.030  FRAME.START             frame=4  hwp=67  qwp=91
   18.032  ELL.TX                  addr=0  deg=67  hex=00006839  cmd=0ma00006839
   18.403  ELL.RX                  addr=0  line=0PO0000683C  raw=b'0PO0000683C\r\n'
   18.404  ELL.DONE                addr=0  pos=67.01  dt=0.371  lines=1  leftover=0
   18.405  ELL.TX                  addr=2  deg=91  hex=00008D8E  cmd=2ma00008D8E
   18.531  ELL.RX                  addr=2  line=2PO00008D91  raw=b'2PO00008D91\r\n'
   18.533  ELL.DONE                addr=2  pos=91.01  dt=0.126  lines=1  leftover=0
   18.942  ARD.TRIG                frame=4  attempt=1
   19.006  ARD.RX                  msg=TRIGGERED  raw=b'TRIGGERED\r\n'  t=0.001
   19.021  ARD.RX                  msg=ARMED  raw=b'ARMED\r\n'  t=0.016
   19.430  ARD.RX                  msg=FRAME_DONE  raw=b'FRAME_DONE\r\n'  t=0.425
   19.431  ARD.FRAME_DONE          frame=4  attempt=1  dt=0.426  leftover=0
   19.432  FRAME.END               frame=4  t_total=1.402  t_hwp=0.373  t_qwp=0.129  t_trig=0.49  attempts=1  flags=ok
   19.434  FRAME.START             frame=5  hwp=168  qwp=96
   19.435  ELL.TX                  addr=0  deg=168  hex=00010555  cmd=0ma00010555
   19.875  ELL.RX                  addr=0  line=0PO00010552  raw=b'0PO00010552\r\n'
   19.877  ELL.DONE                addr=0  pos=167.99  dt=0.441  lines=1  leftover=0
   19.878  ELL.TX                  addr=2  deg=96  hex=00009555  cmd=2ma00009555
   20.068  ELL.RX                  addr=2  line=2PO00009558  raw=b'2PO00009558\r\n'
   20.070  ELL.DONE                addr=2  pos=96.01  dt=0.19  lines=1  leftover=0
   20.477  ARD.TRIG                frame=5  attempt=1
   20.542  ARD.RX                  msg=TRIGGERED  raw=b'TRIGGERED\r\n'  t=0.0
   20.557  ARD.RX                  msg=ARMED  raw=b'ARMED\r\n'  t=0.016
   20.968  ARD.RX                  msg=FRAME_DONE  raw=b'FRAME_DONE\r\n'  t=0.427
   20.970  ARD.FRAME_DONE          frame=5  attempt=1  dt=0.429  leftover=0
   20.972  FRAME.END               frame=5  t_total=1.538  t_hwp=0.443  t_qwp=0.195  t_trig=0.495  attempts=1  flags=ok
   20.975  FRAME.START             frame=6  hwp=136  qwp=70
   20.976  ELL.TX                  addr=0  deg=136  hex=0000D38E  cmd=0ma0000D38E
   21.251  ELL.RX                  addr=0  line=0PO0000D38F  raw=b'0PO0000D38F\r\n'
   21.252  ELL.DONE                addr=0  pos=136.0  dt=0.275  lines=1  leftover=0
   21.253  ELL.TX                  addr=2  deg=70  hex=00006CE4  cmd=2ma00006CE4
   21.460  ELL.RX                  addr=2  line=2PO00006CE6  raw=b'2PO00006CE6\r\n'
   21.461  ELL.DONE                addr=2  pos=70.01  dt=0.207  lines=1  leftover=0
   21.873  ARD.TRIG                frame=6  attempt=1
   21.937  ARD.RX                  msg=TRIGGERED  raw=b'TRIGGERED\r\n'  t=0.0
   21.953  ARD.RX                  msg=ARMED  raw=b'ARMED\r\n'  t=0.016
   22.362  ARD.RX                  msg=FRAME_DONE  raw=b'FRAME_DONE\r\n'  t=0.425
   22.363  ARD.FRAME_DONE          frame=6  attempt=1  dt=0.426  leftover=0
   22.364  FRAME.END               frame=6  t_total=1.389  t_hwp=0.277  t_qwp=0.209  t_trig=0.491  attempts=1  flags=ok
   22.365  FRAME.START             frame=7  hwp=124  qwp=59
   22.366  ELL.TX                  addr=0  deg=124  hex=0000C0E4  cmd=0ma0000C0E4
   22.643  ELL.RX                  addr=0  line=0PO0000C0E6  raw=b'0PO0000C0E6\r\n'
   22.645  ELL.DONE                addr=0  pos=124.01  dt=0.277  lines=1  leftover=0
   22.646  ELL.TX                  addr=2  deg=59  hex=00005BC7  cmd=2ma00005BC7
   22.771  ELL.RX                  addr=2  line=2PO00005BC8  raw=b'2PO00005BC8\r\n'
   22.773  ELL.DONE                addr=2  pos=59.0  dt=0.126  lines=1  leftover=0
   23.176  ARD.TRIG                frame=7  attempt=1
   23.240  ARD.RX                  msg=TRIGGERED  raw=b'TRIGGERED\r\n'  t=0.0
   23.256  ARD.RX                  msg=ARMED  raw=b'ARMED\r\n'  t=0.016
   23.669  ARD.RX                  msg=FRAME_DONE  raw=b'FRAME_DONE\r\n'  t=0.429
   23.673  ARD.FRAME_DONE          frame=7  attempt=1  dt=0.432  leftover=0
   23.676  FRAME.END               frame=7  t_total=1.311  t_hwp=0.28  t_qwp=0.128  t_trig=0.501  attempts=1  flags=ok
   23.681  FRAME.START             frame=8  hwp=95  qwp=91
   23.683  ELL.TX                  addr=0  deg=95  hex=000093C7  cmd=0ma000093C7
   23.955  ELL.RX                  addr=0  line=0PO000093C6  raw=b'0PO000093C6\r\n'
   23.957  ELL.DONE                addr=0  pos=95.0  dt=0.272  lines=1  leftover=0
   23.957  ELL.TX                  addr=2  deg=91  hex=00008D8E  cmd=2ma00008D8E
   24.340  ELL.RX                  addr=2  line=2PO00008D8E  raw=b'2PO00008D8E\r\n'
   24.341  ELL.DONE                addr=2  pos=91.0  dt=0.383  lines=1  leftover=0
   24.754  ARD.TRIG                frame=8  attempt=1
   24.816  ARD.RX                  msg=TRIGGERED  raw=b'TRIGGERED\r\n'  t=0.0
   24.832  ARD.RX                  msg=ARMED  raw=b'ARMED\r\n'  t=0.016
   25.245  ARD.RX                  msg=FRAME_DONE  raw=b'FRAME_DONE\r\n'  t=0.429
   25.247  ARD.FRAME_DONE          frame=8  attempt=1  dt=0.43  leftover=0
   25.248  FRAME.END               frame=8  t_total=1.567  t_hwp=0.275  t_qwp=0.384  t_trig=0.494  attempts=1  flags=ok
   25.250  FRAME.START             frame=9  hwp=123  qwp=0
   25.252  ELL.TX                  addr=0  deg=123  hex=0000BF55  cmd=0ma0000BF55
   25.556  ELL.RX                  addr=0  line=0PO0000BF58  raw=b'0PO0000BF58\r\n'
   25.557  ELL.DONE                addr=0  pos=123.01  dt=0.305  lines=1  leftover=0
   25.558  ELL.TX                  addr=2  deg=0  hex=00000000  cmd=2ma00000000
   25.988  ELL.RX                  addr=2  line=2PO00000003  raw=b'2PO00000003\r\n'
   25.989  ELL.DONE                addr=2  pos=0.01  dt=0.43  lines=1  leftover=0
   26.399  ARD.TRIG                frame=9  attempt=1
   26.463  ARD.RX                  msg=TRIGGERED  raw=b'TRIGGERED\r\n'  t=0.0
   26.479  ARD.RX                  msg=ARMED  raw=b'ARMED\r\n'  t=0.016
   26.888  ARD.RX                  msg=FRAME_DONE  raw=b'FRAME_DONE\r\n'  t=0.425
   26.889  ARD.FRAME_DONE          frame=9  attempt=1  dt=0.426  leftover=0
   26.889  FRAME.END               frame=9  t_total=1.639  t_hwp=0.306  t_qwp=0.432  t_trig=0.491  attempts=1  flags=ok
   26.891  FRAME.START             frame=10  hwp=97  qwp=57
   26.892  ELL.TX                  addr=0  deg=97  hex=000096E4  cmd=0ma000096E4
   27.140  ELL.RX                  addr=0  line=0PO000096E1  raw=b'0PO000096E1\r\n'
   27.141  ELL.DONE                addr=0  pos=96.99  dt=0.249  lines=1  leftover=0
   27.142  ELL.TX                  addr=2  deg=57  hex=000058AB  cmd=2ma000058AB
   27.492  ELL.RX                  addr=2  line=2PO000058AA  raw=b'2PO000058AA\r\n'
   27.493  ELL.DONE                addr=2  pos=57.0  dt=0.35  lines=1  leftover=0
   27.901  ARD.TRIG                frame=10  attempt=1
   27.963  ARD.RX                  msg=TRIGGERED  raw=b'TRIGGERED\r\n'  t=0.0
   27.979  ARD.RX                  msg=ARMED  raw=b'ARMED\r\n'  t=0.016
   37.974  ARD.TIMEOUT             waited=10.011
   37.978  ARD.DROP                frame=10  attempt=1
   38.385  ARD.TRIG                frame=10  attempt=2
   38.450  ARD.RX                  msg=TRIGGERED  raw=b'TRIGGERED\r\n'  t=0.0
   38.465  ARD.RX                  msg=ARMED  raw=b'ARMED\r\n'  t=0.015
   48.453  ARD.TIMEOUT             waited=10.003
   48.458  ARD.DROP                frame=10  attempt=2
   48.867  ARD.TRIG                frame=10  attempt=3
   48.931  ARD.RX                  msg=TRIGGERED  raw=b'TRIGGERED\r\n'  t=0.0
   48.947  ARD.RX                  msg=ARMED  raw=b'ARMED\r\n'  t=0.016
   58.933  ARD.TIMEOUT             waited=10.002
   58.935  ARD.DROP                frame=10  attempt=3
   59.344  ARD.TRIG                frame=10  attempt=4
   59.409  ARD.RX                  msg=TRIGGERED  raw=b'TRIGGERED\r\n'  t=0.0
   59.425  ARD.RX                  msg=ARMED  raw=b'ARMED\r\n'  t=0.016
   69.409  ARD.TIMEOUT             waited=10.001
   69.415  ARD.DROP                frame=10  attempt=4
   70.448  BEEP_ERROR              msg=Frame 10 FAILED after 4 tries
   70.450  FRAME.END               frame=10  t_total=43.559  t_hwp=0.251  t_qwp=0.352  t_trig=42.55  attempts=4  flags=SLOW,TRIG_FAIL,RETRY4
   70.453  FRAME.START             frame=11  hwp=28  qwp=11
   70.454  ELL.TX                  addr=0  deg=28  hex=00002B8E  cmd=0ma00002B8E
   70.728  ELL.RX                  addr=0  line=0PO00002B90  raw=b'0PO00002B90\r\n'
   70.732  ELL.DONE                addr=0  pos=28.0  dt=0.276  lines=1  leftover=0
   70.735  ELL.TX                  addr=2  deg=11  hex=0000111C  cmd=2ma0000111C
   71.047  ELL.RX                  addr=2  line=2PO0000111A  raw=b'2PO0000111A\r\n'
   71.048  ELL.DONE                addr=2  pos=10.99  dt=0.308  lines=1  leftover=0
   71.463  ARD.TRIG                frame=11  attempt=1
   71.527  ARD.RX                  msg=TRIGGERED  raw=b'TRIGGERED\r\n'  t=0.0
   71.543  ARD.RX                  msg=ARMED  raw=b'ARMED\r\n'  t=0.016
   81.566  ARD.TIMEOUT             waited=10.038
   81.569  ARD.DROP                frame=11  attempt=1
   81.976  ARD.TRIG                frame=11  attempt=2
   82.040  ARD.RX                  msg=TRIGGERED  raw=b'TRIGGERED\r\n'  t=0.0
   82.055  ARD.RX                  msg=ARMED  raw=b'ARMED\r\n'  t=0.015
   92.049  ARD.TIMEOUT             waited=10.009
   92.050  ARD.DROP                frame=11  attempt=2
   92.459  ARD.TRIG                frame=11  attempt=3
   92.524  ARD.RX                  msg=TRIGGERED  raw=b'TRIGGERED\r\n'  t=0.0
   92.540  ARD.RX                  msg=ARMED  raw=b'ARMED\r\n'  t=0.016
  102.525  ARD.TIMEOUT             waited=10.001
  102.526  ARD.DROP                frame=11  attempt=3
  102.938  ARD.TRIG                frame=11  attempt=4
  103.003  ARD.RX                  msg=TRIGGERED  raw=b'TRIGGERED\r\n'  t=0.0
  103.019  ARD.RX                  msg=ARMED  raw=b'ARMED\r\n'  t=0.016
  113.014  ARD.TIMEOUT             waited=10.012
  113.018  ARD.DROP                frame=11  attempt=4
  114.049  BEEP_ERROR              msg=Frame 11 FAILED after 4 tries
  114.052  FRAME.END               frame=11  t_total=43.599  t_hwp=0.281  t_qwp=0.313  t_trig=42.588  attempts=4  flags=SLOW,TRIG_FAIL,RETRY4
  114.055  FRAME.START             frame=12  hwp=39  qwp=16
  114.056  ELL.TX                  addr=0  deg=39  hex=00003CAB  cmd=0ma00003CAB
  114.234  ELL.RX                  addr=0  line=0PO00003CAC  raw=b'0PO00003CAC\r\n'
  114.235  ELL.DONE                addr=0  pos=39.0  dt=0.178  lines=1  leftover=0
  114.236  ELL.TX                  addr=2  deg=16  hex=000018E4  cmd=2ma000018E4
  114.507  ELL.RX                  addr=2  line=2PO000018E6  raw=b'2PO000018E6\r\n'
  114.510  ELL.DONE                addr=2  pos=16.01  dt=0.274  lines=1  leftover=0
  114.929  ARD.TRIG                frame=12  attempt=1
  114.994  ARD.RX                  msg=TRIGGERED  raw=b'TRIGGERED\r\n'  t=0.0
  115.009  ARD.RX                  msg=ARMED  raw=b'ARMED\r\n'  t=0.016
  124.997  ARD.TIMEOUT             waited=10.004
  124.999  ARD.DROP                frame=12  attempt=1
  125.411  ARD.TRIG                frame=12  attempt=2
  125.476  ARD.RX                  msg=TRIGGERED  raw=b'TRIGGERED\r\n'  t=0.0
  125.491  ARD.RX                  msg=ARMED  raw=b'ARMED\r\n'  t=0.016
  135.483  ARD.TIMEOUT             waited=10.008
  135.484  ARD.DROP                frame=12  attempt=2
  135.913  ARD.TRIG                frame=12  attempt=3
  135.972  ARD.RX                  msg=TRIGGERED  raw=b'TRIGGERED\r\n'  t=0.0
  135.987  ARD.RX                  msg=ARMED  raw=b'ARMED\r\n'  t=0.015
  145.987  ARD.TIMEOUT             waited=10.015
  145.990  ARD.DROP                frame=12  attempt=3
  146.406  ARD.TRIG                frame=12  attempt=4
  146.470  ARD.RX                  msg=TRIGGERED  raw=b'TRIGGERED\r\n'  t=0.0
  146.486  ARD.RX                  msg=ARMED  raw=b'ARMED\r\n'  t=0.016
  156.483  ARD.TIMEOUT             waited=10.013
  156.485  ARD.DROP                frame=12  attempt=4
  157.519  BEEP_ERROR              msg=Frame 12 FAILED after 4 tries
  157.522  FRAME.END               frame=12  t_total=43.466  t_hwp=0.18  t_qwp=0.278  t_trig=42.592  attempts=4  flags=SLOW,TRIG_FAIL,RETRY4
  157.524  FRAME.START             frame=13  hwp=49  qwp=15
  157.526  ELL.TX                  addr=0  deg=49  hex=00004C39  cmd=0ma00004C39
  157.678  ELL.RX                  addr=0  line=0PO00004C36  raw=b'0PO00004C36\r\n'
  157.679  ELL.DONE                addr=0  pos=48.99  dt=0.152  lines=1  leftover=0
  157.680  ELL.TX                  addr=2  deg=15  hex=00001755  cmd=2ma00001755
  157.919  ELL.RX                  addr=2  line=2PO00001758  raw=b'2PO00001758\r\n'
  157.923  ELL.DONE                addr=2  pos=15.01  dt=0.241  lines=1  leftover=0
  158.342  ARD.TRIG                frame=13  attempt=1
  158.406  ARD.RX                  msg=TRIGGERED  raw=b'TRIGGERED\r\n'  t=0.0
  158.422  ARD.RX                  msg=ARMED  raw=b'ARMED\r\n'  t=0.016
  168.417  ARD.TIMEOUT             waited=10.011
  168.419  ARD.DROP                frame=13  attempt=1
  168.832  ARD.TRIG                frame=13  attempt=2
  168.897  ARD.RX                  msg=TRIGGERED  raw=b'TRIGGERED\r\n'  t=0.0
  168.913  ARD.RX                  msg=ARMED  raw=b'ARMED\r\n'  t=0.016
  178.901  ARD.TIMEOUT             waited=10.004
  178.905  ARD.DROP                frame=13  attempt=2
  179.311  ARD.TRIG                frame=13  attempt=3
  179.376  ARD.RX                  msg=TRIGGERED  raw=b'TRIGGERED\r\n'  t=0.0
  179.392  ARD.RX                  msg=ARMED  raw=b'ARMED\r\n'  t=0.016
  189.383  ARD.TIMEOUT             waited=10.008
  189.385  ARD.DROP                frame=13  attempt=3
  189.794  ARD.TRIG                frame=13  attempt=4
  189.858  ARD.RX                  msg=TRIGGERED  raw=b'TRIGGERED\r\n'  t=0.0
  189.874  ARD.RX                  msg=ARMED  raw=b'ARMED\r\n'  t=0.016
  199.873  ARD.TIMEOUT             waited=10.015
  199.876  ARD.DROP                frame=13  attempt=4
  200.929  BEEP_ERROR              msg=Frame 13 FAILED after 4 tries
  200.931  FRAME.END               frame=13  t_total=43.407  t_hwp=0.154  t_qwp=0.248  t_trig=42.589  attempts=4  flags=SLOW,TRIG_FAIL,RETRY4
  200.933  FRAME.START             frame=14  hwp=55  qwp=3
  200.933  ELL.TX                  addr=0  deg=55  hex=0000558E  cmd=0ma0000558E
  201.137  ELL.RX                  addr=0  line=0PO00005591  raw=b'0PO00005591\r\n'
  201.138  ELL.DONE                addr=0  pos=55.01  dt=0.203  lines=1  leftover=0
  201.139  ELL.TX                  addr=2  deg=3  hex=000004AB  cmd=2ma000004AB
  201.329  ELL.RX                  addr=2  line=2PO000004AE  raw=b'2PO000004AE\r\n'
  201.331  ELL.DONE                addr=2  pos=3.01  dt=0.189  lines=1  leftover=0
  201.742  ARD.TRIG                frame=14  attempt=1
  201.805  ARD.RX                  msg=TRIGGERED  raw=b'TRIGGERED\r\n'  t=0.001
  201.819  ARD.RX                  msg=ARMED  raw=b'ARMED\r\n'  t=0.015
  211.805  ARD.TIMEOUT             waited=10.001
  211.807  ARD.DROP                frame=14  attempt=1
  212.217  ARD.TRIG                frame=14  attempt=2
  212.282  ARD.RX                  msg=TRIGGERED  raw=b'TRIGGERED\r\n'  t=0.0
  212.298  ARD.RX                  msg=ARMED  raw=b'ARMED\r\n'  t=0.016
  222.290  ARD.TIMEOUT             waited=10.007
  222.291  ARD.DROP                frame=14  attempt=2
  222.703  ARD.TRIG                frame=14  attempt=3
  222.767  ARD.RX                  msg=TRIGGERED  raw=b'TRIGGERED\r\n'  t=0.0
  222.783  ARD.RX                  msg=ARMED  raw=b'ARMED\r\n'  t=0.016
  225.048  LOOP.END              
