    0.087  SESSION.START           log=D:\1_software\Experimental control software\Synthetic birefringence\delta 0.25\pshg_diag_20260610_135637.log  csv=D:\1_software\Experimental control software\Synthetic birefringence\delta 0.25\pshg_diag_20260610_135637.csv  file=delta_waves=0.250_fast_axis=60.xlsx  drain_stale=True
    0.142  ELL.QUERY               cmd=0in  reply='0IN0E1140051420211501016800023000\r\n'
    0.238  ELL.QUERY               cmd=2in  reply='2IN0E1140064920211501016800023000\r\n'
    0.734  ELL.QUERY               cmd=0ho  reply='0POFFFFFFFD\r\n'
    1.118  ELL.QUERY               cmd=2ho  reply='2PO00000000\r\n'
    1.150  ELL.QUERY               cmd=0gp  reply='0POFFFFFFFC\r\n'
    1.214  ELL.QUERY               cmd=2gp  reply='2PO0000000F\r\n'
    2.229  LOOP.START            
    3.236  FRAME.START             frame=1  hwp=35  qwp=72
    3.238  ELL.TX                  addr=0  deg=35  hex=00003672  cmd=0ma00003672
    3.454  ELL.RX                  addr=0  line=0PO00003673  raw=b'0PO00003673\r\n'
    3.455  ELL.DONE                addr=0  pos=35.0  dt=0.217  lines=1  leftover=0
    3.456  ELL.TX                  addr=2  deg=72  hex=00007000  cmd=2ma00007000
    3.774  ELL.RX                  addr=2  line=2PO00007001  raw=b'2PO00007001\r\n'
    3.776  ELL.DONE                addr=2  pos=72.0  dt=0.318  lines=1  leftover=0
    4.191  ARD.TRIG                frame=1  attempt=1
    4.255  ARD.RX                  msg=TRIGGERED  raw=b'TRIGGERED\r\n'  t=0.001
    4.270  ARD.RX                  msg=ARMED  raw=b'ARMED\r\n'  t=0.016
    4.678  ARD.RX                  msg=FRAME_DONE  raw=b'FRAME_DONE\r\n'  t=0.424
    4.680  ARD.FRAME_DONE          frame=1  attempt=1  dt=0.426  leftover=0
    4.681  FRAME.END               frame=1  t_total=1.445  t_hwp=0.218  t_qwp=0.321  t_trig=0.49  attempts=1  flags=ok
    4.683  FRAME.START             frame=2  hwp=38  qwp=84
    4.684  ELL.TX                  addr=0  deg=38  hex=00003B1C  cmd=0ma00003B1C
    4.798  ELL.RX                  addr=0  line=0PO00003B1E  raw=b'0PO00003B1E\r\n'
    4.800  ELL.DONE                addr=0  pos=38.0  dt=0.115  lines=1  leftover=0
    4.801  ELL.TX                  addr=2  deg=84  hex=000082AB  cmd=2ma000082AB
    5.102  ELL.RX                  addr=2  line=2PO000082AB  raw=b'2PO000082AB\r\n'
    5.103  ELL.DONE                addr=2  pos=84.0  dt=0.302  lines=1  leftover=0
    5.517  ARD.TRIG                frame=2  attempt=1
    5.581  ARD.RX                  msg=TRIGGERED  raw=b'TRIGGERED\r\n'  t=0.0
    5.597  ARD.RX                  msg=ARMED  raw=b'ARMED\r\n'  t=0.016
    6.005  ARD.RX                  msg=FRAME_DONE  raw=b'FRAME_DONE\r\n'  t=0.425
    6.007  ARD.FRAME_DONE          frame=2  attempt=1  dt=0.426  leftover=0
    6.008  FRAME.END               frame=2  t_total=1.325  t_hwp=0.117  t_qwp=0.303  t_trig=0.492  attempts=1  flags=ok
    6.010  FRAME.START             frame=3  hwp=133  qwp=85
    6.011  ELL.TX                  addr=0  deg=133  hex=0000CEE4  cmd=0ma0000CEE4
    6.399  ELL.RX                  addr=0  line=0PO0000CEE7  raw=b'0PO0000CEE7\r\n'
    6.400  ELL.DONE                addr=0  pos=133.01  dt=0.388  lines=1  leftover=0
    6.401  ELL.TX                  addr=2  deg=85  hex=00008439  cmd=2ma00008439
    6.607  ELL.RX                  addr=2  line=2PO00008439  raw=b'2PO00008439\r\n'
    6.608  ELL.DONE                addr=2  pos=85.0  dt=0.207  lines=1  leftover=0
    7.018  ARD.TRIG                frame=3  attempt=1
    7.082  ARD.RX                  msg=TRIGGERED  raw=b'TRIGGERED\r\n'  t=0.0
    7.098  ARD.RX                  msg=ARMED  raw=b'ARMED\r\n'  t=0.016
    7.504  ARD.RX                  msg=FRAME_DONE  raw=b'FRAME_DONE\r\n'  t=0.422
    7.506  ARD.FRAME_DONE          frame=3  attempt=1  dt=0.423  leftover=0
    7.507  FRAME.END               frame=3  t_total=1.497  t_hwp=0.39  t_qwp=0.208  t_trig=0.49  attempts=1  flags=ok
    7.509  FRAME.START             frame=4  hwp=127  qwp=73
    7.510  ELL.TX                  addr=0  deg=127  hex=0000C58E  cmd=0ma0000C58E
    7.823  ELL.RX                  addr=0  line=0PO0000C591  raw=b'0PO0000C591\r\n'
    7.824  ELL.DONE                addr=0  pos=127.01  dt=0.314  lines=1  leftover=0
    7.826  ELL.TX                  addr=2  deg=73  hex=0000718E  cmd=2ma0000718E
    8.111  ELL.RX                  addr=2  line=2PO0000718B  raw=b'2PO0000718B\r\n'
    8.112  ELL.DONE                addr=2  pos=72.99  dt=0.286  lines=1  leftover=0
    8.513  ARD.TRIG                frame=4  attempt=1
    8.577  ARD.RX                  msg=TRIGGERED  raw=b'TRIGGERED\r\n'  t=0.0
    8.593  ARD.RX                  msg=ARMED  raw=b'ARMED\r\n'  t=0.016
    9.004  ARD.RX                  msg=FRAME_DONE  raw=b'FRAME_DONE\r\n'  t=0.426
    9.005  ARD.FRAME_DONE          frame=4  attempt=1  dt=0.428  leftover=0
    9.009  FRAME.END               frame=4  t_total=1.499  t_hwp=0.316  t_qwp=0.287  t_trig=0.496  attempts=1  flags=ok
    9.011  FRAME.START             frame=5  hwp=4  qwp=87
    9.012  ELL.TX                  addr=0  deg=4  hex=00000639  cmd=0ma00000639
    9.359  ELL.RX                  addr=0  line=0PO00000637  raw=b'0PO00000637\r\n'
    9.360  ELL.DONE                addr=0  pos=4.0  dt=0.347  lines=1  leftover=0
    9.361  ELL.TX                  addr=2  deg=87  hex=00008755  cmd=2ma00008755
    9.583  ELL.RX                  addr=2  line=2PO00008756  raw=b'2PO00008756\r\n'
    9.584  ELL.DONE                addr=2  pos=87.0  dt=0.222  lines=1  leftover=0
    9.995  ARD.TRIG                frame=5  attempt=1
   10.058  ARD.RX                  msg=TRIGGERED  raw=b'TRIGGERED\r\n'  t=0.0
   10.074  ARD.RX                  msg=ARMED  raw=b'ARMED\r\n'  t=0.016
   10.482  ARD.RX                  msg=FRAME_DONE  raw=b'FRAME_DONE\r\n'  t=0.424
   10.483  ARD.FRAME_DONE          frame=5  attempt=1  dt=0.425  leftover=0
   10.484  FRAME.END               frame=5  t_total=1.473  t_hwp=0.349  t_qwp=0.225  t_trig=0.49  attempts=1  flags=ok
   10.486  FRAME.START             frame=6  hwp=67  qwp=20
   10.487  ELL.TX                  addr=0  deg=67  hex=00006839  cmd=0ma00006839
   10.847  ELL.RX                  addr=0  line=0PO00006837  raw=b'0PO00006837\r\n'
   10.848  ELL.DONE                addr=0  pos=67.0  dt=0.36  lines=1  leftover=0
   10.849  ELL.TX                  addr=2  deg=20  hex=00001F1C  cmd=2ma00001F1C
   11.279  ELL.RX                  addr=2  line=2PO00001F1A  raw=b'2PO00001F1A\r\n'
   11.280  ELL.DONE                addr=2  pos=19.99  dt=0.43  lines=1  leftover=0
   11.696  ARD.TRIG                frame=6  attempt=1
   11.761  ARD.RX                  msg=TRIGGERED  raw=b'TRIGGERED\r\n'  t=0.0
   11.776  ARD.RX                  msg=ARMED  raw=b'ARMED\r\n'  t=0.016
   12.186  ARD.RX                  msg=FRAME_DONE  raw=b'FRAME_DONE\r\n'  t=0.426
   12.188  ARD.FRAME_DONE          frame=6  attempt=1  dt=0.427  leftover=0
   12.189  FRAME.END               frame=6  t_total=1.703  t_hwp=0.362  t_qwp=0.433  t_trig=0.492  attempts=1  flags=ok
   12.191  FRAME.START             frame=7  hwp=164  qwp=60
   12.192  ELL.TX                  addr=0  deg=164  hex=0000FF1C  cmd=0ma0000FF1C
   12.639  ELL.RX                  addr=0  line=0PO0000FF1A  raw=b'0PO0000FF1A\r\n'
   12.640  ELL.DONE                addr=0  pos=163.99  dt=0.447  lines=1  leftover=0
   12.641  ELL.TX                  addr=2  deg=60  hex=00005D55  cmd=2ma00005D55
   12.959  ELL.RX                  addr=2  line=2PO00005D52  raw=b'2PO00005D52\r\n'
   12.961  ELL.DONE                addr=2  pos=59.99  dt=0.318  lines=1  leftover=0
   13.372  ARD.TRIG                frame=7  attempt=1
   13.437  ARD.RX                  msg=TRIGGERED  raw=b'TRIGGERED\r\n'  t=0.0
   13.453  ARD.RX                  msg=ARMED  raw=b'ARMED\r\n'  t=0.016
   13.861  ARD.RX                  msg=FRAME_DONE  raw=b'FRAME_DONE\r\n'  t=0.425
   13.862  ARD.FRAME_DONE          frame=7  attempt=1  dt=0.426  leftover=0
   13.863  FRAME.END               frame=7  t_total=1.672  t_hwp=0.449  t_qwp=0.32  t_trig=0.491  attempts=1  flags=ok
   13.865  FRAME.START             frame=8  hwp=96  qwp=11
   13.866  ELL.TX                  addr=0  deg=96  hex=00009555  cmd=0ma00009555
   14.191  ELL.RX                  addr=0  line=0PO00009558  raw=b'0PO00009558\r\n'
   14.192  ELL.DONE                addr=0  pos=96.01  dt=0.326  lines=1  leftover=0
   14.194  ELL.TX                  addr=2  deg=11  hex=0000111C  cmd=2ma0000111C
   14.511  ELL.RX                  addr=2  line=2PO0000111E  raw=b'2PO0000111E\r\n'
   14.513  ELL.DONE                addr=2  pos=11.0  dt=0.318  lines=1  leftover=0
   14.922  ARD.TRIG                frame=8  attempt=1
   14.986  ARD.RX                  msg=TRIGGERED  raw=b'TRIGGERED\r\n'  t=0.0
   15.001  ARD.RX                  msg=ARMED  raw=b'ARMED\r\n'  t=0.016
   15.417  ARD.RX                  msg=FRAME_DONE  raw=b'FRAME_DONE\r\n'  t=0.431
   15.418  ARD.FRAME_DONE          frame=8  attempt=1  dt=0.432  leftover=0
   15.419  FRAME.END               frame=8  t_total=1.554  t_hwp=0.328  t_qwp=0.32  t_trig=0.497  attempts=1  flags=ok
   15.421  FRAME.START             frame=9  hwp=103  qwp=23
   15.423  ELL.TX                  addr=0  deg=103  hex=0000A039  cmd=0ma0000A039
   15.696  ELL.RX                  addr=0  line=0PO0000A037  raw=b'0PO0000A037\r\n'
   15.700  ELL.DONE                addr=0  pos=103.0  dt=0.276  lines=1  leftover=0
   15.703  ELL.TX                  addr=2  deg=23  hex=000023C7  cmd=2ma000023C7
   16.144  ELL.RX                  addr=2  line=2PO000023CA  raw=b'2PO000023CA\r\n'
   16.148  ELL.DONE                addr=2  pos=23.01  dt=0.437  lines=1  leftover=0
   16.559  ARD.TRIG                frame=9  attempt=1
   16.623  ARD.RX                  msg=TRIGGERED  raw=b'TRIGGERED\r\n'  t=0.0
   16.638  ARD.RX                  msg=ARMED  raw=b'ARMED\r\n'  t=0.015
   17.048  ARD.RX                  msg=FRAME_DONE  raw=b'FRAME_DONE\r\n'  t=0.424
   17.049  ARD.FRAME_DONE          frame=9  attempt=1  dt=0.426  leftover=0
   17.050  FRAME.END               frame=9  t_total=1.629  t_hwp=0.28  t_qwp=0.449  t_trig=0.491  attempts=1  flags=ok
   17.051  FRAME.START             frame=10  hwp=107  qwp=34
   17.052  ELL.TX                  addr=0  deg=107  hex=0000A672  cmd=0ma0000A672
   17.376  ELL.RX                  addr=0  line=0PO0000A672  raw=b'0PO0000A672\r\n'
   17.380  ELL.DONE                addr=0  pos=107.0  dt=0.327  lines=1  leftover=0
   17.384  ELL.TX                  addr=2  deg=34  hex=000034E4  cmd=2ma000034E4
   17.808  ELL.RX                  addr=2  line=2PO000034E3  raw=b'2PO000034E3\r\n'
   17.809  ELL.DONE                addr=2  pos=34.0  dt=0.421  lines=1  leftover=0
   18.214  ARD.TRIG                frame=10  attempt=1
   18.279  ARD.RX                  msg=TRIGGERED  raw=b'TRIGGERED\r\n'  t=0.0
   18.294  ARD.RX                  msg=ARMED  raw=b'ARMED\r\n'  t=0.016
   18.702  ARD.RX                  msg=FRAME_DONE  raw=b'FRAME_DONE\r\n'  t=0.423
   18.704  ARD.FRAME_DONE          frame=10  attempt=1  dt=0.425  leftover=0
   18.705  FRAME.END               frame=10  t_total=1.654  t_hwp=0.331  t_qwp=0.426  t_trig=0.491  attempts=1  flags=ok
   18.707  FRAME.START             frame=11  hwp=180  qwp=82
   18.708  ELL.TX                  addr=0  deg=180  hex=00011800  cmd=0ma00011800
   19.056  ELL.RX                  addr=0  line=0PO000117FF  raw=b'0PO000117FF\r\n'
   19.059  ELL.DONE                addr=0  pos=180.0  dt=0.35  lines=1  leftover=0
   19.061  ELL.TX                  addr=2  deg=82  hex=00007F8E  cmd=2ma00007F8E
   19.456  ELL.RX                  addr=2  line=2PO00007F8F  raw=b'2PO00007F8F\r\n'
   19.457  ELL.DONE                addr=2  pos=82.0  dt=0.391  lines=1  leftover=0
   19.866  ARD.TRIG                frame=11  attempt=1
   19.930  ARD.RX                  msg=TRIGGERED  raw=b'TRIGGERED\r\n'  t=0.0
   19.946  ARD.RX                  msg=ARMED  raw=b'ARMED\r\n'  t=0.016
   20.353  ARD.RX                  msg=FRAME_DONE  raw=b'FRAME_DONE\r\n'  t=0.423
   20.355  ARD.FRAME_DONE          frame=11  attempt=1  dt=0.424  leftover=0
   20.356  FRAME.END               frame=11  t_total=1.649  t_hwp=0.353  t_qwp=0.397  t_trig=0.49  attempts=1  flags=ok
   20.359  FRAME.START             frame=12  hwp=14  qwp=96
   20.361  ELL.TX                  addr=0  deg=14  hex=000015C7  cmd=0ma000015C7
   20.784  ELL.RX                  addr=0  line=0PO000015C9  raw=b'0PO000015C9\r\n'
   20.785  ELL.DONE                addr=0  pos=14.0  dt=0.422  lines=1  leftover=0
   20.786  ELL.TX                  addr=2  deg=96  hex=00009555  cmd=2ma00009555
   21.040  ELL.RX                  addr=2  line=2PO00009558  raw=b'2PO00009558\r\n'
   21.041  ELL.DONE                addr=2  pos=96.01  dt=0.254  lines=1  leftover=0
   21.455  ARD.TRIG                frame=12  attempt=1
   21.519  ARD.RX                  msg=TRIGGERED  raw=b'TRIGGERED\r\n'  t=0.0
   21.535  ARD.RX                  msg=ARMED  raw=b'ARMED\r\n'  t=0.016
   21.949  ARD.RX                  msg=FRAME_DONE  raw=b'FRAME_DONE\r\n'  t=0.43
   21.952  ARD.FRAME_DONE          frame=12  attempt=1  dt=0.433  leftover=0
   21.954  FRAME.END               frame=12  t_total=1.595  t_hwp=0.425  t_qwp=0.255  t_trig=0.499  attempts=1  flags=ok
   21.958  FRAME.START             frame=13  hwp=35  qwp=71
   21.959  ELL.TX                  addr=0  deg=35  hex=00003672  cmd=0ma00003672
   22.112  ELL.RX                  addr=0  line=0PO00003673  raw=b'0PO00003673\r\n'
   22.113  ELL.DONE                addr=0  pos=35.0  dt=0.154  lines=1  leftover=0
   22.114  ELL.TX                  addr=2  deg=71  hex=00006E72  cmd=2ma00006E72
   22.560  ELL.RX                  addr=2  line=2PO00006E72  raw=b'2PO00006E72\r\n'
   22.562  ELL.DONE                addr=2  pos=71.0  dt=0.446  lines=1  leftover=0
   22.966  ARD.TRIG                frame=13  attempt=1
   23.030  ARD.RX                  msg=TRIGGERED  raw=b'TRIGGERED\r\n'  t=0.0
   23.046  ARD.RX                  msg=ARMED  raw=b'ARMED\r\n'  t=0.016
   23.454  ARD.RX                  msg=FRAME_DONE  raw=b'FRAME_DONE\r\n'  t=0.424
   23.455  ARD.FRAME_DONE          frame=13  attempt=1  dt=0.425  leftover=0
   23.456  FRAME.END               frame=13  t_total=1.498  t_hwp=0.155  t_qwp=0.45  t_trig=0.491  attempts=1  flags=ok
   23.458  FRAME.START             frame=14  hwp=137  qwp=96
   23.459  ELL.TX                  addr=0  deg=137  hex=0000D51C  cmd=0ma0000D51C
   23.984  ELL.RX                  addr=0  line=0PO0000D519  raw=b'0PO0000D519\r\n'
   23.985  ELL.DONE                addr=0  pos=136.99  dt=0.525  lines=1  leftover=0
   23.986  ELL.TX                  addr=2  deg=96  hex=00009555  cmd=2ma00009555
   24.304  ELL.RX                  addr=2  line=2PO00009556  raw=b'2PO00009556\r\n'
   24.305  ELL.DONE                addr=2  pos=96.0  dt=0.318  lines=1  leftover=0
   24.715  ARD.TRIG                frame=14  attempt=1
   24.779  ARD.RX                  msg=TRIGGERED  raw=b'TRIGGERED\r\n'  t=0.0
   24.793  ARD.RX                  msg=ARMED  raw=b'ARMED\r\n'  t=0.015
   25.203  ARD.RX                  msg=FRAME_DONE  raw=b'FRAME_DONE\r\n'  t=0.424
   25.204  ARD.FRAME_DONE          frame=14  attempt=1  dt=0.425  leftover=0
   25.205  FRAME.END               frame=14  t_total=1.747  t_hwp=0.527  t_qwp=0.32  t_trig=0.489  attempts=1  flags=ok
   25.207  LOOP.END              
