    0.021  SESSION.START           log=D:\1_software\Experimental control software\Synthetic birefringence\delta 0.25\pshg_diag_20260610_133806.log  csv=D:\1_software\Experimental control software\Synthetic birefringence\delta 0.25\pshg_diag_20260610_133806.csv  file=delta_waves=0.250_fast_axis=50.xlsx  drain_stale=True
    0.066  ELL.QUERY               cmd=0in  reply='0IN0E1140051420211501016800023000\r\n'
    0.162  ELL.QUERY               cmd=2in  reply='2IN0E1140064920211501016800023000\r\n'
    0.690  ELL.QUERY               cmd=0ho  reply='0PO00000000\r\n'
    1.074  ELL.QUERY               cmd=2ho  reply='2PO00000003\r\n'
    1.106  ELL.QUERY               cmd=0gp  reply='0PO00000000\r\n'
    1.186  ELL.QUERY               cmd=2gp  reply='2PO00000013\r\n'
    2.197  LOOP.START            
    3.210  FRAME.START             frame=1  hwp=29  qwp=91
    3.211  ELL.TX                  addr=0  deg=29  hex=00002D1C  cmd=0ma00002D1C
    3.458  ELL.RX                  addr=0  line=0PO00002D19  raw=b'0PO00002D19\r\n'
    3.460  ELL.DONE                addr=0  pos=28.99  dt=0.248  lines=1  leftover=0
    3.461  ELL.TX                  addr=2  deg=91  hex=00008D8E  cmd=2ma00008D8E
    3.922  ELL.RX                  addr=2  line=2PO00008D8F  raw=b'2PO00008D8F\r\n'
    3.924  ELL.DONE                addr=2  pos=91.0  dt=0.462  lines=1  leftover=0
    4.333  ARD.TRIG                frame=1  attempt=1
    4.394  ARD.RX                  msg=TRIGGERED  raw=b'TRIGGERED\r\n'  t=0.0
    4.410  ARD.RX                  msg=ARMED  raw=b'ARMED\r\n'  t=0.016
    4.820  ARD.RX                  msg=FRAME_DONE  raw=b'FRAME_DONE\r\n'  t=0.426
    4.821  ARD.FRAME_DONE          frame=1  attempt=1  dt=0.427  leftover=0
    4.822  FRAME.END               frame=1  t_total=1.612  t_hwp=0.25  t_qwp=0.464  t_trig=0.489  attempts=1  flags=ok
    4.823  FRAME.START             frame=2  hwp=30  qwp=72
    4.824  ELL.TX                  addr=0  deg=30  hex=00002EAB  cmd=0ma00002EAB
    4.899  ELL.RX                  addr=0  line=0PO00002EA8  raw=b'0PO00002EA8\r\n'
    4.900  ELL.DONE                addr=0  pos=29.99  dt=0.075  lines=1  leftover=0
    4.901  ELL.TX                  addr=2  deg=72  hex=00007000  cmd=2ma00007000
    5.378  ELL.RX                  addr=2  line=2PO00006FFF  raw=b'2PO00006FFF\r\n'
    5.380  ELL.DONE                addr=2  pos=72.0  dt=0.478  lines=1  leftover=0
    5.784  ARD.TRIG                frame=2  attempt=1
    5.851  ARD.RX                  msg=TRIGGERED  raw=b'TRIGGERED\r\n'  t=0.0
    5.864  ARD.RX                  msg=ARMED  raw=b'ARMED\r\n'  t=0.013
    6.270  ARD.RX                  msg=FRAME_DONE  raw=b'FRAME_DONE\r\n'  t=0.419
    6.272  ARD.FRAME_DONE          frame=2  attempt=1  dt=0.421  leftover=0
    6.274  FRAME.END               frame=2  t_total=1.451  t_hwp=0.077  t_qwp=0.48  t_trig=0.491  attempts=1  flags=ok
    6.278  FRAME.START             frame=3  hwp=22  qwp=95
    6.281  ELL.TX                  addr=0  deg=22  hex=00002239  cmd=0ma00002239
    6.531  ELL.RX                  addr=0  line=0PO0000223A  raw=b'0PO0000223A\r\n'
    6.532  ELL.DONE                addr=0  pos=22.0  dt=0.249  lines=1  leftover=0
    6.533  ELL.TX                  addr=2  deg=95  hex=000093C7  cmd=2ma000093C7
    6.851  ELL.RX                  addr=2  line=2PO000093C5  raw=b'2PO000093C5\r\n'
    6.855  ELL.DONE                addr=2  pos=94.99  dt=0.32  lines=1  leftover=0
    7.263  ARD.TRIG                frame=3  attempt=1
    7.327  ARD.RX                  msg=TRIGGERED  raw=b'TRIGGERED\r\n'  t=0.0
    7.343  ARD.RX                  msg=ARMED  raw=b'ARMED\r\n'  t=0.016
    7.753  ARD.RX                  msg=FRAME_DONE  raw=b'FRAME_DONE\r\n'  t=0.426
    7.754  ARD.FRAME_DONE          frame=3  attempt=1  dt=0.427  leftover=0
    7.755  FRAME.END               frame=3  t_total=1.477  t_hwp=0.253  t_qwp=0.324  t_trig=0.492  attempts=1  flags=ok
    7.757  FRAME.START             frame=4  hwp=97  qwp=100
    7.757  ELL.TX                  addr=0  deg=97  hex=000096E4  cmd=0ma000096E4
    8.115  ELL.RX                  addr=0  line=0PO000096E1  raw=b'0PO000096E1\r\n'
    8.116  ELL.DONE                addr=0  pos=96.99  dt=0.358  lines=1  leftover=0
    8.117  ELL.TX                  addr=2  deg=100  hex=00009B8E  cmd=2ma00009B8E
    8.563  ELL.RX                  addr=2  line=2PO00009B8B  raw=b'2PO00009B8B\r\n'
    8.564  ELL.DONE                addr=2  pos=99.99  dt=0.447  lines=1  leftover=0
    8.974  ARD.TRIG                frame=4  attempt=1
    9.038  ARD.RX                  msg=TRIGGERED  raw=b'TRIGGERED\r\n'  t=0.0
    9.054  ARD.RX                  msg=ARMED  raw=b'ARMED\r\n'  t=0.016
    9.460  ARD.RX                  msg=FRAME_DONE  raw=b'FRAME_DONE\r\n'  t=0.422
    9.461  ARD.FRAME_DONE          frame=4  attempt=1  dt=0.424  leftover=0
    9.462  FRAME.END               frame=4  t_total=1.706  t_hwp=0.359  t_qwp=0.448  t_trig=0.488  attempts=1  flags=ok
    9.464  FRAME.START             frame=5  hwp=140  qwp=1
    9.465  ELL.TX                  addr=0  deg=140  hex=0000D9C7  cmd=0ma0000D9C7
    9.875  ELL.RX                  addr=0  line=0PO0000D9C9  raw=b'0PO0000D9C9\r\n'
    9.876  ELL.DONE                addr=0  pos=140.0  dt=0.411  lines=1  leftover=0
    9.877  ELL.TX                  addr=2  deg=1  hex=0000018E  cmd=2ma0000018E
   10.323  ELL.RX                  addr=2  line=2PO0000018E  raw=b'2PO0000018E\r\n'
   10.327  ELL.DONE                addr=2  pos=1.0  dt=0.449  lines=1  leftover=0
   10.735  ARD.TRIG                frame=5  attempt=1
   10.800  ARD.RX                  msg=TRIGGERED  raw=b'TRIGGERED\r\n'  t=0.0
   10.815  ARD.RX                  msg=ARMED  raw=b'ARMED\r\n'  t=0.016
   11.221  ARD.RX                  msg=FRAME_DONE  raw=b'FRAME_DONE\r\n'  t=0.422
   11.223  ARD.FRAME_DONE          frame=5  attempt=1  dt=0.423  leftover=0
   11.223  FRAME.END               frame=5  t_total=1.76  t_hwp=0.412  t_qwp=0.453  t_trig=0.489  attempts=1  flags=ok
   11.225  FRAME.START             frame=6  hwp=48  qwp=44
   11.226  ELL.TX                  addr=0  deg=48  hex=00004AAB  cmd=0ma00004AAB
   11.491  ELL.RX                  addr=0  line=0PO00004AAD  raw=b'0PO00004AAD\r\n'
   11.496  ELL.DONE                addr=0  pos=48.01  dt=0.27  lines=1  leftover=0
   11.500  ELL.TX                  addr=2  deg=44  hex=00004472  cmd=2ma00004472
   11.956  ELL.RX                  addr=2  line=2PO00004471  raw=b'2PO00004471\r\n'
   11.960  ELL.DONE                addr=2  pos=44.0  dt=0.457  lines=1  leftover=0
   12.367  ARD.TRIG                frame=6  attempt=1
   12.430  ARD.RX                  msg=TRIGGERED  raw=b'TRIGGERED\r\n'  t=0.0
   12.446  ARD.RX                  msg=ARMED  raw=b'ARMED\r\n'  t=0.016
   12.859  ARD.RX                  msg=FRAME_DONE  raw=b'FRAME_DONE\r\n'  t=0.429
   12.863  ARD.FRAME_DONE          frame=6  attempt=1  dt=0.433  leftover=0
   12.867  FRAME.END               frame=6  t_total=1.642  t_hwp=0.274  t_qwp=0.463  t_trig=0.499  attempts=1  flags=ok
   12.871  FRAME.START             frame=7  hwp=59  qwp=50
   12.873  ELL.TX                  addr=0  deg=59  hex=00005BC7  cmd=0ma00005BC7
   13.027  ELL.RX                  addr=0  line=0PO00005BCA  raw=b'0PO00005BCA\r\n'
   13.029  ELL.DONE                addr=0  pos=59.01  dt=0.155  lines=1  leftover=0
   13.030  ELL.TX                  addr=2  deg=50  hex=00004DC7  cmd=2ma00004DC7
   13.379  ELL.RX                  addr=2  line=2PO00004DC4  raw=b'2PO00004DC4\r\n'
   13.381  ELL.DONE                addr=2  pos=49.99  dt=0.35  lines=1  leftover=0
   13.793  ARD.TRIG                frame=7  attempt=1
   13.858  ARD.RX                  msg=TRIGGERED  raw=b'TRIGGERED\r\n'  t=0.0
   13.872  ARD.RX                  msg=ARMED  raw=b'ARMED\r\n'  t=0.015
   14.281  ARD.RX                  msg=FRAME_DONE  raw=b'FRAME_DONE\r\n'  t=0.424
   14.283  ARD.FRAME_DONE          frame=7  attempt=1  dt=0.425  leftover=0
   14.283  FRAME.END               frame=7  t_total=1.412  t_hwp=0.157  t_qwp=0.352  t_trig=0.49  attempts=1  flags=ok
   14.285  FRAME.START             frame=8  hwp=59  qwp=50
   14.286  ELL.TX                  addr=0  deg=59  hex=00005BC7  cmd=0ma00005BC7
   14.323  ELL.RX                  addr=0  line=0PO00005BCA  raw=b'0PO00005BCA\r\n'
   14.325  ELL.DONE                addr=0  pos=59.01  dt=0.038  lines=1  leftover=0
   14.326  ELL.TX                  addr=2  deg=50  hex=00004DC7  cmd=2ma00004DC7
   14.419  ELL.RX                  addr=2  line=2PO00004DC4  raw=b'2PO00004DC4\r\n'
   14.421  ELL.DONE                addr=2  pos=49.99  dt=0.094  lines=1  leftover=0
   14.826  ARD.TRIG                frame=8  attempt=1
   14.890  ARD.RX                  msg=TRIGGERED  raw=b'TRIGGERED\r\n'  t=0.0
   14.905  ARD.RX                  msg=ARMED  raw=b'ARMED\r\n'  t=0.016
   15.318  ARD.RX                  msg=FRAME_DONE  raw=b'FRAME_DONE\r\n'  t=0.429
   15.320  ARD.FRAME_DONE          frame=8  attempt=1  dt=0.43  leftover=0
   15.320  FRAME.END               frame=8  t_total=1.035  t_hwp=0.04  t_qwp=0.096  t_trig=0.494  attempts=1  flags=ok
   15.322  FRAME.START             frame=9  hwp=79  qwp=17
   15.323  ELL.TX                  addr=0  deg=79  hex=00007AE4  cmd=0ma00007AE4
   15.572  ELL.RX                  addr=0  line=0PO00007AE2  raw=b'0PO00007AE2\r\n'
   15.573  ELL.DONE                addr=0  pos=79.0  dt=0.25  lines=1  leftover=0
   15.574  ELL.TX                  addr=2  deg=17  hex=00001A72  cmd=2ma00001A72
   15.940  ELL.RX                  addr=2  line=2PO00001A73  raw=b'2PO00001A73\r\n'
   15.944  ELL.DONE                addr=2  pos=17.0  dt=0.368  lines=1  leftover=0
   16.351  ARD.TRIG                frame=9  attempt=1
   16.416  ARD.RX                  msg=TRIGGERED  raw=b'TRIGGERED\r\n'  t=0.0
   16.431  ARD.RX                  msg=ARMED  raw=b'ARMED\r\n'  t=0.016
   16.837  ARD.RX                  msg=FRAME_DONE  raw=b'FRAME_DONE\r\n'  t=0.421
   16.838  ARD.FRAME_DONE          frame=9  attempt=1  dt=0.423  leftover=0
   16.839  FRAME.END               frame=9  t_total=1.517  t_hwp=0.251  t_qwp=0.374  t_trig=0.488  attempts=1  flags=ok
   16.841  FRAME.START             frame=10  hwp=140  qwp=1
   16.842  ELL.TX                  addr=0  deg=140  hex=0000D9C7  cmd=0ma0000D9C7
   17.284  ELL.RX                  addr=0  line=0PO0000D9C8  raw=b'0PO0000D9C8\r\n'
   17.285  ELL.DONE                addr=0  pos=140.0  dt=0.442  lines=1  leftover=0
   17.286  ELL.TX                  addr=2  deg=1  hex=0000018E  cmd=2ma0000018E
   17.700  ELL.RX                  addr=2  line=2PO00000190  raw=b'2PO00000190\r\n'
   17.701  ELL.DONE                addr=2  pos=1.0  dt=0.414  lines=1  leftover=0
   18.108  ARD.TRIG                frame=10  attempt=1
   18.171  ARD.RX                  msg=TRIGGERED  raw=b'TRIGGERED\r\n'  t=0.0
   18.187  ARD.RX                  msg=ARMED  raw=b'ARMED\r\n'  t=0.016
   18.600  ARD.RX                  msg=FRAME_DONE  raw=b'FRAME_DONE\r\n'  t=0.43
   18.604  ARD.FRAME_DONE          frame=10  attempt=1  dt=0.434  leftover=0
   18.609  FRAME.END               frame=10  t_total=1.768  t_hwp=0.444  t_qwp=0.416  t_trig=0.501  attempts=1  flags=ok
   18.614  FRAME.START             frame=11  hwp=97  qwp=100
   18.617  ELL.TX                  addr=0  deg=97  hex=000096E4  cmd=0ma000096E4
   18.884  ELL.RX                  addr=0  line=0PO000096E5  raw=b'0PO000096E5\r\n'
   18.885  ELL.DONE                addr=0  pos=97.0  dt=0.267  lines=1  leftover=0
   18.886  ELL.TX                  addr=2  deg=100  hex=00009B8E  cmd=2ma00009B8E
   19.364  ELL.RX                  addr=2  line=2PO00009B90  raw=b'2PO00009B90\r\n'
   19.367  ELL.DONE                addr=2  pos=100.0  dt=0.479  lines=1  leftover=0
   19.783  ARD.TRIG                frame=11  attempt=1
   19.848  ARD.RX                  msg=TRIGGERED  raw=b'TRIGGERED\r\n'  t=0.0
   19.863  ARD.RX                  msg=ARMED  raw=b'ARMED\r\n'  t=0.016
   20.269  ARD.RX                  msg=FRAME_DONE  raw=b'FRAME_DONE\r\n'  t=0.422
   20.270  ARD.FRAME_DONE          frame=11  attempt=1  dt=0.423  leftover=0
   20.271  FRAME.END               frame=11  t_total=1.657  t_hwp=0.269  t_qwp=0.483  t_trig=0.488  attempts=1  flags=ok
   20.273  FRAME.START             frame=12  hwp=22  qwp=95
   20.273  ELL.TX                  addr=0  deg=22  hex=00002239  cmd=0ma00002239
   20.596  ELL.RX                  addr=0  line=0PO00002236  raw=b'0PO00002236\r\n'
   20.597  ELL.DONE                addr=0  pos=21.99  dt=0.323  lines=1  leftover=0
   20.598  ELL.TX                  addr=2  deg=95  hex=000093C7  cmd=2ma000093C7
   20.868  ELL.RX                  addr=2  line=2PO000093C7  raw=b'2PO000093C7\r\n'
   20.869  ELL.DONE                addr=2  pos=95.0  dt=0.27  lines=1  leftover=0
   21.276  ARD.TRIG                frame=12  attempt=1
   21.339  ARD.RX                  msg=TRIGGERED  raw=b'TRIGGERED\r\n'  t=0.0
   21.354  ARD.RX                  msg=ARMED  raw=b'ARMED\r\n'  t=0.015
   21.769  ARD.RX                  msg=FRAME_DONE  raw=b'FRAME_DONE\r\n'  t=0.43
   21.771  ARD.FRAME_DONE          frame=12  attempt=1  dt=0.431  leftover=0
   21.771  FRAME.END               frame=12  t_total=1.499  t_hwp=0.325  t_qwp=0.271  t_trig=0.495  attempts=1  flags=ok
   21.774  FRAME.START             frame=13  hwp=30  qwp=72
   21.775  ELL.TX                  addr=0  deg=30  hex=00002EAB  cmd=0ma00002EAB
   21.940  ELL.RX                  addr=0  line=0PO00002EAA  raw=b'0PO00002EAA\r\n'
   21.941  ELL.DONE                addr=0  pos=30.0  dt=0.164  lines=1  leftover=0
   21.942  ELL.TX                  addr=2  deg=72  hex=00007000  cmd=2ma00007000
   22.148  ELL.RX                  addr=2  line=2PO00006FFF  raw=b'2PO00006FFF\r\n'
   22.149  ELL.DONE                addr=2  pos=72.0  dt=0.207  lines=1  leftover=0
   22.551  ARD.TRIG                frame=13  attempt=1
   22.615  ARD.RX                  msg=TRIGGERED  raw=b'TRIGGERED\r\n'  t=0.0
   22.631  ARD.RX                  msg=ARMED  raw=b'ARMED\r\n'  t=0.016
   23.042  ARD.RX                  msg=FRAME_DONE  raw=b'FRAME_DONE\r\n'  t=0.427
   23.043  ARD.FRAME_DONE          frame=13  attempt=1  dt=0.428  leftover=0
   23.044  FRAME.END               frame=13  t_total=1.27  t_hwp=0.166  t_qwp=0.209  t_trig=0.493  attempts=1  flags=ok
   23.045  FRAME.START             frame=14  hwp=29  qwp=91
   23.046  ELL.TX                  addr=0  deg=29  hex=00002D1C  cmd=0ma00002D1C
   23.252  ELL.RX                  addr=0  line=0PO00002D1C  raw=b'0PO00002D1C\r\n'
   23.253  ELL.DONE                addr=0  pos=29.0  dt=0.206  lines=1  leftover=0
   23.254  ELL.TX                  addr=2  deg=91  hex=00008D8E  cmd=2ma00008D8E
   23.556  ELL.RX                  addr=2  line=2PO00008D91  raw=b'2PO00008D91\r\n'
   23.557  ELL.DONE                addr=2  pos=91.01  dt=0.302  lines=1  leftover=0
   23.968  ARD.TRIG                frame=14  attempt=1
   24.032  ARD.RX                  msg=TRIGGERED  raw=b'TRIGGERED\r\n'  t=0.0
   24.048  ARD.RX                  msg=ARMED  raw=b'ARMED\r\n'  t=0.016
   24.462  ARD.RX                  msg=FRAME_DONE  raw=b'FRAME_DONE\r\n'  t=0.43
   24.463  ARD.FRAME_DONE          frame=14  attempt=1  dt=0.431  leftover=0
   24.464  FRAME.END               frame=14  t_total=1.419  t_hwp=0.208  t_qwp=0.304  t_trig=0.496  attempts=1  flags=ok
   24.467  LOOP.END              
