    0.020  SESSION.START           log=D:\1_software\Experimental control software\Synthetic birefringence\delta 0.25\pshg_diag_20260610_135509.log  csv=D:\1_software\Experimental control software\Synthetic birefringence\delta 0.25\pshg_diag_20260610_135509.csv  file=delta_waves=0.250_fast_axis=60.xlsx  drain_stale=True
    0.066  ELL.QUERY               cmd=0in  reply='0IN0E1140051420211501016800023000\r\n'
    0.162  ELL.QUERY               cmd=2in  reply='2IN0E1140064920211501016800023000\r\n'
    0.434  ELL.QUERY               cmd=0ho  reply='0PO00000000\r\n'
    0.946  ELL.QUERY               cmd=2ho  reply='2POFFFFFFFF\r\n'
    0.978  ELL.QUERY               cmd=0gp  reply='0PO00000000\r\n'
    1.058  ELL.QUERY               cmd=2gp  reply='2POFFFFFFFB\r\n'
    2.072  LOOP.START            
    3.080  FRAME.START             frame=1  hwp=35  qwp=72
    3.081  ELL.TX                  addr=0  deg=35  hex=00003672  cmd=0ma00003672
    3.266  ELL.RX                  addr=0  line=0PO00003674  raw=b'0PO00003674\r\n'
    3.268  ELL.DONE                addr=0  pos=35.01  dt=0.186  lines=1  leftover=0
    3.269  ELL.TX                  addr=2  deg=72  hex=00007000  cmd=2ma00007000
    3.650  ELL.RX                  addr=2  line=2PO00007000  raw=b'2PO00007000\r\n'
    3.652  ELL.DONE                addr=2  pos=72.0  dt=0.382  lines=1  leftover=0
    4.053  ARD.TRIG                frame=1  attempt=1
    4.116  ARD.RX                  msg=TRIGGERED  raw=b'TRIGGERED\r\n'  t=0.0
    4.132  ARD.RX                  msg=ARMED  raw=b'ARMED\r\n'  t=0.016
   14.119  ARD.TIMEOUT             waited=10.003
   14.121  ARD.DROP                frame=1  attempt=1
   14.535  ARD.TRIG                frame=1  attempt=2
   14.599  ARD.RX                  msg=TRIGGERED  raw=b'TRIGGERED\r\n'  t=0.0
   14.615  ARD.RX                  msg=ARMED  raw=b'ARMED\r\n'  t=0.016
   15.021  ARD.RX                  msg=FRAME_DONE  raw=b'FRAME_DONE\r\n'  t=0.422
   15.022  ARD.FRAME_DONE          frame=1  attempt=2  dt=0.423  leftover=0
   15.023  FRAME.END               frame=1  t_total=11.943  t_hwp=0.188  t_qwp=0.384  t_trig=10.97  attempts=2  flags=SLOW,RETRY2
   15.025  FRAME.START             frame=2  hwp=38  qwp=84
   15.026  ELL.TX                  addr=0  deg=38  hex=00003B1C  cmd=0ma00003B1C
   15.123  ELL.RX                  addr=0  line=0PO00003B19  raw=b'0PO00003B19\r\n'
   15.124  ELL.DONE                addr=0  pos=37.99  dt=0.098  lines=1  leftover=0
   15.125  ELL.TX                  addr=2  deg=84  hex=000082AB  cmd=2ma000082AB
   15.443  ELL.RX                  addr=2  line=2PO000082AB  raw=b'2PO000082AB\r\n'
   15.445  ELL.DONE                addr=2  pos=84.0  dt=0.318  lines=1  leftover=0
   15.846  ARD.TRIG                frame=2  attempt=1
   15.910  ARD.RX                  msg=TRIGGERED  raw=b'TRIGGERED\r\n'  t=0.0
   15.926  ARD.RX                  msg=ARMED  raw=b'ARMED\r\n'  t=0.016
   16.336  ARD.RX                  msg=FRAME_DONE  raw=b'FRAME_DONE\r\n'  t=0.426
   16.337  ARD.FRAME_DONE          frame=2  attempt=1  dt=0.427  leftover=0
   16.338  FRAME.END               frame=2  t_total=1.314  t_hwp=0.1  t_qwp=0.32  t_trig=0.493  attempts=1  flags=ok
   16.340  FRAME.START             frame=3  hwp=133  qwp=85
   16.341  ELL.TX                  addr=0  deg=133  hex=0000CEE4  cmd=0ma0000CEE4
   16.771  ELL.RX                  addr=0  line=0PO0000CEE3  raw=b'0PO0000CEE3\r\n'
   16.772  ELL.DONE                addr=0  pos=133.0  dt=0.429  lines=1  leftover=0
   16.773  ELL.TX                  addr=2  deg=85  hex=00008439  cmd=2ma00008439
   17.011  ELL.RX                  addr=2  line=2PO00008436  raw=b'2PO00008436\r\n'
   17.016  ELL.DONE                addr=2  pos=84.99  dt=0.241  lines=1  leftover=0
   17.424  ARD.TRIG                frame=3  attempt=1
   17.488  ARD.RX                  msg=TRIGGERED  raw=b'TRIGGERED\r\n'  t=0.0
   17.504  ARD.RX                  msg=ARMED  raw=b'ARMED\r\n'  t=0.016
   17.913  ARD.RX                  msg=FRAME_DONE  raw=b'FRAME_DONE\r\n'  t=0.425
   17.914  ARD.FRAME_DONE          frame=3  attempt=1  dt=0.426  leftover=0
   17.915  FRAME.END               frame=3  t_total=1.575  t_hwp=0.432  t_qwp=0.248  t_trig=0.491  attempts=1  flags=ok
   17.917  FRAME.START             frame=4  hwp=127  qwp=73
   17.918  ELL.TX                  addr=0  deg=127  hex=0000C58E  cmd=0ma0000C58E
   18.227  ELL.RX                  addr=0  line=0PO0000C58D  raw=b'0PO0000C58D\r\n'
   18.230  ELL.DONE                addr=0  pos=127.0  dt=0.312  lines=1  leftover=0
   18.231  ELL.TX                  addr=2  deg=73  hex=0000718E  cmd=2ma0000718E
   18.499  ELL.RX                  addr=2  line=2PO0000718B  raw=b'2PO0000718B\r\n'
   18.500  ELL.DONE                addr=2  pos=72.99  dt=0.267  lines=1  leftover=0
   18.905  ARD.TRIG                frame=4  attempt=1
   18.969  ARD.RX                  msg=TRIGGERED  raw=b'TRIGGERED\r\n'  t=0.0
   18.985  ARD.RX                  msg=ARMED  raw=b'ARMED\r\n'  t=0.016
   19.398  ARD.RX                  msg=FRAME_DONE  raw=b'FRAME_DONE\r\n'  t=0.428
   19.399  ARD.FRAME_DONE          frame=4  attempt=1  dt=0.43  leftover=0
   19.402  FRAME.END               frame=4  t_total=1.485  t_hwp=0.314  t_qwp=0.27  t_trig=0.497  attempts=1  flags=ok
   19.405  FRAME.START             frame=5  hwp=4  qwp=87
   19.409  ELL.TX                  addr=0  deg=4  hex=00000639  cmd=0ma00000639
   19.796  ELL.RX                  addr=0  line=0PO0000063C  raw=b'0PO0000063C\r\n'
   19.800  ELL.DONE                addr=0  pos=4.01  dt=0.39  lines=1  leftover=0
   19.804  ELL.TX                  addr=2  deg=87  hex=00008755  cmd=2ma00008755
   20.019  ELL.RX                  addr=2  line=2PO00008753  raw=b'2PO00008753\r\n'
   20.020  ELL.DONE                addr=2  pos=86.99  dt=0.211  lines=1  leftover=0
   20.434  ARD.TRIG                frame=5  attempt=1
   20.498  ARD.RX                  msg=TRIGGERED  raw=b'TRIGGERED\r\n'  t=0.0
   20.514  ARD.RX                  msg=ARMED  raw=b'ARMED\r\n'  t=0.016
   20.925  ARD.RX                  msg=FRAME_DONE  raw=b'FRAME_DONE\r\n'  t=0.427
   20.927  ARD.FRAME_DONE          frame=5  attempt=1  dt=0.429  leftover=0
   20.928  FRAME.END               frame=5  t_total=1.522  t_hwp=0.395  t_qwp=0.218  t_trig=0.494  attempts=1  flags=ok
   20.931  FRAME.START             frame=6  hwp=67  qwp=20
   20.932  ELL.TX                  addr=0  deg=67  hex=00006839  cmd=0ma00006839
   21.267  ELL.RX                  addr=0  line=0PO00006838  raw=b'0PO00006838\r\n'
   21.269  ELL.DONE                addr=0  pos=67.0  dt=0.334  lines=1  leftover=0
   21.270  ELL.TX                  addr=2  deg=20  hex=00001F1C  cmd=2ma00001F1C
   21.652  ELL.RX                  addr=2  line=2PO00001F19  raw=b'2PO00001F19\r\n'
   21.654  ELL.DONE                addr=2  pos=19.99  dt=0.383  lines=1  leftover=0
   22.056  ARD.TRIG                frame=6  attempt=1
   22.120  ARD.RX                  msg=TRIGGERED  raw=b'TRIGGERED\r\n'  t=0.0
   22.135  ARD.RX                  msg=ARMED  raw=b'ARMED\r\n'  t=0.016
   22.545  ARD.RX                  msg=FRAME_DONE  raw=b'FRAME_DONE\r\n'  t=0.426
   22.546  ARD.FRAME_DONE          frame=6  attempt=1  dt=0.427  leftover=0
   22.547  FRAME.END               frame=6  t_total=1.616  t_hwp=0.337  t_qwp=0.385  t_trig=0.491  attempts=1  flags=ok
   22.549  FRAME.START             frame=7  hwp=164  qwp=60
   22.550  ELL.TX                  addr=0  deg=164  hex=0000FF1C  cmd=0ma0000FF1C
   23.123  ELL.RX                  addr=0  line=0PO0000FF1A  raw=b'0PO0000FF1A\r\n'
   23.128  ELL.DONE                addr=0  pos=163.99  dt=0.577  lines=1  leftover=0
   23.131  ELL.TX                  addr=2  deg=60  hex=00005D55  cmd=2ma00005D55
   23.443  ELL.RX                  addr=2  line=2PO00005D52  raw=b'2PO00005D52\r\n'
   23.445  ELL.DONE                addr=2  pos=59.99  dt=0.309  lines=1  leftover=0
   23.851  ARD.TRIG                frame=7  attempt=1
   23.916  ARD.RX                  msg=TRIGGERED  raw=b'TRIGGERED\r\n'  t=0.0
   23.931  ARD.RX                  msg=ARMED  raw=b'ARMED\r\n'  t=0.016
   24.346  ARD.RX                  msg=FRAME_DONE  raw=b'FRAME_DONE\r\n'  t=0.43
   24.348  ARD.FRAME_DONE          frame=7  attempt=1  dt=0.432  leftover=0
   24.350  FRAME.END               frame=7  t_total=1.801  t_hwp=0.582  t_qwp=0.314  t_trig=0.498  attempts=1  flags=ok
   24.353  FRAME.START             frame=8  hwp=96  qwp=11
   24.355  ELL.TX                  addr=0  deg=96  hex=00009555  cmd=0ma00009555
   24.692  ELL.RX                  addr=0  line=0PO00009552  raw=b'0PO00009552\r\n'
   24.693  ELL.DONE                addr=0  pos=95.99  dt=0.338  lines=1  leftover=0
   24.694  ELL.TX                  addr=2  deg=11  hex=0000111C  cmd=2ma0000111C
   25.028  ELL.RX                  addr=2  line=2PO0000111A  raw=b'2PO0000111A\r\n'
   25.030  ELL.DONE                addr=2  pos=10.99  dt=0.335  lines=1  leftover=0
   25.445  ARD.TRIG                frame=8  attempt=1
   25.509  ARD.RX                  msg=TRIGGERED  raw=b'TRIGGERED\r\n'  t=0.0
   25.524  ARD.RX                  msg=ARMED  raw=b'ARMED\r\n'  t=0.016
   25.939  ARD.RX                  msg=FRAME_DONE  raw=b'FRAME_DONE\r\n'  t=0.431
   25.941  ARD.FRAME_DONE          frame=8  attempt=1  dt=0.432  leftover=0
   25.941  FRAME.END               frame=8  t_total=1.588  t_hwp=0.339  t_qwp=0.338  t_trig=0.497  attempts=1  flags=ok
   25.943  FRAME.START             frame=9  hwp=103  qwp=23
   25.945  ELL.TX                  addr=0  deg=103  hex=0000A039  cmd=0ma0000A039
   26.180  ELL.RX                  addr=0  line=0PO0000A039  raw=b'0PO0000A039\r\n'
   26.181  ELL.DONE                addr=0  pos=103.0  dt=0.236  lines=1  leftover=0
   26.182  ELL.TX                  addr=2  deg=23  hex=000023C7  cmd=2ma000023C7
   26.308  ELL.RX                  addr=2  line=2PO000023C6  raw=b'2PO000023C6\r\n'
   26.309  ELL.DONE                addr=2  pos=23.0  dt=0.126  lines=1  leftover=0
   26.717  ARD.TRIG                frame=9  attempt=1
   26.781  ARD.RX                  msg=TRIGGERED  raw=b'TRIGGERED\r\n'  t=0.0
   26.797  ARD.RX                  msg=ARMED  raw=b'ARMED\r\n'  t=0.016
   27.206  ARD.RX                  msg=FRAME_DONE  raw=b'FRAME_DONE\r\n'  t=0.425
   27.207  ARD.FRAME_DONE          frame=9  attempt=1  dt=0.426  leftover=0
   27.208  FRAME.END               frame=9  t_total=1.265  t_hwp=0.237  t_qwp=0.128  t_trig=0.491  attempts=1  flags=ok
   27.210  FRAME.START             frame=10  hwp=107  qwp=34
   27.211  ELL.TX                  addr=0  deg=107  hex=0000A672  cmd=0ma0000A672
   27.396  ELL.RX                  addr=0  line=0PO0000A674  raw=b'0PO0000A674\r\n'
   27.397  ELL.DONE                addr=0  pos=107.01  dt=0.186  lines=1  leftover=0
   27.398  ELL.TX                  addr=2  deg=34  hex=000034E4  cmd=2ma000034E4
   27.780  ELL.RX                  addr=2  line=2PO000034E1  raw=b'2PO000034E1\r\n'
   27.781  ELL.DONE                addr=2  pos=33.99  dt=0.382  lines=1  leftover=0
   28.182  ARD.TRIG                frame=10  attempt=1
   28.246  ARD.RX                  msg=TRIGGERED  raw=b'TRIGGERED\r\n'  t=0.0
   28.261  ARD.RX                  msg=ARMED  raw=b'ARMED\r\n'  t=0.015
   28.668  ARD.RX                  msg=FRAME_DONE  raw=b'FRAME_DONE\r\n'  t=0.422
   28.670  ARD.FRAME_DONE          frame=10  attempt=1  dt=0.423  leftover=0
   28.671  FRAME.END               frame=10  t_total=1.461  t_hwp=0.187  t_qwp=0.384  t_trig=0.489  attempts=1  flags=ok
   28.673  FRAME.START             frame=11  hwp=180  qwp=82
   28.674  ELL.TX                  addr=0  deg=180  hex=00011800  cmd=0ma00011800
   29.076  ELL.RX                  addr=0  line=0PO000117FE  raw=b'0PO000117FE\r\n'
   29.081  ELL.DONE                addr=0  pos=179.99  dt=0.406  lines=1  leftover=0
   29.083  ELL.TX                  addr=2  deg=82  hex=00007F8E  cmd=2ma00007F8E
   29.380  ELL.RX                  addr=2  line=2PO00007F8C  raw=b'2PO00007F8C\r\n'
   29.381  ELL.DONE                addr=2  pos=81.99  dt=0.294  lines=1  leftover=0
   29.789  ARD.TRIG                frame=11  attempt=1
   29.854  ARD.RX                  msg=TRIGGERED  raw=b'TRIGGERED\r\n'  t=0.0
   29.869  ARD.RX                  msg=ARMED  raw=b'ARMED\r\n'  t=0.016
   30.278  ARD.RX                  msg=FRAME_DONE  raw=b'FRAME_DONE\r\n'  t=0.425
   30.279  ARD.FRAME_DONE          frame=11  attempt=1  dt=0.426  leftover=0
   30.280  FRAME.END               frame=11  t_total=1.607  t_hwp=0.41  t_qwp=0.299  t_trig=0.49  attempts=1  flags=ok
   30.281  FRAME.START             frame=12  hwp=14  qwp=96
   30.282  ELL.TX                  addr=0  deg=14  hex=000015C7  cmd=0ma000015C7
   30.708  ELL.RX                  addr=0  line=0PO000015C6  raw=b'0PO000015C6\r\n'
   30.709  ELL.DONE                addr=0  pos=14.0  dt=0.426  lines=1  leftover=0
   30.711  ELL.TX                  addr=2  deg=96  hex=00009555  cmd=2ma00009555
   30.996  ELL.RX                  addr=2  line=2PO00009555  raw=b'2PO00009555\r\n'
   30.997  ELL.DONE                addr=2  pos=96.0  dt=0.285  lines=1  leftover=0
   31.398  ARD.TRIG                frame=12  attempt=1
   31.463  ARD.RX                  msg=TRIGGERED  raw=b'TRIGGERED\r\n'  t=0.0
   31.478  ARD.RX                  msg=ARMED  raw=b'ARMED\r\n'  t=0.016
   31.891  ARD.RX                  msg=FRAME_DONE  raw=b'FRAME_DONE\r\n'  t=0.429
   31.896  ARD.FRAME_DONE          frame=12  attempt=1  dt=0.434  leftover=0
   31.904  FRAME.END               frame=12  t_total=1.622  t_hwp=0.429  t_qwp=0.287  t_trig=0.506  attempts=1  flags=ok
   31.915  FRAME.START             frame=13  hwp=35  qwp=71
   31.916  ELL.TX                  addr=0  deg=35  hex=00003672  cmd=0ma00003672
   32.068  ELL.RX                  addr=0  line=0PO00003673  raw=b'0PO00003673\r\n'
   32.070  ELL.DONE                addr=0  pos=35.0  dt=0.152  lines=1  leftover=0
   32.071  ELL.TX                  addr=2  deg=71  hex=00006E72  cmd=2ma00006E72
   32.292  ELL.RX                  addr=2  line=2PO00006E70  raw=b'2PO00006E70\r\n'
   32.294  ELL.DONE                addr=2  pos=71.0  dt=0.222  lines=1  leftover=0
   32.701  ARD.TRIG                frame=13  attempt=1
   32.765  ARD.RX                  msg=TRIGGERED  raw=b'TRIGGERED\r\n'  t=0.0
   32.781  ARD.RX                  msg=ARMED  raw=b'ARMED\r\n'  t=0.016
   33.190  ARD.RX                  msg=FRAME_DONE  raw=b'FRAME_DONE\r\n'  t=0.425
   33.191  ARD.FRAME_DONE          frame=13  attempt=1  dt=0.426  leftover=0
   33.192  FRAME.END               frame=13  t_total=1.277  t_hwp=0.155  t_qwp=0.224  t_trig=0.491  attempts=1  flags=ok
   33.194  FRAME.START             frame=14  hwp=137  qwp=96
   33.195  ELL.TX                  addr=0  deg=137  hex=0000D51C  cmd=0ma0000D51C
   33.700  ELL.RX                  addr=0  line=0PO0000D519  raw=b'0PO0000D519\r\n'
   33.703  ELL.DONE                addr=0  pos=136.99  dt=0.507  lines=1  leftover=0
   33.704  ELL.TX                  addr=2  deg=96  hex=00009555  cmd=2ma00009555
   34.100  ELL.RX                  addr=2  line=2PO00009552  raw=b'2PO00009552\r\n'
   34.102  ELL.DONE                addr=2  pos=95.99  dt=0.396  lines=1  leftover=0
   34.503  ARD.TRIG                frame=14  attempt=1
   34.567  ARD.RX                  msg=TRIGGERED  raw=b'TRIGGERED\r\n'  t=0.0
   34.583  ARD.RX                  msg=ARMED  raw=b'ARMED\r\n'  t=0.016
   34.992  ARD.RX                  msg=FRAME_DONE  raw=b'FRAME_DONE\r\n'  t=0.425
   34.994  ARD.FRAME_DONE          frame=14  attempt=1  dt=0.427  leftover=0
   34.995  FRAME.END               frame=14  t_total=1.801  t_hwp=0.509  t_qwp=0.398  t_trig=0.492  attempts=1  flags=ok
   34.998  LOOP.END              
