    0.020  SESSION.START           log=D:\1_software\Experimental control software\Synthetic birefringence\pshg_diag_20260609_175056.log  csv=D:\1_software\Experimental control software\Synthetic birefringence\pshg_diag_20260609_175056.csv  file=rotating_linear_pol.xlsx  drain_stale=True
    0.066  ELL.QUERY               cmd=0in  reply='0IN0E1140051420211501016800023000\r\n'
    0.162  ELL.QUERY               cmd=2in  reply='2IN0E1140064920211501016800023000\r\n'
    0.386  ELL.QUERY               cmd=0ho  reply='0POFFFFFFFE\r\n'
    0.802  ELL.QUERY               cmd=2ho  reply='2POFFFFFFFE\r\n'
    0.834  ELL.QUERY               cmd=0gp  reply='0POFFFFFFFE\r\n'
    0.898  ELL.QUERY               cmd=2gp  reply='2POFFFFFFFA\r\n'
    1.910  LOOP.START            
    2.919  FRAME.START             frame=1  hwp=26  qwp=79
    2.920  ELL.TX                  addr=0  deg=26  hex=00002872  cmd=0ma00002872
    3.170  ELL.RX                  addr=0  line=0PO00002874  raw=b'0PO00002874\r\n'
    3.171  ELL.DONE                addr=0  pos=26.01  dt=0.25  lines=1  leftover=0
    3.172  ELL.TX                  addr=2  deg=79  hex=00007AE4  cmd=2ma00007AE4
    3.506  ELL.RX                  addr=2  line=2PO00007AE2  raw=b'2PO00007AE2\r\n'
    3.507  ELL.DONE                addr=2  pos=79.0  dt=0.335  lines=1  leftover=0
    3.910  ARD.TRIG                frame=1  attempt=1
    3.972  ARD.RX                  msg=TRIGGERED  raw=b'TRIGGERED\r\n'  t=0.0
    3.987  ARD.RX                  msg=ARMED  raw=b'ARMED\r\n'  t=0.015
    4.398  ARD.RX                  msg=FRAME_DONE  raw=b'FRAME_DONE\r\n'  t=0.426
    4.399  ARD.FRAME_DONE          frame=1  attempt=1  dt=0.427  leftover=0
    4.400  FRAME.END               frame=1  t_total=1.481  t_hwp=0.252  t_qwp=0.336  t_trig=0.491  attempts=1  flags=ok
    4.402  FRAME.START             frame=2  hwp=38  qwp=90
    4.403  ELL.TX                  addr=0  deg=38  hex=00003B1C  cmd=0ma00003B1C
    4.642  ELL.RX                  addr=0  line=0PO00003B1A  raw=b'0PO00003B1A\r\n'
    4.644  ELL.DONE                addr=0  pos=37.99  dt=0.241  lines=1  leftover=0
    4.645  ELL.TX                  addr=2  deg=90  hex=00008C00  cmd=2ma00008C00
    4.834  ELL.RX                  addr=2  line=2PO00008C02  raw=b'2PO00008C02\r\n'
    4.835  ELL.DONE                addr=2  pos=90.01  dt=0.189  lines=1  leftover=0
    5.247  ARD.TRIG                frame=2  attempt=1
    5.310  ARD.RX                  msg=TRIGGERED  raw=b'TRIGGERED\r\n'  t=0.0
    5.325  ARD.RX                  msg=ARMED  raw=b'ARMED\r\n'  t=0.015
    5.745  ARD.RX                  msg=FRAME_DONE  raw=b'FRAME_DONE\r\n'  t=0.435
    5.746  ARD.FRAME_DONE          frame=2  attempt=1  dt=0.436  leftover=0
    5.747  FRAME.END               frame=2  t_total=1.345  t_hwp=0.242  t_qwp=0.191  t_trig=0.499  attempts=1  flags=ok
    5.749  FRAME.START             frame=3  hwp=51  qwp=94
    5.750  ELL.TX                  addr=0  deg=51  hex=00004F55  cmd=0ma00004F55
    5.938  ELL.RX                  addr=0  line=0PO00004F52  raw=b'0PO00004F52\r\n'
    5.939  ELL.DONE                addr=0  pos=50.99  dt=0.189  lines=1  leftover=0
    5.940  ELL.TX                  addr=2  deg=94  hex=00009239  cmd=2ma00009239
    6.226  ELL.RX                  addr=2  line=2PO00009239  raw=b'2PO00009239\r\n'
    6.229  ELL.DONE                addr=2  pos=94.0  dt=0.288  lines=1  leftover=0
    6.632  ARD.TRIG                frame=3  attempt=1
    6.694  ARD.RX                  msg=TRIGGERED  raw=b'TRIGGERED\r\n'  t=0.0
    6.710  ARD.RX                  msg=ARMED  raw=b'ARMED\r\n'  t=0.016
    7.121  ARD.RX                  msg=FRAME_DONE  raw=b'FRAME_DONE\r\n'  t=0.427
    7.123  ARD.FRAME_DONE          frame=3  attempt=1  dt=0.428  leftover=0
    7.123  FRAME.END               frame=3  t_total=1.375  t_hwp=0.19  t_qwp=0.292  t_trig=0.491  attempts=1  flags=ok
    7.125  FRAME.START             frame=4  hwp=60  qwp=90
    7.126  ELL.TX                  addr=0  deg=60  hex=00005D55  cmd=0ma00005D55
    7.266  ELL.RX                  addr=0  line=0PO00005D56  raw=b'0PO00005D56\r\n'
    7.267  ELL.DONE                addr=0  pos=60.0  dt=0.14  lines=1  leftover=0
    7.268  ELL.TX                  addr=2  deg=90  hex=00008C00  cmd=2ma00008C00
    7.539  ELL.RX                  addr=2  line=2PO00008BFD  raw=b'2PO00008BFD\r\n'
    7.542  ELL.DONE                addr=2  pos=89.99  dt=0.273  lines=1  leftover=0
    7.954  ARD.TRIG                frame=4  attempt=1
    8.016  ARD.RX                  msg=TRIGGERED  raw=b'TRIGGERED\r\n'  t=0.0
    8.031  ARD.RX                  msg=ARMED  raw=b'ARMED\r\n'  t=0.015
    8.440  ARD.RX                  msg=FRAME_DONE  raw=b'FRAME_DONE\r\n'  t=0.424
    8.442  ARD.FRAME_DONE          frame=4  attempt=1  dt=0.425  leftover=0
    8.442  FRAME.END               frame=4  t_total=1.318  t_hwp=0.142  t_qwp=0.277  t_trig=0.488  attempts=1  flags=ok
    8.444  FRAME.START             frame=5  hwp=60  qwp=78
    8.445  ELL.TX                  addr=0  deg=60  hex=00005D55  cmd=0ma00005D55
    8.498  ELL.RX                  addr=0  line=0PO00005D57  raw=b'0PO00005D57\r\n'
    8.500  ELL.DONE                addr=0  pos=60.0  dt=0.054  lines=1  leftover=0
    8.501  ELL.TX                  addr=2  deg=78  hex=00007955  cmd=2ma00007955
    8.802  ELL.RX                  addr=2  line=2PO00007955  raw=b'2PO00007955\r\n'
    8.803  ELL.DONE                addr=2  pos=78.0  dt=0.302  lines=1  leftover=0
    9.212  ARD.TRIG                frame=5  attempt=1
    9.276  ARD.RX                  msg=TRIGGERED  raw=b'TRIGGERED\r\n'  t=0.0
    9.291  ARD.RX                  msg=ARMED  raw=b'ARMED\r\n'  t=0.016
    9.702  ARD.RX                  msg=FRAME_DONE  raw=b'FRAME_DONE\r\n'  t=0.426
    9.703  ARD.FRAME_DONE          frame=5  attempt=1  dt=0.428  leftover=0
    9.704  FRAME.END               frame=5  t_total=1.26  t_hwp=0.056  t_qwp=0.303  t_trig=0.492  attempts=1  flags=ok
    9.706  FRAME.START             frame=6  hwp=65  qwp=73
    9.706  ELL.TX                  addr=0  deg=65  hex=0000651C  cmd=0ma0000651C
    9.826  ELL.RX                  addr=0  line=0PO0000651D  raw=b'0PO0000651D\r\n'
    9.827  ELL.DONE                addr=0  pos=65.0  dt=0.12  lines=1  leftover=0
    9.829  ELL.TX                  addr=2  deg=73  hex=0000718E  cmd=2ma0000718E
   10.034  ELL.RX                  addr=2  line=2PO0000718C  raw=b'2PO0000718C\r\n'
   10.036  ELL.DONE                addr=2  pos=72.99  dt=0.205  lines=1  leftover=0
   10.440  ARD.TRIG                frame=6  attempt=1
   10.502  ARD.RX                  msg=TRIGGERED  raw=b'TRIGGERED\r\n'  t=0.0
   10.518  ARD.RX                  msg=ARMED  raw=b'ARMED\r\n'  t=0.016
   10.931  ARD.RX                  msg=FRAME_DONE  raw=b'FRAME_DONE\r\n'  t=0.428
   10.935  ARD.FRAME_DONE          frame=6  attempt=1  dt=0.432  leftover=0
   10.938  FRAME.END               frame=6  t_total=1.232  t_hwp=0.122  t_qwp=0.208  t_trig=0.499  attempts=1  flags=ok
   10.945  FRAME.START             frame=7  hwp=150  qwp=55
   10.950  ELL.TX                  addr=0  deg=150  hex=0000E955  cmd=0ma0000E955
   11.330  ELL.RX                  addr=0  line=0PO0000E956  raw=b'0PO0000E956\r\n'
   11.332  ELL.DONE                addr=0  pos=150.0  dt=0.378  lines=1  leftover=0
   11.332  ELL.TX                  addr=2  deg=55  hex=0000558E  cmd=2ma0000558E
   11.682  ELL.RX                  addr=2  line=2PO0000558E  raw=b'2PO0000558E\r\n'
   11.684  ELL.DONE                addr=2  pos=55.0  dt=0.35  lines=1  leftover=0
   12.092  ARD.TRIG                frame=7  attempt=1
   12.156  ARD.RX                  msg=TRIGGERED  raw=b'TRIGGERED\r\n'  t=0.0
   12.172  ARD.RX                  msg=ARMED  raw=b'ARMED\r\n'  t=0.016
   12.581  ARD.RX                  msg=FRAME_DONE  raw=b'FRAME_DONE\r\n'  t=0.426
   12.584  ARD.FRAME_DONE          frame=7  attempt=1  dt=0.429  leftover=0
   12.586  FRAME.END               frame=7  t_total=1.641  t_hwp=0.383  t_qwp=0.352  t_trig=0.494  attempts=1  flags=ok
   12.592  FRAME.START             frame=8  hwp=90  qwp=3
   12.596  ELL.TX                  addr=0  deg=90  hex=00008C00  cmd=0ma00008C00
   12.914  ELL.RX                  addr=0  line=0PO00008C01  raw=b'0PO00008C01\r\n'
   12.916  ELL.DONE                addr=0  pos=90.0  dt=0.316  lines=1  leftover=0
   12.916  ELL.TX                  addr=2  deg=3  hex=000004AB  cmd=2ma000004AB
   13.123  ELL.RX                  addr=2  line=2PO000004AB  raw=b'2PO000004AB\r\n'
   13.126  ELL.DONE                addr=2  pos=3.0  dt=0.208  lines=1  leftover=0
   13.529  ARD.TRIG                frame=8  attempt=1
   13.590  ARD.RX                  msg=TRIGGERED  raw=b'TRIGGERED\r\n'  t=0.0
   13.605  ARD.RX                  msg=ARMED  raw=b'ARMED\r\n'  t=0.015
   14.019  ARD.RX                  msg=FRAME_DONE  raw=b'FRAME_DONE\r\n'  t=0.429
   14.020  ARD.FRAME_DONE          frame=8  attempt=1  dt=0.43  leftover=0
   14.021  FRAME.END               frame=8  t_total=1.429  t_hwp=0.32  t_qwp=0.213  t_trig=0.492  attempts=1  flags=ok
   14.022  FRAME.START             frame=9  hwp=161  qwp=40
   14.023  ELL.TX                  addr=0  deg=161  hex=0000FA72  cmd=0ma0000FA72
   14.643  ELL.RX                  addr=0  line=0PO0000FA73  raw=b'0PO0000FA73\r\n'
   14.644  ELL.DONE                addr=0  pos=161.0  dt=0.62  lines=1  leftover=0
   14.645  ELL.TX                  addr=2  deg=40  hex=00003E39  cmd=2ma00003E39
   15.155  ELL.RX                  addr=2  line=2PO00003E36  raw=b'2PO00003E36\r\n'
   15.156  ELL.DONE                addr=2  pos=39.99  dt=0.509  lines=1  leftover=0
   15.566  ARD.TRIG                frame=9  attempt=1
   15.630  ARD.RX                  msg=TRIGGERED  raw=b'TRIGGERED\r\n'  t=0.0
   15.645  ARD.RX                  msg=ARMED  raw=b'ARMED\r\n'  t=0.016
   16.055  ARD.RX                  msg=FRAME_DONE  raw=b'FRAME_DONE\r\n'  t=0.425
   16.056  ARD.FRAME_DONE          frame=9  attempt=1  dt=0.426  leftover=0
   16.057  FRAME.END               frame=9  t_total=2.034  t_hwp=0.622  t_qwp=0.511  t_trig=0.49  attempts=1  flags=SLOW
   16.058  FRAME.START             frame=10  hwp=90  qwp=60
   16.059  ELL.TX                  addr=0  deg=90  hex=00008C00  cmd=0ma00008C00
   16.339  ELL.RX                  addr=0  line=0PO00008C00  raw=b'0PO00008C00\r\n'
   16.340  ELL.DONE                addr=0  pos=90.0  dt=0.28  lines=1  leftover=0
   16.341  ELL.TX                  addr=2  deg=60  hex=00005D55  cmd=2ma00005D55
   16.627  ELL.RX                  addr=2  line=2PO00005D53  raw=b'2PO00005D53\r\n'
   16.628  ELL.DONE                addr=2  pos=59.99  dt=0.287  lines=1  leftover=0
   17.039  ARD.TRIG                frame=10  attempt=1
   17.101  ARD.RX                  msg=TRIGGERED  raw=b'TRIGGERED\r\n'  t=0.0
   17.116  ARD.RX                  msg=ARMED  raw=b'ARMED\r\n'  t=0.015
   17.525  ARD.RX                  msg=FRAME_DONE  raw=b'FRAME_DONE\r\n'  t=0.424
   17.526  ARD.FRAME_DONE          frame=10  attempt=1  dt=0.425  leftover=0
   17.527  FRAME.END               frame=10  t_total=1.469  t_hwp=0.282  t_qwp=0.288  t_trig=0.489  attempts=1  flags=ok
   17.529  FRAME.START             frame=11  hwp=4  qwp=55
   17.530  ELL.TX                  addr=0  deg=4  hex=00000639  cmd=0ma00000639
   17.811  ELL.RX                  addr=0  line=0PO0000063B  raw=b'0PO0000063B\r\n'
   17.812  ELL.DONE                addr=0  pos=4.01  dt=0.281  lines=1  leftover=0
   17.813  ELL.TX                  addr=2  deg=55  hex=0000558E  cmd=2ma0000558E
   18.083  ELL.RX                  addr=2  line=2PO0000558B  raw=b'2PO0000558B\r\n'
   18.084  ELL.DONE                addr=2  pos=54.99  dt=0.27  lines=1  leftover=0
   18.484  ARD.TRIG                frame=11  attempt=1
   18.548  ARD.RX                  msg=TRIGGERED  raw=b'TRIGGERED\r\n'  t=0.0
   18.564  ARD.RX                  msg=ARMED  raw=b'ARMED\r\n'  t=0.016
   18.975  ARD.RX                  msg=FRAME_DONE  raw=b'FRAME_DONE\r\n'  t=0.427
   18.976  ARD.FRAME_DONE          frame=11  attempt=1  dt=0.428  leftover=0
   18.977  FRAME.END               frame=11  t_total=1.448  t_hwp=0.283  t_qwp=0.272  t_trig=0.493  attempts=1  flags=ok
   18.979  FRAME.START             frame=12  hwp=112  qwp=80
   18.979  ELL.TX                  addr=0  deg=112  hex=0000AE39  cmd=0ma0000AE39
   19.443  ELL.RX                  addr=0  line=0PO0000AE3A  raw=b'0PO0000AE3A\r\n'
   19.444  ELL.DONE                addr=0  pos=112.0  dt=0.465  lines=1  leftover=0
   19.446  ELL.TX                  addr=2  deg=80  hex=00007C72  cmd=2ma00007C72
   19.667  ELL.RX                  addr=2  line=2PO00007C72  raw=b'2PO00007C72\r\n'
   19.668  ELL.DONE                addr=2  pos=80.0  dt=0.221  lines=1  leftover=0
   20.069  ARD.TRIG                frame=12  attempt=1
   20.131  ARD.RX                  msg=TRIGGERED  raw=b'TRIGGERED\r\n'  t=0.0
   20.147  ARD.RX                  msg=ARMED  raw=b'ARMED\r\n'  t=0.016
   20.556  ARD.RX                  msg=FRAME_DONE  raw=b'FRAME_DONE\r\n'  t=0.425
   20.557  ARD.FRAME_DONE          frame=12  attempt=1  dt=0.426  leftover=0
   20.558  FRAME.END               frame=12  t_total=1.579  t_hwp=0.466  t_qwp=0.223  t_trig=0.489  attempts=1  flags=ok
   20.560  FRAME.START             frame=13  hwp=25  qwp=75
   20.561  ELL.TX                  addr=0  deg=25  hex=000026E4  cmd=0ma000026E4
   20.835  ELL.RX                  addr=0  line=0PO000026E4  raw=b'0PO000026E4\r\n'
   20.836  ELL.DONE                addr=0  pos=25.0  dt=0.274  lines=1  leftover=0
   20.837  ELL.TX                  addr=2  deg=75  hex=000074AB  cmd=2ma000074AB
   21.107  ELL.RX                  addr=2  line=2PO000074AA  raw=b'2PO000074AA\r\n'
   21.108  ELL.DONE                addr=2  pos=75.0  dt=0.269  lines=1  leftover=0
   21.512  ARD.TRIG                frame=13  attempt=1
   21.575  ARD.RX                  msg=TRIGGERED  raw=b'TRIGGERED\r\n'  t=0.0
   21.590  ARD.RX                  msg=ARMED  raw=b'ARMED\r\n'  t=0.015
   21.998  ARD.RX                  msg=FRAME_DONE  raw=b'FRAME_DONE\r\n'  t=0.423
   21.999  ARD.FRAME_DONE          frame=13  attempt=1  dt=0.424  leftover=0
   22.001  FRAME.END               frame=13  t_total=1.441  t_hwp=0.276  t_qwp=0.272  t_trig=0.489  attempts=1  flags=ok
   22.002  FRAME.START             frame=14  hwp=36  qwp=86
   22.003  ELL.TX                  addr=0  deg=36  hex=00003800  cmd=0ma00003800
   22.179  ELL.RX                  addr=0  line=0PO000037FE  raw=b'0PO000037FE\r\n'
   22.180  ELL.DONE                addr=0  pos=35.99  dt=0.176  lines=1  leftover=0
   22.181  ELL.TX                  addr=2  deg=86  hex=000085C7  cmd=2ma000085C7
   22.483  ELL.RX                  addr=2  line=2PO000085C8  raw=b'2PO000085C8\r\n'
   22.487  ELL.DONE                addr=2  pos=86.0  dt=0.304  lines=1  leftover=0
   22.892  ARD.TRIG                frame=14  attempt=1
   22.956  ARD.RX                  msg=TRIGGERED  raw=b'TRIGGERED\r\n'  t=0.0
   22.971  ARD.RX                  msg=ARMED  raw=b'ARMED\r\n'  t=0.016
   23.378  ARD.RX                  msg=FRAME_DONE  raw=b'FRAME_DONE\r\n'  t=0.423
   23.379  ARD.FRAME_DONE          frame=14  attempt=1  dt=0.424  leftover=0
   23.380  FRAME.END               frame=14  t_total=1.378  t_hwp=0.178  t_qwp=0.308  t_trig=0.488  attempts=1  flags=ok
   23.383  LOOP.END              
