    0.021  SESSION.START           log=D:\1_software\Experimental control software\Synthetic birefringence\pshg_diag_20260611_110146.log  csv=D:\1_software\Experimental control software\Synthetic birefringence\pshg_diag_20260611_110146.csv  file=rotating_linear_pol.xlsx  drain_stale=True
    0.066  ELL.QUERY               cmd=0in  reply='0IN0E1140051420211501016800023000\r\n'
    0.162  ELL.QUERY               cmd=2in  reply='2IN0E1140064920211501016800023000\r\n'
    0.435  ELL.QUERY               cmd=0ho  reply='0PO00000001\r\n'
    0.898  ELL.QUERY               cmd=2ho  reply='2PO00000000\r\n'
    0.930  ELL.QUERY               cmd=0gp  reply='0PO00000001\r\n'
    0.995  ELL.QUERY               cmd=2gp  reply='2POFFFFFFFA\r\n'
    2.006  LOOP.START            
    3.018  FRAME.START             frame=1  hwp=26  qwp=79
    3.023  ELL.TX                  addr=0  deg=26  hex=00002872  cmd=0ma00002872
    3.218  ELL.RX                  addr=0  line=0PO00002870  raw=b'0PO00002870\r\n'
    3.219  ELL.DONE                addr=0  pos=26.0  dt=0.19  lines=1  leftover=0
    3.220  ELL.TX                  addr=2  deg=79  hex=00007AE4  cmd=2ma00007AE4
    3.539  ELL.RX                  addr=2  line=2PO00007AE7  raw=b'2PO00007AE7\r\n'
    3.543  ELL.DONE                addr=2  pos=79.01  dt=0.321  lines=1  leftover=0
    3.958  ARD.TRIG                frame=1  attempt=1
    4.022  ARD.RX                  msg=TRIGGERED  raw=b'TRIGGERED\r\n'  t=0.001
    4.037  ARD.RX                  msg=ARMED  raw=b'ARMED\r\n'  t=0.016
    4.450  ARD.RX                  msg=FRAME_DONE  raw=b'FRAME_DONE\r\n'  t=0.429
    4.452  ARD.FRAME_DONE          frame=1  attempt=1  dt=0.43  leftover=0
    4.452  FRAME.END               frame=1  t_total=1.435  t_hwp=0.197  t_qwp=0.328  t_trig=0.495  attempts=1  flags=ok
    4.454  FRAME.START             frame=2  hwp=38  qwp=90
    4.455  ELL.TX                  addr=0  deg=38  hex=00003B1C  cmd=0ma00003B1C
    4.642  ELL.RX                  addr=0  line=0PO00003B1C  raw=b'0PO00003B1C\r\n'
    4.644  ELL.DONE                addr=0  pos=38.0  dt=0.188  lines=1  leftover=0
    4.645  ELL.TX                  addr=2  deg=90  hex=00008C00  cmd=2ma00008C00
    4.963  ELL.RX                  addr=2  line=2PO00008BFD  raw=b'2PO00008BFD\r\n'
    4.964  ELL.DONE                addr=2  pos=89.99  dt=0.319  lines=1  leftover=0
    5.365  ARD.TRIG                frame=2  attempt=1
    5.430  ARD.RX                  msg=TRIGGERED  raw=b'TRIGGERED\r\n'  t=0.001
    5.446  ARD.RX                  msg=ARMED  raw=b'ARMED\r\n'  t=0.016
    5.857  ARD.RX                  msg=FRAME_DONE  raw=b'FRAME_DONE\r\n'  t=0.427
    5.860  ARD.FRAME_DONE          frame=2  attempt=1  dt=0.43  leftover=0
    5.862  FRAME.END               frame=2  t_total=1.408  t_hwp=0.189  t_qwp=0.32  t_trig=0.497  attempts=1  flags=ok
    5.869  FRAME.START             frame=3  hwp=51  qwp=94
    5.871  ELL.TX                  addr=0  deg=51  hex=00004F55  cmd=0ma00004F55
    6.099  ELL.RX                  addr=0  line=0PO00004F57  raw=b'0PO00004F57\r\n'
    6.102  ELL.DONE                addr=0  pos=51.0  dt=0.228  lines=1  leftover=0
    6.105  ELL.TX                  addr=2  deg=94  hex=00009239  cmd=2ma00009239
    6.403  ELL.RX                  addr=2  line=2PO0000923B  raw=b'2PO0000923B\r\n'
    6.407  ELL.DONE                addr=2  pos=94.01  dt=0.299  lines=1  leftover=0
    6.813  ARD.TRIG                frame=3  attempt=1
    6.876  ARD.RX                  msg=TRIGGERED  raw=b'TRIGGERED\r\n'  t=0.001
    6.892  ARD.RX                  msg=ARMED  raw=b'ARMED\r\n'  t=0.016
    7.310  ARD.RX                  msg=FRAME_DONE  raw=b'FRAME_DONE\r\n'  t=0.435
    7.315  ARD.FRAME_DONE          frame=3  attempt=1  dt=0.439  leftover=0
    7.318  FRAME.END               frame=3  t_total=1.449  t_hwp=0.234  t_qwp=0.307  t_trig=0.505  attempts=1  flags=ok
    7.321  FRAME.START             frame=4  hwp=60  qwp=90
    7.322  ELL.TX                  addr=0  deg=60  hex=00005D55  cmd=0ma00005D55
    7.491  ELL.RX                  addr=0  line=0PO00005D53  raw=b'0PO00005D53\r\n'
    7.493  ELL.DONE                addr=0  pos=59.99  dt=0.17  lines=1  leftover=0
    7.496  ELL.TX                  addr=2  deg=90  hex=00008C00  cmd=2ma00008C00
    7.763  ELL.RX                  addr=2  line=2PO00008C01  raw=b'2PO00008C01\r\n'
    7.765  ELL.DONE                addr=2  pos=90.0  dt=0.266  lines=1  leftover=0
    8.177  ARD.TRIG                frame=4  attempt=1
    8.240  ARD.RX                  msg=TRIGGERED  raw=b'TRIGGERED\r\n'  t=0.001
    8.256  ARD.RX                  msg=ARMED  raw=b'ARMED\r\n'  t=0.016
    8.669  ARD.RX                  msg=FRAME_DONE  raw=b'FRAME_DONE\r\n'  t=0.43
    8.671  ARD.FRAME_DONE          frame=4  attempt=1  dt=0.432  leftover=0
    8.672  FRAME.END               frame=4  t_total=1.352  t_hwp=0.174  t_qwp=0.27  t_trig=0.495  attempts=1  flags=ok
    8.674  FRAME.START             frame=5  hwp=60  qwp=78
    8.675  ELL.TX                  addr=0  deg=60  hex=00005D55  cmd=0ma00005D55
    8.723  ELL.RX                  addr=0  line=0PO00005D52  raw=b'0PO00005D52\r\n'
    8.724  ELL.DONE                addr=0  pos=59.99  dt=0.047  lines=1  leftover=0
    8.725  ELL.TX                  addr=2  deg=78  hex=00007955  cmd=2ma00007955
    8.963  ELL.RX                  addr=2  line=2PO00007957  raw=b'2PO00007957\r\n'
    8.966  ELL.DONE                addr=2  pos=78.0  dt=0.24  lines=1  leftover=0
    9.375  ARD.TRIG                frame=5  attempt=1
    9.439  ARD.RX                  msg=TRIGGERED  raw=b'TRIGGERED\r\n'  t=0.001
    9.454  ARD.RX                  msg=ARMED  raw=b'ARMED\r\n'  t=0.016
    9.865  ARD.RX                  msg=FRAME_DONE  raw=b'FRAME_DONE\r\n'  t=0.427
    9.866  ARD.FRAME_DONE          frame=5  attempt=1  dt=0.428  leftover=0
    9.867  FRAME.END               frame=5  t_total=1.193  t_hwp=0.049  t_qwp=0.246  t_trig=0.493  attempts=1  flags=ok
    9.869  FRAME.START             frame=6  hwp=65  qwp=73
    9.870  ELL.TX                  addr=0  deg=65  hex=0000651C  cmd=0ma0000651C
   10.051  ELL.RX                  addr=0  line=0PO0000651F  raw=b'0PO0000651F\r\n'
   10.052  ELL.DONE                addr=0  pos=65.01  dt=0.18  lines=1  leftover=0
   10.053  ELL.TX                  addr=2  deg=73  hex=0000718E  cmd=2ma0000718E
   10.355  ELL.RX                  addr=2  line=2PO0000718F  raw=b'2PO0000718F\r\n'
   10.356  ELL.DONE                addr=2  pos=73.0  dt=0.303  lines=1  leftover=0
   10.765  ARD.TRIG                frame=6  attempt=1
   10.830  ARD.RX                  msg=TRIGGERED  raw=b'TRIGGERED\r\n'  t=0.0
   10.846  ARD.RX                  msg=ARMED  raw=b'ARMED\r\n'  t=0.016
   11.253  ARD.RX                  msg=FRAME_DONE  raw=b'FRAME_DONE\r\n'  t=0.424
   11.255  ARD.FRAME_DONE          frame=6  attempt=1  dt=0.425  leftover=0
   11.256  FRAME.END               frame=6  t_total=1.386  t_hwp=0.182  t_qwp=0.304  t_trig=0.49  attempts=1  flags=ok
   11.257  FRAME.START             frame=7  hwp=150  qwp=55
   11.258  ELL.TX                  addr=0  deg=150  hex=0000E955  cmd=0ma0000E955
   11.651  ELL.RX                  addr=0  line=0PO0000E957  raw=b'0PO0000E957\r\n'
   11.653  ELL.DONE                addr=0  pos=150.0  dt=0.394  lines=1  leftover=0
   11.655  ELL.TX                  addr=2  deg=55  hex=0000558E  cmd=2ma0000558E
   12.020  ELL.RX                  addr=2  line=2PO0000558B  raw=b'2PO0000558B\r\n'
   12.024  ELL.DONE                addr=2  pos=54.99  dt=0.366  lines=1  leftover=0
   12.431  ARD.TRIG                frame=7  attempt=1
   12.494  ARD.RX                  msg=TRIGGERED  raw=b'TRIGGERED\r\n'  t=0.0
   12.510  ARD.RX                  msg=ARMED  raw=b'ARMED\r\n'  t=0.016
   12.925  ARD.RX                  msg=FRAME_DONE  raw=b'FRAME_DONE\r\n'  t=0.431
   12.927  ARD.FRAME_DONE          frame=7  attempt=1  dt=0.433  leftover=0
   12.929  FRAME.END               frame=7  t_total=1.672  t_hwp=0.397  t_qwp=0.374  t_trig=0.499  attempts=1  flags=ok
   12.933  FRAME.START             frame=8  hwp=90  qwp=3
   12.935  ELL.TX                  addr=0  deg=90  hex=00008C00  cmd=0ma00008C00
   13.219  ELL.RX                  addr=0  line=0PO00008C02  raw=b'0PO00008C02\r\n'
   13.222  ELL.DONE                addr=0  pos=90.01  dt=0.285  lines=1  leftover=0
   13.225  ELL.TX                  addr=2  deg=3  hex=000004AB  cmd=2ma000004AB
   13.443  ELL.RX                  addr=2  line=2PO000004AC  raw=b'2PO000004AC\r\n'
   13.446  ELL.DONE                addr=2  pos=3.0  dt=0.216  lines=1  leftover=0
   13.854  ARD.TRIG                frame=8  attempt=1
   13.918  ARD.RX                  msg=TRIGGERED  raw=b'TRIGGERED\r\n'  t=0.001
   13.933  ARD.RX                  msg=ARMED  raw=b'ARMED\r\n'  t=0.016
   14.346  ARD.RX                  msg=FRAME_DONE  raw=b'FRAME_DONE\r\n'  t=0.429
   14.349  ARD.FRAME_DONE          frame=8  attempt=1  dt=0.433  leftover=0
   14.352  FRAME.END               frame=8  t_total=1.419  t_hwp=0.29  t_qwp=0.224  t_trig=0.498  attempts=1  flags=ok
   14.358  FRAME.START             frame=9  hwp=161  qwp=40
   14.361  ELL.TX                  addr=0  deg=161  hex=0000FA72  cmd=0ma0000FA72
   15.012  ELL.RX                  addr=0  line=0PO0000FA70  raw=b'0PO0000FA70\r\n'
   15.016  ELL.DONE                addr=0  pos=161.0  dt=0.652  lines=1  leftover=0
   15.020  ELL.TX                  addr=2  deg=40  hex=00003E39  cmd=2ma00003E39
   15.619  ELL.RX                  addr=2  line=2PO00003E37  raw=b'2PO00003E37\r\n'
   15.621  ELL.DONE                addr=2  pos=40.0  dt=0.598  lines=1  leftover=0
   16.028  ARD.TRIG                frame=9  attempt=1
   16.091  ARD.RX                  msg=TRIGGERED  raw=b'TRIGGERED\r\n'  t=0.0
   16.107  ARD.RX                  msg=ARMED  raw=b'ARMED\r\n'  t=0.016
   16.519  ARD.RX                  msg=FRAME_DONE  raw=b'FRAME_DONE\r\n'  t=0.428
   16.520  ARD.FRAME_DONE          frame=9  attempt=1  dt=0.429  leftover=0
   16.521  FRAME.END               frame=9  t_total=2.163  t_hwp=0.659  t_qwp=0.604  t_trig=0.493  attempts=1  flags=SLOW
   16.524  FRAME.START             frame=10  hwp=90  qwp=60
   16.525  ELL.TX                  addr=0  deg=90  hex=00008C00  cmd=0ma00008C00
   16.803  ELL.RX                  addr=0  line=0PO00008BFD  raw=b'0PO00008BFD\r\n'
   16.805  ELL.DONE                addr=0  pos=89.99  dt=0.279  lines=1  leftover=0
   16.807  ELL.TX                  addr=2  deg=60  hex=00005D55  cmd=2ma00005D55
   17.076  ELL.RX                  addr=2  line=2PO00005D58  raw=b'2PO00005D58\r\n'
   17.078  ELL.DONE                addr=2  pos=60.01  dt=0.269  lines=1  leftover=0
   17.492  ARD.TRIG                frame=10  attempt=1
   17.556  ARD.RX                  msg=TRIGGERED  raw=b'TRIGGERED\r\n'  t=0.001
   17.572  ARD.RX                  msg=ARMED  raw=b'ARMED\r\n'  t=0.016
   17.983  ARD.RX                  msg=FRAME_DONE  raw=b'FRAME_DONE\r\n'  t=0.428
   17.984  ARD.FRAME_DONE          frame=10  attempt=1  dt=0.429  leftover=0
   17.985  FRAME.END               frame=10  t_total=1.461  t_hwp=0.282  t_qwp=0.274  t_trig=0.493  attempts=1  flags=ok
   17.987  FRAME.START             frame=11  hwp=4  qwp=55
   17.988  ELL.TX                  addr=0  deg=4  hex=00000639  cmd=0ma00000639
   18.339  ELL.RX                  addr=0  line=0PO0000063B  raw=b'0PO0000063B\r\n'
   18.341  ELL.DONE                addr=0  pos=4.01  dt=0.352  lines=1  leftover=0
   18.342  ELL.TX                  addr=2  deg=55  hex=0000558E  cmd=2ma0000558E
   18.579  ELL.RX                  addr=2  line=2PO0000558C  raw=b'2PO0000558C\r\n'
   18.581  ELL.DONE                addr=2  pos=54.99  dt=0.238  lines=1  leftover=0
   18.995  ARD.TRIG                frame=11  attempt=1
   19.060  ARD.RX                  msg=TRIGGERED  raw=b'TRIGGERED\r\n'  t=0.001
   19.076  ARD.RX                  msg=ARMED  raw=b'ARMED\r\n'  t=0.016
   19.489  ARD.RX                  msg=FRAME_DONE  raw=b'FRAME_DONE\r\n'  t=0.43
   19.494  ARD.FRAME_DONE          frame=11  attempt=1  dt=0.434  leftover=0
   19.497  FRAME.END               frame=11  t_total=1.51  t_hwp=0.354  t_qwp=0.239  t_trig=0.502  attempts=1  flags=ok
   19.500  FRAME.START             frame=12  hwp=112  qwp=80
   19.502  ELL.TX                  addr=0  deg=112  hex=0000AE39  cmd=0ma0000AE39
   20.020  ELL.RX                  addr=0  line=0PO0000AE36  raw=b'0PO0000AE36\r\n'
   20.023  ELL.DONE                addr=0  pos=111.99  dt=0.518  lines=1  leftover=0
   20.026  ELL.TX                  addr=2  deg=80  hex=00007C72  cmd=2ma00007C72
   20.323  ELL.RX                  addr=2  line=2PO00007C71  raw=b'2PO00007C71\r\n'
   20.328  ELL.DONE                addr=2  pos=80.0  dt=0.3  lines=1  leftover=0
   20.732  ARD.TRIG                frame=12  attempt=1
   20.797  ARD.RX                  msg=TRIGGERED  raw=b'TRIGGERED\r\n'  t=0.0
   20.812  ARD.RX                  msg=ARMED  raw=b'ARMED\r\n'  t=0.015
   21.224  ARD.RX                  msg=FRAME_DONE  raw=b'FRAME_DONE\r\n'  t=0.428
   21.226  ARD.FRAME_DONE          frame=12  attempt=1  dt=0.43  leftover=0
   21.227  FRAME.END               frame=12  t_total=1.727  t_hwp=0.523  t_qwp=0.307  t_trig=0.495  attempts=1  flags=ok
   21.230  FRAME.START             frame=13  hwp=25  qwp=75
   21.231  ELL.TX                  addr=0  deg=25  hex=000026E4  cmd=0ma000026E4
   21.540  ELL.RX                  addr=0  line=0PO000026E7  raw=b'0PO000026E7\r\n'
   21.544  ELL.DONE                addr=0  pos=25.01  dt=0.313  lines=1  leftover=0
   21.549  ELL.TX                  addr=2  deg=75  hex=000074AB  cmd=2ma000074AB
   21.812  ELL.RX                  addr=2  line=2PO000074AD  raw=b'2PO000074AD\r\n'
   21.815  ELL.DONE                addr=2  pos=75.01  dt=0.26  lines=1  leftover=0
   22.222  ARD.TRIG                frame=13  attempt=1
   22.286  ARD.RX                  msg=TRIGGERED  raw=b'TRIGGERED\r\n'  t=0.0
   22.302  ARD.RX                  msg=ARMED  raw=b'ARMED\r\n'  t=0.016
   22.714  ARD.RX                  msg=FRAME_DONE  raw=b'FRAME_DONE\r\n'  t=0.428
   22.716  ARD.FRAME_DONE          frame=13  attempt=1  dt=0.43  leftover=0
   22.718  FRAME.END               frame=13  t_total=1.489  t_hwp=0.318  t_qwp=0.268  t_trig=0.496  attempts=1  flags=ok
   22.723  FRAME.START             frame=14  hwp=36  qwp=86
   22.726  ELL.TX                  addr=0  deg=36  hex=00003800  cmd=0ma00003800
   22.980  ELL.RX                  addr=0  line=0PO000037FD  raw=b'0PO000037FD\r\n'
   22.985  ELL.DONE                addr=0  pos=35.99  dt=0.256  lines=1  leftover=0
   22.989  ELL.TX                  addr=2  deg=86  hex=000085C7  cmd=2ma000085C7
   23.236  ELL.RX                  addr=2  line=2PO000085CA  raw=b'2PO000085CA\r\n'
   23.240  ELL.DONE                addr=2  pos=86.01  dt=0.247  lines=1  leftover=0
   23.660  ARD.TRIG                frame=14  attempt=1
   23.725  ARD.RX                  msg=TRIGGERED  raw=b'TRIGGERED\r\n'  t=0.001
   23.740  ARD.RX                  msg=ARMED  raw=b'ARMED\r\n'  t=0.016
   24.148  ARD.RX                  msg=FRAME_DONE  raw=b'FRAME_DONE\r\n'  t=0.424
   24.150  ARD.FRAME_DONE          frame=14  attempt=1  dt=0.425  leftover=0
   24.151  FRAME.END               frame=14  t_total=1.428  t_hwp=0.263  t_qwp=0.257  t_trig=0.491  attempts=1  flags=ok
   24.155  LOOP.END              
