    0.020  SESSION.START           log=D:\1_software\Experimental control software\Synthetic birefringence\pshg_diag_20260611_110804.log  csv=D:\1_software\Experimental control software\Synthetic birefringence\pshg_diag_20260611_110804.csv  file=rotating_linear_pol.xlsx  drain_stale=True
    0.066  ELL.QUERY               cmd=0in  reply='0IN0E1140051420211501016800023000\r\n'
    0.161  ELL.QUERY               cmd=2in  reply='2IN0E1140064920211501016800023000\r\n'
    0.385  ELL.QUERY               cmd=0ho  reply='0POFFFFFFFD\r\n'
    0.753  ELL.QUERY               cmd=2ho  reply='2POFFFFFFFE\r\n'
    0.785  ELL.QUERY               cmd=0gp  reply='0POFFFFFFFD\r\n'
    0.849  ELL.QUERY               cmd=2gp  reply='2PO0000000E\r\n'
    1.855  LOOP.START            
    2.872  FRAME.START             frame=1  hwp=26  qwp=79
    2.877  ELL.TX                  addr=0  deg=26  hex=00002872  cmd=0ma00002872
    3.138  ELL.RX                  addr=0  line=0PO00002875  raw=b'0PO00002875\r\n'
    3.142  ELL.DONE                addr=0  pos=26.01  dt=0.259  lines=1  leftover=0
    3.145  ELL.TX                  addr=2  deg=79  hex=00007AE4  cmd=2ma00007AE4
    3.634  ELL.RX                  addr=2  line=2PO00007AE5  raw=b'2PO00007AE5\r\n'
    3.638  ELL.DONE                addr=2  pos=79.0  dt=0.488  lines=1  leftover=0
    4.054  ARD.TRIG                frame=1  attempt=1
    4.118  ARD.RX                  msg=TRIGGERED  raw=b'TRIGGERED\r\n'  t=0.0
    4.134  ARD.RX                  msg=ARMED  raw=b'ARMED\r\n'  t=0.016
    4.544  ARD.RX                  msg=FRAME_DONE  raw=b'FRAME_DONE\r\n'  t=0.426
    4.546  ARD.FRAME_DONE          frame=1  attempt=1  dt=0.428  leftover=0
    4.547  FRAME.END               frame=1  t_total=1.676  t_hwp=0.268  t_qwp=0.498  t_trig=0.493  attempts=1  flags=ok
    4.550  FRAME.START             frame=2  hwp=38  qwp=90
    4.551  ELL.TX                  addr=0  deg=38  hex=00003B1C  cmd=0ma00003B1C
    4.657  ELL.RX                  addr=0  line=0PO00003B19  raw=b'0PO00003B19\r\n'
    4.659  ELL.DONE                addr=0  pos=37.99  dt=0.106  lines=1  leftover=0
    4.660  ELL.TX                  addr=2  deg=90  hex=00008C00  cmd=2ma00008C00
    4.913  ELL.RX                  addr=2  line=2PO00008C03  raw=b'2PO00008C03\r\n'
    4.915  ELL.DONE                addr=2  pos=90.01  dt=0.254  lines=1  leftover=0
    5.324  ARD.TRIG                frame=2  attempt=1
    5.388  ARD.RX                  msg=TRIGGERED  raw=b'TRIGGERED\r\n'  t=0.001
    5.403  ARD.RX                  msg=ARMED  raw=b'ARMED\r\n'  t=0.016
    5.817  ARD.RX                  msg=FRAME_DONE  raw=b'FRAME_DONE\r\n'  t=0.43
    5.821  ARD.FRAME_DONE          frame=2  attempt=1  dt=0.433  leftover=0
    5.823  FRAME.END               frame=2  t_total=1.273  t_hwp=0.109  t_qwp=0.256  t_trig=0.499  attempts=1  flags=ok
    5.829  FRAME.START             frame=3  hwp=51  qwp=94
    5.832  ELL.TX                  addr=0  deg=51  hex=00004F55  cmd=0ma00004F55
    6.049  ELL.RX                  addr=0  line=0PO00004F57  raw=b'0PO00004F57\r\n'
    6.051  ELL.DONE                addr=0  pos=51.0  dt=0.214  lines=1  leftover=0
    6.052  ELL.TX                  addr=2  deg=94  hex=00009239  cmd=2ma00009239
    6.322  ELL.RX                  addr=2  line=2PO0000923C  raw=b'2PO0000923C\r\n'
    6.326  ELL.DONE                addr=2  pos=94.01  dt=0.273  lines=1  leftover=0
    6.744  ARD.TRIG                frame=3  attempt=1
    6.807  ARD.RX                  msg=TRIGGERED  raw=b'TRIGGERED\r\n'  t=0.0
    6.823  ARD.RX                  msg=ARMED  raw=b'ARMED\r\n'  t=0.016
    7.236  ARD.RX                  msg=FRAME_DONE  raw=b'FRAME_DONE\r\n'  t=0.429
    7.240  ARD.FRAME_DONE          frame=3  attempt=1  dt=0.433  leftover=0
    7.244  FRAME.END               frame=3  t_total=1.414  t_hwp=0.219  t_qwp=0.281  t_trig=0.5  attempts=1  flags=ok
    7.248  FRAME.START             frame=4  hwp=60  qwp=90
    7.250  ELL.TX                  addr=0  deg=60  hex=00005D55  cmd=0ma00005D55
    7.489  ELL.RX                  addr=0  line=0PO00005D54  raw=b'0PO00005D54\r\n'
    7.491  ELL.DONE                addr=0  pos=60.0  dt=0.24  lines=1  leftover=0
    7.492  ELL.TX                  addr=2  deg=90  hex=00008C00  cmd=2ma00008C00
    7.810  ELL.RX                  addr=2  line=2PO00008BFD  raw=b'2PO00008BFD\r\n'
    7.812  ELL.DONE                addr=2  pos=89.99  dt=0.319  lines=1  leftover=0
    8.221  ARD.TRIG                frame=4  attempt=1
    8.285  ARD.RX                  msg=TRIGGERED  raw=b'TRIGGERED\r\n'  t=0.001
    8.300  ARD.RX                  msg=ARMED  raw=b'ARMED\r\n'  t=0.016
    8.713  ARD.RX                  msg=FRAME_DONE  raw=b'FRAME_DONE\r\n'  t=0.429
    8.717  ARD.FRAME_DONE          frame=4  attempt=1  dt=0.433  leftover=0
    8.719  FRAME.END               frame=4  t_total=1.471  t_hwp=0.243  t_qwp=0.322  t_trig=0.498  attempts=1  flags=ok
    8.723  FRAME.START             frame=5  hwp=60  qwp=78
    8.725  ELL.TX                  addr=0  deg=60  hex=00005D55  cmd=0ma00005D55
    8.770  ELL.RX                  addr=0  line=0PO00005D56  raw=b'0PO00005D56\r\n'
    8.771  ELL.DONE                addr=0  pos=60.0  dt=0.044  lines=1  leftover=0
    8.772  ELL.TX                  addr=2  deg=78  hex=00007955  cmd=2ma00007955
    9.154  ELL.RX                  addr=2  line=2PO00007956  raw=b'2PO00007956\r\n'
    9.158  ELL.DONE                addr=2  pos=78.0  dt=0.385  lines=1  leftover=0
    9.571  ARD.TRIG                frame=5  attempt=1
    9.635  ARD.RX                  msg=TRIGGERED  raw=b'TRIGGERED\r\n'  t=0.001
    9.650  ARD.RX                  msg=ARMED  raw=b'ARMED\r\n'  t=0.016
   10.064  ARD.RX                  msg=FRAME_DONE  raw=b'FRAME_DONE\r\n'  t=0.431
   10.067  ARD.FRAME_DONE          frame=5  attempt=1  dt=0.433  leftover=0
   10.069  FRAME.END               frame=5  t_total=1.346  t_hwp=0.048  t_qwp=0.39  t_trig=0.498  attempts=1  flags=ok
   10.073  FRAME.START             frame=6  hwp=65  qwp=73
   10.075  ELL.TX                  addr=0  deg=65  hex=0000651C  cmd=0ma0000651C
   10.194  ELL.RX                  addr=0  line=0PO0000651C  raw=b'0PO0000651C\r\n'
   10.196  ELL.DONE                addr=0  pos=65.0  dt=0.119  lines=1  leftover=0
   10.197  ELL.TX                  addr=2  deg=73  hex=0000718E  cmd=2ma0000718E
   10.498  ELL.RX                  addr=2  line=2PO0000718C  raw=b'2PO0000718C\r\n'
   10.503  ELL.DONE                addr=2  pos=72.99  dt=0.305  lines=1  leftover=0
   10.915  ARD.TRIG                frame=6  attempt=1
   10.979  ARD.RX                  msg=TRIGGERED  raw=b'TRIGGERED\r\n'  t=0.0
   10.995  ARD.RX                  msg=ARMED  raw=b'ARMED\r\n'  t=0.016
   11.408  ARD.RX                  msg=FRAME_DONE  raw=b'FRAME_DONE\r\n'  t=0.43
   11.409  ARD.FRAME_DONE          frame=6  attempt=1  dt=0.431  leftover=0
   11.410  FRAME.END               frame=6  t_total=1.337  t_hwp=0.122  t_qwp=0.31  t_trig=0.495  attempts=1  flags=ok
   11.412  FRAME.START             frame=7  hwp=150  qwp=55
   11.412  ELL.TX                  addr=0  deg=150  hex=0000E955  cmd=0ma0000E955
   11.778  ELL.RX                  addr=0  line=0PO0000E952  raw=b'0PO0000E952\r\n'
   11.781  ELL.DONE                addr=0  pos=149.99  dt=0.367  lines=1  leftover=0
   11.782  ELL.TX                  addr=2  deg=55  hex=0000558E  cmd=2ma0000558E
   12.147  ELL.RX                  addr=2  line=2PO00005591  raw=b'2PO00005591\r\n'
   12.150  ELL.DONE                addr=2  pos=55.01  dt=0.366  lines=1  leftover=0
   12.560  ARD.TRIG                frame=7  attempt=1
   12.625  ARD.RX                  msg=TRIGGERED  raw=b'TRIGGERED\r\n'  t=0.001
   12.640  ARD.RX                  msg=ARMED  raw=b'ARMED\r\n'  t=0.016
   13.052  ARD.RX                  msg=FRAME_DONE  raw=b'FRAME_DONE\r\n'  t=0.429
   13.055  ARD.FRAME_DONE          frame=7  attempt=1  dt=0.432  leftover=0
   13.058  FRAME.END               frame=7  t_total=1.647  t_hwp=0.37  t_qwp=0.372  t_trig=0.498  attempts=1  flags=ok
   13.065  FRAME.START             frame=8  hwp=90  qwp=3
   13.067  ELL.TX                  addr=0  deg=90  hex=00008C00  cmd=0ma00008C00
   13.427  ELL.RX                  addr=0  line=0PO00008BFE  raw=b'0PO00008BFE\r\n'
   13.432  ELL.DONE                addr=0  pos=89.99  dt=0.364  lines=1  leftover=0
   13.436  ELL.TX                  addr=2  deg=3  hex=000004AB  cmd=2ma000004AB
   13.874  ELL.RX                  addr=2  line=2PO000004AD  raw=b'2PO000004AD\r\n'
   13.875  ELL.DONE                addr=2  pos=3.01  dt=0.434  lines=1  leftover=0
   14.289  ARD.TRIG                frame=8  attempt=1
   14.353  ARD.RX                  msg=TRIGGERED  raw=b'TRIGGERED\r\n'  t=0.0
   14.369  ARD.RX                  msg=ARMED  raw=b'ARMED\r\n'  t=0.016
   14.781  ARD.RX                  msg=FRAME_DONE  raw=b'FRAME_DONE\r\n'  t=0.428
   14.782  ARD.FRAME_DONE          frame=8  attempt=1  dt=0.429  leftover=0
   14.783  FRAME.END               frame=8  t_total=1.718  t_hwp=0.369  t_qwp=0.441  t_trig=0.494  attempts=1  flags=ok
   14.785  FRAME.START             frame=9  hwp=161  qwp=40
   14.785  ELL.TX                  addr=0  deg=161  hex=0000FA72  cmd=0ma0000FA72
   15.443  ELL.RX                  addr=0  line=0PO0000FA73  raw=b'0PO0000FA73\r\n'
   15.446  ELL.DONE                addr=0  pos=161.0  dt=0.66  lines=1  leftover=0
   15.449  ELL.TX                  addr=2  deg=40  hex=00003E39  cmd=2ma00003E39
   15.794  ELL.RX                  addr=2  line=2PO00003E3A  raw=b'2PO00003E3A\r\n'
   15.797  ELL.DONE                addr=2  pos=40.0  dt=0.345  lines=1  leftover=0
   16.208  ARD.TRIG                frame=9  attempt=1
   16.272  ARD.RX                  msg=TRIGGERED  raw=b'TRIGGERED\r\n'  t=0.0
   16.288  ARD.RX                  msg=ARMED  raw=b'ARMED\r\n'  t=0.016
   16.696  ARD.RX                  msg=FRAME_DONE  raw=b'FRAME_DONE\r\n'  t=0.424
   16.697  ARD.FRAME_DONE          frame=9  attempt=1  dt=0.425  leftover=0
   16.698  FRAME.END               frame=9  t_total=1.914  t_hwp=0.663  t_qwp=0.35  t_trig=0.49  attempts=1  flags=ok
   16.700  FRAME.START             frame=10  hwp=90  qwp=60
   16.700  ELL.TX                  addr=0  deg=90  hex=00008C00  cmd=0ma00008C00
   16.930  ELL.RX                  addr=0  line=0PO00008BFF  raw=b'0PO00008BFF\r\n'
   16.932  ELL.DONE                addr=0  pos=90.0  dt=0.23  lines=1  leftover=0
   16.933  ELL.TX                  addr=2  deg=60  hex=00005D55  cmd=2ma00005D55
   17.554  ELL.RX                  addr=2  line=2PO00005D56  raw=b'2PO00005D56\r\n'
   17.556  ELL.DONE                addr=2  pos=60.0  dt=0.622  lines=1  leftover=0
   17.968  ARD.TRIG                frame=10  attempt=1
   18.033  ARD.RX                  msg=TRIGGERED  raw=b'TRIGGERED\r\n'  t=0.001
   18.049  ARD.RX                  msg=ARMED  raw=b'ARMED\r\n'  t=0.016
   18.459  ARD.RX                  msg=FRAME_DONE  raw=b'FRAME_DONE\r\n'  t=0.427
   18.461  ARD.FRAME_DONE          frame=10  attempt=1  dt=0.428  leftover=0
   18.463  FRAME.END               frame=10  t_total=1.763  t_hwp=0.232  t_qwp=0.624  t_trig=0.495  attempts=1  flags=ok
   18.493  FRAME.START             frame=11  hwp=4  qwp=55
   18.495  ELL.TX                  addr=0  deg=4  hex=00000639  cmd=0ma00000639
   18.802  ELL.RX                  addr=0  line=0PO00000639  raw=b'0PO00000639\r\n'
   18.804  ELL.DONE                addr=0  pos=4.0  dt=0.307  lines=1  leftover=0
   18.804  ELL.TX                  addr=2  deg=55  hex=0000558E  cmd=2ma0000558E
   18.914  ELL.RX                  addr=2  line=2PO0000558F  raw=b'2PO0000558F\r\n'
   18.916  ELL.DONE                addr=2  pos=55.0  dt=0.11  lines=1  leftover=0
   19.321  ARD.TRIG                frame=11  attempt=1
   19.383  ARD.RX                  msg=TRIGGERED  raw=b'TRIGGERED\r\n'  t=0.0
   19.399  ARD.RX                  msg=ARMED  raw=b'ARMED\r\n'  t=0.016
   19.809  ARD.RX                  msg=FRAME_DONE  raw=b'FRAME_DONE\r\n'  t=0.425
   19.810  ARD.FRAME_DONE          frame=11  attempt=1  dt=0.427  leftover=0
   19.812  FRAME.END               frame=11  t_total=1.319  t_hwp=0.31  t_qwp=0.112  t_trig=0.491  attempts=1  flags=ok
   19.814  FRAME.START             frame=12  hwp=112  qwp=80
   19.814  ELL.TX                  addr=0  deg=112  hex=0000AE39  cmd=0ma0000AE39
   20.178  ELL.RX                  addr=0  line=0PO0000AE36  raw=b'0PO0000AE36\r\n'
   20.180  ELL.DONE                addr=0  pos=111.99  dt=0.365  lines=1  leftover=0
   20.181  ELL.TX                  addr=2  deg=80  hex=00007C72  cmd=2ma00007C72
   20.499  ELL.RX                  addr=2  line=2PO00007C73  raw=b'2PO00007C73\r\n'
   20.501  ELL.DONE                addr=2  pos=80.0  dt=0.319  lines=1  leftover=0
   20.905  ARD.TRIG                frame=12  attempt=1
   20.969  ARD.RX                  msg=TRIGGERED  raw=b'TRIGGERED\r\n'  t=0.0
   20.985  ARD.RX                  msg=ARMED  raw=b'ARMED\r\n'  t=0.016
   21.394  ARD.RX                  msg=FRAME_DONE  raw=b'FRAME_DONE\r\n'  t=0.425
   21.395  ARD.FRAME_DONE          frame=12  attempt=1  dt=0.426  leftover=0
   21.396  FRAME.END               frame=12  t_total=1.582  t_hwp=0.367  t_qwp=0.322  t_trig=0.491  attempts=1  flags=ok
   21.397  FRAME.START             frame=13  hwp=25  qwp=75
   21.398  ELL.TX                  addr=0  deg=25  hex=000026E4  cmd=0ma000026E4
   21.683  ELL.RX                  addr=0  line=0PO000026E3  raw=b'0PO000026E3\r\n'
   21.685  ELL.DONE                addr=0  pos=25.0  dt=0.287  lines=1  leftover=0
   21.688  ELL.TX                  addr=2  deg=75  hex=000074AB  cmd=2ma000074AB
   21.891  ELL.RX                  addr=2  line=2PO000074AE  raw=b'2PO000074AE\r\n'
   21.895  ELL.DONE                addr=2  pos=75.01  dt=0.205  lines=1  leftover=0
   22.298  ARD.TRIG                frame=13  attempt=1
   22.362  ARD.RX                  msg=TRIGGERED  raw=b'TRIGGERED\r\n'  t=0.001
   22.378  ARD.RX                  msg=ARMED  raw=b'ARMED\r\n'  t=0.016
   22.791  ARD.RX                  msg=FRAME_DONE  raw=b'FRAME_DONE\r\n'  t=0.429
   22.792  ARD.FRAME_DONE          frame=13  attempt=1  dt=0.43  leftover=0
   22.793  FRAME.END               frame=13  t_total=1.395  t_hwp=0.29  t_qwp=0.211  t_trig=0.495  attempts=1  flags=ok
   22.794  FRAME.START             frame=14  hwp=36  qwp=86
   22.795  ELL.TX                  addr=0  deg=36  hex=00003800  cmd=0ma00003800
   23.011  ELL.RX                  addr=0  line=0PO00003800  raw=b'0PO00003800\r\n'
   23.012  ELL.DONE                addr=0  pos=36.0  dt=0.216  lines=1  leftover=0
   23.013  ELL.TX                  addr=2  deg=86  hex=000085C7  cmd=2ma000085C7
   23.379  ELL.RX                  addr=2  line=2PO000085C7  raw=b'2PO000085C7\r\n'
   23.384  ELL.DONE                addr=2  pos=86.0  dt=0.37  lines=1  leftover=0
   23.799  ARD.TRIG                frame=14  attempt=1
   23.864  ARD.RX                  msg=TRIGGERED  raw=b'TRIGGERED\r\n'  t=0.0
   23.879  ARD.RX                  msg=ARMED  raw=b'ARMED\r\n'  t=0.016
   24.292  ARD.RX                  msg=FRAME_DONE  raw=b'FRAME_DONE\r\n'  t=0.428
   24.293  ARD.FRAME_DONE          frame=14  attempt=1  dt=0.43  leftover=0
   24.294  FRAME.END               frame=14  t_total=1.5  t_hwp=0.218  t_qwp=0.376  t_trig=0.496  attempts=1  flags=ok
   24.299  LOOP.END              
