    0.020  SESSION.START           log=D:\1_software\Experimental control software\Synthetic birefringence\pshg_diag_20260610_123048.log  csv=D:\1_software\Experimental control software\Synthetic birefringence\pshg_diag_20260610_123048.csv  file=rotating_linear_pol.xlsx  drain_stale=True
    0.066  ELL.QUERY               cmd=0in  reply='0IN0E1140051420211501016800023000\r\n'
    0.162  ELL.QUERY               cmd=2in  reply='2IN0E1140064920211501016800023000\r\n'
    0.370  ELL.QUERY               cmd=0ho  reply='0PO00000000\r\n'
    0.786  ELL.QUERY               cmd=2ho  reply='2PO00000000\r\n'
    0.818  ELL.QUERY               cmd=0gp  reply='0PO00000001\r\n'
    0.898  ELL.QUERY               cmd=2gp  reply='2PO00000000\r\n'
    1.909  LOOP.START            
    2.912  FRAME.START             frame=1  hwp=26  qwp=79
    2.913  ELL.TX                  addr=0  deg=26  hex=00002872  cmd=0ma00002872
    3.106  ELL.RX                  addr=0  line=0PO00002872  raw=b'0PO00002872\r\n'
    3.108  ELL.DONE                addr=0  pos=26.0  dt=0.193  lines=1  leftover=0
    3.109  ELL.TX                  addr=2  deg=79  hex=00007AE4  cmd=2ma00007AE4
    3.442  ELL.RX                  addr=2  line=2PO00007AE7  raw=b'2PO00007AE7\r\n'
    3.443  ELL.DONE                addr=2  pos=79.01  dt=0.334  lines=1  leftover=0
    3.845  ARD.TRIG                frame=1  attempt=1
    3.909  ARD.RX                  msg=TRIGGERED  raw=b'TRIGGERED\r\n'  t=0.0
    3.925  ARD.RX                  msg=ARMED  raw=b'ARMED\r\n'  t=0.016
    4.339  ARD.RX                  msg=FRAME_DONE  raw=b'FRAME_DONE\r\n'  t=0.43
    4.342  ARD.FRAME_DONE          frame=1  attempt=1  dt=0.434  leftover=0
    4.344  FRAME.END               frame=1  t_total=1.432  t_hwp=0.196  t_qwp=0.335  t_trig=0.5  attempts=1  flags=ok
    4.347  FRAME.START             frame=2  hwp=38  qwp=90
    4.348  ELL.TX                  addr=0  deg=38  hex=00003B1C  cmd=0ma00003B1C
    4.514  ELL.RX                  addr=0  line=0PO00003B1B  raw=b'0PO00003B1B\r\n'
    4.516  ELL.DONE                addr=0  pos=38.0  dt=0.166  lines=1  leftover=0
    4.517  ELL.TX                  addr=2  deg=90  hex=00008C00  cmd=2ma00008C00
    4.850  ELL.RX                  addr=2  line=2PO00008C03  raw=b'2PO00008C03\r\n'
    4.852  ELL.DONE                addr=2  pos=90.01  dt=0.334  lines=1  leftover=0
    5.255  ARD.TRIG                frame=2  attempt=1
    5.318  ARD.RX                  msg=TRIGGERED  raw=b'TRIGGERED\r\n'  t=0.0
    5.334  ARD.RX                  msg=ARMED  raw=b'ARMED\r\n'  t=0.016
    5.741  ARD.RX                  msg=FRAME_DONE  raw=b'FRAME_DONE\r\n'  t=0.423
    5.742  ARD.FRAME_DONE          frame=2  attempt=1  dt=0.424  leftover=0
    5.743  FRAME.END               frame=2  t_total=1.396  t_hwp=0.168  t_qwp=0.336  t_trig=0.488  attempts=1  flags=ok
    5.745  FRAME.START             frame=3  hwp=51  qwp=94
    5.746  ELL.TX                  addr=0  deg=51  hex=00004F55  cmd=0ma00004F55
    6.018  ELL.RX                  addr=0  line=0PO00004F52  raw=b'0PO00004F52\r\n'
    6.020  ELL.DONE                addr=0  pos=50.99  dt=0.273  lines=1  leftover=0
    6.021  ELL.TX                  addr=2  deg=94  hex=00009239  cmd=2ma00009239
    6.194  ELL.RX                  addr=2  line=2PO00009239  raw=b'2PO00009239\r\n'
    6.195  ELL.DONE                addr=2  pos=94.0  dt=0.174  lines=1  leftover=0
    6.601  ARD.TRIG                frame=3  attempt=1
    6.664  ARD.RX                  msg=TRIGGERED  raw=b'TRIGGERED\r\n'  t=0.0
    6.679  ARD.RX                  msg=ARMED  raw=b'ARMED\r\n'  t=0.016
    7.093  ARD.RX                  msg=FRAME_DONE  raw=b'FRAME_DONE\r\n'  t=0.429
    7.094  ARD.FRAME_DONE          frame=3  attempt=1  dt=0.43  leftover=0
    7.095  FRAME.END               frame=3  t_total=1.35  t_hwp=0.275  t_qwp=0.176  t_trig=0.495  attempts=1  flags=ok
    7.097  FRAME.START             frame=4  hwp=60  qwp=90
    7.097  ELL.TX                  addr=0  deg=60  hex=00005D55  cmd=0ma00005D55
    7.298  ELL.RX                  addr=0  line=0PO00005D53  raw=b'0PO00005D53\r\n'
    7.300  ELL.DONE                addr=0  pos=59.99  dt=0.201  lines=1  leftover=0
    7.301  ELL.TX                  addr=2  deg=90  hex=00008C00  cmd=2ma00008C00
    7.587  ELL.RX                  addr=2  line=2PO00008BFF  raw=b'2PO00008BFF\r\n'
    7.588  ELL.DONE                addr=2  pos=90.0  dt=0.287  lines=1  leftover=0
    7.989  ARD.TRIG                frame=4  attempt=1
    8.054  ARD.RX                  msg=TRIGGERED  raw=b'TRIGGERED\r\n'  t=0.0
    8.068  ARD.RX                  msg=ARMED  raw=b'ARMED\r\n'  t=0.014
    8.489  ARD.RX                  msg=FRAME_DONE  raw=b'FRAME_DONE\r\n'  t=0.435
    8.492  ARD.FRAME_DONE          frame=4  attempt=1  dt=0.437  leftover=0
    8.493  FRAME.END               frame=4  t_total=1.396  t_hwp=0.203  t_qwp=0.288  t_trig=0.504  attempts=1  flags=ok
    8.494  FRAME.START             frame=5  hwp=60  qwp=78
    8.495  ELL.TX                  addr=0  deg=60  hex=00005D55  cmd=0ma00005D55
    8.546  ELL.RX                  addr=0  line=0PO00005D52  raw=b'0PO00005D52\r\n'
    8.548  ELL.DONE                addr=0  pos=59.99  dt=0.052  lines=1  leftover=0
    8.549  ELL.TX                  addr=2  deg=78  hex=00007955  cmd=2ma00007955
    8.803  ELL.RX                  addr=2  line=2PO00007957  raw=b'2PO00007957\r\n'
    8.804  ELL.DONE                addr=2  pos=78.0  dt=0.254  lines=1  leftover=0
    9.206  ARD.TRIG                frame=5  attempt=1
    9.269  ARD.RX                  msg=TRIGGERED  raw=b'TRIGGERED\r\n'  t=0.0
    9.284  ARD.RX                  msg=ARMED  raw=b'ARMED\r\n'  t=0.016
    9.695  ARD.RX                  msg=FRAME_DONE  raw=b'FRAME_DONE\r\n'  t=0.426
    9.696  ARD.FRAME_DONE          frame=5  attempt=1  dt=0.428  leftover=0
    9.697  FRAME.END               frame=5  t_total=1.203  t_hwp=0.054  t_qwp=0.256  t_trig=0.491  attempts=1  flags=ok
    9.700  FRAME.START             frame=6  hwp=65  qwp=73
    9.700  ELL.TX                  addr=0  deg=65  hex=0000651C  cmd=0ma0000651C
   10.003  ELL.RX                  addr=0  line=0PO0000651A  raw=b'0PO0000651A\r\n'
   10.004  ELL.DONE                addr=0  pos=64.99  dt=0.303  lines=1  leftover=0
   10.005  ELL.TX                  addr=2  deg=73  hex=0000718E  cmd=2ma0000718E
   10.291  ELL.RX                  addr=2  line=2PO0000718E  raw=b'2PO0000718E\r\n'
   10.292  ELL.DONE                addr=2  pos=73.0  dt=0.286  lines=1  leftover=0
   10.708  ARD.TRIG                frame=6  attempt=1
   10.773  ARD.RX                  msg=TRIGGERED  raw=b'TRIGGERED\r\n'  t=0.0
   10.789  ARD.RX                  msg=ARMED  raw=b'ARMED\r\n'  t=0.016
   11.198  ARD.RX                  msg=FRAME_DONE  raw=b'FRAME_DONE\r\n'  t=0.425
   11.199  ARD.FRAME_DONE          frame=6  attempt=1  dt=0.426  leftover=0
   11.199  FRAME.END               frame=6  t_total=1.5  t_hwp=0.304  t_qwp=0.288  t_trig=0.491  attempts=1  flags=ok
   11.201  FRAME.START             frame=7  hwp=150  qwp=55
   11.202  ELL.TX                  addr=0  deg=150  hex=0000E955  cmd=0ma0000E955
   11.619  ELL.RX                  addr=0  line=0PO0000E954  raw=b'0PO0000E954\r\n'
   11.620  ELL.DONE                addr=0  pos=150.0  dt=0.418  lines=1  leftover=0
   11.621  ELL.TX                  addr=2  deg=55  hex=0000558E  cmd=2ma0000558E
   11.891  ELL.RX                  addr=2  line=2PO0000558F  raw=b'2PO0000558F\r\n'
   11.892  ELL.DONE                addr=2  pos=55.0  dt=0.269  lines=1  leftover=0
   12.299  ARD.TRIG                frame=7  attempt=1
   12.362  ARD.RX                  msg=TRIGGERED  raw=b'TRIGGERED\r\n'  t=0.001
   12.378  ARD.RX                  msg=ARMED  raw=b'ARMED\r\n'  t=0.016
   12.790  ARD.RX                  msg=FRAME_DONE  raw=b'FRAME_DONE\r\n'  t=0.429
   12.791  ARD.FRAME_DONE          frame=7  attempt=1  dt=0.43  leftover=0
   12.792  FRAME.END               frame=7  t_total=1.591  t_hwp=0.419  t_qwp=0.272  t_trig=0.493  attempts=1  flags=ok
   12.794  FRAME.START             frame=8  hwp=90  qwp=3
   12.795  ELL.TX                  addr=0  deg=90  hex=00008C00  cmd=0ma00008C00
   13.075  ELL.RX                  addr=0  line=0PO00008BFF  raw=b'0PO00008BFF\r\n'
   13.076  ELL.DONE                addr=0  pos=90.0  dt=0.28  lines=1  leftover=0
   13.077  ELL.TX                  addr=2  deg=3  hex=000004AB  cmd=2ma000004AB
   13.491  ELL.RX                  addr=2  line=2PO000004A8  raw=b'2PO000004A8\r\n'
   13.492  ELL.DONE                addr=2  pos=2.99  dt=0.414  lines=1  leftover=0
   13.908  ARD.TRIG                frame=8  attempt=1
   13.972  ARD.RX                  msg=TRIGGERED  raw=b'TRIGGERED\r\n'  t=0.0
   13.988  ARD.RX                  msg=ARMED  raw=b'ARMED\r\n'  t=0.016
   14.396  ARD.RX                  msg=FRAME_DONE  raw=b'FRAME_DONE\r\n'  t=0.423
   14.397  ARD.FRAME_DONE          frame=8  attempt=1  dt=0.425  leftover=0
   14.399  FRAME.END               frame=8  t_total=1.605  t_hwp=0.282  t_qwp=0.416  t_trig=0.49  attempts=1  flags=ok
   14.401  FRAME.START             frame=9  hwp=161  qwp=40
   14.402  ELL.TX                  addr=0  deg=161  hex=0000FA72  cmd=0ma0000FA72
   14.755  ELL.RX                  addr=0  line=0PO0000FA75  raw=b'0PO0000FA75\r\n'
   14.757  ELL.DONE                addr=0  pos=161.01  dt=0.352  lines=1  leftover=0
   14.758  ELL.TX                  addr=2  deg=40  hex=00003E39  cmd=2ma00003E39
   15.107  ELL.RX                  addr=2  line=2PO00003E36  raw=b'2PO00003E36\r\n'
   15.108  ELL.DONE                addr=2  pos=39.99  dt=0.348  lines=1  leftover=0
   15.523  ARD.TRIG                frame=9  attempt=1
   15.586  ARD.RX                  msg=TRIGGERED  raw=b'TRIGGERED\r\n'  t=0.0
   15.601  ARD.RX                  msg=ARMED  raw=b'ARMED\r\n'  t=0.015
   16.010  ARD.RX                  msg=FRAME_DONE  raw=b'FRAME_DONE\r\n'  t=0.424
   16.011  ARD.FRAME_DONE          frame=9  attempt=1  dt=0.425  leftover=0
   16.012  FRAME.END               frame=9  t_total=1.611  t_hwp=0.356  t_qwp=0.351  t_trig=0.489  attempts=1  flags=ok
   16.013  FRAME.START             frame=10  hwp=90  qwp=60
   16.014  ELL.TX                  addr=0  deg=90  hex=00008C00  cmd=0ma00008C00
   16.339  ELL.RX                  addr=0  line=0PO00008C00  raw=b'0PO00008C00\r\n'
   16.343  ELL.DONE                addr=0  pos=90.0  dt=0.328  lines=1  leftover=0
   16.346  ELL.TX                  addr=2  deg=60  hex=00005D55  cmd=2ma00005D55
   16.659  ELL.RX                  addr=2  line=2PO00005D56  raw=b'2PO00005D56\r\n'
   16.660  ELL.DONE                addr=2  pos=60.0  dt=0.312  lines=1  leftover=0
   17.073  ARD.TRIG                frame=10  attempt=1
   17.137  ARD.RX                  msg=TRIGGERED  raw=b'TRIGGERED\r\n'  t=0.0
   17.153  ARD.RX                  msg=ARMED  raw=b'ARMED\r\n'  t=0.016
   17.563  ARD.RX                  msg=FRAME_DONE  raw=b'FRAME_DONE\r\n'  t=0.426
   17.564  ARD.FRAME_DONE          frame=10  attempt=1  dt=0.427  leftover=0
   17.566  FRAME.END               frame=10  t_total=1.553  t_hwp=0.332  t_qwp=0.315  t_trig=0.493  attempts=1  flags=ok
   17.570  FRAME.START             frame=11  hwp=4  qwp=55
   17.572  ELL.TX                  addr=0  deg=4  hex=00000639  cmd=0ma00000639
   17.923  ELL.RX                  addr=0  line=0PO00000636  raw=b'0PO00000636\r\n'
   17.924  ELL.DONE                addr=0  pos=3.99  dt=0.35  lines=1  leftover=0
   17.925  ELL.TX                  addr=2  deg=55  hex=0000558E  cmd=2ma0000558E
   18.036  ELL.RX                  addr=2  line=2PO0000558C  raw=b'2PO0000558C\r\n'
   18.040  ELL.DONE                addr=2  pos=54.99  dt=0.114  lines=1  leftover=0
   18.447  ARD.TRIG                frame=11  attempt=1
   18.512  ARD.RX                  msg=TRIGGERED  raw=b'TRIGGERED\r\n'  t=0.001
   18.527  ARD.RX                  msg=ARMED  raw=b'ARMED\r\n'  t=0.016
   18.943  ARD.RX                  msg=FRAME_DONE  raw=b'FRAME_DONE\r\n'  t=0.431
   18.945  ARD.FRAME_DONE          frame=11  attempt=1  dt=0.434  leftover=0
   18.946  FRAME.END               frame=11  t_total=1.377  t_hwp=0.353  t_qwp=0.118  t_trig=0.499  attempts=1  flags=ok
   18.948  FRAME.START             frame=12  hwp=112  qwp=80
   18.949  ELL.TX                  addr=0  deg=112  hex=0000AE39  cmd=0ma0000AE39
   19.363  ELL.RX                  addr=0  line=0PO0000AE38  raw=b'0PO0000AE38\r\n'
   19.365  ELL.DONE                addr=0  pos=112.0  dt=0.415  lines=1  leftover=0
   19.366  ELL.TX                  addr=2  deg=80  hex=00007C72  cmd=2ma00007C72
   19.635  ELL.RX                  addr=2  line=2PO00007C74  raw=b'2PO00007C74\r\n'
   19.636  ELL.DONE                addr=2  pos=80.01  dt=0.27  lines=1  leftover=0
   20.047  ARD.TRIG                frame=12  attempt=1
   20.111  ARD.RX                  msg=TRIGGERED  raw=b'TRIGGERED\r\n'  t=0.0
   20.126  ARD.RX                  msg=ARMED  raw=b'ARMED\r\n'  t=0.015
   20.537  ARD.RX                  msg=FRAME_DONE  raw=b'FRAME_DONE\r\n'  t=0.427
   20.539  ARD.FRAME_DONE          frame=12  attempt=1  dt=0.428  leftover=0
   20.540  FRAME.END               frame=12  t_total=1.592  t_hwp=0.416  t_qwp=0.271  t_trig=0.493  attempts=1  flags=ok
   20.543  FRAME.START             frame=13  hwp=25  qwp=75
   20.544  ELL.TX                  addr=0  deg=25  hex=000026E4  cmd=0ma000026E4
   20.819  ELL.RX                  addr=0  line=0PO000026E4  raw=b'0PO000026E4\r\n'
   20.821  ELL.DONE                addr=0  pos=25.0  dt=0.276  lines=1  leftover=0
   20.822  ELL.TX                  addr=2  deg=75  hex=000074AB  cmd=2ma000074AB
   21.076  ELL.RX                  addr=2  line=2PO000074A8  raw=b'2PO000074A8\r\n'
   21.080  ELL.DONE                addr=2  pos=74.99  dt=0.258  lines=1  leftover=0
   21.486  ARD.TRIG                frame=13  attempt=1
   21.547  ARD.RX                  msg=TRIGGERED  raw=b'TRIGGERED\r\n'  t=0.0
   21.563  ARD.RX                  msg=ARMED  raw=b'ARMED\r\n'  t=0.016
   21.973  ARD.RX                  msg=FRAME_DONE  raw=b'FRAME_DONE\r\n'  t=0.426
   21.976  ARD.FRAME_DONE          frame=13  attempt=1  dt=0.429  leftover=0
   21.978  FRAME.END               frame=13  t_total=1.436  t_hwp=0.278  t_qwp=0.259  t_trig=0.492  attempts=1  flags=ok
   21.982  FRAME.START             frame=14  hwp=36  qwp=86
   21.986  ELL.TX                  addr=0  deg=36  hex=00003800  cmd=0ma00003800
   22.116  ELL.RX                  addr=0  line=0PO00003802  raw=b'0PO00003802\r\n'
   22.117  ELL.DONE                addr=0  pos=36.01  dt=0.128  lines=1  leftover=0
   22.118  ELL.TX                  addr=2  deg=86  hex=000085C7  cmd=2ma000085C7
   22.387  ELL.RX                  addr=2  line=2PO000085C6  raw=b'2PO000085C6\r\n'
   22.388  ELL.DONE                addr=2  pos=86.0  dt=0.269  lines=1  leftover=0
   22.802  ARD.TRIG                frame=14  attempt=1
   22.867  ARD.RX                  msg=TRIGGERED  raw=b'TRIGGERED\r\n'  t=0.0
   22.882  ARD.RX                  msg=ARMED  raw=b'ARMED\r\n'  t=0.015
   23.292  ARD.RX                  msg=FRAME_DONE  raw=b'FRAME_DONE\r\n'  t=0.425
   23.294  ARD.FRAME_DONE          frame=14  attempt=1  dt=0.427  leftover=0
   23.296  FRAME.END               frame=14  t_total=1.315  t_hwp=0.132  t_qwp=0.271  t_trig=0.494  attempts=1  flags=ok
   23.303  LOOP.END              
