    0.021  SESSION.START           log=D:\1_software\Experimental control software\Synthetic birefringence\delta 0.25\pshg_diag_20260610_134011.log  csv=D:\1_software\Experimental control software\Synthetic birefringence\delta 0.25\pshg_diag_20260610_134011.csv  file=delta_waves=0.250_fast_axis=65.xlsx  drain_stale=True
    0.066  ELL.QUERY               cmd=0in  reply='0IN0E1140051420211501016800023000\r\n'
    0.162  ELL.QUERY               cmd=2in  reply='2IN0E1140064920211501016800023000\r\n'
    0.386  ELL.QUERY               cmd=0ho  reply='0PO00000001\r\n'
    1.011  ELL.QUERY               cmd=2ho  reply='2PO00000003\r\n'
    1.042  ELL.QUERY               cmd=0gp  reply='0PO00000001\r\n'
    1.122  ELL.QUERY               cmd=2gp  reply='2POFFFFFFFE\r\n'
    2.138  LOOP.START            
    3.159  FRAME.START             frame=1  hwp=132  qwp=79
    3.162  ELL.TX                  addr=0  deg=132  hex=0000CD55  cmd=0ma0000CD55
    3.667  ELL.RX                  addr=0  line=0PO0000CD53  raw=b'0PO0000CD53\r\n'
    3.668  ELL.DONE                addr=0  pos=131.99  dt=0.5  lines=1  leftover=0
    3.669  ELL.TX                  addr=2  deg=79  hex=00007AE4  cmd=2ma00007AE4
    4.098  ELL.RX                  addr=2  line=2PO00007AE6  raw=b'2PO00007AE6\r\n'
    4.100  ELL.DONE                addr=2  pos=79.01  dt=0.43  lines=1  leftover=0
    4.514  ARD.TRIG                frame=1  attempt=1
    4.578  ARD.RX                  msg=TRIGGERED  raw=b'TRIGGERED\r\n'  t=0.0
    4.593  ARD.RX                  msg=ARMED  raw=b'ARMED\r\n'  t=0.016
    5.005  ARD.RX                  msg=FRAME_DONE  raw=b'FRAME_DONE\r\n'  t=0.427
    5.006  ARD.FRAME_DONE          frame=1  attempt=1  dt=0.428  leftover=0
    5.007  FRAME.END               frame=1  t_total=1.848  t_hwp=0.507  t_qwp=0.431  t_trig=0.493  attempts=1  flags=ok
    5.009  FRAME.START             frame=2  hwp=45  qwp=100
    5.009  ELL.TX                  addr=0  deg=45  hex=00004600  cmd=0ma00004600
    5.315  ELL.RX                  addr=0  line=0PO000045FE  raw=b'0PO000045FE\r\n'
    5.316  ELL.DONE                addr=0  pos=44.99  dt=0.306  lines=1  leftover=0
    5.317  ELL.TX                  addr=2  deg=100  hex=00009B8E  cmd=2ma00009B8E
    5.635  ELL.RX                  addr=2  line=2PO00009B8F  raw=b'2PO00009B8F\r\n'
    5.636  ELL.DONE                addr=2  pos=100.0  dt=0.318  lines=1  leftover=0
    6.052  ARD.TRIG                frame=2  attempt=1
    6.116  ARD.RX                  msg=TRIGGERED  raw=b'TRIGGERED\r\n'  t=0.0
    6.132  ARD.RX                  msg=ARMED  raw=b'ARMED\r\n'  t=0.016
    6.542  ARD.RX                  msg=FRAME_DONE  raw=b'FRAME_DONE\r\n'  t=0.426
    6.544  ARD.FRAME_DONE          frame=2  attempt=1  dt=0.427  leftover=0
    6.545  FRAME.END               frame=2  t_total=1.536  t_hwp=0.308  t_qwp=0.32  t_trig=0.493  attempts=1  flags=ok
    6.548  FRAME.START             frame=3  hwp=138  qwp=91
    6.549  ELL.TX                  addr=0  deg=138  hex=0000D6AB  cmd=0ma0000D6AB
    6.995  ELL.RX                  addr=0  line=0PO0000D6A8  raw=b'0PO0000D6A8\r\n'
    6.996  ELL.DONE                addr=0  pos=137.99  dt=0.446  lines=1  leftover=0
    6.997  ELL.TX                  addr=2  deg=91  hex=00008D8E  cmd=2ma00008D8E
    7.235  ELL.RX                  addr=2  line=2PO00008D8D  raw=b'2PO00008D8D\r\n'
    7.236  ELL.DONE                addr=2  pos=91.0  dt=0.238  lines=1  leftover=0
    7.653  ARD.TRIG                frame=3  attempt=1
    7.717  ARD.RX                  msg=TRIGGERED  raw=b'TRIGGERED\r\n'  t=0.0
    7.733  ARD.RX                  msg=ARMED  raw=b'ARMED\r\n'  t=0.016
    8.140  ARD.RX                  msg=FRAME_DONE  raw=b'FRAME_DONE\r\n'  t=0.423
    8.141  ARD.FRAME_DONE          frame=3  attempt=1  dt=0.424  leftover=0
    8.142  FRAME.END               frame=3  t_total=1.594  t_hwp=0.448  t_qwp=0.24  t_trig=0.489  attempts=1  flags=ok
    8.143  FRAME.START             frame=4  hwp=36  qwp=68
    8.144  ELL.TX                  addr=0  deg=36  hex=00003800  cmd=0ma00003800
    8.435  ELL.RX                  addr=0  line=0PO00003803  raw=b'0PO00003803\r\n'
    8.436  ELL.DONE                addr=0  pos=36.01  dt=0.291  lines=1  leftover=0
    8.437  ELL.TX                  addr=2  deg=68  hex=000069C7  cmd=2ma000069C7
    8.755  ELL.RX                  addr=2  line=2PO000069C9  raw=b'2PO000069C9\r\n'
    8.756  ELL.DONE                addr=2  pos=68.0  dt=0.317  lines=1  leftover=0
    9.161  ARD.TRIG                frame=4  attempt=1
    9.225  ARD.RX                  msg=TRIGGERED  raw=b'TRIGGERED\r\n'  t=0.0
    9.241  ARD.RX                  msg=ARMED  raw=b'ARMED\r\n'  t=0.016
    9.653  ARD.RX                  msg=FRAME_DONE  raw=b'FRAME_DONE\r\n'  t=0.428
    9.654  ARD.FRAME_DONE          frame=4  attempt=1  dt=0.429  leftover=0
    9.655  FRAME.END               frame=4  t_total=1.512  t_hwp=0.293  t_qwp=0.319  t_trig=0.494  attempts=1  flags=ok
    9.657  FRAME.START             frame=5  hwp=50  qwp=1
    9.658  ELL.TX                  addr=0  deg=50  hex=00004DC7  cmd=0ma00004DC7
    9.923  ELL.RX                  addr=0  line=0PO00004DC4  raw=b'0PO00004DC4\r\n'
    9.924  ELL.DONE                addr=0  pos=49.99  dt=0.265  lines=1  leftover=0
    9.925  ELL.TX                  addr=2  deg=1  hex=0000018E  cmd=2ma0000018E
   10.387  ELL.RX                  addr=2  line=2PO0000018F  raw=b'2PO0000018F\r\n'
   10.388  ELL.DONE                addr=2  pos=1.0  dt=0.462  lines=1  leftover=0
   10.792  ARD.TRIG                frame=5  attempt=1
   10.857  ARD.RX                  msg=TRIGGERED  raw=b'TRIGGERED\r\n'  t=0.0
   10.872  ARD.RX                  msg=ARMED  raw=b'ARMED\r\n'  t=0.016
   11.283  ARD.RX                  msg=FRAME_DONE  raw=b'FRAME_DONE\r\n'  t=0.426
   11.284  ARD.FRAME_DONE          frame=5  attempt=1  dt=0.427  leftover=0
   11.286  FRAME.END               frame=5  t_total=1.629  t_hwp=0.268  t_qwp=0.464  t_trig=0.493  attempts=1  flags=ok
   11.288  FRAME.START             frame=6  hwp=112  qwp=45
   11.290  ELL.TX                  addr=0  deg=112  hex=0000AE39  cmd=0ma0000AE39
   11.587  ELL.RX                  addr=0  line=0PO0000AE3A  raw=b'0PO0000AE3A\r\n'
   11.589  ELL.DONE                addr=0  pos=112.0  dt=0.298  lines=1  leftover=0
   11.590  ELL.TX                  addr=2  deg=45  hex=00004600  cmd=2ma00004600
   12.067  ELL.RX                  addr=2  line=2PO000045FD  raw=b'2PO000045FD\r\n'
   12.069  ELL.DONE                addr=2  pos=44.99  dt=0.478  lines=1  leftover=0
   12.483  ARD.TRIG                frame=6  attempt=1
   12.547  ARD.RX                  msg=TRIGGERED  raw=b'TRIGGERED\r\n'  t=0.0
   12.563  ARD.RX                  msg=ARMED  raw=b'ARMED\r\n'  t=0.016
   12.973  ARD.RX                  msg=FRAME_DONE  raw=b'FRAME_DONE\r\n'  t=0.426
   12.974  ARD.FRAME_DONE          frame=6  attempt=1  dt=0.427  leftover=0
   12.975  FRAME.END               frame=6  t_total=1.687  t_hwp=0.3  t_qwp=0.48  t_trig=0.492  attempts=1  flags=ok
   12.977  FRAME.START             frame=7  hwp=145  qwp=15
   12.978  ELL.TX                  addr=0  deg=145  hex=0000E18E  cmd=0ma0000E18E
   13.331  ELL.RX                  addr=0  line=0PO0000E18F  raw=b'0PO0000E18F\r\n'
   13.332  ELL.DONE                addr=0  pos=145.0  dt=0.354  lines=1  leftover=0
   13.334  ELL.TX                  addr=2  deg=15  hex=00001755  cmd=2ma00001755
   13.748  ELL.RX                  addr=2  line=2PO00001758  raw=b'2PO00001758\r\n'
   13.750  ELL.DONE                addr=2  pos=15.01  dt=0.415  lines=1  leftover=0
   14.166  ARD.TRIG                frame=7  attempt=1
   14.230  ARD.RX                  msg=TRIGGERED  raw=b'TRIGGERED\r\n'  t=0.0
   14.246  ARD.RX                  msg=ARMED  raw=b'ARMED\r\n'  t=0.016
   14.658  ARD.RX                  msg=FRAME_DONE  raw=b'FRAME_DONE\r\n'  t=0.427
   14.660  ARD.FRAME_DONE          frame=7  attempt=1  dt=0.43  leftover=0
   14.662  FRAME.END               frame=7  t_total=1.685  t_hwp=0.355  t_qwp=0.418  t_trig=0.496  attempts=1  flags=ok
   14.666  FRAME.START             frame=8  hwp=144  qwp=26
   14.668  ELL.TX                  addr=0  deg=144  hex=0000E000  cmd=0ma0000E000
   14.883  ELL.RX                  addr=0  line=0PO0000DFFF  raw=b'0PO0000DFFF\r\n'
   14.885  ELL.DONE                addr=0  pos=144.0  dt=0.214  lines=1  leftover=0
   14.886  ELL.TX                  addr=2  deg=26  hex=00002872  cmd=2ma00002872
   15.139  ELL.RX                  addr=2  line=2PO00002873  raw=b'2PO00002873\r\n'
   15.140  ELL.DONE                addr=2  pos=26.0  dt=0.254  lines=1  leftover=0
   15.549  ARD.TRIG                frame=8  attempt=1
   15.614  ARD.RX                  msg=TRIGGERED  raw=b'TRIGGERED\r\n'  t=0.0
   15.629  ARD.RX                  msg=ARMED  raw=b'ARMED\r\n'  t=0.016
   16.037  ARD.RX                  msg=FRAME_DONE  raw=b'FRAME_DONE\r\n'  t=0.424
   16.038  ARD.FRAME_DONE          frame=8  attempt=1  dt=0.425  leftover=0
   16.038  FRAME.END               frame=8  t_total=1.372  t_hwp=0.218  t_qwp=0.255  t_trig=0.49  attempts=1  flags=ok
   16.041  FRAME.START             frame=9  hwp=144  qwp=26
   16.042  ELL.TX                  addr=0  deg=144  hex=0000E000  cmd=0ma0000E000
   16.083  ELL.RX                  addr=0  line=0PO0000DFFD  raw=b'0PO0000DFFD\r\n'
   16.085  ELL.DONE                addr=0  pos=143.99  dt=0.042  lines=1  leftover=0
   16.086  ELL.TX                  addr=2  deg=26  hex=00002872  cmd=2ma00002872
   16.163  ELL.RX                  addr=2  line=2PO00002872  raw=b'2PO00002872\r\n'
   16.165  ELL.DONE                addr=2  pos=26.0  dt=0.078  lines=1  leftover=0
   16.577  ARD.TRIG                frame=9  attempt=1
   16.641  ARD.RX                  msg=TRIGGERED  raw=b'TRIGGERED\r\n'  t=0.0
   16.657  ARD.RX                  msg=ARMED  raw=b'ARMED\r\n'  t=0.016
   17.065  ARD.RX                  msg=FRAME_DONE  raw=b'FRAME_DONE\r\n'  t=0.424
   17.066  ARD.FRAME_DONE          frame=9  attempt=1  dt=0.425  leftover=0
   17.067  FRAME.END               frame=9  t_total=1.026  t_hwp=0.044  t_qwp=0.081  t_trig=0.49  attempts=1  flags=ok
   17.069  FRAME.START             frame=10  hwp=145  qwp=15
   17.069  ELL.TX                  addr=0  deg=145  hex=0000E18E  cmd=0ma0000E18E
   17.236  ELL.RX                  addr=0  line=0PO0000E18D  raw=b'0PO0000E18D\r\n'
   17.237  ELL.DONE                addr=0  pos=145.0  dt=0.167  lines=1  leftover=0
   17.238  ELL.TX                  addr=2  deg=15  hex=00001755  cmd=2ma00001755
   17.411  ELL.RX                  addr=2  line=2PO00001754  raw=b'2PO00001754\r\n'
   17.413  ELL.DONE                addr=2  pos=15.0  dt=0.174  lines=1  leftover=0
   17.814  ARD.TRIG                frame=10  attempt=1
   17.879  ARD.RX                  msg=TRIGGERED  raw=b'TRIGGERED\r\n'  t=0.0
   17.893  ARD.RX                  msg=ARMED  raw=b'ARMED\r\n'  t=0.015
   18.304  ARD.RX                  msg=FRAME_DONE  raw=b'FRAME_DONE\r\n'  t=0.426
   18.305  ARD.FRAME_DONE          frame=10  attempt=1  dt=0.427  leftover=0
   18.307  FRAME.END               frame=10  t_total=1.239  t_hwp=0.169  t_qwp=0.176  t_trig=0.493  attempts=1  flags=ok
   18.309  FRAME.START             frame=11  hwp=112  qwp=45
   18.310  ELL.TX                  addr=0  deg=112  hex=0000AE39  cmd=0ma0000AE39
   18.644  ELL.RX                  addr=0  line=0PO0000AE39  raw=b'0PO0000AE39\r\n'
   18.645  ELL.DONE                addr=0  pos=112.0  dt=0.334  lines=1  leftover=0
   18.646  ELL.TX                  addr=2  deg=45  hex=00004600  cmd=2ma00004600
   18.948  ELL.RX                  addr=2  line=2PO00004601  raw=b'2PO00004601\r\n'
   18.949  ELL.DONE                addr=2  pos=45.0  dt=0.302  lines=1  leftover=0
   19.353  ARD.TRIG                frame=11  attempt=1
   19.417  ARD.RX                  msg=TRIGGERED  raw=b'TRIGGERED\r\n'  t=0.0
   19.432  ARD.RX                  msg=ARMED  raw=b'ARMED\r\n'  t=0.016
   19.843  ARD.RX                  msg=FRAME_DONE  raw=b'FRAME_DONE\r\n'  t=0.427
   19.848  ARD.FRAME_DONE          frame=11  attempt=1  dt=0.431  leftover=0
   19.849  FRAME.END               frame=11  t_total=1.539  t_hwp=0.335  t_qwp=0.304  t_trig=0.496  attempts=1  flags=ok
   19.852  FRAME.START             frame=12  hwp=33  qwp=56
   19.854  ELL.TX                  addr=0  deg=33  hex=00003355  cmd=0ma00003355
   20.148  ELL.RX                  addr=0  line=0PO00003358  raw=b'0PO00003358\r\n'
   20.149  ELL.DONE                addr=0  pos=33.01  dt=0.292  lines=1  leftover=0
   20.150  ELL.TX                  addr=2  deg=56  hex=0000571C  cmd=2ma0000571C
   20.484  ELL.RX                  addr=2  line=2PO0000571E  raw=b'2PO0000571E\r\n'
   20.485  ELL.DONE                addr=2  pos=56.0  dt=0.333  lines=1  leftover=0
   20.896  ARD.TRIG                frame=12  attempt=1
   20.961  ARD.RX                  msg=TRIGGERED  raw=b'TRIGGERED\r\n'  t=0.0
   20.976  ARD.RX                  msg=ARMED  raw=b'ARMED\r\n'  t=0.016
   21.386  ARD.RX                  msg=FRAME_DONE  raw=b'FRAME_DONE\r\n'  t=0.426
   21.390  ARD.FRAME_DONE          frame=12  attempt=1  dt=0.43  leftover=0
   21.391  FRAME.END               frame=12  t_total=1.539  t_hwp=0.296  t_qwp=0.335  t_trig=0.495  attempts=1  flags=ok
   21.394  FRAME.START             frame=13  hwp=36  qwp=68
   21.395  ELL.TX                  addr=0  deg=36  hex=00003800  cmd=0ma00003800
   21.540  ELL.RX                  addr=0  line=0PO000037FF  raw=b'0PO000037FF\r\n'
   21.541  ELL.DONE                addr=0  pos=36.0  dt=0.141  lines=1  leftover=0
   21.542  ELL.TX                  addr=2  deg=68  hex=000069C7  cmd=2ma000069C7
   21.844  ELL.RX                  addr=2  line=2PO000069C5  raw=b'2PO000069C5\r\n'
   21.845  ELL.DONE                addr=2  pos=67.99  dt=0.303  lines=1  leftover=0
   22.256  ARD.TRIG                frame=13  attempt=1
   22.320  ARD.RX                  msg=TRIGGERED  raw=b'TRIGGERED\r\n'  t=0.0
   22.336  ARD.RX                  msg=ARMED  raw=b'ARMED\r\n'  t=0.016
   22.745  ARD.RX                  msg=FRAME_DONE  raw=b'FRAME_DONE\r\n'  t=0.425
   22.747  ARD.FRAME_DONE          frame=13  attempt=1  dt=0.426  leftover=0
   22.748  FRAME.END               frame=13  t_total=1.354  t_hwp=0.147  t_qwp=0.305  t_trig=0.492  attempts=1  flags=ok
   22.749  FRAME.START             frame=14  hwp=138  qwp=91
   22.750  ELL.TX                  addr=0  deg=138  hex=0000D6AB  cmd=0ma0000D6AB
   23.220  ELL.RX                  addr=0  line=0PO0000D6AA  raw=b'0PO0000D6AA\r\n'
   23.221  ELL.DONE                addr=0  pos=138.0  dt=0.47  lines=1  leftover=0
   23.223  ELL.TX                  addr=2  deg=91  hex=00008D8E  cmd=2ma00008D8E
   23.460  ELL.RX                  addr=2  line=2PO00008D90  raw=b'2PO00008D90\r\n'
   23.461  ELL.DONE                addr=2  pos=91.0  dt=0.238  lines=1  leftover=0
   23.862  ARD.TRIG                frame=14  attempt=1
   23.927  ARD.RX                  msg=TRIGGERED  raw=b'TRIGGERED\r\n'  t=0.0
   23.942  ARD.RX                  msg=ARMED  raw=b'ARMED\r\n'  t=0.016
   24.351  ARD.RX                  msg=FRAME_DONE  raw=b'FRAME_DONE\r\n'  t=0.424
   24.354  ARD.FRAME_DONE          frame=14  attempt=1  dt=0.428  leftover=0
   24.357  FRAME.END               frame=14  t_total=1.608  t_hwp=0.472  t_qwp=0.239  t_trig=0.495  attempts=1  flags=ok
   24.366  LOOP.END              
