    0.020  SESSION.START           log=D:\1_software\Experimental control software\Synthetic birefringence\delta 0.25\pshg_diag_20260610_123645.log  csv=D:\1_software\Experimental control software\Synthetic birefringence\delta 0.25\pshg_diag_20260610_123645.csv  file=delta_waves=0.250_fast_axis=75.xlsx  drain_stale=True
    0.066  ELL.QUERY               cmd=0in  reply='0IN0E1140051420211501016800023000\r\n'
    0.162  ELL.QUERY               cmd=2in  reply='2IN0E1140064920211501016800023000\r\n'
    0.354  ELL.QUERY               cmd=0ho  reply='0PO00000003\r\n'
    0.690  ELL.QUERY               cmd=2ho  reply='2PO00000002\r\n'
    0.722  ELL.QUERY               cmd=0gp  reply='0PO00000003\r\n'
    0.802  ELL.QUERY               cmd=2gp  reply='2PO0000000B\r\n'
    1.814  LOOP.START            
    2.828  FRAME.START             frame=1  hwp=37  qwp=62
    2.829  ELL.TX                  addr=0  deg=37  hex=0000398E  cmd=0ma0000398E
    3.106  ELL.RX                  addr=0  line=0PO0000398E  raw=b'0PO0000398E\r\n'
    3.107  ELL.DONE                addr=0  pos=37.0  dt=0.277  lines=1  leftover=0
    3.108  ELL.TX                  addr=2  deg=62  hex=00006072  cmd=2ma00006072
    3.442  ELL.RX                  addr=2  line=2PO00006075  raw=b'2PO00006075\r\n'
    3.443  ELL.DONE                addr=2  pos=62.01  dt=0.335  lines=1  leftover=0
    3.856  ARD.TRIG                frame=1  attempt=1
    3.921  ARD.RX                  msg=TRIGGERED  raw=b'TRIGGERED\r\n'  t=0.0
    3.937  ARD.RX                  msg=ARMED  raw=b'ARMED\r\n'  t=0.016
    4.347  ARD.RX                  msg=FRAME_DONE  raw=b'FRAME_DONE\r\n'  t=0.426
    4.348  ARD.FRAME_DONE          frame=1  attempt=1  dt=0.427  leftover=0
    4.348  FRAME.END               frame=1  t_total=1.52  t_hwp=0.279  t_qwp=0.337  t_trig=0.492  attempts=1  flags=ok
    4.351  FRAME.START             frame=2  hwp=137  qwp=81
    4.352  ELL.TX                  addr=0  deg=137  hex=0000D51C  cmd=0ma0000D51C
    4.674  ELL.RX                  addr=0  line=0PO0000D51D  raw=b'0PO0000D51D\r\n'
    4.676  ELL.DONE                addr=0  pos=137.0  dt=0.324  lines=1  leftover=0
    4.677  ELL.TX                  addr=2  deg=81  hex=00007E00  cmd=2ma00007E00
    5.218  ELL.RX                  addr=2  line=2PO00007E03  raw=b'2PO00007E03\r\n'
    5.220  ELL.DONE                addr=2  pos=81.01  dt=0.541  lines=1  leftover=0
    5.635  ARD.TRIG                frame=2  attempt=1
    5.699  ARD.RX                  msg=TRIGGERED  raw=b'TRIGGERED\r\n'  t=0.0
    5.714  ARD.RX                  msg=ARMED  raw=b'ARMED\r\n'  t=0.016
    6.127  ARD.RX                  msg=FRAME_DONE  raw=b'FRAME_DONE\r\n'  t=0.428
    6.128  ARD.FRAME_DONE          frame=2  attempt=1  dt=0.429  leftover=0
    6.129  FRAME.END               frame=2  t_total=1.779  t_hwp=0.325  t_qwp=0.543  t_trig=0.494  attempts=1  flags=ok
    6.132  FRAME.START             frame=3  hwp=54  qwp=97
    6.133  ELL.TX                  addr=0  deg=54  hex=00005400  cmd=0ma00005400
    6.370  ELL.RX                  addr=0  line=0PO000053FF  raw=b'0PO000053FF\r\n'
    6.371  ELL.DONE                addr=0  pos=54.0  dt=0.237  lines=1  leftover=0
    6.372  ELL.TX                  addr=2  deg=97  hex=000096E4  cmd=2ma000096E4
    6.706  ELL.RX                  addr=2  line=2PO000096E7  raw=b'2PO000096E7\r\n'
    6.708  ELL.DONE                addr=2  pos=97.01  dt=0.334  lines=1  leftover=0
    7.122  ARD.TRIG                frame=3  attempt=1
    7.186  ARD.RX                  msg=TRIGGERED  raw=b'TRIGGERED\r\n'  t=0.0
    7.202  ARD.RX                  msg=ARMED  raw=b'ARMED\r\n'  t=0.016
    7.612  ARD.RX                  msg=FRAME_DONE  raw=b'FRAME_DONE\r\n'  t=0.426
    7.615  ARD.FRAME_DONE          frame=3  attempt=1  dt=0.429  leftover=0
    7.617  FRAME.END               frame=3  t_total=1.485  t_hwp=0.239  t_qwp=0.337  t_trig=0.495  attempts=1  flags=ok
    7.622  FRAME.START             frame=4  hwp=43  qwp=75
    7.624  ELL.TX                  addr=0  deg=43  hex=000042E4  cmd=0ma000042E4
    7.922  ELL.RX                  addr=0  line=0PO000042E1  raw=b'0PO000042E1\r\n'
    7.924  ELL.DONE                addr=0  pos=42.99  dt=0.297  lines=1  leftover=0
    7.925  ELL.TX                  addr=2  deg=75  hex=000074AB  cmd=2ma000074AB
    8.227  ELL.RX                  addr=2  line=2PO000074AE  raw=b'2PO000074AE\r\n'
    8.228  ELL.DONE                addr=2  pos=75.01  dt=0.303  lines=1  leftover=0
    8.638  ARD.TRIG                frame=4  attempt=1
    8.702  ARD.RX                  msg=TRIGGERED  raw=b'TRIGGERED\r\n'  t=0.0
    8.717  ARD.RX                  msg=ARMED  raw=b'ARMED\r\n'  t=0.016
    9.128  ARD.RX                  msg=FRAME_DONE  raw=b'FRAME_DONE\r\n'  t=0.426
    9.129  ARD.FRAME_DONE          frame=4  attempt=1  dt=0.427  leftover=0
    9.129  FRAME.END               frame=4  t_total=1.507  t_hwp=0.301  t_qwp=0.304  t_trig=0.491  attempts=1  flags=ok
    9.131  FRAME.START             frame=5  hwp=38  qwp=65
    9.132  ELL.TX                  addr=0  deg=38  hex=00003B1C  cmd=0ma00003B1C
    9.203  ELL.RX                  addr=0  line=0PO00003B1E  raw=b'0PO00003B1E\r\n'
    9.204  ELL.DONE                addr=0  pos=38.0  dt=0.071  lines=1  leftover=0
    9.205  ELL.TX                  addr=2  deg=65  hex=0000651C  cmd=2ma0000651C
    9.491  ELL.RX                  addr=2  line=2PO0000651B  raw=b'2PO0000651B\r\n'
    9.492  ELL.DONE                addr=2  pos=65.0  dt=0.285  lines=1  leftover=0
    9.906  ARD.TRIG                frame=5  attempt=1
    9.970  ARD.RX                  msg=TRIGGERED  raw=b'TRIGGERED\r\n'  t=0.0
    9.986  ARD.RX                  msg=ARMED  raw=b'ARMED\r\n'  t=0.016
   10.398  ARD.RX                  msg=FRAME_DONE  raw=b'FRAME_DONE\r\n'  t=0.428
   10.399  ARD.FRAME_DONE          frame=5  attempt=1  dt=0.429  leftover=0
   10.400  FRAME.END               frame=5  t_total=1.269  t_hwp=0.073  t_qwp=0.288  t_trig=0.493  attempts=1  flags=ok
   10.402  FRAME.START             frame=6  hwp=4  qwp=88
   10.403  ELL.TX                  addr=0  deg=4  hex=00000639  cmd=0ma00000639
   10.595  ELL.RX                  addr=0  line=0PO0000063B  raw=b'0PO0000063B\r\n'
   10.597  ELL.DONE                addr=0  pos=4.01  dt=0.194  lines=1  leftover=0
   10.598  ELL.TX                  addr=2  deg=88  hex=000088E4  cmd=2ma000088E4
   10.851  ELL.RX                  addr=2  line=2PO000088E2  raw=b'2PO000088E2\r\n'
   10.853  ELL.DONE                addr=2  pos=88.0  dt=0.253  lines=1  leftover=0
   11.269  ARD.TRIG                frame=6  attempt=1
   11.334  ARD.RX                  msg=TRIGGERED  raw=b'TRIGGERED\r\n'  t=0.001
   11.352  ARD.RX                  msg=ARMED  raw=b'ARMED\r\n'  t=0.019
   11.764  ARD.RX                  msg=FRAME_DONE  raw=b'FRAME_DONE\r\n'  t=0.431
   11.768  ARD.FRAME_DONE          frame=6  attempt=1  dt=0.435  leftover=0
   11.769  FRAME.END               frame=6  t_total=1.368  t_hwp=0.196  t_qwp=0.257  t_trig=0.501  attempts=1  flags=ok
   11.772  FRAME.START             frame=7  hwp=175  qwp=71
   11.774  ELL.TX                  addr=0  deg=175  hex=00011039  cmd=0ma00011039
   12.323  ELL.RX                  addr=0  line=0PO00011036  raw=b'0PO00011036\r\n'
   12.325  ELL.DONE                addr=0  pos=174.99  dt=0.548  lines=1  leftover=0
   12.326  ELL.TX                  addr=2  deg=71  hex=00006E72  cmd=2ma00006E72
   12.626  ELL.RX                  addr=2  line=2PO00006E70  raw=b'2PO00006E70\r\n'
   12.629  ELL.DONE                addr=2  pos=71.0  dt=0.302  lines=1  leftover=0
   13.035  ARD.TRIG                frame=7  attempt=1
   13.098  ARD.RX                  msg=TRIGGERED  raw=b'TRIGGERED\r\n'  t=0.0
   13.113  ARD.RX                  msg=ARMED  raw=b'ARMED\r\n'  t=0.016
   13.528  ARD.RX                  msg=FRAME_DONE  raw=b'FRAME_DONE\r\n'  t=0.431
   13.529  ARD.FRAME_DONE          frame=7  attempt=1  dt=0.432  leftover=0
   13.531  FRAME.END               frame=7  t_total=1.759  t_hwp=0.552  t_qwp=0.305  t_trig=0.496  attempts=1  flags=ok
   13.534  FRAME.START             frame=8  hwp=129  qwp=14
   13.535  ELL.TX                  addr=0  deg=129  hex=0000C8AB  cmd=0ma0000C8AB
   13.987  ELL.RX                  addr=0  line=0PO0000C8AB  raw=b'0PO0000C8AB\r\n'
   13.988  ELL.DONE                addr=0  pos=129.0  dt=0.451  lines=1  leftover=0
   13.989  ELL.TX                  addr=2  deg=14  hex=000015C7  cmd=2ma000015C7
   14.323  ELL.RX                  addr=2  line=2PO000015C5  raw=b'2PO000015C5\r\n'
   14.327  ELL.DONE                addr=2  pos=13.99  dt=0.337  lines=1  leftover=0
   14.735  ARD.TRIG                frame=8  attempt=1
   14.799  ARD.RX                  msg=TRIGGERED  raw=b'TRIGGERED\r\n'  t=0.0
   14.815  ARD.RX                  msg=ARMED  raw=b'ARMED\r\n'  t=0.016
   15.226  ARD.RX                  msg=FRAME_DONE  raw=b'FRAME_DONE\r\n'  t=0.427
   15.227  ARD.FRAME_DONE          frame=8  attempt=1  dt=0.428  leftover=0
   15.228  FRAME.END               frame=8  t_total=1.694  t_hwp=0.454  t_qwp=0.344  t_trig=0.493  attempts=1  flags=ok
   15.229  FRAME.START             frame=9  hwp=79  qwp=48
   15.230  ELL.TX                  addr=0  deg=79  hex=00007AE4  cmd=0ma00007AE4
   15.427  ELL.RX                  addr=0  line=0PO00007ADD  raw=b'0PO00007ADD\r\n'
   15.428  ELL.DONE                addr=0  pos=78.98  dt=0.197  lines=1  leftover=0
   15.429  ELL.TX                  addr=2  deg=48  hex=00004AAB  cmd=2ma00004AAB
   15.907  ELL.RX                  addr=2  line=2PO00004AAB  raw=b'2PO00004AAB\r\n'
   15.909  ELL.DONE                addr=2  pos=48.0  dt=0.48  lines=1  leftover=0
   16.318  ARD.TRIG                frame=9  attempt=1
   16.382  ARD.RX                  msg=TRIGGERED  raw=b'TRIGGERED\r\n'  t=0.0
   16.398  ARD.RX                  msg=ARMED  raw=b'ARMED\r\n'  t=0.016
   16.806  ARD.RX                  msg=FRAME_DONE  raw=b'FRAME_DONE\r\n'  t=0.424
   16.808  ARD.FRAME_DONE          frame=9  attempt=1  dt=0.426  leftover=0
   16.808  FRAME.END               frame=9  t_total=1.579  t_hwp=0.199  t_qwp=0.482  t_trig=0.491  attempts=1  flags=ok
   16.810  FRAME.START             frame=10  hwp=123  qwp=14
   16.811  ELL.TX                  addr=0  deg=123  hex=0000BF55  cmd=0ma0000BF55
   17.235  ELL.RX                  addr=0  line=0PO0000BF57  raw=b'0PO0000BF57\r\n'
   17.236  ELL.DONE                addr=0  pos=123.0  dt=0.424  lines=1  leftover=0
   17.237  ELL.TX                  addr=2  deg=14  hex=000015C7  cmd=2ma000015C7
   17.555  ELL.RX                  addr=2  line=2PO000015C8  raw=b'2PO000015C8\r\n'
   17.556  ELL.DONE                addr=2  pos=14.0  dt=0.318  lines=1  leftover=0
   17.972  ARD.TRIG                frame=10  attempt=1
   18.036  ARD.RX                  msg=TRIGGERED  raw=b'TRIGGERED\r\n'  t=0.0
   18.051  ARD.RX                  msg=ARMED  raw=b'ARMED\r\n'  t=0.016
   18.461  ARD.RX                  msg=FRAME_DONE  raw=b'FRAME_DONE\r\n'  t=0.425
   18.462  ARD.FRAME_DONE          frame=10  attempt=1  dt=0.426  leftover=0
   18.463  FRAME.END               frame=10  t_total=1.653  t_hwp=0.426  t_qwp=0.321  t_trig=0.491  attempts=1  flags=ok
   18.465  FRAME.START             frame=11  hwp=53  qwp=26
   18.466  ELL.TX                  addr=0  deg=53  hex=00005272  cmd=0ma00005272
   18.707  ELL.RX                  addr=0  line=0PO0000526F  raw=b'0PO0000526F\r\n'
   18.709  ELL.DONE                addr=0  pos=52.99  dt=0.242  lines=1  leftover=0
   18.710  ELL.TX                  addr=2  deg=26  hex=00002872  cmd=2ma00002872
   19.219  ELL.RX                  addr=2  line=2PO00002873  raw=b'2PO00002873\r\n'
   19.220  ELL.DONE                addr=2  pos=26.0  dt=0.509  lines=1  leftover=0
   19.622  ARD.TRIG                frame=11  attempt=1
   19.686  ARD.RX                  msg=TRIGGERED  raw=b'TRIGGERED\r\n'  t=0.0
   19.702  ARD.RX                  msg=ARMED  raw=b'ARMED\r\n'  t=0.016
   20.113  ARD.RX                  msg=FRAME_DONE  raw=b'FRAME_DONE\r\n'  t=0.428
   20.115  ARD.FRAME_DONE          frame=11  attempt=1  dt=0.429  leftover=0
   20.115  FRAME.END               frame=11  t_total=1.65  t_hwp=0.243  t_qwp=0.511  t_trig=0.493  attempts=1  flags=ok
   20.117  FRAME.START             frame=12  hwp=31  qwp=47
   20.118  ELL.TX                  addr=0  deg=31  hex=00003039  cmd=0ma00003039
   20.323  ELL.RX                  addr=0  line=0PO00003036  raw=b'0PO00003036\r\n'
   20.324  ELL.DONE                addr=0  pos=30.99  dt=0.206  lines=1  leftover=0
   20.325  ELL.TX                  addr=2  deg=47  hex=0000491C  cmd=2ma0000491C
   20.740  ELL.RX                  addr=2  line=2PO0000491C  raw=b'2PO0000491C\r\n'
   20.743  ELL.DONE                addr=2  pos=47.0  dt=0.418  lines=1  leftover=0
   21.160  ARD.TRIG                frame=12  attempt=1
   21.224  ARD.RX                  msg=TRIGGERED  raw=b'TRIGGERED\r\n'  t=0.001
   21.240  ARD.RX                  msg=ARMED  raw=b'ARMED\r\n'  t=0.016
   21.656  ARD.RX                  msg=FRAME_DONE  raw=b'FRAME_DONE\r\n'  t=0.432
   21.657  ARD.FRAME_DONE          frame=12  attempt=1  dt=0.434  leftover=0
   21.659  FRAME.END               frame=12  t_total=1.542  t_hwp=0.207  t_qwp=0.422  t_trig=0.499  attempts=1  flags=ok
   21.661  FRAME.START             frame=13  hwp=36  qwp=60
   21.662  ELL.TX                  addr=0  deg=36  hex=00003800  cmd=0ma00003800
   21.779  ELL.RX                  addr=0  line=0PO00003802  raw=b'0PO00003802\r\n'
   21.781  ELL.DONE                addr=0  pos=36.01  dt=0.117  lines=1  leftover=0
   21.782  ELL.TX                  addr=2  deg=60  hex=00005D55  cmd=2ma00005D55
   22.035  ELL.RX                  addr=2  line=2PO00005D56  raw=b'2PO00005D56\r\n'
   22.036  ELL.DONE                addr=2  pos=60.0  dt=0.254  lines=1  leftover=0
   22.440  ARD.TRIG                frame=13  attempt=1
   22.504  ARD.RX                  msg=TRIGGERED  raw=b'TRIGGERED\r\n'  t=0.0
   22.520  ARD.RX                  msg=ARMED  raw=b'ARMED\r\n'  t=0.017
   22.930  ARD.RX                  msg=FRAME_DONE  raw=b'FRAME_DONE\r\n'  t=0.427
   22.932  ARD.FRAME_DONE          frame=13  attempt=1  dt=0.429  leftover=0
   22.933  FRAME.END               frame=13  t_total=1.272  t_hwp=0.119  t_qwp=0.255  t_trig=0.493  attempts=1  flags=ok
   22.936  FRAME.START             frame=14  hwp=136  qwp=80
   22.937  ELL.TX                  addr=0  deg=136  hex=0000D38E  cmd=0ma0000D38E
   23.379  ELL.RX                  addr=0  line=0PO0000D38D  raw=b'0PO0000D38D\r\n'
   23.381  ELL.DONE                addr=0  pos=136.0  dt=0.441  lines=1  leftover=0
   23.381  ELL.TX                  addr=2  deg=80  hex=00007C72  cmd=2ma00007C72
   23.539  ELL.RX                  addr=2  line=2PO00007C74  raw=b'2PO00007C74\r\n'
   23.540  ELL.DONE                addr=2  pos=80.01  dt=0.158  lines=1  leftover=0
   23.948  ARD.TRIG                frame=14  attempt=1
   24.013  ARD.RX                  msg=TRIGGERED  raw=b'TRIGGERED\r\n'  t=0.0
   24.029  ARD.RX                  msg=ARMED  raw=b'ARMED\r\n'  t=0.016
   24.437  ARD.RX                  msg=FRAME_DONE  raw=b'FRAME_DONE\r\n'  t=0.424
   24.438  ARD.FRAME_DONE          frame=14  attempt=1  dt=0.425  leftover=0
   24.439  FRAME.END               frame=14  t_total=1.503  t_hwp=0.444  t_qwp=0.16  t_trig=0.491  attempts=1  flags=ok
   24.442  LOOP.END              
