    0.020  SESSION.START           log=D:\1_software\Experimental control software\Synthetic birefringence\delta 0.25\pshg_diag_20260610_125037.log  csv=D:\1_software\Experimental control software\Synthetic birefringence\delta 0.25\pshg_diag_20260610_125037.csv  file=delta_waves=0.250_fast_axis=110.xlsx  drain_stale=True
    0.066  ELL.QUERY               cmd=0in  reply='0IN0E1140051420211501016800023000\r\n'
    0.162  ELL.QUERY               cmd=2in  reply='2IN0E1140064920211501016800023000\r\n'
    0.594  ELL.QUERY               cmd=0ho  reply='0PO00000000\r\n'
    1.026  ELL.QUERY               cmd=2ho  reply='2PO00000003\r\n'
    1.058  ELL.QUERY               cmd=0gp  reply='0PO00000000\r\n'
    1.122  ELL.QUERY               cmd=2gp  reply='2POFFFFFFFE\r\n'
    2.127  LOOP.START            
    3.144  FRAME.START             frame=1  hwp=103  qwp=90
    3.145  ELL.TX                  addr=0  deg=103  hex=0000A039  cmd=0ma0000A039
    3.634  ELL.RX                  addr=0  line=0PO0000A03C  raw=b'0PO0000A03C\r\n'
    3.636  ELL.DONE                addr=0  pos=103.01  dt=0.49  lines=1  leftover=0
    3.637  ELL.TX                  addr=2  deg=90  hex=00008C00  cmd=2ma00008C00
    4.098  ELL.RX                  addr=2  line=2PO00008C00  raw=b'2PO00008C00\r\n'
    4.100  ELL.DONE                addr=2  pos=90.0  dt=0.462  lines=1  leftover=0
    4.515  ARD.TRIG                frame=1  attempt=1
    4.580  ARD.RX                  msg=TRIGGERED  raw=b'TRIGGERED\r\n'  t=0.001
    4.596  ARD.RX                  msg=ARMED  raw=b'ARMED\r\n'  t=0.016
    5.010  ARD.RX                  msg=FRAME_DONE  raw=b'FRAME_DONE\r\n'  t=0.431
    5.012  ARD.FRAME_DONE          frame=1  attempt=1  dt=0.432  leftover=0
    5.013  FRAME.END               frame=1  t_total=1.868  t_hwp=0.492  t_qwp=0.464  t_trig=0.497  attempts=1  flags=ok
    5.015  FRAME.START             frame=2  hwp=114  qwp=55
    5.015  ELL.TX                  addr=0  deg=114  hex=0000B155  cmd=0ma0000B155
    5.250  ELL.RX                  addr=0  line=0PO0000B157  raw=b'0PO0000B157\r\n'
    5.252  ELL.DONE                addr=0  pos=114.0  dt=0.235  lines=1  leftover=0
    5.253  ELL.TX                  addr=2  deg=55  hex=0000558E  cmd=2ma0000558E
    5.747  ELL.RX                  addr=2  line=2PO0000558F  raw=b'2PO0000558F\r\n'
    5.748  ELL.DONE                addr=2  pos=55.0  dt=0.493  lines=1  leftover=0
    6.153  ARD.TRIG                frame=2  attempt=1
    6.216  ARD.RX                  msg=TRIGGERED  raw=b'TRIGGERED\r\n'  t=0.0
    6.232  ARD.RX                  msg=ARMED  raw=b'ARMED\r\n'  t=0.016
    6.646  ARD.RX                  msg=FRAME_DONE  raw=b'FRAME_DONE\r\n'  t=0.43
    6.647  ARD.FRAME_DONE          frame=2  attempt=1  dt=0.431  leftover=0
    6.648  FRAME.END               frame=2  t_total=1.634  t_hwp=0.237  t_qwp=0.496  t_trig=0.495  attempts=1  flags=ok
    6.650  FRAME.START             frame=3  hwp=123  qwp=55
    6.650  ELL.TX                  addr=0  deg=123  hex=0000BF55  cmd=0ma0000BF55
    6.946  ELL.RX                  addr=0  line=0PO0000BF52  raw=b'0PO0000BF52\r\n'
    6.948  ELL.DONE                addr=0  pos=122.99  dt=0.297  lines=1  leftover=0
    6.949  ELL.TX                  addr=2  deg=55  hex=0000558E  cmd=2ma0000558E
    7.042  ELL.RX                  addr=2  line=2PO0000558D  raw=b'2PO0000558D\r\n'
    7.047  ELL.DONE                addr=2  pos=55.0  dt=0.097  lines=1  leftover=0
    7.453  ARD.TRIG                frame=3  attempt=1
    7.516  ARD.RX                  msg=TRIGGERED  raw=b'TRIGGERED\r\n'  t=0.0
    7.531  ARD.RX                  msg=ARMED  raw=b'ARMED\r\n'  t=0.016
    7.945  ARD.RX                  msg=FRAME_DONE  raw=b'FRAME_DONE\r\n'  t=0.429
    7.948  ARD.FRAME_DONE          frame=3  attempt=1  dt=0.432  leftover=0
    7.949  FRAME.END               frame=3  t_total=1.3  t_hwp=0.299  t_qwp=0.103  t_trig=0.496  attempts=1  flags=ok
    7.951  FRAME.START             frame=4  hwp=77  qwp=89
    7.952  ELL.TX                  addr=0  deg=77  hex=000077C7  cmd=0ma000077C7
    8.243  ELL.RX                  addr=0  line=0PO000077CA  raw=b'0PO000077CA\r\n'
    8.244  ELL.DONE                addr=0  pos=77.01  dt=0.292  lines=1  leftover=0
    8.246  ELL.TX                  addr=2  deg=89  hex=00008A72  cmd=2ma00008A72
    8.515  ELL.RX                  addr=2  line=2PO00008A72  raw=b'2PO00008A72\r\n'
    8.516  ELL.DONE                addr=2  pos=89.0  dt=0.269  lines=1  leftover=0
    8.928  ARD.TRIG                frame=4  attempt=1
    8.993  ARD.RX                  msg=TRIGGERED  raw=b'TRIGGERED\r\n'  t=0.001
    9.008  ARD.RX                  msg=ARMED  raw=b'ARMED\r\n'  t=0.016
    9.416  ARD.RX                  msg=FRAME_DONE  raw=b'FRAME_DONE\r\n'  t=0.424
    9.417  ARD.FRAME_DONE          frame=4  attempt=1  dt=0.426  leftover=0
    9.418  FRAME.END               frame=4  t_total=1.467  t_hwp=0.294  t_qwp=0.271  t_trig=0.49  attempts=1  flags=ok
    9.420  FRAME.START             frame=5  hwp=161  qwp=80
    9.421  ELL.TX                  addr=0  deg=161  hex=0000FA72  cmd=0ma0000FA72
   10.019  ELL.RX                  addr=0  line=0PO0000FA75  raw=b'0PO0000FA75\r\n'
   10.023  ELL.DONE                addr=0  pos=161.01  dt=0.601  lines=1  leftover=0
   10.028  ELL.TX                  addr=2  deg=80  hex=00007C72  cmd=2ma00007C72
   10.355  ELL.RX                  addr=2  line=2PO00007C6F  raw=b'2PO00007C6F\r\n'
   10.359  ELL.DONE                addr=2  pos=79.99  dt=0.326  lines=1  leftover=0
   10.767  ARD.TRIG                frame=5  attempt=1
   10.831  ARD.RX                  msg=TRIGGERED  raw=b'TRIGGERED\r\n'  t=0.0
   10.846  ARD.RX                  msg=ARMED  raw=b'ARMED\r\n'  t=0.016
   11.255  ARD.RX                  msg=FRAME_DONE  raw=b'FRAME_DONE\r\n'  t=0.425
   11.258  ARD.FRAME_DONE          frame=5  attempt=1  dt=0.428  leftover=0
   11.261  FRAME.END               frame=5  t_total=1.841  t_hwp=0.607  t_qwp=0.335  t_trig=0.495  attempts=1  flags=ok
   11.268  FRAME.START             frame=6  hwp=142  qwp=66
   11.271  ELL.TX                  addr=0  deg=142  hex=0000DCE4  cmd=0ma0000DCE4
   11.715  ELL.RX                  addr=0  line=0PO0000DCE2  raw=b'0PO0000DCE2\r\n'
   11.716  ELL.DONE                addr=0  pos=142.0  dt=0.444  lines=1  leftover=0
   11.717  ELL.TX                  addr=2  deg=66  hex=000066AB  cmd=2ma000066AB
   12.115  ELL.RX                  addr=2  line=2PO000066AA  raw=b'2PO000066AA\r\n'
   12.116  ELL.DONE                addr=2  pos=66.0  dt=0.399  lines=1  leftover=0
   12.518  ARD.TRIG                frame=6  attempt=1
   12.581  ARD.RX                  msg=TRIGGERED  raw=b'TRIGGERED\r\n'  t=0.001
   12.596  ARD.RX                  msg=ARMED  raw=b'ARMED\r\n'  t=0.016
   13.008  ARD.RX                  msg=FRAME_DONE  raw=b'FRAME_DONE\r\n'  t=0.428
   13.009  ARD.FRAME_DONE          frame=6  attempt=1  dt=0.429  leftover=0
   13.010  FRAME.END               frame=6  t_total=1.742  t_hwp=0.446  t_qwp=0.401  t_trig=0.492  attempts=1  flags=ok
   13.012  FRAME.START             frame=7  hwp=170  qwp=85
   13.012  ELL.TX                  addr=0  deg=170  hex=00010872  cmd=0ma00010872
   13.299  ELL.RX                  addr=0  line=0PO00010874  raw=b'0PO00010874\r\n'
   13.300  ELL.DONE                addr=0  pos=170.01  dt=0.287  lines=1  leftover=0
   13.301  ELL.TX                  addr=2  deg=85  hex=00008439  cmd=2ma00008439
   13.619  ELL.RX                  addr=2  line=2PO0000843A  raw=b'2PO0000843A\r\n'
   13.621  ELL.DONE                addr=2  pos=85.0  dt=0.319  lines=1  leftover=0
   14.022  ARD.TRIG                frame=7  attempt=1
   14.085  ARD.RX                  msg=TRIGGERED  raw=b'TRIGGERED\r\n'  t=0.0
   14.101  ARD.RX                  msg=ARMED  raw=b'ARMED\r\n'  t=0.016
   14.515  ARD.RX                  msg=FRAME_DONE  raw=b'FRAME_DONE\r\n'  t=0.43
   14.517  ARD.FRAME_DONE          frame=7  attempt=1  dt=0.432  leftover=0
   14.519  FRAME.END               frame=7  t_total=1.507  t_hwp=0.289  t_qwp=0.321  t_trig=0.497  attempts=1  flags=ok
   14.523  FRAME.START             frame=8  hwp=87  qwp=94
   14.525  ELL.TX                  addr=0  deg=87  hex=00008755  cmd=0ma00008755
   14.803  ELL.RX                  addr=0  line=0PO00008752  raw=b'0PO00008752\r\n'
   14.804  ELL.DONE                addr=0  pos=86.99  dt=0.278  lines=1  leftover=0
   14.805  ELL.TX                  addr=2  deg=94  hex=00009239  cmd=2ma00009239
   15.156  ELL.RX                  addr=2  line=2PO0000923C  raw=b'2PO0000923C\r\n'
   15.160  ELL.DONE                addr=2  pos=94.01  dt=0.354  lines=1  leftover=0
   15.579  ARD.TRIG                frame=8  attempt=1
   15.643  ARD.RX                  msg=TRIGGERED  raw=b'TRIGGERED\r\n'  t=0.0
   15.659  ARD.RX                  msg=ARMED  raw=b'ARMED\r\n'  t=0.016
   16.070  ARD.RX                  msg=FRAME_DONE  raw=b'FRAME_DONE\r\n'  t=0.427
   16.073  ARD.FRAME_DONE          frame=8  attempt=1  dt=0.43  leftover=0
   16.074  FRAME.END               frame=8  t_total=1.552  t_hwp=0.28  t_qwp=0.359  t_trig=0.496  attempts=1  flags=ok
   16.079  FRAME.START             frame=9  hwp=97  qwp=94
   16.081  ELL.TX                  addr=0  deg=97  hex=000096E4  cmd=0ma000096E4
   16.387  ELL.RX                  addr=0  line=0PO000096E1  raw=b'0PO000096E1\r\n'
   16.389  ELL.DONE                addr=0  pos=96.99  dt=0.306  lines=1  leftover=0
   16.390  ELL.TX                  addr=2  deg=94  hex=00009239  cmd=2ma00009239
   16.483  ELL.RX                  addr=2  line=2PO0000923B  raw=b'2PO0000923B\r\n'
   16.484  ELL.DONE                addr=2  pos=94.01  dt=0.093  lines=1  leftover=0
   16.894  ARD.TRIG                frame=9  attempt=1
   16.957  ARD.RX                  msg=TRIGGERED  raw=b'TRIGGERED\r\n'  t=0.0
   16.973  ARD.RX                  msg=ARMED  raw=b'ARMED\r\n'  t=0.016
   17.382  ARD.RX                  msg=FRAME_DONE  raw=b'FRAME_DONE\r\n'  t=0.425
   17.384  ARD.FRAME_DONE          frame=9  attempt=1  dt=0.427  leftover=0
   17.386  FRAME.END               frame=9  t_total=1.308  t_hwp=0.309  t_qwp=0.096  t_trig=0.492  attempts=1  flags=ok
   17.390  FRAME.START             frame=10  hwp=7  qwp=75
   17.392  ELL.TX                  addr=0  deg=7  hex=00000AE4  cmd=0ma00000AE4
   17.748  ELL.RX                  addr=0  line=0PO00000AE1  raw=b'0PO00000AE1\r\n'
   17.751  ELL.DONE                addr=0  pos=6.99  dt=0.356  lines=1  leftover=0
   17.753  ELL.TX                  addr=2  deg=75  hex=000074AB  cmd=2ma000074AB
   18.051  ELL.RX                  addr=2  line=2PO000074AC  raw=b'2PO000074AC\r\n'
   18.053  ELL.DONE                addr=2  pos=75.0  dt=0.299  lines=1  leftover=0
   18.454  ARD.TRIG                frame=10  attempt=1
   18.519  ARD.RX                  msg=TRIGGERED  raw=b'TRIGGERED\r\n'  t=0.0
   18.535  ARD.RX                  msg=ARMED  raw=b'ARMED\r\n'  t=0.016
   18.943  ARD.RX                  msg=FRAME_DONE  raw=b'FRAME_DONE\r\n'  t=0.424
   18.944  ARD.FRAME_DONE          frame=10  attempt=1  dt=0.425  leftover=0
   18.945  FRAME.END               frame=10  t_total=1.555  t_hwp=0.361  t_qwp=0.301  t_trig=0.49  attempts=1  flags=ok
   18.947  FRAME.START             frame=11  hwp=29  qwp=0
   18.948  ELL.TX                  addr=0  deg=29  hex=00002D1C  cmd=0ma00002D1C
   19.107  ELL.RX                  addr=0  line=0PO00002D1B  raw=b'0PO00002D1B\r\n'
   19.108  ELL.DONE                addr=0  pos=29.0  dt=0.16  lines=1  leftover=0
   19.109  ELL.TX                  addr=2  deg=0  hex=00000000  cmd=2ma00000000
   19.747  ELL.RX                  addr=2  line=2PO00000001  raw=b'2PO00000001\r\n'
   19.749  ELL.DONE                addr=2  pos=0.0  dt=0.638  lines=1  leftover=0
   20.154  ARD.TRIG                frame=11  attempt=1
   20.218  ARD.RX                  msg=TRIGGERED  raw=b'TRIGGERED\r\n'  t=0.0
   20.234  ARD.RX                  msg=ARMED  raw=b'ARMED\r\n'  t=0.016
   20.643  ARD.RX                  msg=FRAME_DONE  raw=b'FRAME_DONE\r\n'  t=0.425
   20.644  ARD.FRAME_DONE          frame=11  attempt=1  dt=0.426  leftover=0
   20.645  FRAME.END               frame=11  t_total=1.698  t_hwp=0.162  t_qwp=0.641  t_trig=0.491  attempts=1  flags=ok
   20.647  FRAME.START             frame=12  hwp=12  qwp=55
   20.648  ELL.TX                  addr=0  deg=12  hex=000012AB  cmd=0ma000012AB
   20.883  ELL.RX                  addr=0  line=0PO000012A9  raw=b'0PO000012A9\r\n'
   20.884  ELL.DONE                addr=0  pos=12.0  dt=0.236  lines=1  leftover=0
   20.885  ELL.TX                  addr=2  deg=55  hex=0000558E  cmd=2ma0000558E
   21.363  ELL.RX                  addr=2  line=2PO00005590  raw=b'2PO00005590\r\n'
   21.365  ELL.DONE                addr=2  pos=55.0  dt=0.479  lines=1  leftover=0
   21.771  ARD.TRIG                frame=12  attempt=1
   21.835  ARD.RX                  msg=TRIGGERED  raw=b'TRIGGERED\r\n'  t=0.0
   21.851  ARD.RX                  msg=ARMED  raw=b'ARMED\r\n'  t=0.016
   22.261  ARD.RX                  msg=FRAME_DONE  raw=b'FRAME_DONE\r\n'  t=0.426
   22.262  ARD.FRAME_DONE          frame=12  attempt=1  dt=0.427  leftover=0
   22.262  FRAME.END               frame=12  t_total=1.616  t_hwp=0.238  t_qwp=0.481  t_trig=0.491  attempts=1  flags=ok
   22.264  FRAME.START             frame=13  hwp=17  qwp=50
   22.265  ELL.TX                  addr=0  deg=17  hex=00001A72  cmd=0ma00001A72
   22.420  ELL.RX                  addr=0  line=0PO00001A75  raw=b'0PO00001A75\r\n'
   22.421  ELL.DONE                addr=0  pos=17.01  dt=0.155  lines=1  leftover=0
   22.422  ELL.TX                  addr=2  deg=50  hex=00004DC7  cmd=2ma00004DC7
   22.644  ELL.RX                  addr=2  line=2PO00004DC7  raw=b'2PO00004DC7\r\n'
   22.645  ELL.DONE                addr=2  pos=50.0  dt=0.222  lines=1  leftover=0
   23.054  ARD.TRIG                frame=13  attempt=1
   23.117  ARD.RX                  msg=TRIGGERED  raw=b'TRIGGERED\r\n'  t=0.001
   23.133  ARD.RX                  msg=ARMED  raw=b'ARMED\r\n'  t=0.016
   23.546  ARD.RX                  msg=FRAME_DONE  raw=b'FRAME_DONE\r\n'  t=0.43
   23.547  ARD.FRAME_DONE          frame=13  attempt=1  dt=0.431  leftover=0
   23.548  FRAME.END               frame=13  t_total=1.284  t_hwp=0.157  t_qwp=0.224  t_trig=0.494  attempts=1  flags=ok
   23.550  FRAME.START             frame=14  hwp=5  qwp=82
   23.551  ELL.TX                  addr=0  deg=5  hex=000007C7  cmd=0ma000007C7
   23.796  ELL.RX                  addr=0  line=0PO000007C5  raw=b'0PO000007C5\r\n'
   23.797  ELL.DONE                addr=0  pos=4.99  dt=0.245  lines=1  leftover=0
   23.798  ELL.TX                  addr=2  deg=82  hex=00007F8E  cmd=2ma00007F8E
   24.292  ELL.RX                  addr=2  line=2PO00007F8C  raw=b'2PO00007F8C\r\n'
   24.293  ELL.DONE                addr=2  pos=81.99  dt=0.493  lines=1  leftover=0
   24.706  ARD.TRIG                frame=14  attempt=1
   24.770  ARD.RX                  msg=TRIGGERED  raw=b'TRIGGERED\r\n'  t=0.0
   24.786  ARD.RX                  msg=ARMED  raw=b'ARMED\r\n'  t=0.016
   25.201  ARD.RX                  msg=FRAME_DONE  raw=b'FRAME_DONE\r\n'  t=0.431
   25.202  ARD.FRAME_DONE          frame=14  attempt=1  dt=0.432  leftover=0
   25.203  FRAME.END               frame=14  t_total=1.653  t_hwp=0.248  t_qwp=0.496  t_trig=0.496  attempts=1  flags=ok
   25.206  LOOP.END              
