    0.021  SESSION.START           log=D:\1_software\Experimental control software\Synthetic birefringence\delta 0.25\pshg_diag_20260610_133858.log  csv=D:\1_software\Experimental control software\Synthetic birefringence\delta 0.25\pshg_diag_20260610_133858.csv  file=delta_waves=0.250_fast_axis=55.xlsx  drain_stale=True
    0.066  ELL.QUERY               cmd=0in  reply='0IN0E1140051420211501016800023000\r\n'
    0.162  ELL.QUERY               cmd=2in  reply='2IN0E1140064920211501016800023000\r\n'
    0.354  ELL.QUERY               cmd=0ho  reply='0POFFFFFFFE\r\n'
    0.995  ELL.QUERY               cmd=2ho  reply='2PO00000001\r\n'
    1.027  ELL.QUERY               cmd=0gp  reply='0POFFFFFFFD\r\n'
    1.106  ELL.QUERY               cmd=2gp  reply='2POFFFFFFFA\r\n'
    2.116  LOOP.START            
    3.133  FRAME.START             frame=1  hwp=32  qwp=97
    3.134  ELL.TX                  addr=0  deg=32  hex=000031C7  cmd=0ma000031C7
    3.363  ELL.RX                  addr=0  line=0PO000031C9  raw=b'0PO000031C9\r\n'
    3.364  ELL.DONE                addr=0  pos=32.0  dt=0.229  lines=1  leftover=0
    3.366  ELL.TX                  addr=2  deg=97  hex=000096E4  cmd=2ma000096E4
    3.859  ELL.RX                  addr=2  line=2PO000096E5  raw=b'2PO000096E5\r\n'
    3.860  ELL.DONE                addr=2  pos=97.0  dt=0.492  lines=1  leftover=0
    4.261  ARD.TRIG                frame=1  attempt=1
    4.326  ARD.RX                  msg=TRIGGERED  raw=b'TRIGGERED\r\n'  t=0.001
    4.341  ARD.RX                  msg=ARMED  raw=b'ARMED\r\n'  t=0.016
    4.752  ARD.RX                  msg=FRAME_DONE  raw=b'FRAME_DONE\r\n'  t=0.428
    4.753  ARD.FRAME_DONE          frame=1  attempt=1  dt=0.429  leftover=0
    4.754  FRAME.END               frame=1  t_total=1.621  t_hwp=0.232  t_qwp=0.495  t_trig=0.493  attempts=1  flags=ok
    4.756  FRAME.START             frame=2  hwp=133  qwp=94
    4.757  ELL.TX                  addr=0  deg=133  hex=0000CEE4  cmd=0ma0000CEE4
    5.218  ELL.RX                  addr=0  line=0PO0000CEE6  raw=b'0PO0000CEE6\r\n'
    5.220  ELL.DONE                addr=0  pos=133.01  dt=0.462  lines=1  leftover=0
    5.221  ELL.TX                  addr=2  deg=94  hex=00009239  cmd=2ma00009239
    5.587  ELL.RX                  addr=2  line=2PO00009238  raw=b'2PO00009238\r\n'
    5.588  ELL.DONE                addr=2  pos=94.0  dt=0.366  lines=1  leftover=0
    5.993  ARD.TRIG                frame=2  attempt=1
    6.056  ARD.RX                  msg=TRIGGERED  raw=b'TRIGGERED\r\n'  t=0.001
    6.071  ARD.RX                  msg=ARMED  raw=b'ARMED\r\n'  t=0.016
    6.485  ARD.RX                  msg=FRAME_DONE  raw=b'FRAME_DONE\r\n'  t=0.43
    6.486  ARD.FRAME_DONE          frame=2  attempt=1  dt=0.431  leftover=0
    6.487  FRAME.END               frame=2  t_total=1.731  t_hwp=0.464  t_qwp=0.368  t_trig=0.494  attempts=1  flags=ok
    6.490  FRAME.START             frame=3  hwp=129  qwp=81
    6.491  ELL.TX                  addr=0  deg=129  hex=0000C8AB  cmd=0ma0000C8AB
    6.787  ELL.RX                  addr=0  line=0PO0000C8AC  raw=b'0PO0000C8AC\r\n'
    6.788  ELL.DONE                addr=0  pos=129.0  dt=0.295  lines=1  leftover=0
    6.789  ELL.TX                  addr=2  deg=81  hex=00007E00  cmd=2ma00007E00
    7.091  ELL.RX                  addr=2  line=2PO00007DFE  raw=b'2PO00007DFE\r\n'
    7.092  ELL.DONE                addr=2  pos=80.99  dt=0.302  lines=1  leftover=0
    7.503  ARD.TRIG                frame=3  attempt=1
    7.567  ARD.RX                  msg=TRIGGERED  raw=b'TRIGGERED\r\n'  t=0.0
    7.583  ARD.RX                  msg=ARMED  raw=b'ARMED\r\n'  t=0.016
    7.991  ARD.RX                  msg=FRAME_DONE  raw=b'FRAME_DONE\r\n'  t=0.424
    7.993  ARD.FRAME_DONE          frame=3  attempt=1  dt=0.425  leftover=0
    7.993  FRAME.END               frame=3  t_total=1.503  t_hwp=0.298  t_qwp=0.304  t_trig=0.491  attempts=1  flags=ok
    7.995  FRAME.START             frame=4  hwp=123  qwp=67
    7.996  ELL.TX                  addr=0  deg=123  hex=0000BF55  cmd=0ma0000BF55
    8.259  ELL.RX                  addr=0  line=0PO0000BF53  raw=b'0PO0000BF53\r\n'
    8.260  ELL.DONE                addr=0  pos=122.99  dt=0.264  lines=1  leftover=0
    8.261  ELL.TX                  addr=2  deg=67  hex=00006839  cmd=2ma00006839
    8.547  ELL.RX                  addr=2  line=2PO00006836  raw=b'2PO00006836\r\n'
    8.550  ELL.DONE                addr=2  pos=66.99  dt=0.288  lines=1  leftover=0
    8.966  ARD.TRIG                frame=4  attempt=1
    9.031  ARD.RX                  msg=TRIGGERED  raw=b'TRIGGERED\r\n'  t=0.001
    9.047  ARD.RX                  msg=ARMED  raw=b'ARMED\r\n'  t=0.016
    9.462  ARD.RX                  msg=FRAME_DONE  raw=b'FRAME_DONE\r\n'  t=0.431
    9.464  ARD.FRAME_DONE          frame=4  attempt=1  dt=0.434  leftover=0
    9.467  FRAME.END               frame=4  t_total=1.472  t_hwp=0.265  t_qwp=0.291  t_trig=0.5  attempts=1  flags=ok
    9.471  FRAME.START             frame=5  hwp=57  qwp=11
    9.473  ELL.TX                  addr=0  deg=57  hex=000058AB  cmd=0ma000058AB
    9.683  ELL.RX                  addr=0  line=0PO000058AB  raw=b'0PO000058AB\r\n'
    9.684  ELL.DONE                addr=0  pos=57.0  dt=0.211  lines=1  leftover=0
    9.685  ELL.TX                  addr=2  deg=11  hex=0000111C  cmd=2ma0000111C
    9.939  ELL.RX                  addr=2  line=2PO0000111A  raw=b'2PO0000111A\r\n'
    9.940  ELL.DONE                addr=2  pos=10.99  dt=0.254  lines=1  leftover=0
   10.351  ARD.TRIG                frame=5  attempt=1
   10.414  ARD.RX                  msg=TRIGGERED  raw=b'TRIGGERED\r\n'  t=0.0
   10.430  ARD.RX                  msg=ARMED  raw=b'ARMED\r\n'  t=0.016
   10.838  ARD.RX                  msg=FRAME_DONE  raw=b'FRAME_DONE\r\n'  t=0.425
   10.840  ARD.FRAME_DONE          frame=5  attempt=1  dt=0.427  leftover=0
   10.842  FRAME.END               frame=5  t_total=1.371  t_hwp=0.212  t_qwp=0.256  t_trig=0.491  attempts=1  flags=ok
   10.846  FRAME.START             frame=6  hwp=113  qwp=36
   10.848  ELL.TX                  addr=0  deg=113  hex=0000AFC7  cmd=0ma0000AFC7
   11.331  ELL.RX                  addr=0  line=0PO0000AFC9  raw=b'0PO0000AFC9\r\n'
   11.333  ELL.DONE                addr=0  pos=113.0  dt=0.483  lines=1  leftover=0
   11.334  ELL.TX                  addr=2  deg=36  hex=00003800  cmd=2ma00003800
   11.508  ELL.RX                  addr=2  line=2PO000037FE  raw=b'2PO000037FE\r\n'
   11.511  ELL.DONE                addr=2  pos=35.99  dt=0.176  lines=1  leftover=0
   11.915  ARD.TRIG                frame=6  attempt=1
   11.979  ARD.RX                  msg=TRIGGERED  raw=b'TRIGGERED\r\n'  t=0.0
   11.994  ARD.RX                  msg=ARMED  raw=b'ARMED\r\n'  t=0.016
   12.405  ARD.RX                  msg=FRAME_DONE  raw=b'FRAME_DONE\r\n'  t=0.427
   12.406  ARD.FRAME_DONE          frame=6  attempt=1  dt=0.428  leftover=0
   12.407  FRAME.END               frame=6  t_total=1.561  t_hwp=0.486  t_qwp=0.18  t_trig=0.493  attempts=1  flags=ok
   12.409  FRAME.START             frame=7  hwp=55  qwp=43
   12.410  ELL.TX                  addr=0  deg=55  hex=0000558E  cmd=0ma0000558E
   12.611  ELL.RX                  addr=0  line=0PO0000558D  raw=b'0PO0000558D\r\n'
   12.613  ELL.DONE                addr=0  pos=55.0  dt=0.201  lines=1  leftover=0
   12.613  ELL.TX                  addr=2  deg=43  hex=000042E4  cmd=2ma000042E4
   12.996  ELL.RX                  addr=2  line=2PO000042E5  raw=b'2PO000042E5\r\n'
   12.999  ELL.DONE                addr=2  pos=43.0  dt=0.384  lines=1  leftover=0
   13.404  ARD.TRIG                frame=7  attempt=1
   13.469  ARD.RX                  msg=TRIGGERED  raw=b'TRIGGERED\r\n'  t=0.0
   13.484  ARD.RX                  msg=ARMED  raw=b'ARMED\r\n'  t=0.016
   13.896  ARD.RX                  msg=FRAME_DONE  raw=b'FRAME_DONE\r\n'  t=0.428
   13.898  ARD.FRAME_DONE          frame=7  attempt=1  dt=0.429  leftover=0
   13.899  FRAME.END               frame=7  t_total=1.49  t_hwp=0.204  t_qwp=0.388  t_trig=0.495  attempts=1  flags=ok
   13.902  FRAME.START             frame=8  hwp=90  qwp=8
   13.904  ELL.TX                  addr=0  deg=90  hex=00008C00  cmd=0ma00008C00
   14.228  ELL.RX                  addr=0  line=0PO00008C02  raw=b'0PO00008C02\r\n'
   14.229  ELL.DONE                addr=0  pos=90.01  dt=0.325  lines=1  leftover=0
   14.230  ELL.TX                  addr=2  deg=8  hex=00000C72  cmd=2ma00000C72
   14.676  ELL.RX                  addr=2  line=2PO00000C75  raw=b'2PO00000C75\r\n'
   14.677  ELL.DONE                addr=2  pos=8.01  dt=0.447  lines=1  leftover=0
   15.085  ARD.TRIG                frame=8  attempt=1
   15.149  ARD.RX                  msg=TRIGGERED  raw=b'TRIGGERED\r\n'  t=0.0
   15.165  ARD.RX                  msg=ARMED  raw=b'ARMED\r\n'  t=0.016
   15.573  ARD.RX                  msg=FRAME_DONE  raw=b'FRAME_DONE\r\n'  t=0.423
   15.574  ARD.FRAME_DONE          frame=8  attempt=1  dt=0.424  leftover=0
   15.575  FRAME.END               frame=8  t_total=1.673  t_hwp=0.326  t_qwp=0.448  t_trig=0.49  attempts=1  flags=ok
   15.577  FRAME.START             frame=9  hwp=155  qwp=12
   15.578  ELL.TX                  addr=0  deg=155  hex=0000F11C  cmd=0ma0000F11C
   15.955  ELL.RX                  addr=0  line=0PO0000F11B  raw=b'0PO0000F11B\r\n'
   15.957  ELL.DONE                addr=0  pos=155.0  dt=0.378  lines=1  leftover=0
   15.958  ELL.TX                  addr=2  deg=12  hex=000012AB  cmd=2ma000012AB
   16.564  ELL.RX                  addr=2  line=2PO000012A9  raw=b'2PO000012A9\r\n'
   16.565  ELL.DONE                addr=2  pos=12.0  dt=0.605  lines=1  leftover=0
   16.973  ARD.TRIG                frame=9  attempt=1
   17.038  ARD.RX                  msg=TRIGGERED  raw=b'TRIGGERED\r\n'  t=0.001
   17.054  ARD.RX                  msg=ARMED  raw=b'ARMED\r\n'  t=0.016
   17.466  ARD.RX                  msg=FRAME_DONE  raw=b'FRAME_DONE\r\n'  t=0.429
   17.468  ARD.FRAME_DONE          frame=9  attempt=1  dt=0.431  leftover=0
   17.470  FRAME.END               frame=9  t_total=1.893  t_hwp=0.38  t_qwp=0.608  t_trig=0.496  attempts=1  flags=ok
   17.472  FRAME.START             frame=10  hwp=143  qwp=5
   17.474  ELL.TX                  addr=0  deg=143  hex=0000DE72  cmd=0ma0000DE72
   17.764  ELL.RX                  addr=0  line=0PO0000DE74  raw=b'0PO0000DE74\r\n'
   17.765  ELL.DONE                addr=0  pos=143.01  dt=0.29  lines=1  leftover=0
   17.766  ELL.TX                  addr=2  deg=5  hex=000007C7  cmd=2ma000007C7
   18.212  ELL.RX                  addr=2  line=2PO000007C5  raw=b'2PO000007C5\r\n'
   18.214  ELL.DONE                addr=2  pos=4.99  dt=0.448  lines=1  leftover=0
   18.623  ARD.TRIG                frame=10  attempt=1
   18.687  ARD.RX                  msg=TRIGGERED  raw=b'TRIGGERED\r\n'  t=0.0
   18.703  ARD.RX                  msg=ARMED  raw=b'ARMED\r\n'  t=0.016
   19.111  ARD.RX                  msg=FRAME_DONE  raw=b'FRAME_DONE\r\n'  t=0.424
   19.113  ARD.FRAME_DONE          frame=10  attempt=1  dt=0.425  leftover=0
   19.113  FRAME.END               frame=10  t_total=1.641  t_hwp=0.292  t_qwp=0.45  t_trig=0.491  attempts=1  flags=ok
   19.116  FRAME.START             frame=11  hwp=4  qwp=87
   19.117  ELL.TX                  addr=0  deg=4  hex=00000639  cmd=0ma00000639
   19.524  ELL.RX                  addr=0  line=0PO0000063A  raw=b'0PO0000063A\r\n'
   19.527  ELL.DONE                addr=0  pos=4.0  dt=0.409  lines=1  leftover=0
   19.529  ELL.TX                  addr=2  deg=87  hex=00008755  cmd=2ma00008755
   19.988  ELL.RX                  addr=2  line=2PO00008752  raw=b'2PO00008752\r\n'
   19.989  ELL.DONE                addr=2  pos=86.99  dt=0.458  lines=1  leftover=0
   20.405  ARD.TRIG                frame=11  attempt=1
   20.470  ARD.RX                  msg=TRIGGERED  raw=b'TRIGGERED\r\n'  t=0.0
   20.484  ARD.RX                  msg=ARMED  raw=b'ARMED\r\n'  t=0.015
   20.899  ARD.RX                  msg=FRAME_DONE  raw=b'FRAME_DONE\r\n'  t=0.43
   20.901  ARD.FRAME_DONE          frame=11  attempt=1  dt=0.431  leftover=0
   20.901  FRAME.END               frame=11  t_total=1.786  t_hwp=0.412  t_qwp=0.462  t_trig=0.496  attempts=1  flags=ok
   20.903  FRAME.START             frame=12  hwp=125  qwp=72
   20.904  ELL.TX                  addr=0  deg=125  hex=0000C272  cmd=0ma0000C272
   21.444  ELL.RX                  addr=0  line=0PO0000C273  raw=b'0PO0000C273\r\n'
   21.445  ELL.DONE                addr=0  pos=125.0  dt=0.54  lines=1  leftover=0
   21.446  ELL.TX                  addr=2  deg=72  hex=00007000  cmd=2ma00007000
   21.748  ELL.RX                  addr=2  line=2PO00007000  raw=b'2PO00007000\r\n'
   21.749  ELL.DONE                addr=2  pos=72.0  dt=0.302  lines=1  leftover=0
   22.151  ARD.TRIG                frame=12  attempt=1
   22.214  ARD.RX                  msg=TRIGGERED  raw=b'TRIGGERED\r\n'  t=0.001
   22.230  ARD.RX                  msg=ARMED  raw=b'ARMED\r\n'  t=0.016
   22.639  ARD.RX                  msg=FRAME_DONE  raw=b'FRAME_DONE\r\n'  t=0.426
   22.641  ARD.FRAME_DONE          frame=12  attempt=1  dt=0.427  leftover=0
   22.641  FRAME.END               frame=12  t_total=1.739  t_hwp=0.542  t_qwp=0.304  t_trig=0.491  attempts=1  flags=ok
   22.643  FRAME.START             frame=13  hwp=130  qwp=84
   22.644  ELL.TX                  addr=0  deg=130  hex=0000CA39  cmd=0ma0000CA39
   22.868  ELL.RX                  addr=0  line=0PO0000CA3A  raw=b'0PO0000CA3A\r\n'
   22.869  ELL.DONE                addr=0  pos=130.0  dt=0.225  lines=1  leftover=0
   22.871  ELL.TX                  addr=2  deg=84  hex=000082AB  cmd=2ma000082AB
   23.236  ELL.RX                  addr=2  line=2PO000082AC  raw=b'2PO000082AC\r\n'
   23.238  ELL.DONE                addr=2  pos=84.0  dt=0.365  lines=1  leftover=0
   23.639  ARD.TRIG                frame=13  attempt=1
   23.702  ARD.RX                  msg=TRIGGERED  raw=b'TRIGGERED\r\n'  t=0.0
   23.718  ARD.RX                  msg=ARMED  raw=b'ARMED\r\n'  t=0.016
   24.129  ARD.RX                  msg=FRAME_DONE  raw=b'FRAME_DONE\r\n'  t=0.427
   24.131  ARD.FRAME_DONE          frame=13  attempt=1  dt=0.428  leftover=0
   24.132  FRAME.END               frame=13  t_total=1.489  t_hwp=0.226  t_qwp=0.368  t_trig=0.493  attempts=1  flags=ok
   24.133  FRAME.START             frame=14  hwp=35  qwp=91
   24.134  ELL.TX                  addr=0  deg=35  hex=00003672  cmd=0ma00003672
   24.532  ELL.RX                  addr=0  line=0PO00003670  raw=b'0PO00003670\r\n'
   24.535  ELL.DONE                addr=0  pos=35.0  dt=0.4  lines=1  leftover=0
   24.536  ELL.TX                  addr=2  deg=91  hex=00008D8E  cmd=2ma00008D8E
   24.788  ELL.RX                  addr=2  line=2PO00008D8C  raw=b'2PO00008D8C\r\n'
   24.790  ELL.DONE                addr=2  pos=90.99  dt=0.251  lines=1  leftover=0
   25.205  ARD.TRIG                frame=14  attempt=1
   25.270  ARD.RX                  msg=TRIGGERED  raw=b'TRIGGERED\r\n'  t=0.001
   25.286  ARD.RX                  msg=ARMED  raw=b'ARMED\r\n'  t=0.016
   25.694  ARD.RX                  msg=FRAME_DONE  raw=b'FRAME_DONE\r\n'  t=0.424
   25.695  ARD.FRAME_DONE          frame=14  attempt=1  dt=0.425  leftover=0
   25.696  FRAME.END               frame=14  t_total=1.563  t_hwp=0.402  t_qwp=0.254  t_trig=0.491  attempts=1  flags=ok
   25.698  LOOP.END              
