    0.021  SESSION.START           log=D:\1_software\Experimental control software\Synthetic birefringence\delta 0.25\pshg_diag_20260610_123503.log  csv=D:\1_software\Experimental control software\Synthetic birefringence\delta 0.25\pshg_diag_20260610_123503.csv  file=delta_waves=0.250_fast_axis=60.xlsx  drain_stale=True
    0.066  ELL.QUERY               cmd=0in  reply='0IN0E1140051420211501016800023000\r\n'
    0.162  ELL.QUERY               cmd=2in  reply='2IN0E1140064920211501016800023000\r\n'
    0.450  ELL.QUERY               cmd=0ho  reply='0POFFFFFFFE\r\n'
    0.963  ELL.QUERY               cmd=2ho  reply='2POFFFFFFFF\r\n'
    0.995  ELL.QUERY               cmd=0gp  reply='0POFFFFFFFE\r\n'
    1.074  ELL.QUERY               cmd=2gp  reply='2PO00000006\r\n'
    2.081  LOOP.START            
    3.097  FRAME.START             frame=1  hwp=35  qwp=72
    3.098  ELL.TX                  addr=0  deg=35  hex=00003672  cmd=0ma00003672
    3.411  ELL.RX                  addr=0  line=0PO0000366F  raw=b'0PO0000366F\r\n'
    3.412  ELL.DONE                addr=0  pos=34.99  dt=0.312  lines=1  leftover=0
    3.413  ELL.TX                  addr=2  deg=72  hex=00007000  cmd=2ma00007000
    3.747  ELL.RX                  addr=2  line=2PO00007002  raw=b'2PO00007002\r\n'
    3.748  ELL.DONE                addr=2  pos=72.01  dt=0.334  lines=1  leftover=0
    4.158  ARD.TRIG                frame=1  attempt=1
    4.221  ARD.RX                  msg=TRIGGERED  raw=b'TRIGGERED\r\n'  t=0.0
    4.237  ARD.RX                  msg=ARMED  raw=b'ARMED\r\n'  t=0.016
    4.653  ARD.RX                  msg=FRAME_DONE  raw=b'FRAME_DONE\r\n'  t=0.432
    4.655  ARD.FRAME_DONE          frame=1  attempt=1  dt=0.434  leftover=0
    4.657  FRAME.END               frame=1  t_total=1.56  t_hwp=0.315  t_qwp=0.337  t_trig=0.499  attempts=1  flags=ok
    4.659  FRAME.START             frame=2  hwp=38  qwp=84
    4.660  ELL.TX                  addr=0  deg=38  hex=00003B1C  cmd=0ma00003B1C
    4.883  ELL.RX                  addr=0  line=0PO00003B19  raw=b'0PO00003B19\r\n'
    4.885  ELL.DONE                addr=0  pos=37.99  dt=0.224  lines=1  leftover=0
    4.886  ELL.TX                  addr=2  deg=84  hex=000082AB  cmd=2ma000082AB
    5.267  ELL.RX                  addr=2  line=2PO000082AA  raw=b'2PO000082AA\r\n'
    5.268  ELL.DONE                addr=2  pos=84.0  dt=0.381  lines=1  leftover=0
    5.675  ARD.TRIG                frame=2  attempt=1
    5.740  ARD.RX                  msg=TRIGGERED  raw=b'TRIGGERED\r\n'  t=0.0
    5.756  ARD.RX                  msg=ARMED  raw=b'ARMED\r\n'  t=0.016
    6.163  ARD.RX                  msg=FRAME_DONE  raw=b'FRAME_DONE\r\n'  t=0.423
    6.165  ARD.FRAME_DONE          frame=2  attempt=1  dt=0.426  leftover=0
    6.167  FRAME.END               frame=2  t_total=1.509  t_hwp=0.226  t_qwp=0.383  t_trig=0.492  attempts=1  flags=ok
    6.171  FRAME.START             frame=3  hwp=133  qwp=85
    6.173  ELL.TX                  addr=0  deg=133  hex=0000CEE4  cmd=0ma0000CEE4
    6.547  ELL.RX                  addr=0  line=0PO0000CEE6  raw=b'0PO0000CEE6\r\n'
    6.548  ELL.DONE                addr=0  pos=133.01  dt=0.372  lines=1  leftover=0
    6.549  ELL.TX                  addr=2  deg=85  hex=00008439  cmd=2ma00008439
    6.771  ELL.RX                  addr=2  line=2PO0000843A  raw=b'2PO0000843A\r\n'
    6.772  ELL.DONE                addr=2  pos=85.0  dt=0.223  lines=1  leftover=0
    7.184  ARD.TRIG                frame=3  attempt=1
    7.248  ARD.RX                  msg=TRIGGERED  raw=b'TRIGGERED\r\n'  t=0.0
    7.264  ARD.RX                  msg=ARMED  raw=b'ARMED\r\n'  t=0.016
    7.674  ARD.RX                  msg=FRAME_DONE  raw=b'FRAME_DONE\r\n'  t=0.425
    7.675  ARD.FRAME_DONE          frame=3  attempt=1  dt=0.426  leftover=0
    7.676  FRAME.END               frame=3  t_total=1.505  t_hwp=0.376  t_qwp=0.224  t_trig=0.492  attempts=1  flags=ok
    7.680  FRAME.START             frame=4  hwp=127  qwp=73
    7.681  ELL.TX                  addr=0  deg=127  hex=0000C58E  cmd=0ma0000C58E
    7.923  ELL.RX                  addr=0  line=0PO0000C58F  raw=b'0PO0000C58F\r\n'
    7.924  ELL.DONE                addr=0  pos=127.0  dt=0.242  lines=1  leftover=0
    7.925  ELL.TX                  addr=2  deg=73  hex=0000718E  cmd=2ma0000718E
    8.339  ELL.RX                  addr=2  line=2PO0000718E  raw=b'2PO0000718E\r\n'
    8.340  ELL.DONE                addr=2  pos=73.0  dt=0.415  lines=1  leftover=0
    8.756  ARD.TRIG                frame=4  attempt=1
    8.818  ARD.RX                  msg=TRIGGERED  raw=b'TRIGGERED\r\n'  t=0.0
    8.834  ARD.RX                  msg=ARMED  raw=b'ARMED\r\n'  t=0.016
    9.246  ARD.RX                  msg=FRAME_DONE  raw=b'FRAME_DONE\r\n'  t=0.428
    9.248  ARD.FRAME_DONE          frame=4  attempt=1  dt=0.43  leftover=0
    9.248  FRAME.END               frame=4  t_total=1.569  t_hwp=0.244  t_qwp=0.416  t_trig=0.492  attempts=1  flags=ok
    9.250  FRAME.START             frame=5  hwp=4  qwp=87
    9.251  ELL.TX                  addr=0  deg=4  hex=00000639  cmd=0ma00000639
    9.619  ELL.RX                  addr=0  line=0PO0000063C  raw=b'0PO0000063C\r\n'
    9.621  ELL.DONE                addr=0  pos=4.01  dt=0.369  lines=1  leftover=0
    9.622  ELL.TX                  addr=2  deg=87  hex=00008755  cmd=2ma00008755
    9.971  ELL.RX                  addr=2  line=2PO00008753  raw=b'2PO00008753\r\n'
    9.972  ELL.DONE                addr=2  pos=86.99  dt=0.349  lines=1  leftover=0
   10.385  ARD.TRIG                frame=5  attempt=1
   10.450  ARD.RX                  msg=TRIGGERED  raw=b'TRIGGERED\r\n'  t=0.001
   10.465  ARD.RX                  msg=ARMED  raw=b'ARMED\r\n'  t=0.016
   10.873  ARD.RX                  msg=FRAME_DONE  raw=b'FRAME_DONE\r\n'  t=0.423
   10.874  ARD.FRAME_DONE          frame=5  attempt=1  dt=0.424  leftover=0
   10.875  FRAME.END               frame=5  t_total=1.625  t_hwp=0.371  t_qwp=0.351  t_trig=0.489  attempts=1  flags=ok
   10.876  FRAME.START             frame=6  hwp=67  qwp=20
   10.877  ELL.TX                  addr=0  deg=67  hex=00006839  cmd=0ma00006839
   11.395  ELL.RX                  addr=0  line=0PO00006839  raw=b'0PO00006839\r\n'
   11.397  ELL.DONE                addr=0  pos=67.0  dt=0.519  lines=1  leftover=0
   11.397  ELL.TX                  addr=2  deg=20  hex=00001F1C  cmd=2ma00001F1C
   11.780  ELL.RX                  addr=2  line=2PO00001F1E  raw=b'2PO00001F1E\r\n'
   11.783  ELL.DONE                addr=2  pos=20.0  dt=0.384  lines=1  leftover=0
   12.195  ARD.TRIG                frame=6  attempt=1
   12.259  ARD.RX                  msg=TRIGGERED  raw=b'TRIGGERED\r\n'  t=0.001
   12.275  ARD.RX                  msg=ARMED  raw=b'ARMED\r\n'  t=0.016
   12.691  ARD.RX                  msg=FRAME_DONE  raw=b'FRAME_DONE\r\n'  t=0.433
   12.693  ARD.FRAME_DONE          frame=6  attempt=1  dt=0.435  leftover=0
   12.695  FRAME.END               frame=6  t_total=1.819  t_hwp=0.521  t_qwp=0.387  t_trig=0.499  attempts=1  flags=ok
   12.697  FRAME.START             frame=7  hwp=164  qwp=60
   12.698  ELL.TX                  addr=0  deg=164  hex=0000FF1C  cmd=0ma0000FF1C
   13.044  ELL.RX                  addr=0  line=0PO0000FF1E  raw=b'0PO0000FF1E\r\n'
   13.045  ELL.DONE                addr=0  pos=164.0  dt=0.345  lines=1  leftover=0
   13.045  ELL.TX                  addr=2  deg=60  hex=00005D55  cmd=2ma00005D55
   13.299  ELL.RX                  addr=2  line=2PO00005D53  raw=b'2PO00005D53\r\n'
   13.301  ELL.DONE                addr=2  pos=59.99  dt=0.254  lines=1  leftover=0
   13.715  ARD.TRIG                frame=7  attempt=1
   13.781  ARD.RX                  msg=TRIGGERED  raw=b'TRIGGERED\r\n'  t=0.001
   13.796  ARD.RX                  msg=ARMED  raw=b'ARMED\r\n'  t=0.016
   14.210  ARD.RX                  msg=FRAME_DONE  raw=b'FRAME_DONE\r\n'  t=0.43
   14.220  ARD.FRAME_DONE          frame=7  attempt=1  dt=0.44  leftover=0
   14.223  FRAME.END               frame=7  t_total=1.527  t_hwp=0.348  t_qwp=0.256  t_trig=0.508  attempts=1  flags=ok
   14.226  FRAME.START             frame=8  hwp=96  qwp=11
   14.227  ELL.TX                  addr=0  deg=96  hex=00009555  cmd=0ma00009555
   14.564  ELL.RX                  addr=0  line=0PO00009555  raw=b'0PO00009555\r\n'
   14.565  ELL.DONE                addr=0  pos=96.0  dt=0.336  lines=1  leftover=0
   14.567  ELL.TX                  addr=2  deg=11  hex=0000111C  cmd=2ma0000111C
   14.868  ELL.RX                  addr=2  line=2PO0000111A  raw=b'2PO0000111A\r\n'
   14.869  ELL.DONE                addr=2  pos=10.99  dt=0.302  lines=1  leftover=0
   15.281  ARD.TRIG                frame=8  attempt=1
   15.344  ARD.RX                  msg=TRIGGERED  raw=b'TRIGGERED\r\n'  t=0.0
   15.360  ARD.RX                  msg=ARMED  raw=b'ARMED\r\n'  t=0.016
   15.775  ARD.RX                  msg=FRAME_DONE  raw=b'FRAME_DONE\r\n'  t=0.431
   15.776  ARD.FRAME_DONE          frame=8  attempt=1  dt=0.432  leftover=0
   15.777  FRAME.END               frame=8  t_total=1.551  t_hwp=0.34  t_qwp=0.303  t_trig=0.496  attempts=1  flags=ok
   15.778  FRAME.START             frame=9  hwp=103  qwp=23
   15.779  ELL.TX                  addr=0  deg=103  hex=0000A039  cmd=0ma0000A039
   16.052  ELL.RX                  addr=0  line=0PO0000A038  raw=b'0PO0000A038\r\n'
   16.054  ELL.DONE                addr=0  pos=103.0  dt=0.274  lines=1  leftover=0
   16.055  ELL.TX                  addr=2  deg=23  hex=000023C7  cmd=2ma000023C7
   16.420  ELL.RX                  addr=2  line=2PO000023C9  raw=b'2PO000023C9\r\n'
   16.422  ELL.DONE                addr=2  pos=23.0  dt=0.365  lines=1  leftover=0
   16.835  ARD.TRIG                frame=9  attempt=1
   16.900  ARD.RX                  msg=TRIGGERED  raw=b'TRIGGERED\r\n'  t=0.0
   16.916  ARD.RX                  msg=ARMED  raw=b'ARMED\r\n'  t=0.016
   17.329  ARD.RX                  msg=FRAME_DONE  raw=b'FRAME_DONE\r\n'  t=0.43
   17.331  ARD.FRAME_DONE          frame=9  attempt=1  dt=0.431  leftover=0
   17.331  FRAME.END               frame=9  t_total=1.553  t_hwp=0.276  t_qwp=0.368  t_trig=0.496  attempts=1  flags=ok
   17.333  FRAME.START             frame=10  hwp=107  qwp=34
   17.334  ELL.TX                  addr=0  deg=107  hex=0000A672  cmd=0ma0000A672
   17.525  ELL.RX                  addr=0  line=0PO0000A671  raw=b'0PO0000A671\r\n'
   17.528  ELL.DONE                addr=0  pos=107.0  dt=0.194  lines=1  leftover=0
   17.532  ELL.TX                  addr=2  deg=34  hex=000034E4  cmd=2ma000034E4
   17.876  ELL.RX                  addr=2  line=2PO000034E1  raw=b'2PO000034E1\r\n'
   17.877  ELL.DONE                addr=2  pos=33.99  dt=0.342  lines=1  leftover=0
   18.282  ARD.TRIG                frame=10  attempt=1
   18.346  ARD.RX                  msg=TRIGGERED  raw=b'TRIGGERED\r\n'  t=0.0
   18.362  ARD.RX                  msg=ARMED  raw=b'ARMED\r\n'  t=0.016
   18.771  ARD.RX                  msg=FRAME_DONE  raw=b'FRAME_DONE\r\n'  t=0.425
   18.772  ARD.FRAME_DONE          frame=10  attempt=1  dt=0.426  leftover=0
   18.773  FRAME.END               frame=10  t_total=1.44  t_hwp=0.198  t_qwp=0.346  t_trig=0.492  attempts=1  flags=ok
   18.775  FRAME.START             frame=11  hwp=180  qwp=82
   18.776  ELL.TX                  addr=0  deg=180  hex=00011800  cmd=0ma00011800
   19.108  ELL.RX                  addr=0  line=0PO000117FF  raw=b'0PO000117FF\r\n'
   19.109  ELL.DONE                addr=0  pos=180.0  dt=0.332  lines=1  leftover=0
   19.110  ELL.TX                  addr=2  deg=82  hex=00007F8E  cmd=2ma00007F8E
   19.380  ELL.RX                  addr=2  line=2PO00007F8D  raw=b'2PO00007F8D\r\n'
   19.381  ELL.DONE                addr=2  pos=82.0  dt=0.269  lines=1  leftover=0
   19.784  ARD.TRIG                frame=11  attempt=1
   19.849  ARD.RX                  msg=TRIGGERED  raw=b'TRIGGERED\r\n'  t=0.0
   19.864  ARD.RX                  msg=ARMED  raw=b'ARMED\r\n'  t=0.016
   20.272  ARD.RX                  msg=FRAME_DONE  raw=b'FRAME_DONE\r\n'  t=0.423
   20.274  ARD.FRAME_DONE          frame=11  attempt=1  dt=0.425  leftover=0
   20.275  FRAME.END               frame=11  t_total=1.5  t_hwp=0.334  t_qwp=0.272  t_trig=0.491  attempts=1  flags=ok
   20.277  FRAME.START             frame=12  hwp=14  qwp=96
   20.278  ELL.TX                  addr=0  deg=14  hex=000015C7  cmd=0ma000015C7
   20.692  ELL.RX                  addr=0  line=0PO000015CA  raw=b'0PO000015CA\r\n'
   20.695  ELL.DONE                addr=0  pos=14.01  dt=0.417  lines=1  leftover=0
   20.698  ELL.TX                  addr=2  deg=96  hex=00009555  cmd=2ma00009555
   20.996  ELL.RX                  addr=2  line=2PO00009558  raw=b'2PO00009558\r\n'
   20.999  ELL.DONE                addr=2  pos=96.01  dt=0.297  lines=1  leftover=0
   21.404  ARD.TRIG                frame=12  attempt=1
   21.468  ARD.RX                  msg=TRIGGERED  raw=b'TRIGGERED\r\n'  t=0.0
   21.484  ARD.RX                  msg=ARMED  raw=b'ARMED\r\n'  t=0.016
   21.896  ARD.RX                  msg=FRAME_DONE  raw=b'FRAME_DONE\r\n'  t=0.428
   21.897  ARD.FRAME_DONE          frame=12  attempt=1  dt=0.429  leftover=0
   21.898  FRAME.END               frame=12  t_total=1.621  t_hwp=0.42  t_qwp=0.302  t_trig=0.494  attempts=1  flags=ok
   21.899  FRAME.START             frame=13  hwp=35  qwp=71
   21.900  ELL.TX                  addr=0  deg=35  hex=00003672  cmd=0ma00003672
   22.196  ELL.RX                  addr=0  line=0PO00003671  raw=b'0PO00003671\r\n'
   22.197  ELL.DONE                addr=0  pos=35.0  dt=0.297  lines=1  leftover=0
   22.198  ELL.TX                  addr=2  deg=71  hex=00006E72  cmd=2ma00006E72
   22.516  ELL.RX                  addr=2  line=2PO00006E74  raw=b'2PO00006E74\r\n'
   22.517  ELL.DONE                addr=2  pos=71.01  dt=0.319  lines=1  leftover=0
   22.929  ARD.TRIG                frame=13  attempt=1
   22.994  ARD.RX                  msg=TRIGGERED  raw=b'TRIGGERED\r\n'  t=0.0
   23.009  ARD.RX                  msg=ARMED  raw=b'ARMED\r\n'  t=0.016
   23.418  ARD.RX                  msg=FRAME_DONE  raw=b'FRAME_DONE\r\n'  t=0.424
   23.419  ARD.FRAME_DONE          frame=13  attempt=1  dt=0.426  leftover=0
   23.420  FRAME.END               frame=13  t_total=1.521  t_hwp=0.298  t_qwp=0.32  t_trig=0.491  attempts=1  flags=ok
   23.422  FRAME.START             frame=14  hwp=137  qwp=96
   23.423  ELL.TX                  addr=0  deg=137  hex=0000D51C  cmd=0ma0000D51C
   23.876  ELL.RX                  addr=0  line=0PO0000D51A  raw=b'0PO0000D51A\r\n'
   23.878  ELL.DONE                addr=0  pos=136.99  dt=0.454  lines=1  leftover=0
   23.879  ELL.TX                  addr=2  deg=96  hex=00009555  cmd=2ma00009555
   24.309  ELL.RX                  addr=2  line=2PO00009553  raw=b'2PO00009553\r\n'
   24.310  ELL.DONE                addr=2  pos=95.99  dt=0.43  lines=1  leftover=0
   24.725  ARD.TRIG                frame=14  attempt=1
   24.789  ARD.RX                  msg=TRIGGERED  raw=b'TRIGGERED\r\n'  t=0.0
   24.805  ARD.RX                  msg=ARMED  raw=b'ARMED\r\n'  t=0.016
   25.212  ARD.RX                  msg=FRAME_DONE  raw=b'FRAME_DONE\r\n'  t=0.423
   25.214  ARD.FRAME_DONE          frame=14  attempt=1  dt=0.425  leftover=0
   25.215  FRAME.END               frame=14  t_total=1.793  t_hwp=0.456  t_qwp=0.432  t_trig=0.49  attempts=1  flags=ok
   25.219  LOOP.END              
