    0.021  SESSION.START           log=D:\1_software\Experimental control software\Synthetic birefringence\pshg_diag_20260611_110042.log  csv=D:\1_software\Experimental control software\Synthetic birefringence\pshg_diag_20260611_110042.csv  file=rotating_linear_pol.xlsx  drain_stale=True
    0.066  ELL.QUERY               cmd=0in  reply='0IN0E1140051420211501016800023000\r\n'
    0.163  ELL.QUERY               cmd=2in  reply='2IN0E1140064920211501016800023000\r\n'
    0.691  ELL.QUERY               cmd=0ho  reply='0POFFFFFFFE\r\n'
    1.331  ELL.QUERY               cmd=2ho  reply='2PO00000001\r\n'
    1.363  ELL.QUERY               cmd=0gp  reply='0POFFFFFFFE\r\n'
    1.443  ELL.QUERY               cmd=2gp  reply='2PO00000007\r\n'
    2.465  LOOP.START            
    3.489  FRAME.START             frame=1  hwp=26  qwp=79
    3.493  ELL.TX                  addr=0  deg=26  hex=00002872  cmd=0ma00002872
    3.731  ELL.RX                  addr=0  line=0PO00002873  raw=b'0PO00002873\r\n'
    3.735  ELL.DONE                addr=0  pos=26.0  dt=0.235  lines=1  leftover=0
    3.738  ELL.TX                  addr=2  deg=79  hex=00007AE4  cmd=2ma00007AE4
    4.211  ELL.RX                  addr=2  line=2PO00007AE4  raw=b'2PO00007AE4\r\n'
    4.216  ELL.DONE                addr=2  pos=79.0  dt=0.472  lines=1  leftover=0
    4.628  ARD.TRIG                frame=1  attempt=1
    4.694  ARD.RX                  msg=TRIGGERED  raw=b'TRIGGERED\r\n'  t=0.001
    4.708  ARD.RX                  msg=ARMED  raw=b'ARMED\r\n'  t=0.014
    5.117  ARD.RX                  msg=FRAME_DONE  raw=b'FRAME_DONE\r\n'  t=0.424
    5.119  ARD.FRAME_DONE          frame=1  attempt=1  dt=0.426  leftover=0
    5.120  FRAME.END               frame=1  t_total=1.631  t_hwp=0.245  t_qwp=0.48  t_trig=0.492  attempts=1  flags=ok
    5.126  FRAME.START             frame=2  hwp=38  qwp=90
    5.127  ELL.TX                  addr=0  deg=38  hex=00003B1C  cmd=0ma00003B1C
    5.299  ELL.RX                  addr=0  line=0PO00003B1A  raw=b'0PO00003B1A\r\n'
    5.300  ELL.DONE                addr=0  pos=37.99  dt=0.171  lines=1  leftover=0
    5.301  ELL.TX                  addr=2  deg=90  hex=00008C00  cmd=2ma00008C00
    5.587  ELL.RX                  addr=2  line=2PO00008BFD  raw=b'2PO00008BFD\r\n'
    5.588  ELL.DONE                addr=2  pos=89.99  dt=0.286  lines=1  leftover=0
    6.001  ARD.TRIG                frame=2  attempt=1
    6.065  ARD.RX                  msg=TRIGGERED  raw=b'TRIGGERED\r\n'  t=0.0
    6.079  ARD.RX                  msg=ARMED  raw=b'ARMED\r\n'  t=0.015
    6.490  ARD.RX                  msg=FRAME_DONE  raw=b'FRAME_DONE\r\n'  t=0.425
    6.492  ARD.FRAME_DONE          frame=2  attempt=1  dt=0.428  leftover=0
    6.494  FRAME.END               frame=2  t_total=1.368  t_hwp=0.174  t_qwp=0.288  t_trig=0.493  attempts=1  flags=ok
    6.498  FRAME.START             frame=3  hwp=51  qwp=94
    6.500  ELL.TX                  addr=0  deg=51  hex=00004F55  cmd=0ma00004F55
    6.675  ELL.RX                  addr=0  line=0PO00004F57  raw=b'0PO00004F57\r\n'
    6.676  ELL.DONE                addr=0  pos=51.0  dt=0.172  lines=1  leftover=0
    6.677  ELL.TX                  addr=2  deg=94  hex=00009239  cmd=2ma00009239
    6.963  ELL.RX                  addr=2  line=2PO00009238  raw=b'2PO00009238\r\n'
    6.967  ELL.DONE                addr=2  pos=94.0  dt=0.288  lines=1  leftover=0
    7.373  ARD.TRIG                frame=3  attempt=1
    7.436  ARD.RX                  msg=TRIGGERED  raw=b'TRIGGERED\r\n'  t=0.001
    7.452  ARD.RX                  msg=ARMED  raw=b'ARMED\r\n'  t=0.016
    7.865  ARD.RX                  msg=FRAME_DONE  raw=b'FRAME_DONE\r\n'  t=0.429
    7.867  ARD.FRAME_DONE          frame=3  attempt=1  dt=0.431  leftover=0
    7.870  FRAME.END               frame=3  t_total=1.372  t_hwp=0.177  t_qwp=0.293  t_trig=0.497  attempts=1  flags=ok
    7.874  FRAME.START             frame=4  hwp=60  qwp=90
    7.876  ELL.TX                  addr=0  deg=60  hex=00005D55  cmd=0ma00005D55
    8.147  ELL.RX                  addr=0  line=0PO00005D53  raw=b'0PO00005D53\r\n'
    8.149  ELL.DONE                addr=0  pos=59.99  dt=0.269  lines=1  leftover=0
    8.149  ELL.TX                  addr=2  deg=90  hex=00008C00  cmd=2ma00008C00
    8.404  ELL.RX                  addr=2  line=2PO00008C03  raw=b'2PO00008C03\r\n'
    8.408  ELL.DONE                addr=2  pos=90.01  dt=0.258  lines=1  leftover=0
    8.826  ARD.TRIG                frame=4  attempt=1
    8.891  ARD.RX                  msg=TRIGGERED  raw=b'TRIGGERED\r\n'  t=0.0
    8.907  ARD.RX                  msg=ARMED  raw=b'ARMED\r\n'  t=0.016
    9.315  ARD.RX                  msg=FRAME_DONE  raw=b'FRAME_DONE\r\n'  t=0.425
    9.317  ARD.FRAME_DONE          frame=4  attempt=1  dt=0.426  leftover=0
    9.318  FRAME.END               frame=4  t_total=1.444  t_hwp=0.273  t_qwp=0.262  t_trig=0.491  attempts=1  flags=ok
    9.320  FRAME.START             frame=5  hwp=60  qwp=78
    9.321  ELL.TX                  addr=0  deg=60  hex=00005D55  cmd=0ma00005D55
    9.363  ELL.RX                  addr=0  line=0PO00005D53  raw=b'0PO00005D53\r\n'
    9.365  ELL.DONE                addr=0  pos=59.99  dt=0.042  lines=1  leftover=0
    9.366  ELL.TX                  addr=2  deg=78  hex=00007955  cmd=2ma00007955
    9.571  ELL.RX                  addr=2  line=2PO00007952  raw=b'2PO00007952\r\n'
    9.575  ELL.DONE                addr=2  pos=77.99  dt=0.207  lines=1  leftover=0
    9.984  ARD.TRIG                frame=5  attempt=1
   10.049  ARD.RX                  msg=TRIGGERED  raw=b'TRIGGERED\r\n'  t=0.001
   10.064  ARD.RX                  msg=ARMED  raw=b'ARMED\r\n'  t=0.016
   10.476  ARD.RX                  msg=FRAME_DONE  raw=b'FRAME_DONE\r\n'  t=0.428
   10.479  ARD.FRAME_DONE          frame=5  attempt=1  dt=0.43  leftover=0
   10.480  FRAME.END               frame=5  t_total=1.16  t_hwp=0.045  t_qwp=0.211  t_trig=0.496  attempts=1  flags=ok
   10.484  FRAME.START             frame=6  hwp=65  qwp=73
   10.485  ELL.TX                  addr=0  deg=65  hex=0000651C  cmd=0ma0000651C
   10.643  ELL.RX                  addr=0  line=0PO0000651E  raw=b'0PO0000651E\r\n'
   10.644  ELL.DONE                addr=0  pos=65.0  dt=0.157  lines=1  leftover=0
   10.645  ELL.TX                  addr=2  deg=73  hex=0000718E  cmd=2ma0000718E
   10.964  ELL.RX                  addr=2  line=2PO0000718B  raw=b'2PO0000718B\r\n'
   10.968  ELL.DONE                addr=2  pos=72.99  dt=0.322  lines=1  leftover=0
   11.380  ARD.TRIG                frame=6  attempt=1
   11.444  ARD.RX                  msg=TRIGGERED  raw=b'TRIGGERED\r\n'  t=0.001
   11.459  ARD.RX                  msg=ARMED  raw=b'ARMED\r\n'  t=0.016
   11.871  ARD.RX                  msg=FRAME_DONE  raw=b'FRAME_DONE\r\n'  t=0.428
   11.872  ARD.FRAME_DONE          frame=6  attempt=1  dt=0.429  leftover=0
   11.873  FRAME.END               frame=6  t_total=1.389  t_hwp=0.16  t_qwp=0.326  t_trig=0.493  attempts=1  flags=ok
   11.874  FRAME.START             frame=7  hwp=150  qwp=55
   11.875  ELL.TX                  addr=0  deg=150  hex=0000E955  cmd=0ma0000E955
   12.276  ELL.RX                  addr=0  line=0PO0000E958  raw=b'0PO0000E958\r\n'
   12.282  ELL.DONE                addr=0  pos=150.01  dt=0.405  lines=1  leftover=0
   12.285  ELL.TX                  addr=2  deg=55  hex=0000558E  cmd=2ma0000558E
   12.436  ELL.RX                  addr=2  line=2PO0000558D  raw=b'2PO0000558D\r\n'
   12.438  ELL.DONE                addr=2  pos=55.0  dt=0.148  lines=1  leftover=0
   12.851  ARD.TRIG                frame=7  attempt=1
   12.916  ARD.RX                  msg=TRIGGERED  raw=b'TRIGGERED\r\n'  t=0.001
   12.931  ARD.RX                  msg=ARMED  raw=b'ARMED\r\n'  t=0.016
   13.342  ARD.RX                  msg=FRAME_DONE  raw=b'FRAME_DONE\r\n'  t=0.428
   13.345  ARD.FRAME_DONE          frame=7  attempt=1  dt=0.43  leftover=0
   13.346  FRAME.END               frame=7  t_total=1.472  t_hwp=0.41  t_qwp=0.156  t_trig=0.495  attempts=1  flags=ok
   13.349  FRAME.START             frame=8  hwp=90  qwp=3
   13.351  ELL.TX                  addr=0  deg=90  hex=00008C00  cmd=0ma00008C00
   13.588  ELL.RX                  addr=0  line=0PO00008BFF  raw=b'0PO00008BFF\r\n'
   13.590  ELL.DONE                addr=0  pos=90.0  dt=0.238  lines=1  leftover=0
   13.593  ELL.TX                  addr=2  deg=3  hex=000004AB  cmd=2ma000004AB
   13.940  ELL.RX                  addr=2  line=2PO000004AB  raw=b'2PO000004AB\r\n'
   13.943  ELL.DONE                addr=2  pos=3.0  dt=0.347  lines=1  leftover=0
   14.354  ARD.TRIG                frame=8  attempt=1
   14.416  ARD.RX                  msg=TRIGGERED  raw=b'TRIGGERED\r\n'  t=0.0
   14.431  ARD.RX                  msg=ARMED  raw=b'ARMED\r\n'  t=0.015
   14.844  ARD.RX                  msg=FRAME_DONE  raw=b'FRAME_DONE\r\n'  t=0.429
   14.845  ARD.FRAME_DONE          frame=8  attempt=1  dt=0.43  leftover=0
   14.846  FRAME.END               frame=8  t_total=1.497  t_hwp=0.242  t_qwp=0.354  t_trig=0.492  attempts=1  flags=ok
   14.848  FRAME.START             frame=9  hwp=161  qwp=40
   14.848  ELL.TX                  addr=0  deg=161  hex=0000FA72  cmd=0ma0000FA72
   15.396  ELL.RX                  addr=0  line=0PO0000FA75  raw=b'0PO0000FA75\r\n'
   15.397  ELL.DONE                addr=0  pos=161.01  dt=0.547  lines=1  leftover=0
   15.398  ELL.TX                  addr=2  deg=40  hex=00003E39  cmd=2ma00003E39
   15.892  ELL.RX                  addr=2  line=2PO00003E3C  raw=b'2PO00003E3C\r\n'
   15.898  ELL.DONE                addr=2  pos=40.01  dt=0.5  lines=1  leftover=0
   16.303  ARD.TRIG                frame=9  attempt=1
   16.367  ARD.RX                  msg=TRIGGERED  raw=b'TRIGGERED\r\n'  t=0.001
   16.383  ARD.RX                  msg=ARMED  raw=b'ARMED\r\n'  t=0.016
   16.794  ARD.RX                  msg=FRAME_DONE  raw=b'FRAME_DONE\r\n'  t=0.427
   16.796  ARD.FRAME_DONE          frame=9  attempt=1  dt=0.429  leftover=0
   16.797  FRAME.END               frame=9  t_total=1.949  t_hwp=0.549  t_qwp=0.504  t_trig=0.494  attempts=1  flags=ok
   16.800  FRAME.START             frame=10  hwp=90  qwp=60
   16.801  ELL.TX                  addr=0  deg=90  hex=00008C00  cmd=0ma00008C00
   17.140  ELL.RX                  addr=0  line=0PO00008BFD  raw=b'0PO00008BFD\r\n'
   17.143  ELL.DONE                addr=0  pos=89.99  dt=0.34  lines=1  leftover=0
   17.146  ELL.TX                  addr=2  deg=60  hex=00005D55  cmd=2ma00005D55
   17.524  ELL.RX                  addr=2  line=2PO00005D58  raw=b'2PO00005D58\r\n'
   17.526  ELL.DONE                addr=2  pos=60.01  dt=0.375  lines=1  leftover=0
   17.928  ARD.TRIG                frame=10  attempt=1
   17.994  ARD.RX                  msg=TRIGGERED  raw=b'TRIGGERED\r\n'  t=0.001
   18.009  ARD.RX                  msg=ARMED  raw=b'ARMED\r\n'  t=0.016
   18.420  ARD.RX                  msg=FRAME_DONE  raw=b'FRAME_DONE\r\n'  t=0.427
   18.421  ARD.FRAME_DONE          frame=10  attempt=1  dt=0.428  leftover=0
   18.422  FRAME.END               frame=10  t_total=1.622  t_hwp=0.345  t_qwp=0.382  t_trig=0.494  attempts=1  flags=ok
   18.424  FRAME.START             frame=11  hwp=4  qwp=55
   18.425  ELL.TX                  addr=0  deg=4  hex=00000639  cmd=0ma00000639
   18.853  ELL.RX                  addr=0  line=0PO0000063B  raw=b'0PO0000063B\r\n'
   18.857  ELL.DONE                addr=0  pos=4.01  dt=0.431  lines=1  leftover=0
   18.863  ELL.TX                  addr=2  deg=55  hex=0000558E  cmd=2ma0000558E
   19.157  ELL.RX                  addr=2  line=2PO0000558C  raw=b'2PO0000558C\r\n'
   19.162  ELL.DONE                addr=2  pos=54.99  dt=0.294  lines=1  leftover=0
   19.568  ARD.TRIG                frame=11  attempt=1
   19.631  ARD.RX                  msg=TRIGGERED  raw=b'TRIGGERED\r\n'  t=0.0
   19.647  ARD.RX                  msg=ARMED  raw=b'ARMED\r\n'  t=0.016
   20.058  ARD.RX                  msg=FRAME_DONE  raw=b'FRAME_DONE\r\n'  t=0.427
   20.060  ARD.FRAME_DONE          frame=11  attempt=1  dt=0.429  leftover=0
   20.061  FRAME.END               frame=11  t_total=1.637  t_hwp=0.438  t_qwp=0.302  t_trig=0.493  attempts=1  flags=ok
   20.062  FRAME.START             frame=12  hwp=112  qwp=80
   20.063  ELL.TX                  addr=0  deg=112  hex=0000AE39  cmd=0ma0000AE39
   20.596  ELL.RX                  addr=0  line=0PO0000AE38  raw=b'0PO0000AE38\r\n'
   20.598  ELL.DONE                addr=0  pos=112.0  dt=0.533  lines=1  leftover=0
   20.598  ELL.TX                  addr=2  deg=80  hex=00007C72  cmd=2ma00007C72
   20.772  ELL.RX                  addr=2  line=2PO00007C74  raw=b'2PO00007C74\r\n'
   20.775  ELL.DONE                addr=2  pos=80.01  dt=0.176  lines=1  leftover=0
   21.181  ARD.TRIG                frame=12  attempt=1
   21.244  ARD.RX                  msg=TRIGGERED  raw=b'TRIGGERED\r\n'  t=0.001
   21.260  ARD.RX                  msg=ARMED  raw=b'ARMED\r\n'  t=0.016
   21.672  ARD.RX                  msg=FRAME_DONE  raw=b'FRAME_DONE\r\n'  t=0.428
   21.674  ARD.FRAME_DONE          frame=12  attempt=1  dt=0.43  leftover=0
   21.675  FRAME.END               frame=12  t_total=1.613  t_hwp=0.535  t_qwp=0.18  t_trig=0.494  attempts=1  flags=ok
   21.677  FRAME.START             frame=13  hwp=25  qwp=75
   21.678  ELL.TX                  addr=0  deg=25  hex=000026E4  cmd=0ma000026E4
   21.973  ELL.RX                  addr=0  line=0PO000026E1  raw=b'0PO000026E1\r\n'
   21.977  ELL.DONE                addr=0  pos=24.99  dt=0.297  lines=1  leftover=0
   21.981  ELL.TX                  addr=2  deg=75  hex=000074AB  cmd=2ma000074AB
   22.293  ELL.RX                  addr=2  line=2PO000074AD  raw=b'2PO000074AD\r\n'
   22.299  ELL.DONE                addr=2  pos=75.01  dt=0.314  lines=1  leftover=0
   22.710  ARD.TRIG                frame=13  attempt=1
   22.773  ARD.RX                  msg=TRIGGERED  raw=b'TRIGGERED\r\n'  t=0.0
   22.788  ARD.RX                  msg=ARMED  raw=b'ARMED\r\n'  t=0.016
   23.200  ARD.RX                  msg=FRAME_DONE  raw=b'FRAME_DONE\r\n'  t=0.428
   23.204  ARD.FRAME_DONE          frame=13  attempt=1  dt=0.432  leftover=0
   23.208  FRAME.END               frame=13  t_total=1.531  t_hwp=0.303  t_qwp=0.321  t_trig=0.498  attempts=1  flags=ok
   23.218  FRAME.START             frame=14  hwp=36  qwp=86
   23.220  ELL.TX                  addr=0  deg=36  hex=00003800  cmd=0ma00003800
   23.396  ELL.RX                  addr=0  line=0PO00003802  raw=b'0PO00003802\r\n'
   23.398  ELL.DONE                addr=0  pos=36.01  dt=0.176  lines=1  leftover=0
   23.399  ELL.TX                  addr=2  deg=86  hex=000085C7  cmd=2ma000085C7
   23.685  ELL.RX                  addr=2  line=2PO000085C7  raw=b'2PO000085C7\r\n'
   23.689  ELL.DONE                addr=2  pos=86.0  dt=0.29  lines=1  leftover=0
   24.098  ARD.TRIG                frame=14  attempt=1
   24.162  ARD.RX                  msg=TRIGGERED  raw=b'TRIGGERED\r\n'  t=0.0
   24.178  ARD.RX                  msg=ARMED  raw=b'ARMED\r\n'  t=0.016
   24.589  ARD.RX                  msg=FRAME_DONE  raw=b'FRAME_DONE\r\n'  t=0.428
   24.593  ARD.FRAME_DONE          frame=14  attempt=1  dt=0.431  leftover=0
   24.596  FRAME.END               frame=14  t_total=1.378  t_hwp=0.179  t_qwp=0.294  t_trig=0.499  attempts=1  flags=ok
   24.602  LOOP.END              
