    0.046  SESSION.START           log=D:\1_software\Experimental control software\Synthetic birefringence\pshg_diag_20260609_175300.log  csv=D:\1_software\Experimental control software\Synthetic birefringence\pshg_diag_20260609_175300.csv  file=rotating_linear_pol.xlsx  drain_stale=True
    0.090  ELL.QUERY               cmd=0in  reply='0IN0E1140051420211501016800023000\r\n'
    0.186  ELL.QUERY               cmd=2in  reply='2IN0E1140064920211501016800023000\r\n'
    0.410  ELL.QUERY               cmd=0ho  reply='0PO00000001\r\n'
    0.826  ELL.QUERY               cmd=2ho  reply='2PO00000001\r\n'
    0.858  ELL.QUERY               cmd=0gp  reply='0PO00000001\r\n'
    0.922  ELL.QUERY               cmd=2gp  reply='2POFFFFFFFA\r\n'
    1.931  LOOP.START            
    2.942  FRAME.START             frame=1  hwp=26  qwp=79
    2.943  ELL.TX                  addr=0  deg=26  hex=00002872  cmd=0ma00002872
    3.226  ELL.RX                  addr=0  line=0PO00002870  raw=b'0PO00002870\r\n'
    3.228  ELL.DONE                addr=0  pos=26.0  dt=0.284  lines=1  leftover=0
    3.228  ELL.TX                  addr=2  deg=79  hex=00007AE4  cmd=2ma00007AE4
    3.562  ELL.RX                  addr=2  line=2PO00007AE4  raw=b'2PO00007AE4\r\n'
    3.563  ELL.DONE                addr=2  pos=79.0  dt=0.334  lines=1  leftover=0
    3.979  ARD.TRIG                frame=1  attempt=1
    4.041  ARD.RX                  msg=TRIGGERED  raw=b'TRIGGERED\r\n'  t=0.0
    4.057  ARD.RX                  msg=ARMED  raw=b'ARMED\r\n'  t=0.016
   14.055  ARD.TIMEOUT             waited=10.014
   14.056  ARD.DROP                frame=1  attempt=1
   14.462  ARD.TRIG                frame=1  attempt=2
   14.525  ARD.RX                  msg=TRIGGERED  raw=b'TRIGGERED\r\n'  t=0.0
   14.540  ARD.RX                  msg=ARMED  raw=b'ARMED\r\n'  t=0.015
   14.949  ARD.RX                  msg=FRAME_DONE  raw=b'FRAME_DONE\r\n'  t=0.424
   14.950  ARD.FRAME_DONE          frame=1  attempt=2  dt=0.425  leftover=0
   14.951  FRAME.END               frame=1  t_total=12.009  t_hwp=0.286  t_qwp=0.336  t_trig=10.972  attempts=2  flags=SLOW,RETRY2
   14.952  FRAME.START             frame=2  hwp=38  qwp=90
   14.953  ELL.TX                  addr=0  deg=38  hex=00003B1C  cmd=0ma00003B1C
   15.211  ELL.RX                  addr=0  line=0PO00003B19  raw=b'0PO00003B19\r\n'
   15.212  ELL.DONE                addr=0  pos=37.99  dt=0.259  lines=1  leftover=0
   15.214  ELL.TX                  addr=2  deg=90  hex=00008C00  cmd=2ma00008C00
   15.467  ELL.RX                  addr=2  line=2PO00008C03  raw=b'2PO00008C03\r\n'
   15.468  ELL.DONE                addr=2  pos=90.01  dt=0.253  lines=1  leftover=0
   15.875  ARD.TRIG                frame=2  attempt=1
   15.937  ARD.RX                  msg=TRIGGERED  raw=b'TRIGGERED\r\n'  t=0.0
   15.953  ARD.RX                  msg=ARMED  raw=b'ARMED\r\n'  t=0.016
   16.362  ARD.RX                  msg=FRAME_DONE  raw=b'FRAME_DONE\r\n'  t=0.425
   16.364  ARD.FRAME_DONE          frame=2  attempt=1  dt=0.427  leftover=0
   16.365  FRAME.END               frame=2  t_total=1.413  t_hwp=0.26  t_qwp=0.255  t_trig=0.49  attempts=1  flags=ok
   16.368  FRAME.START             frame=3  hwp=51  qwp=94
   16.369  ELL.TX                  addr=0  deg=51  hex=00004F55  cmd=0ma00004F55
   16.571  ELL.RX                  addr=0  line=0PO00004F54  raw=b'0PO00004F54\r\n'
   16.572  ELL.DONE                addr=0  pos=51.0  dt=0.202  lines=1  leftover=0
   16.573  ELL.TX                  addr=2  deg=94  hex=00009239  cmd=2ma00009239
   16.859  ELL.RX                  addr=2  line=2PO00009238  raw=b'2PO00009238\r\n'
   16.861  ELL.DONE                addr=2  pos=94.0  dt=0.287  lines=1  leftover=0
   17.268  ARD.TRIG                frame=3  attempt=1
   17.331  ARD.RX                  msg=TRIGGERED  raw=b'TRIGGERED\r\n'  t=0.0
   17.347  ARD.RX                  msg=ARMED  raw=b'ARMED\r\n'  t=0.016
   17.755  ARD.RX                  msg=FRAME_DONE  raw=b'FRAME_DONE\r\n'  t=0.424
   17.756  ARD.FRAME_DONE          frame=3  attempt=1  dt=0.425  leftover=0
   17.756  FRAME.END               frame=3  t_total=1.389  t_hwp=0.204  t_qwp=0.29  t_trig=0.488  attempts=1  flags=ok
   17.758  FRAME.START             frame=4  hwp=60  qwp=90
   17.759  ELL.TX                  addr=0  deg=60  hex=00005D55  cmd=0ma00005D55
   17.963  ELL.RX                  addr=0  line=0PO00005D52  raw=b'0PO00005D52\r\n'
   17.964  ELL.DONE                addr=0  pos=59.99  dt=0.204  lines=1  leftover=0
   17.966  ELL.TX                  addr=2  deg=90  hex=00008C00  cmd=2ma00008C00
   18.299  ELL.RX                  addr=2  line=2PO00008BFE  raw=b'2PO00008BFE\r\n'
   18.300  ELL.DONE                addr=2  pos=89.99  dt=0.333  lines=1  leftover=0
   18.715  ARD.TRIG                frame=4  attempt=1
   18.778  ARD.RX                  msg=TRIGGERED  raw=b'TRIGGERED\r\n'  t=0.0
   18.794  ARD.RX                  msg=ARMED  raw=b'ARMED\r\n'  t=0.016
   19.204  ARD.RX                  msg=FRAME_DONE  raw=b'FRAME_DONE\r\n'  t=0.426
   19.206  ARD.FRAME_DONE          frame=4  attempt=1  dt=0.428  leftover=0
   19.206  FRAME.END               frame=4  t_total=1.448  t_hwp=0.206  t_qwp=0.336  t_trig=0.491  attempts=1  flags=ok
   19.208  FRAME.START             frame=5  hwp=60  qwp=78
   19.209  ELL.TX                  addr=0  deg=60  hex=00005D55  cmd=0ma00005D55
   19.259  ELL.RX                  addr=0  line=0PO00005D53  raw=b'0PO00005D53\r\n'
   19.261  ELL.DONE                addr=0  pos=59.99  dt=0.051  lines=1  leftover=0
   19.262  ELL.TX                  addr=2  deg=78  hex=00007955  cmd=2ma00007955
   19.628  ELL.RX                  addr=2  line=2PO00007958  raw=b'2PO00007958\r\n'
   19.631  ELL.DONE                addr=2  pos=78.01  dt=0.368  lines=1  leftover=0
   20.038  ARD.TRIG                frame=5  attempt=1
   20.101  ARD.RX                  msg=TRIGGERED  raw=b'TRIGGERED\r\n'  t=0.0
   20.116  ARD.RX                  msg=ARMED  raw=b'ARMED\r\n'  t=0.016
   20.527  ARD.RX                  msg=FRAME_DONE  raw=b'FRAME_DONE\r\n'  t=0.427
   20.529  ARD.FRAME_DONE          frame=5  attempt=1  dt=0.428  leftover=0
   20.529  FRAME.END               frame=5  t_total=1.321  t_hwp=0.053  t_qwp=0.374  t_trig=0.491  attempts=1  flags=ok
   20.531  FRAME.START             frame=6  hwp=65  qwp=73
   20.532  ELL.TX                  addr=0  deg=65  hex=0000651C  cmd=0ma0000651C
   20.683  ELL.RX                  addr=0  line=0PO0000651A  raw=b'0PO0000651A\r\n'
   20.684  ELL.DONE                addr=0  pos=64.99  dt=0.152  lines=1  leftover=0
   20.685  ELL.TX                  addr=2  deg=73  hex=0000718E  cmd=2ma0000718E
   20.955  ELL.RX                  addr=2  line=2PO0000718F  raw=b'2PO0000718F\r\n'
   20.956  ELL.DONE                addr=2  pos=73.0  dt=0.27  lines=1  leftover=0
   21.360  ARD.TRIG                frame=6  attempt=1
   21.422  ARD.RX                  msg=TRIGGERED  raw=b'TRIGGERED\r\n'  t=0.0
   21.438  ARD.RX                  msg=ARMED  raw=b'ARMED\r\n'  t=0.016
   21.850  ARD.RX                  msg=FRAME_DONE  raw=b'FRAME_DONE\r\n'  t=0.428
   21.852  ARD.FRAME_DONE          frame=6  attempt=1  dt=0.429  leftover=0
   21.852  FRAME.END               frame=6  t_total=1.321  t_hwp=0.153  t_qwp=0.272  t_trig=0.492  attempts=1  flags=ok
   21.854  FRAME.START             frame=7  hwp=150  qwp=55
   21.855  ELL.TX                  addr=0  deg=150  hex=0000E955  cmd=0ma0000E955
   22.251  ELL.RX                  addr=0  line=0PO0000E957  raw=b'0PO0000E957\r\n'
   22.252  ELL.DONE                addr=0  pos=150.0  dt=0.397  lines=1  leftover=0
   22.253  ELL.TX                  addr=2  deg=55  hex=0000558E  cmd=2ma0000558E
   22.395  ELL.RX                  addr=2  line=2PO0000558E  raw=b'2PO0000558E\r\n'
   22.396  ELL.DONE                addr=2  pos=55.0  dt=0.142  lines=1  leftover=0
   22.805  ARD.TRIG                frame=7  attempt=1
   22.875  ARD.RX                  msg=TRIGGERED  raw=b'TRIGGERED\r\n'  t=0.0
   22.887  ARD.RX                  msg=ARMED  raw=b'ARMED\r\n'  t=0.013
   23.292  ARD.RX                  msg=FRAME_DONE  raw=b'FRAME_DONE\r\n'  t=0.418
   23.294  ARD.FRAME_DONE          frame=7  attempt=1  dt=0.42  leftover=0
   23.295  FRAME.END               frame=7  t_total=1.441  t_hwp=0.398  t_qwp=0.144  t_trig=0.49  attempts=1  flags=ok
   23.297  FRAME.START             frame=8  hwp=90  qwp=3
   23.298  ELL.TX                  addr=0  deg=90  hex=00008C00  cmd=0ma00008C00
   23.611  ELL.RX                  addr=0  line=0PO00008C03  raw=b'0PO00008C03\r\n'
   23.613  ELL.DONE                addr=0  pos=90.01  dt=0.315  lines=1  leftover=0
   23.614  ELL.TX                  addr=2  deg=3  hex=000004AB  cmd=2ma000004AB
   24.012  ELL.RX                  addr=2  line=2PO000004AD  raw=b'2PO000004AD\r\n'
   24.013  ELL.DONE                addr=2  pos=3.01  dt=0.398  lines=1  leftover=0
   24.418  ARD.TRIG                frame=8  attempt=1
   24.481  ARD.RX                  msg=TRIGGERED  raw=b'TRIGGERED\r\n'  t=0.0
   24.497  ARD.RX                  msg=ARMED  raw=b'ARMED\r\n'  t=0.016
   24.906  ARD.RX                  msg=FRAME_DONE  raw=b'FRAME_DONE\r\n'  t=0.425
   24.907  ARD.FRAME_DONE          frame=8  attempt=1  dt=0.426  leftover=0
   24.908  FRAME.END               frame=8  t_total=1.611  t_hwp=0.316  t_qwp=0.4  t_trig=0.49  attempts=1  flags=ok
   24.910  FRAME.START             frame=9  hwp=161  qwp=40
   24.911  ELL.TX                  addr=0  deg=161  hex=0000FA72  cmd=0ma0000FA72
   25.228  ELL.RX                  addr=0  line=0PO0000FA74  raw=b'0PO0000FA74\r\n'
   25.229  ELL.DONE                addr=0  pos=161.01  dt=0.317  lines=1  leftover=0
   25.229  ELL.TX                  addr=2  deg=40  hex=00003E39  cmd=2ma00003E39
   25.532  ELL.RX                  addr=2  line=2PO00003E3B  raw=b'2PO00003E3B\r\n'
   25.533  ELL.DONE                addr=2  pos=40.01  dt=0.303  lines=1  leftover=0
   25.943  ARD.TRIG                frame=9  attempt=1
   26.005  ARD.RX                  msg=TRIGGERED  raw=b'TRIGGERED\r\n'  t=0.0
   26.021  ARD.RX                  msg=ARMED  raw=b'ARMED\r\n'  t=0.016
   26.430  ARD.RX                  msg=FRAME_DONE  raw=b'FRAME_DONE\r\n'  t=0.424
   26.431  ARD.FRAME_DONE          frame=9  attempt=1  dt=0.426  leftover=0
   26.433  FRAME.END               frame=9  t_total=1.523  t_hwp=0.318  t_qwp=0.305  t_trig=0.49  attempts=1  flags=ok
   26.435  FRAME.START             frame=10  hwp=90  qwp=60
   26.436  ELL.TX                  addr=0  deg=90  hex=00008C00  cmd=0ma00008C00
   26.732  ELL.RX                  addr=0  line=0PO00008C03  raw=b'0PO00008C03\r\n'
   26.733  ELL.DONE                addr=0  pos=90.01  dt=0.296  lines=1  leftover=0
   26.734  ELL.TX                  addr=2  deg=60  hex=00005D55  cmd=2ma00005D55
   27.308  ELL.RX                  addr=2  line=2PO00005D58  raw=b'2PO00005D58\r\n'
   27.310  ELL.DONE                addr=2  pos=60.01  dt=0.575  lines=1  leftover=0
   27.712  ARD.TRIG                frame=10  attempt=1
   27.774  ARD.RX                  msg=TRIGGERED  raw=b'TRIGGERED\r\n'  t=0.0
   27.790  ARD.RX                  msg=ARMED  raw=b'ARMED\r\n'  t=0.016
   28.199  ARD.RX                  msg=FRAME_DONE  raw=b'FRAME_DONE\r\n'  t=0.425
   28.200  ARD.FRAME_DONE          frame=10  attempt=1  dt=0.426  leftover=0
   28.201  FRAME.END               frame=10  t_total=1.766  t_hwp=0.298  t_qwp=0.577  t_trig=0.489  attempts=1  flags=ok
   28.203  FRAME.START             frame=11  hwp=4  qwp=55
   28.204  ELL.TX                  addr=0  deg=4  hex=00000639  cmd=0ma00000639
   28.492  ELL.RX                  addr=0  line=0PO00000637  raw=b'0PO00000637\r\n'
   28.496  ELL.DONE                addr=0  pos=4.0  dt=0.29  lines=1  leftover=0
   28.499  ELL.TX                  addr=2  deg=55  hex=0000558E  cmd=2ma0000558E
   28.908  ELL.RX                  addr=2  line=2PO0000558E  raw=b'2PO0000558E\r\n'
   28.909  ELL.DONE                addr=2  pos=55.0  dt=0.408  lines=1  leftover=0
   29.313  ARD.TRIG                frame=11  attempt=1
   29.376  ARD.RX                  msg=TRIGGERED  raw=b'TRIGGERED\r\n'  t=0.001
   29.391  ARD.RX                  msg=ARMED  raw=b'ARMED\r\n'  t=0.016
   29.800  ARD.RX                  msg=FRAME_DONE  raw=b'FRAME_DONE\r\n'  t=0.425
   29.802  ARD.FRAME_DONE          frame=11  attempt=1  dt=0.427  leftover=0
   29.802  FRAME.END               frame=11  t_total=1.599  t_hwp=0.295  t_qwp=0.411  t_trig=0.489  attempts=1  flags=ok
   29.804  FRAME.START             frame=12  hwp=112  qwp=80
   29.805  ELL.TX                  addr=0  deg=112  hex=0000AE39  cmd=0ma0000AE39
   30.268  ELL.RX                  addr=0  line=0PO0000AE39  raw=b'0PO0000AE39\r\n'
   30.269  ELL.DONE                addr=0  pos=112.0  dt=0.463  lines=1  leftover=0
   30.270  ELL.TX                  addr=2  deg=80  hex=00007C72  cmd=2ma00007C72
   30.604  ELL.RX                  addr=2  line=2PO00007C72  raw=b'2PO00007C72\r\n'
   30.605  ELL.DONE                addr=2  pos=80.0  dt=0.334  lines=1  leftover=0
   31.009  ARD.TRIG                frame=12  attempt=1
   31.072  ARD.RX                  msg=TRIGGERED  raw=b'TRIGGERED\r\n'  t=0.0
   31.087  ARD.RX                  msg=ARMED  raw=b'ARMED\r\n'  t=0.016
   31.496  ARD.RX                  msg=FRAME_DONE  raw=b'FRAME_DONE\r\n'  t=0.425
   31.497  ARD.FRAME_DONE          frame=12  attempt=1  dt=0.426  leftover=0
   31.498  FRAME.END               frame=12  t_total=1.694  t_hwp=0.465  t_qwp=0.336  t_trig=0.489  attempts=1  flags=ok
   31.500  FRAME.START             frame=13  hwp=25  qwp=75
   31.500  ELL.TX                  addr=0  deg=25  hex=000026E4  cmd=0ma000026E4
   31.820  ELL.RX                  addr=0  line=0PO000026E2  raw=b'0PO000026E2\r\n'
   31.821  ELL.DONE                addr=0  pos=25.0  dt=0.32  lines=1  leftover=0
   31.822  ELL.TX                  addr=2  deg=75  hex=000074AB  cmd=2ma000074AB
   32.076  ELL.RX                  addr=2  line=2PO000074AE  raw=b'2PO000074AE\r\n'
   32.077  ELL.DONE                addr=2  pos=75.01  dt=0.254  lines=1  leftover=0
   32.482  ARD.TRIG                frame=13  attempt=1
   32.546  ARD.RX                  msg=TRIGGERED  raw=b'TRIGGERED\r\n'  t=0.0
   32.561  ARD.RX                  msg=ARMED  raw=b'ARMED\r\n'  t=0.015
   32.971  ARD.RX                  msg=FRAME_DONE  raw=b'FRAME_DONE\r\n'  t=0.424
   32.972  ARD.FRAME_DONE          frame=13  attempt=1  dt=0.426  leftover=0
   32.973  FRAME.END               frame=13  t_total=1.473  t_hwp=0.322  t_qwp=0.256  t_trig=0.491  attempts=1  flags=ok
   32.975  FRAME.START             frame=14  hwp=36  qwp=86
   32.975  ELL.TX                  addr=0  deg=36  hex=00003800  cmd=0ma00003800
   33.148  ELL.RX                  addr=0  line=0PO000037FD  raw=b'0PO000037FD\r\n'
   33.149  ELL.DONE                addr=0  pos=35.99  dt=0.173  lines=1  leftover=0
   33.150  ELL.TX                  addr=2  deg=86  hex=000085C7  cmd=2ma000085C7
   33.452  ELL.RX                  addr=2  line=2PO000085C6  raw=b'2PO000085C6\r\n'
   33.454  ELL.DONE                addr=2  pos=86.0  dt=0.303  lines=1  leftover=0
   33.855  ARD.TRIG                frame=14  attempt=1
   33.917  ARD.RX                  msg=TRIGGERED  raw=b'TRIGGERED\r\n'  t=0.0
   33.932  ARD.RX                  msg=ARMED  raw=b'ARMED\r\n'  t=0.015
   34.343  ARD.RX                  msg=FRAME_DONE  raw=b'FRAME_DONE\r\n'  t=0.426
   34.344  ARD.FRAME_DONE          frame=14  attempt=1  dt=0.427  leftover=0
   34.345  FRAME.END               frame=14  t_total=1.37  t_hwp=0.175  t_qwp=0.305  t_trig=0.49  attempts=1  flags=ok
   34.347  LOOP.END              
