    0.023  SESSION.START           log=D:\1_software\Experimental control software\Synthetic birefringence\pshg_diag_20260610_123236.log  csv=D:\1_software\Experimental control software\Synthetic birefringence\pshg_diag_20260610_123236.csv  file=rotating_linear_pol.xlsx  drain_stale=True
    0.068  ELL.QUERY               cmd=0in  reply='0IN0E1140051420211501016800023000\r\n'
    0.164  ELL.QUERY               cmd=2in  reply='2IN0E1140064920211501016800023000\r\n'
    0.436  ELL.QUERY               cmd=0ho  reply='0PO00000002\r\n'
    1.044  ELL.QUERY               cmd=2ho  reply='2PO00000001\r\n'
    1.076  ELL.QUERY               cmd=0gp  reply='0PO00000002\r\n'
    1.156  ELL.QUERY               cmd=2gp  reply='2POFFFFFFFE\r\n'
    2.175  LOOP.START            
    3.188  FRAME.START             frame=1  hwp=26  qwp=79
    3.189  ELL.TX                  addr=0  deg=26  hex=00002872  cmd=0ma00002872
    3.316  ELL.RX                  addr=0  line=0PO0000286F  raw=b'0PO0000286F\r\n'
    3.318  ELL.DONE                addr=0  pos=25.99  dt=0.128  lines=1  leftover=0
    3.319  ELL.TX                  addr=2  deg=79  hex=00007AE4  cmd=2ma00007AE4
    3.732  ELL.RX                  addr=2  line=2PO00007AE4  raw=b'2PO00007AE4\r\n'
    3.733  ELL.DONE                addr=2  pos=79.0  dt=0.412  lines=1  leftover=0
    4.135  ARD.TRIG                frame=1  attempt=1
    4.199  ARD.RX                  msg=TRIGGERED  raw=b'TRIGGERED\r\n'  t=0.0
    4.215  ARD.RX                  msg=ARMED  raw=b'ARMED\r\n'  t=0.016
    4.627  ARD.RX                  msg=FRAME_DONE  raw=b'FRAME_DONE\r\n'  t=0.427
    4.628  ARD.FRAME_DONE          frame=1  attempt=1  dt=0.429  leftover=0
    4.630  FRAME.END               frame=1  t_total=1.442  t_hwp=0.13  t_qwp=0.415  t_trig=0.495  attempts=1  flags=ok
    4.631  FRAME.START             frame=2  hwp=38  qwp=90
    4.632  ELL.TX                  addr=0  deg=38  hex=00003B1C  cmd=0ma00003B1C
    4.772  ELL.RX                  addr=0  line=0PO00003B1E  raw=b'0PO00003B1E\r\n'
    4.774  ELL.DONE                addr=0  pos=38.0  dt=0.141  lines=1  leftover=0
    4.775  ELL.TX                  addr=2  deg=90  hex=00008C00  cmd=2ma00008C00
    4.996  ELL.RX                  addr=2  line=2PO00008BFE  raw=b'2PO00008BFE\r\n'
    4.997  ELL.DONE                addr=2  pos=89.99  dt=0.222  lines=1  leftover=0
    5.404  ARD.TRIG                frame=2  attempt=1
    5.467  ARD.RX                  msg=TRIGGERED  raw=b'TRIGGERED\r\n'  t=0.0
    5.482  ARD.RX                  msg=ARMED  raw=b'ARMED\r\n'  t=0.015
    5.895  ARD.RX                  msg=FRAME_DONE  raw=b'FRAME_DONE\r\n'  t=0.428
    5.899  ARD.FRAME_DONE          frame=2  attempt=1  dt=0.432  leftover=0
    5.903  FRAME.END               frame=2  t_total=1.271  t_hwp=0.143  t_qwp=0.224  t_trig=0.499  attempts=1  flags=ok
    5.909  FRAME.START             frame=3  hwp=51  qwp=94
    5.910  ELL.TX                  addr=0  deg=51  hex=00004F55  cmd=0ma00004F55
    6.132  ELL.RX                  addr=0  line=0PO00004F57  raw=b'0PO00004F57\r\n'
    6.133  ELL.DONE                addr=0  pos=51.0  dt=0.221  lines=1  leftover=0
    6.134  ELL.TX                  addr=2  deg=94  hex=00009239  cmd=2ma00009239
    6.436  ELL.RX                  addr=2  line=2PO00009236  raw=b'2PO00009236\r\n'
    6.437  ELL.DONE                addr=2  pos=93.99  dt=0.302  lines=1  leftover=0
    6.845  ARD.TRIG                frame=3  attempt=1
    6.910  ARD.RX                  msg=TRIGGERED  raw=b'TRIGGERED\r\n'  t=0.0
    6.926  ARD.RX                  msg=ARMED  raw=b'ARMED\r\n'  t=0.016
    7.340  ARD.RX                  msg=FRAME_DONE  raw=b'FRAME_DONE\r\n'  t=0.43
    7.344  ARD.FRAME_DONE          frame=3  attempt=1  dt=0.434  leftover=0
    7.347  FRAME.END               frame=3  t_total=1.438  t_hwp=0.224  t_qwp=0.304  t_trig=0.501  attempts=1  flags=ok
    7.349  FRAME.START             frame=4  hwp=60  qwp=90
    7.351  ELL.TX                  addr=0  deg=60  hex=00005D55  cmd=0ma00005D55
    7.524  ELL.RX                  addr=0  line=0PO00005D53  raw=b'0PO00005D53\r\n'
    7.526  ELL.DONE                addr=0  pos=59.99  dt=0.173  lines=1  leftover=0
    7.526  ELL.TX                  addr=2  deg=90  hex=00008C00  cmd=2ma00008C00
    7.861  ELL.RX                  addr=2  line=2PO00008BFE  raw=b'2PO00008BFE\r\n'
    7.865  ELL.DONE                addr=2  pos=89.99  dt=0.337  lines=1  leftover=0
    8.272  ARD.TRIG                frame=4  attempt=1
    8.336  ARD.RX                  msg=TRIGGERED  raw=b'TRIGGERED\r\n'  t=0.0
    8.352  ARD.RX                  msg=ARMED  raw=b'ARMED\r\n'  t=0.016
    8.760  ARD.RX                  msg=FRAME_DONE  raw=b'FRAME_DONE\r\n'  t=0.424
    8.761  ARD.FRAME_DONE          frame=4  attempt=1  dt=0.425  leftover=0
    8.761  FRAME.END               frame=4  t_total=1.412  t_hwp=0.176  t_qwp=0.344  t_trig=0.489  attempts=1  flags=ok
    8.763  FRAME.START             frame=5  hwp=60  qwp=78
    8.764  ELL.TX                  addr=0  deg=60  hex=00005D55  cmd=0ma00005D55
    8.804  ELL.RX                  addr=0  line=0PO00005D52  raw=b'0PO00005D52\r\n'
    8.806  ELL.DONE                addr=0  pos=59.99  dt=0.041  lines=1  leftover=0
    8.807  ELL.TX                  addr=2  deg=78  hex=00007955  cmd=2ma00007955
    9.125  ELL.RX                  addr=2  line=2PO00007955  raw=b'2PO00007955\r\n'
    9.126  ELL.DONE                addr=2  pos=78.0  dt=0.318  lines=1  leftover=0
    9.535  ARD.TRIG                frame=5  attempt=1
    9.599  ARD.RX                  msg=TRIGGERED  raw=b'TRIGGERED\r\n'  t=0.001
    9.615  ARD.RX                  msg=ARMED  raw=b'ARMED\r\n'  t=0.016
   10.027  ARD.RX                  msg=FRAME_DONE  raw=b'FRAME_DONE\r\n'  t=0.429
   10.028  ARD.FRAME_DONE          frame=5  attempt=1  dt=0.43  leftover=0
   10.029  FRAME.END               frame=5  t_total=1.266  t_hwp=0.043  t_qwp=0.32  t_trig=0.494  attempts=1  flags=ok
   10.031  FRAME.START             frame=6  hwp=65  qwp=73
   10.032  ELL.TX                  addr=0  deg=65  hex=0000651C  cmd=0ma0000651C
   10.309  ELL.RX                  addr=0  line=0PO0000651E  raw=b'0PO0000651E\r\n'
   10.313  ELL.DONE                addr=0  pos=65.0  dt=0.281  lines=1  leftover=0
   10.317  ELL.TX                  addr=2  deg=73  hex=0000718E  cmd=2ma0000718E
   10.693  ELL.RX                  addr=2  line=2PO0000718E  raw=b'2PO0000718E\r\n'
   10.697  ELL.DONE                addr=2  pos=73.0  dt=0.372  lines=1  leftover=0
   11.105  ARD.TRIG                frame=6  attempt=1
   11.169  ARD.RX                  msg=TRIGGERED  raw=b'TRIGGERED\r\n'  t=0.0
   11.185  ARD.RX                  msg=ARMED  raw=b'ARMED\r\n'  t=0.016
   11.596  ARD.RX                  msg=FRAME_DONE  raw=b'FRAME_DONE\r\n'  t=0.426
   11.599  ARD.FRAME_DONE          frame=6  attempt=1  dt=0.43  leftover=0
   11.603  FRAME.END               frame=6  t_total=1.572  t_hwp=0.285  t_qwp=0.383  t_trig=0.498  attempts=1  flags=ok
   11.609  FRAME.START             frame=7  hwp=150  qwp=55
   11.612  ELL.TX                  addr=0  deg=150  hex=0000E955  cmd=0ma0000E955
   12.005  ELL.RX                  addr=0  line=0PO0000E953  raw=b'0PO0000E953\r\n'
   12.008  ELL.DONE                addr=0  pos=149.99  dt=0.392  lines=1  leftover=0
   12.010  ELL.TX                  addr=2  deg=55  hex=0000558E  cmd=2ma0000558E
   12.149  ELL.RX                  addr=2  line=2PO0000558E  raw=b'2PO0000558E\r\n'
   12.150  ELL.DONE                addr=2  pos=55.0  dt=0.137  lines=1  leftover=0
   12.561  ARD.TRIG                frame=7  attempt=1
   12.625  ARD.RX                  msg=TRIGGERED  raw=b'TRIGGERED\r\n'  t=0.001
   12.640  ARD.RX                  msg=ARMED  raw=b'ARMED\r\n'  t=0.016
   13.053  ARD.RX                  msg=FRAME_DONE  raw=b'FRAME_DONE\r\n'  t=0.429
   13.056  ARD.FRAME_DONE          frame=7  attempt=1  dt=0.432  leftover=0
   13.059  FRAME.END               frame=7  t_total=1.45  t_hwp=0.397  t_qwp=0.141  t_trig=0.498  attempts=1  flags=ok
   13.064  FRAME.START             frame=8  hwp=90  qwp=3
   13.066  ELL.TX                  addr=0  deg=90  hex=00008C00  cmd=0ma00008C00
   13.381  ELL.RX                  addr=0  line=0PO00008C01  raw=b'0PO00008C01\r\n'
   13.382  ELL.DONE                addr=0  pos=90.0  dt=0.313  lines=1  leftover=0
   13.383  ELL.TX                  addr=2  deg=3  hex=000004AB  cmd=2ma000004AB
   13.765  ELL.RX                  addr=2  line=2PO000004AB  raw=b'2PO000004AB\r\n'
   13.767  ELL.DONE                addr=2  pos=3.0  dt=0.384  lines=1  leftover=0
   14.177  ARD.TRIG                frame=8  attempt=1
   14.241  ARD.RX                  msg=TRIGGERED  raw=b'TRIGGERED\r\n'  t=0.0
   14.257  ARD.RX                  msg=ARMED  raw=b'ARMED\r\n'  t=0.016
   14.669  ARD.RX                  msg=FRAME_DONE  raw=b'FRAME_DONE\r\n'  t=0.428
   14.670  ARD.FRAME_DONE          frame=8  attempt=1  dt=0.429  leftover=0
   14.671  FRAME.END               frame=8  t_total=1.607  t_hwp=0.316  t_qwp=0.387  t_trig=0.493  attempts=1  flags=ok
   14.672  FRAME.START             frame=9  hwp=161  qwp=40
   14.673  ELL.TX                  addr=0  deg=161  hex=0000FA72  cmd=0ma0000FA72
   15.301  ELL.RX                  addr=0  line=0PO0000FA74  raw=b'0PO0000FA74\r\n'
   15.303  ELL.DONE                addr=0  pos=161.01  dt=0.629  lines=1  leftover=0
   15.305  ELL.TX                  addr=2  deg=40  hex=00003E39  cmd=2ma00003E39
   15.685  ELL.RX                  addr=2  line=2PO00003E39  raw=b'2PO00003E39\r\n'
   15.686  ELL.DONE                addr=2  pos=40.0  dt=0.379  lines=1  leftover=0
   16.102  ARD.TRIG                frame=9  attempt=1
   16.162  ARD.RX                  msg=TRIGGERED  raw=b'TRIGGERED\r\n'  t=0.0
   16.177  ARD.RX                  msg=ARMED  raw=b'ARMED\r\n'  t=0.016
   16.595  ARD.RX                  msg=FRAME_DONE  raw=b'FRAME_DONE\r\n'  t=0.433
   16.599  ARD.FRAME_DONE          frame=9  attempt=1  dt=0.437  leftover=0
   16.602  FRAME.END               frame=9  t_total=1.93  t_hwp=0.632  t_qwp=0.382  t_trig=0.5  attempts=1  flags=ok
   16.611  FRAME.START             frame=10  hwp=90  qwp=60
   16.615  ELL.TX                  addr=0  deg=90  hex=00008C00  cmd=0ma00008C00
   16.837  ELL.RX                  addr=0  line=0PO00008C03  raw=b'0PO00008C03\r\n'
   16.838  ELL.DONE                addr=0  pos=90.01  dt=0.221  lines=1  leftover=0
   16.839  ELL.TX                  addr=2  deg=60  hex=00005D55  cmd=2ma00005D55
   17.173  ELL.RX                  addr=2  line=2PO00005D52  raw=b'2PO00005D52\r\n'
   17.176  ELL.DONE                addr=2  pos=59.99  dt=0.336  lines=1  leftover=0
   17.588  ARD.TRIG                frame=10  attempt=1
   17.653  ARD.RX                  msg=TRIGGERED  raw=b'TRIGGERED\r\n'  t=0.001
   17.668  ARD.RX                  msg=ARMED  raw=b'ARMED\r\n'  t=0.016
   18.077  ARD.RX                  msg=FRAME_DONE  raw=b'FRAME_DONE\r\n'  t=0.425
   18.083  ARD.FRAME_DONE          frame=10  attempt=1  dt=0.43  leftover=0
   18.084  FRAME.END               frame=10  t_total=1.473  t_hwp=0.224  t_qwp=0.338  t_trig=0.496  attempts=1  flags=ok
   18.089  FRAME.START             frame=11  hwp=4  qwp=55
   18.091  ELL.TX                  addr=0  deg=4  hex=00000639  cmd=0ma00000639
   18.437  ELL.RX                  addr=0  line=0PO0000063A  raw=b'0PO0000063A\r\n'
   18.439  ELL.DONE                addr=0  pos=4.0  dt=0.345  lines=1  leftover=0
   18.440  ELL.TX                  addr=2  deg=55  hex=0000558E  cmd=2ma0000558E
   18.613  ELL.RX                  addr=2  line=2PO00005591  raw=b'2PO00005591\r\n'
   18.614  ELL.DONE                addr=2  pos=55.01  dt=0.173  lines=1  leftover=0
   19.028  ARD.TRIG                frame=11  attempt=1
   19.092  ARD.RX                  msg=TRIGGERED  raw=b'TRIGGERED\r\n'  t=0.0
   19.108  ARD.RX                  msg=ARMED  raw=b'ARMED\r\n'  t=0.016
   19.521  ARD.RX                  msg=FRAME_DONE  raw=b'FRAME_DONE\r\n'  t=0.429
   19.524  ARD.FRAME_DONE          frame=11  attempt=1  dt=0.432  leftover=0
   19.526  FRAME.END               frame=11  t_total=1.436  t_hwp=0.349  t_qwp=0.175  t_trig=0.498  attempts=1  flags=ok
   19.528  FRAME.START             frame=12  hwp=112  qwp=80
   19.530  ELL.TX                  addr=0  deg=112  hex=0000AE39  cmd=0ma0000AE39
   20.038  ELL.RX                  addr=0  line=0PO0000AE37  raw=b'0PO0000AE37\r\n'
   20.043  ELL.DONE                addr=0  pos=112.0  dt=0.511  lines=1  leftover=0
   20.047  ELL.TX                  addr=2  deg=80  hex=00007C72  cmd=2ma00007C72
   20.374  ELL.RX                  addr=2  line=2PO00007C74  raw=b'2PO00007C74\r\n'
   20.377  ELL.DONE                addr=2  pos=80.01  dt=0.325  lines=1  leftover=0
   20.789  ARD.TRIG                frame=12  attempt=1
   20.853  ARD.RX                  msg=TRIGGERED  raw=b'TRIGGERED\r\n'  t=0.0
   20.869  ARD.RX                  msg=ARMED  raw=b'ARMED\r\n'  t=0.016
   21.276  ARD.RX                  msg=FRAME_DONE  raw=b'FRAME_DONE\r\n'  t=0.423
   21.278  ARD.FRAME_DONE          frame=12  attempt=1  dt=0.424  leftover=0
   21.279  FRAME.END               frame=12  t_total=1.751  t_hwp=0.517  t_qwp=0.334  t_trig=0.49  attempts=1  flags=ok
   21.281  FRAME.START             frame=13  hwp=25  qwp=75
   21.282  ELL.TX                  addr=0  deg=25  hex=000026E4  cmd=0ma000026E4
   21.589  ELL.RX                  addr=0  line=0PO000026E4  raw=b'0PO000026E4\r\n'
   21.593  ELL.DONE                addr=0  pos=25.0  dt=0.311  lines=1  leftover=0
   21.597  ELL.TX                  addr=2  deg=75  hex=000074AB  cmd=2ma000074AB
   21.941  ELL.RX                  addr=2  line=2PO000074A9  raw=b'2PO000074A9\r\n'
   21.942  ELL.DONE                addr=2  pos=75.0  dt=0.342  lines=1  leftover=0
   22.352  ARD.TRIG                frame=13  attempt=1
   22.416  ARD.RX                  msg=TRIGGERED  raw=b'TRIGGERED\r\n'  t=0.0
   22.432  ARD.RX                  msg=ARMED  raw=b'ARMED\r\n'  t=0.016
   22.841  ARD.RX                  msg=FRAME_DONE  raw=b'FRAME_DONE\r\n'  t=0.424
   22.843  ARD.FRAME_DONE          frame=13  attempt=1  dt=0.426  leftover=0
   22.844  FRAME.END               frame=13  t_total=1.563  t_hwp=0.315  t_qwp=0.346  t_trig=0.492  attempts=1  flags=ok
   22.846  FRAME.START             frame=14  hwp=36  qwp=86
   22.847  ELL.TX                  addr=0  deg=36  hex=00003800  cmd=0ma00003800
   23.077  ELL.RX                  addr=0  line=0PO00003800  raw=b'0PO00003800\r\n'
   23.078  ELL.DONE                addr=0  pos=36.0  dt=0.23  lines=1  leftover=0
   23.079  ELL.TX                  addr=2  deg=86  hex=000085C7  cmd=2ma000085C7
   23.429  ELL.RX                  addr=2  line=2PO000085C5  raw=b'2PO000085C5\r\n'
   23.432  ELL.DONE                addr=2  pos=85.99  dt=0.351  lines=1  leftover=0
   23.841  ARD.TRIG                frame=14  attempt=1
   23.905  ARD.RX                  msg=TRIGGERED  raw=b'TRIGGERED\r\n'  t=0.0
   23.921  ARD.RX                  msg=ARMED  raw=b'ARMED\r\n'  t=0.016
   24.328  ARD.RX                  msg=FRAME_DONE  raw=b'FRAME_DONE\r\n'  t=0.423
   24.329  ARD.FRAME_DONE          frame=14  attempt=1  dt=0.424  leftover=0
   24.330  FRAME.END               frame=14  t_total=1.484  t_hwp=0.232  t_qwp=0.354  t_trig=0.489  attempts=1  flags=ok
   24.332  LOOP.END              
