    0.023  SESSION.START           log=D:\1_software\Experimental control software\Synthetic birefringence\pshg_diag_20260609_175149.log  csv=D:\1_software\Experimental control software\Synthetic birefringence\pshg_diag_20260609_175149.csv  file=rotating_linear_pol.xlsx  drain_stale=True
    0.068  ELL.QUERY               cmd=0in  reply='0IN0E1140051420211501016800023000\r\n'
    0.164  ELL.QUERY               cmd=2in  reply='2IN0E1140064920211501016800023000\r\n'
    0.372  ELL.QUERY               cmd=0ho  reply='0POFFFFFFFE\r\n'
    1.173  ELL.QUERY               cmd=2ho  reply='2POFFFFFFFD\r\n'
    1.204  ELL.QUERY               cmd=0gp  reply='0POFFFFFFFD\r\n'
    1.269  ELL.QUERY               cmd=2gp  reply='2POFFFFFFFB\r\n'
    2.295  LOOP.START            
    3.307  FRAME.START             frame=1  hwp=26  qwp=79
    3.308  ELL.TX                  addr=0  deg=26  hex=00002872  cmd=0ma00002872
    3.573  ELL.RX                  addr=0  line=0PO00002873  raw=b'0PO00002873\r\n'
    3.574  ELL.DONE                addr=0  pos=26.0  dt=0.265  lines=1  leftover=0
    3.575  ELL.TX                  addr=2  deg=79  hex=00007AE4  cmd=2ma00007AE4
    3.925  ELL.RX                  addr=2  line=2PO00007AE1  raw=b'2PO00007AE1\r\n'
    3.926  ELL.DONE                addr=2  pos=78.99  dt=0.35  lines=1  leftover=0
    4.333  ARD.TRIG                frame=1  attempt=1
    4.396  ARD.RX                  msg=TRIGGERED  raw=b'TRIGGERED\r\n'  t=0.0
    4.410  ARD.RX                  msg=ARMED  raw=b'ARMED\r\n'  t=0.015
    4.820  ARD.RX                  msg=FRAME_DONE  raw=b'FRAME_DONE\r\n'  t=0.425
    4.821  ARD.FRAME_DONE          frame=1  attempt=1  dt=0.426  leftover=0
    4.822  FRAME.END               frame=1  t_total=1.515  t_hwp=0.267  t_qwp=0.352  t_trig=0.489  attempts=1  flags=ok
    4.824  FRAME.START             frame=2  hwp=38  qwp=90
    4.825  ELL.TX                  addr=0  deg=38  hex=00003B1C  cmd=0ma00003B1C
    4.965  ELL.RX                  addr=0  line=0PO00003B1D  raw=b'0PO00003B1D\r\n'
    4.966  ELL.DONE                addr=0  pos=38.0  dt=0.141  lines=1  leftover=0
    4.967  ELL.TX                  addr=2  deg=90  hex=00008C00  cmd=2ma00008C00
    5.221  ELL.RX                  addr=2  line=2PO00008C02  raw=b'2PO00008C02\r\n'
    5.222  ELL.DONE                addr=2  pos=90.01  dt=0.254  lines=1  leftover=0
    5.634  ARD.TRIG                frame=2  attempt=1
    5.697  ARD.RX                  msg=TRIGGERED  raw=b'TRIGGERED\r\n'  t=0.0
    5.711  ARD.RX                  msg=ARMED  raw=b'ARMED\r\n'  t=0.015
    6.123  ARD.RX                  msg=FRAME_DONE  raw=b'FRAME_DONE\r\n'  t=0.426
    6.124  ARD.FRAME_DONE          frame=2  attempt=1  dt=0.427  leftover=0
    6.124  FRAME.END               frame=2  t_total=1.301  t_hwp=0.143  t_qwp=0.256  t_trig=0.49  attempts=1  flags=ok
    6.126  FRAME.START             frame=3  hwp=51  qwp=94
    6.127  ELL.TX                  addr=0  deg=51  hex=00004F55  cmd=0ma00004F55
    6.277  ELL.RX                  addr=0  line=0PO00004F52  raw=b'0PO00004F52\r\n'
    6.278  ELL.DONE                addr=0  pos=50.99  dt=0.151  lines=1  leftover=0
    6.279  ELL.TX                  addr=2  deg=94  hex=00009239  cmd=2ma00009239
    6.533  ELL.RX                  addr=2  line=2PO00009236  raw=b'2PO00009236\r\n'
    6.534  ELL.DONE                addr=2  pos=93.99  dt=0.254  lines=1  leftover=0
    6.941  ARD.TRIG                frame=3  attempt=1
    7.005  ARD.RX                  msg=TRIGGERED  raw=b'TRIGGERED\r\n'  t=0.0
    7.020  ARD.RX                  msg=ARMED  raw=b'ARMED\r\n'  t=0.015
    7.429  ARD.RX                  msg=FRAME_DONE  raw=b'FRAME_DONE\r\n'  t=0.425
    7.430  ARD.FRAME_DONE          frame=3  attempt=1  dt=0.426  leftover=0
    7.431  FRAME.END               frame=3  t_total=1.305  t_hwp=0.153  t_qwp=0.256  t_trig=0.49  attempts=1  flags=ok
    7.433  FRAME.START             frame=4  hwp=60  qwp=90
    7.434  ELL.TX                  addr=0  deg=60  hex=00005D55  cmd=0ma00005D55
    7.701  ELL.RX                  addr=0  line=0PO00005D55  raw=b'0PO00005D55\r\n'
    7.702  ELL.DONE                addr=0  pos=60.0  dt=0.268  lines=1  leftover=0
    7.703  ELL.TX                  addr=2  deg=90  hex=00008C00  cmd=2ma00008C00
    7.989  ELL.RX                  addr=2  line=2PO00008BFE  raw=b'2PO00008BFE\r\n'
    7.990  ELL.DONE                addr=2  pos=89.99  dt=0.286  lines=1  leftover=0
    8.398  ARD.TRIG                frame=4  attempt=1
    8.461  ARD.RX                  msg=TRIGGERED  raw=b'TRIGGERED\r\n'  t=0.0
    8.475  ARD.RX                  msg=ARMED  raw=b'ARMED\r\n'  t=0.015
    8.887  ARD.RX                  msg=FRAME_DONE  raw=b'FRAME_DONE\r\n'  t=0.427
    8.889  ARD.FRAME_DONE          frame=4  attempt=1  dt=0.428  leftover=0
    8.890  FRAME.END               frame=4  t_total=1.456  t_hwp=0.269  t_qwp=0.288  t_trig=0.492  attempts=1  flags=ok
    8.891  FRAME.START             frame=5  hwp=60  qwp=78
    8.892  ELL.TX                  addr=0  deg=60  hex=00005D55  cmd=0ma00005D55
    8.933  ELL.RX                  addr=0  line=0PO00005D55  raw=b'0PO00005D55\r\n'
    8.934  ELL.DONE                addr=0  pos=60.0  dt=0.041  lines=1  leftover=0
    8.935  ELL.TX                  addr=2  deg=78  hex=00007955  cmd=2ma00007955
    9.205  ELL.RX                  addr=2  line=2PO00007956  raw=b'2PO00007956\r\n'
    9.206  ELL.DONE                addr=2  pos=78.0  dt=0.27  lines=1  leftover=0
    9.622  ARD.TRIG                frame=5  attempt=1
    9.684  ARD.RX                  msg=TRIGGERED  raw=b'TRIGGERED\r\n'  t=0.0
    9.700  ARD.RX                  msg=ARMED  raw=b'ARMED\r\n'  t=0.015
   10.108  ARD.RX                  msg=FRAME_DONE  raw=b'FRAME_DONE\r\n'  t=0.424
   10.109  ARD.FRAME_DONE          frame=5  attempt=1  dt=0.425  leftover=0
   10.110  FRAME.END               frame=5  t_total=1.218  t_hwp=0.043  t_qwp=0.272  t_trig=0.488  attempts=1  flags=ok
   10.111  FRAME.START             frame=6  hwp=65  qwp=73
   10.112  ELL.TX                  addr=0  deg=65  hex=0000651C  cmd=0ma0000651C
   10.373  ELL.RX                  addr=0  line=0PO0000651A  raw=b'0PO0000651A\r\n'
   10.375  ELL.DONE                addr=0  pos=64.99  dt=0.262  lines=1  leftover=0
   10.375  ELL.TX                  addr=2  deg=73  hex=0000718E  cmd=2ma0000718E
   10.709  ELL.RX                  addr=2  line=2PO0000718C  raw=b'2PO0000718C\r\n'
   10.710  ELL.DONE                addr=2  pos=72.99  dt=0.335  lines=1  leftover=0
   11.119  ARD.TRIG                frame=6  attempt=1
   11.182  ARD.RX                  msg=TRIGGERED  raw=b'TRIGGERED\r\n'  t=0.0
   11.197  ARD.RX                  msg=ARMED  raw=b'ARMED\r\n'  t=0.016
   11.607  ARD.RX                  msg=FRAME_DONE  raw=b'FRAME_DONE\r\n'  t=0.426
   11.608  ARD.FRAME_DONE          frame=6  attempt=1  dt=0.427  leftover=0
   11.609  FRAME.END               frame=6  t_total=1.497  t_hwp=0.263  t_qwp=0.336  t_trig=0.489  attempts=1  flags=ok
   11.611  FRAME.START             frame=7  hwp=150  qwp=55
   11.611  ELL.TX                  addr=0  deg=150  hex=0000E955  cmd=0ma0000E955
   12.134  ELL.RX                  addr=0  line=0PO0000E957  raw=b'0PO0000E957\r\n'
   12.135  ELL.DONE                addr=0  pos=150.0  dt=0.523  lines=1  leftover=0
   12.136  ELL.TX                  addr=2  deg=55  hex=0000558E  cmd=2ma0000558E
   12.437  ELL.RX                  addr=2  line=2PO0000558F  raw=b'2PO0000558F\r\n'
   12.438  ELL.DONE                addr=2  pos=55.0  dt=0.301  lines=1  leftover=0
   12.844  ARD.TRIG                frame=7  attempt=1
   12.906  ARD.RX                  msg=TRIGGERED  raw=b'TRIGGERED\r\n'  t=0.0
   12.922  ARD.RX                  msg=ARMED  raw=b'ARMED\r\n'  t=0.016
   13.331  ARD.RX                  msg=FRAME_DONE  raw=b'FRAME_DONE\r\n'  t=0.425
   13.332  ARD.FRAME_DONE          frame=7  attempt=1  dt=0.426  leftover=0
   13.333  FRAME.END               frame=7  t_total=1.723  t_hwp=0.525  t_qwp=0.304  t_trig=0.49  attempts=1  flags=ok
   13.335  FRAME.START             frame=8  hwp=90  qwp=3
   13.336  ELL.TX                  addr=0  deg=90  hex=00008C00  cmd=0ma00008C00
   13.717  ELL.RX                  addr=0  line=0PO00008BFE  raw=b'0PO00008BFE\r\n'
   13.719  ELL.DONE                addr=0  pos=89.99  dt=0.382  lines=1  leftover=0
   13.720  ELL.TX                  addr=2  deg=3  hex=000004AB  cmd=2ma000004AB
   13.926  ELL.RX                  addr=2  line=2PO000004A8  raw=b'2PO000004A8\r\n'
   13.927  ELL.DONE                addr=2  pos=2.99  dt=0.206  lines=1  leftover=0
   14.328  ARD.TRIG                frame=8  attempt=1
   14.391  ARD.RX                  msg=TRIGGERED  raw=b'TRIGGERED\r\n'  t=0.0
   14.407  ARD.RX                  msg=ARMED  raw=b'ARMED\r\n'  t=0.016
   14.814  ARD.RX                  msg=FRAME_DONE  raw=b'FRAME_DONE\r\n'  t=0.423
   14.815  ARD.FRAME_DONE          frame=8  attempt=1  dt=0.424  leftover=0
   14.816  FRAME.END               frame=8  t_total=1.481  t_hwp=0.384  t_qwp=0.208  t_trig=0.488  attempts=1  flags=ok
   14.818  FRAME.START             frame=9  hwp=161  qwp=40
   14.819  ELL.TX                  addr=0  deg=161  hex=0000FA72  cmd=0ma0000FA72
   15.446  ELL.RX                  addr=0  line=0PO0000FA71  raw=b'0PO0000FA71\r\n'
   15.449  ELL.DONE                addr=0  pos=161.0  dt=0.629  lines=1  leftover=0
   15.451  ELL.TX                  addr=2  deg=40  hex=00003E39  cmd=2ma00003E39
   15.718  ELL.RX                  addr=2  line=2PO00003E39  raw=b'2PO00003E39\r\n'
   15.719  ELL.DONE                addr=2  pos=40.0  dt=0.265  lines=1  leftover=0
   16.131  ARD.TRIG                frame=9  attempt=1
   16.193  ARD.RX                  msg=TRIGGERED  raw=b'TRIGGERED\r\n'  t=0.0
   16.208  ARD.RX                  msg=ARMED  raw=b'ARMED\r\n'  t=0.015
   16.620  ARD.RX                  msg=FRAME_DONE  raw=b'FRAME_DONE\r\n'  t=0.427
   16.622  ARD.FRAME_DONE          frame=9  attempt=1  dt=0.428  leftover=0
   16.623  FRAME.END               frame=9  t_total=1.805  t_hwp=0.632  t_qwp=0.269  t_trig=0.492  attempts=1  flags=ok
   16.625  FRAME.START             frame=10  hwp=90  qwp=60
   16.626  ELL.TX                  addr=0  deg=90  hex=00008C00  cmd=0ma00008C00
   16.918  ELL.RX                  addr=0  line=0PO00008C01  raw=b'0PO00008C01\r\n'
   16.919  ELL.DONE                addr=0  pos=90.0  dt=0.292  lines=1  leftover=0
   16.920  ELL.TX                  addr=2  deg=60  hex=00005D55  cmd=2ma00005D55
   17.206  ELL.RX                  addr=2  line=2PO00005D58  raw=b'2PO00005D58\r\n'
   17.209  ELL.DONE                addr=2  pos=60.01  dt=0.288  lines=1  leftover=0
   17.624  ARD.TRIG                frame=10  attempt=1
   17.686  ARD.RX                  msg=TRIGGERED  raw=b'TRIGGERED\r\n'  t=0.0
   17.702  ARD.RX                  msg=ARMED  raw=b'ARMED\r\n'  t=0.016
   18.111  ARD.RX                  msg=FRAME_DONE  raw=b'FRAME_DONE\r\n'  t=0.425
   18.112  ARD.FRAME_DONE          frame=10  attempt=1  dt=0.426  leftover=0
   18.113  FRAME.END               frame=10  t_total=1.488  t_hwp=0.294  t_qwp=0.292  t_trig=0.489  attempts=1  flags=ok
   18.115  FRAME.START             frame=11  hwp=4  qwp=55
   18.116  ELL.TX                  addr=0  deg=4  hex=00000639  cmd=0ma00000639
   18.407  ELL.RX                  addr=0  line=0PO00000638  raw=b'0PO00000638\r\n'
   18.410  ELL.DONE                addr=0  pos=4.0  dt=0.293  lines=1  leftover=0
   18.414  ELL.TX                  addr=2  deg=55  hex=0000558E  cmd=2ma0000558E
   18.630  ELL.RX                  addr=2  line=2PO0000558D  raw=b'2PO0000558D\r\n'
   18.631  ELL.DONE                addr=2  pos=55.0  dt=0.214  lines=1  leftover=0
   19.040  ARD.TRIG                frame=11  attempt=1
   19.102  ARD.RX                  msg=TRIGGERED  raw=b'TRIGGERED\r\n'  t=0.0
   19.117  ARD.RX                  msg=ARMED  raw=b'ARMED\r\n'  t=0.015
   19.529  ARD.RX                  msg=FRAME_DONE  raw=b'FRAME_DONE\r\n'  t=0.426
   19.535  ARD.FRAME_DONE          frame=11  attempt=1  dt=0.432  leftover=0
   19.538  FRAME.END               frame=11  t_total=1.423  t_hwp=0.297  t_qwp=0.219  t_trig=0.498  attempts=1  flags=ok
   19.545  FRAME.START             frame=12  hwp=112  qwp=80
   19.548  ELL.TX                  addr=0  deg=112  hex=0000AE39  cmd=0ma0000AE39
   20.054  ELL.RX                  addr=0  line=0PO0000AE3A  raw=b'0PO0000AE3A\r\n'
   20.055  ELL.DONE                addr=0  pos=112.0  dt=0.506  lines=1  leftover=0
   20.056  ELL.TX                  addr=2  deg=80  hex=00007C72  cmd=2ma00007C72
   20.230  ELL.RX                  addr=2  line=2PO00007C71  raw=b'2PO00007C71\r\n'
   20.231  ELL.DONE                addr=2  pos=80.0  dt=0.174  lines=1  leftover=0
   20.638  ARD.TRIG                frame=12  attempt=1
   20.700  ARD.RX                  msg=TRIGGERED  raw=b'TRIGGERED\r\n'  t=0.0
   20.716  ARD.RX                  msg=ARMED  raw=b'ARMED\r\n'  t=0.016
   21.130  ARD.RX                  msg=FRAME_DONE  raw=b'FRAME_DONE\r\n'  t=0.429
   21.131  ARD.FRAME_DONE          frame=12  attempt=1  dt=0.431  leftover=0
   21.132  FRAME.END               frame=12  t_total=1.587  t_hwp=0.508  t_qwp=0.176  t_trig=0.494  attempts=1  flags=ok
   21.134  FRAME.START             frame=13  hwp=25  qwp=75
   21.135  ELL.TX                  addr=0  deg=25  hex=000026E4  cmd=0ma000026E4
   21.430  ELL.RX                  addr=0  line=0PO000026E1  raw=b'0PO000026E1\r\n'
   21.431  ELL.DONE                addr=0  pos=24.99  dt=0.296  lines=1  leftover=0
   21.432  ELL.TX                  addr=2  deg=75  hex=000074AB  cmd=2ma000074AB
   21.718  ELL.RX                  addr=2  line=2PO000074AA  raw=b'2PO000074AA\r\n'
   21.719  ELL.DONE                addr=2  pos=75.0  dt=0.285  lines=1  leftover=0
   22.126  ARD.TRIG                frame=13  attempt=1
   22.189  ARD.RX                  msg=TRIGGERED  raw=b'TRIGGERED\r\n'  t=0.0
   22.205  ARD.RX                  msg=ARMED  raw=b'ARMED\r\n'  t=0.016
   22.613  ARD.RX                  msg=FRAME_DONE  raw=b'FRAME_DONE\r\n'  t=0.424
   22.614  ARD.FRAME_DONE          frame=13  attempt=1  dt=0.425  leftover=0
   22.615  FRAME.END               frame=13  t_total=1.481  t_hwp=0.298  t_qwp=0.287  t_trig=0.488  attempts=1  flags=ok
   22.616  FRAME.START             frame=14  hwp=36  qwp=86
   22.617  ELL.TX                  addr=0  deg=36  hex=00003800  cmd=0ma00003800
   22.758  ELL.RX                  addr=0  line=0PO00003803  raw=b'0PO00003803\r\n'
   22.759  ELL.DONE                addr=0  pos=36.01  dt=0.141  lines=1  leftover=0
   22.760  ELL.TX                  addr=2  deg=86  hex=000085C7  cmd=2ma000085C7
   23.094  ELL.RX                  addr=2  line=2PO000085C9  raw=b'2PO000085C9\r\n'
   23.096  ELL.DONE                addr=2  pos=86.0  dt=0.335  lines=1  leftover=0
   23.500  ARD.TRIG                frame=14  attempt=1
   23.564  ARD.RX                  msg=TRIGGERED  raw=b'TRIGGERED\r\n'  t=0.0
   23.579  ARD.RX                  msg=ARMED  raw=b'ARMED\r\n'  t=0.016
   23.989  ARD.RX                  msg=FRAME_DONE  raw=b'FRAME_DONE\r\n'  t=0.425
   23.990  ARD.FRAME_DONE          frame=14  attempt=1  dt=0.427  leftover=0
   23.991  FRAME.END               frame=14  t_total=1.375  t_hwp=0.143  t_qwp=0.337  t_trig=0.491  attempts=1  flags=ok
   23.994  LOOP.END              
