    0.020  SESSION.START           log=D:\1_software\Experimental control software\Synthetic birefringence\pshg_diag_20260611_110721.log  csv=D:\1_software\Experimental control software\Synthetic birefringence\pshg_diag_20260611_110721.csv  file=rotating_linear_pol.xlsx  drain_stale=True
    0.065  ELL.QUERY               cmd=0in  reply='0IN0E1140051420211501016800023000\r\n'
    0.161  ELL.QUERY               cmd=2in  reply='2IN0E1140064920211501016800023000\r\n'
    0.482  ELL.QUERY               cmd=0ho  reply='0PO00000000\r\n'
    0.962  ELL.QUERY               cmd=2ho  reply='2POFFFFFFFF\r\n'
    0.994  ELL.QUERY               cmd=0gp  reply='0POFFFFFFFF\r\n'
    1.073  ELL.QUERY               cmd=2gp  reply='2POFFFFFFF8\r\n'
    2.090  LOOP.START            
    3.110  FRAME.START             frame=1  hwp=26  qwp=79
    3.113  ELL.TX                  addr=0  deg=26  hex=00002872  cmd=0ma00002872
    3.362  ELL.RX                  addr=0  line=0PO0000286F  raw=b'0PO0000286F\r\n'
    3.365  ELL.DONE                addr=0  pos=25.99  dt=0.251  lines=1  leftover=0
    3.370  ELL.TX                  addr=2  deg=79  hex=00007AE4  cmd=2ma00007AE4
    3.730  ELL.RX                  addr=2  line=2PO00007AE3  raw=b'2PO00007AE3\r\n'
    3.734  ELL.DONE                addr=2  pos=79.0  dt=0.358  lines=1  leftover=0
    4.151  ARD.TRIG                frame=1  attempt=1
    4.216  ARD.RX                  msg=TRIGGERED  raw=b'TRIGGERED\r\n'  t=0.0
    4.231  ARD.RX                  msg=ARMED  raw=b'ARMED\r\n'  t=0.016
    4.646  ARD.RX                  msg=FRAME_DONE  raw=b'FRAME_DONE\r\n'  t=0.431
    4.650  ARD.FRAME_DONE          frame=1  attempt=1  dt=0.435  leftover=0
    4.653  FRAME.END               frame=1  t_total=1.543  t_hwp=0.257  t_qwp=0.366  t_trig=0.502  attempts=1  flags=ok
    4.657  FRAME.START             frame=2  hwp=38  qwp=90
    4.659  ELL.TX                  addr=0  deg=38  hex=00003B1C  cmd=0ma00003B1C
    4.833  ELL.RX                  addr=0  line=0PO00003B19  raw=b'0PO00003B19\r\n'
    4.835  ELL.DONE                addr=0  pos=37.99  dt=0.174  lines=1  leftover=0
    4.836  ELL.TX                  addr=2  deg=90  hex=00008C00  cmd=2ma00008C00
    5.058  ELL.RX                  addr=2  line=2PO00008C03  raw=b'2PO00008C03\r\n'
    5.059  ELL.DONE                addr=2  pos=90.01  dt=0.222  lines=1  leftover=0
    5.467  ARD.TRIG                frame=2  attempt=1
    5.531  ARD.RX                  msg=TRIGGERED  raw=b'TRIGGERED\r\n'  t=0.0
    5.547  ARD.RX                  msg=ARMED  raw=b'ARMED\r\n'  t=0.016
    5.959  ARD.RX                  msg=FRAME_DONE  raw=b'FRAME_DONE\r\n'  t=0.428
    5.961  ARD.FRAME_DONE          frame=2  attempt=1  dt=0.429  leftover=0
    5.961  FRAME.END               frame=2  t_total=1.304  t_hwp=0.177  t_qwp=0.225  t_trig=0.495  attempts=1  flags=ok
    5.963  FRAME.START             frame=3  hwp=51  qwp=94
    5.964  ELL.TX                  addr=0  deg=51  hex=00004F55  cmd=0ma00004F55
    6.114  ELL.RX                  addr=0  line=0PO00004F53  raw=b'0PO00004F53\r\n'
    6.115  ELL.DONE                addr=0  pos=50.99  dt=0.151  lines=1  leftover=0
    6.117  ELL.TX                  addr=2  deg=94  hex=00009239  cmd=2ma00009239
    6.482  ELL.RX                  addr=2  line=2PO00009237  raw=b'2PO00009237\r\n'
    6.485  ELL.DONE                addr=2  pos=94.0  dt=0.367  lines=1  leftover=0
    6.899  ARD.TRIG                frame=3  attempt=1
    6.961  ARD.RX                  msg=TRIGGERED  raw=b'TRIGGERED\r\n'  t=0.001
    6.976  ARD.RX                  msg=ARMED  raw=b'ARMED\r\n'  t=0.016
    7.390  ARD.RX                  msg=FRAME_DONE  raw=b'FRAME_DONE\r\n'  t=0.43
    7.393  ARD.FRAME_DONE          frame=3  attempt=1  dt=0.433  leftover=0
    7.395  FRAME.END               frame=3  t_total=1.433  t_hwp=0.153  t_qwp=0.371  t_trig=0.497  attempts=1  flags=ok
    7.400  FRAME.START             frame=4  hwp=60  qwp=90
    7.402  ELL.TX                  addr=0  deg=60  hex=00005D55  cmd=0ma00005D55
    7.538  ELL.RX                  addr=0  line=0PO00005D58  raw=b'0PO00005D58\r\n'
    7.539  ELL.DONE                addr=0  pos=60.01  dt=0.134  lines=1  leftover=0
    7.540  ELL.TX                  addr=2  deg=90  hex=00008C00  cmd=2ma00008C00
    7.778  ELL.RX                  addr=2  line=2PO00008C01  raw=b'2PO00008C01\r\n'
    7.782  ELL.DONE                addr=2  pos=90.0  dt=0.241  lines=1  leftover=0
    8.198  ARD.TRIG                frame=4  attempt=1
    8.263  ARD.RX                  msg=TRIGGERED  raw=b'TRIGGERED\r\n'  t=0.0
    8.279  ARD.RX                  msg=ARMED  raw=b'ARMED\r\n'  t=0.016
    8.688  ARD.RX                  msg=FRAME_DONE  raw=b'FRAME_DONE\r\n'  t=0.426
    8.690  ARD.FRAME_DONE          frame=4  attempt=1  dt=0.427  leftover=0
    8.691  FRAME.END               frame=4  t_total=1.291  t_hwp=0.138  t_qwp=0.246  t_trig=0.493  attempts=1  flags=ok
    8.692  FRAME.START             frame=5  hwp=60  qwp=78
    8.693  ELL.TX                  addr=0  deg=60  hex=00005D55  cmd=0ma00005D55
    8.738  ELL.RX                  addr=0  line=0PO00005D57  raw=b'0PO00005D57\r\n'
    8.739  ELL.DONE                addr=0  pos=60.0  dt=0.045  lines=1  leftover=0
    8.740  ELL.TX                  addr=2  deg=78  hex=00007955  cmd=2ma00007955
    9.107  ELL.RX                  addr=2  line=2PO00007957  raw=b'2PO00007957\r\n'
    9.111  ELL.DONE                addr=2  pos=78.0  dt=0.369  lines=1  leftover=0
    9.521  ARD.TRIG                frame=5  attempt=1
    9.586  ARD.RX                  msg=TRIGGERED  raw=b'TRIGGERED\r\n'  t=0.001
    9.602  ARD.RX                  msg=ARMED  raw=b'ARMED\r\n'  t=0.016
   10.013  ARD.RX                  msg=FRAME_DONE  raw=b'FRAME_DONE\r\n'  t=0.426
   10.018  ARD.FRAME_DONE          frame=5  attempt=1  dt=0.432  leftover=0
   10.022  FRAME.END               frame=5  t_total=1.33  t_hwp=0.047  t_qwp=0.374  t_trig=0.501  attempts=1  flags=ok
   10.026  FRAME.START             frame=6  hwp=65  qwp=73
   10.028  ELL.TX                  addr=0  deg=65  hex=0000651C  cmd=0ma0000651C
   10.274  ELL.RX                  addr=0  line=0PO0000651F  raw=b'0PO0000651F\r\n'
   10.275  ELL.DONE                addr=0  pos=65.01  dt=0.245  lines=1  leftover=0
   10.276  ELL.TX                  addr=2  deg=73  hex=0000718E  cmd=2ma0000718E
   10.755  ELL.RX                  addr=2  line=2PO0000718C  raw=b'2PO0000718C\r\n'
   10.760  ELL.DONE                addr=2  pos=72.99  dt=0.482  lines=1  leftover=0
   11.173  ARD.TRIG                frame=6  attempt=1
   11.236  ARD.RX                  msg=TRIGGERED  raw=b'TRIGGERED\r\n'  t=0.0
   11.252  ARD.RX                  msg=ARMED  raw=b'ARMED\r\n'  t=0.016
   11.666  ARD.RX                  msg=FRAME_DONE  raw=b'FRAME_DONE\r\n'  t=0.43
   11.668  ARD.FRAME_DONE          frame=6  attempt=1  dt=0.432  leftover=0
   11.670  FRAME.END               frame=6  t_total=1.643  t_hwp=0.248  t_qwp=0.487  t_trig=0.497  attempts=1  flags=ok
   11.673  FRAME.START             frame=7  hwp=150  qwp=55
   11.675  ELL.TX                  addr=0  deg=150  hex=0000E955  cmd=0ma0000E955
   12.098  ELL.RX                  addr=0  line=0PO0000E955  raw=b'0PO0000E955\r\n'
   12.104  ELL.DONE                addr=0  pos=150.0  dt=0.427  lines=1  leftover=0
   12.109  ELL.TX                  addr=2  deg=55  hex=0000558E  cmd=2ma0000558E
   12.418  ELL.RX                  addr=2  line=2PO00005590  raw=b'2PO00005590\r\n'
   12.422  ELL.DONE                addr=2  pos=55.0  dt=0.31  lines=1  leftover=0
   12.835  ARD.TRIG                frame=7  attempt=1
   12.900  ARD.RX                  msg=TRIGGERED  raw=b'TRIGGERED\r\n'  t=0.001
   12.916  ARD.RX                  msg=ARMED  raw=b'ARMED\r\n'  t=0.016
   13.325  ARD.RX                  msg=FRAME_DONE  raw=b'FRAME_DONE\r\n'  t=0.425
   13.326  ARD.FRAME_DONE          frame=7  attempt=1  dt=0.426  leftover=0
   13.327  FRAME.END               frame=7  t_total=1.654  t_hwp=0.433  t_qwp=0.319  t_trig=0.492  attempts=1  flags=ok
   13.328  FRAME.START             frame=8  hwp=90  qwp=3
   13.329  ELL.TX                  addr=0  deg=90  hex=00008C00  cmd=0ma00008C00
   13.682  ELL.RX                  addr=0  line=0PO00008BFE  raw=b'0PO00008BFE\r\n'
   13.684  ELL.DONE                addr=0  pos=89.99  dt=0.353  lines=1  leftover=0
   13.685  ELL.TX                  addr=2  deg=3  hex=000004AB  cmd=2ma000004AB
   14.018  ELL.RX                  addr=2  line=2PO000004AC  raw=b'2PO000004AC\r\n'
   14.020  ELL.DONE                addr=2  pos=3.0  dt=0.334  lines=1  leftover=0
   14.430  ARD.TRIG                frame=8  attempt=1
   14.494  ARD.RX                  msg=TRIGGERED  raw=b'TRIGGERED\r\n'  t=0.0
   14.510  ARD.RX                  msg=ARMED  raw=b'ARMED\r\n'  t=0.016
   14.918  ARD.RX                  msg=FRAME_DONE  raw=b'FRAME_DONE\r\n'  t=0.425
   14.920  ARD.FRAME_DONE          frame=8  attempt=1  dt=0.426  leftover=0
   14.921  FRAME.END               frame=8  t_total=1.593  t_hwp=0.356  t_qwp=0.336  t_trig=0.491  attempts=1  flags=ok
   14.924  FRAME.START             frame=9  hwp=161  qwp=40
   14.925  ELL.TX                  addr=0  deg=161  hex=0000FA72  cmd=0ma0000FA72
   15.602  ELL.RX                  addr=0  line=0PO0000FA6F  raw=b'0PO0000FA6F\r\n'
   15.604  ELL.DONE                addr=0  pos=160.99  dt=0.678  lines=1  leftover=0
   15.605  ELL.TX                  addr=2  deg=40  hex=00003E39  cmd=2ma00003E39
   15.954  ELL.RX                  addr=2  line=2PO00003E3C  raw=b'2PO00003E3C\r\n'
   15.956  ELL.DONE                addr=2  pos=40.01  dt=0.35  lines=1  leftover=0
   16.356  ARD.TRIG                frame=9  attempt=1
   16.421  ARD.RX                  msg=TRIGGERED  raw=b'TRIGGERED\r\n'  t=0.0
   16.437  ARD.RX                  msg=ARMED  raw=b'ARMED\r\n'  t=0.016
   16.846  ARD.RX                  msg=FRAME_DONE  raw=b'FRAME_DONE\r\n'  t=0.426
   16.847  ARD.FRAME_DONE          frame=9  attempt=1  dt=0.427  leftover=0
   16.848  FRAME.END               frame=9  t_total=1.925  t_hwp=0.68  t_qwp=0.352  t_trig=0.492  attempts=1  flags=ok
   16.850  FRAME.START             frame=10  hwp=90  qwp=60
   16.850  ELL.TX                  addr=0  deg=90  hex=00008C00  cmd=0ma00008C00
   17.122  ELL.RX                  addr=0  line=0PO00008C00  raw=b'0PO00008C00\r\n'
   17.124  ELL.DONE                addr=0  pos=90.0  dt=0.272  lines=1  leftover=0
   17.124  ELL.TX                  addr=2  deg=60  hex=00005D55  cmd=2ma00005D55
   17.347  ELL.RX                  addr=2  line=2PO00005D56  raw=b'2PO00005D56\r\n'
   17.348  ELL.DONE                addr=2  pos=60.0  dt=0.223  lines=1  leftover=0
   17.754  ARD.TRIG                frame=10  attempt=1
   17.818  ARD.RX                  msg=TRIGGERED  raw=b'TRIGGERED\r\n'  t=0.0
   17.833  ARD.RX                  msg=ARMED  raw=b'ARMED\r\n'  t=0.015
   18.246  ARD.RX                  msg=FRAME_DONE  raw=b'FRAME_DONE\r\n'  t=0.428
   18.247  ARD.FRAME_DONE          frame=10  attempt=1  dt=0.43  leftover=0
   18.248  FRAME.END               frame=10  t_total=1.398  t_hwp=0.274  t_qwp=0.225  t_trig=0.494  attempts=1  flags=ok
   18.250  FRAME.START             frame=11  hwp=4  qwp=55
   18.251  ELL.TX                  addr=0  deg=4  hex=00000639  cmd=0ma00000639
   18.610  ELL.RX                  addr=0  line=0PO00000639  raw=b'0PO00000639\r\n'
   18.612  ELL.DONE                addr=0  pos=4.0  dt=0.36  lines=1  leftover=0
   18.613  ELL.TX                  addr=2  deg=55  hex=0000558E  cmd=2ma0000558E
   18.930  ELL.RX                  addr=2  line=2PO0000558C  raw=b'2PO0000558C\r\n'
   18.932  ELL.DONE                addr=2  pos=54.99  dt=0.318  lines=1  leftover=0
   19.347  ARD.TRIG                frame=11  attempt=1
   19.411  ARD.RX                  msg=TRIGGERED  raw=b'TRIGGERED\r\n'  t=0.0
   19.427  ARD.RX                  msg=ARMED  raw=b'ARMED\r\n'  t=0.016
   19.839  ARD.RX                  msg=FRAME_DONE  raw=b'FRAME_DONE\r\n'  t=0.428
   19.843  ARD.FRAME_DONE          frame=11  attempt=1  dt=0.432  leftover=0
   19.846  FRAME.END               frame=11  t_total=1.596  t_hwp=0.362  t_qwp=0.32  t_trig=0.5  attempts=1  flags=ok
   19.851  FRAME.START             frame=12  hwp=112  qwp=80
   19.852  ELL.TX                  addr=0  deg=112  hex=0000AE39  cmd=0ma0000AE39
   20.275  ELL.RX                  addr=0  line=0PO0000AE38  raw=b'0PO0000AE38\r\n'
   20.276  ELL.DONE                addr=0  pos=112.0  dt=0.423  lines=1  leftover=0
   20.277  ELL.TX                  addr=2  deg=80  hex=00007C72  cmd=2ma00007C72
   20.579  ELL.RX                  addr=2  line=2PO00007C71  raw=b'2PO00007C71\r\n'
   20.580  ELL.DONE                addr=2  pos=80.0  dt=0.302  lines=1  leftover=0
   20.995  ARD.TRIG                frame=12  attempt=1
   21.059  ARD.RX                  msg=TRIGGERED  raw=b'TRIGGERED\r\n'  t=0.0
   21.075  ARD.RX                  msg=ARMED  raw=b'ARMED\r\n'  t=0.016
   21.484  ARD.RX                  msg=FRAME_DONE  raw=b'FRAME_DONE\r\n'  t=0.425
   21.485  ARD.FRAME_DONE          frame=12  attempt=1  dt=0.426  leftover=0
   21.486  FRAME.END               frame=12  t_total=1.635  t_hwp=0.425  t_qwp=0.304  t_trig=0.491  attempts=1  flags=ok
   21.487  FRAME.START             frame=13  hwp=25  qwp=75
   21.488  ELL.TX                  addr=0  deg=25  hex=000026E4  cmd=0ma000026E4
   21.794  ELL.RX                  addr=0  line=0PO000026E1  raw=b'0PO000026E1\r\n'
   21.795  ELL.DONE                addr=0  pos=24.99  dt=0.307  lines=1  leftover=0
   21.796  ELL.TX                  addr=2  deg=75  hex=000074AB  cmd=2ma000074AB
   22.147  ELL.RX                  addr=2  line=2PO000074A9  raw=b'2PO000074A9\r\n'
   22.148  ELL.DONE                addr=2  pos=75.0  dt=0.35  lines=1  leftover=0
   22.553  ARD.TRIG                frame=13  attempt=1
   22.616  ARD.RX                  msg=TRIGGERED  raw=b'TRIGGERED\r\n'  t=0.0
   22.632  ARD.RX                  msg=ARMED  raw=b'ARMED\r\n'  t=0.016
   23.040  ARD.RX                  msg=FRAME_DONE  raw=b'FRAME_DONE\r\n'  t=0.424
   23.041  ARD.FRAME_DONE          frame=13  attempt=1  dt=0.425  leftover=0
   23.042  FRAME.END               frame=13  t_total=1.555  t_hwp=0.308  t_qwp=0.352  t_trig=0.489  attempts=1  flags=ok
   23.044  FRAME.START             frame=14  hwp=36  qwp=86
   23.044  ELL.TX                  addr=0  deg=36  hex=00003800  cmd=0ma00003800
   23.171  ELL.RX                  addr=0  line=0PO000037FE  raw=b'0PO000037FE\r\n'
   23.172  ELL.DONE                addr=0  pos=35.99  dt=0.127  lines=1  leftover=0
   23.173  ELL.TX                  addr=2  deg=86  hex=000085C7  cmd=2ma000085C7
   23.491  ELL.RX                  addr=2  line=2PO000085C5  raw=b'2PO000085C5\r\n'
   23.492  ELL.DONE                addr=2  pos=85.99  dt=0.32  lines=1  leftover=0
   23.907  ARD.TRIG                frame=14  attempt=1
   23.970  ARD.RX                  msg=TRIGGERED  raw=b'TRIGGERED\r\n'  t=0.0
   23.986  ARD.RX                  msg=ARMED  raw=b'ARMED\r\n'  t=0.016
   24.398  ARD.RX                  msg=FRAME_DONE  raw=b'FRAME_DONE\r\n'  t=0.428
   24.399  ARD.FRAME_DONE          frame=14  attempt=1  dt=0.429  leftover=0
   24.400  FRAME.END               frame=14  t_total=1.356  t_hwp=0.128  t_qwp=0.321  t_trig=0.493  attempts=1  flags=ok
   24.402  LOOP.END              
