    0.021  SESSION.START           log=D:\1_software\Experimental control software\Synthetic birefringence\pshg_diag_20260611_110231.log  csv=D:\1_software\Experimental control software\Synthetic birefringence\pshg_diag_20260611_110231.csv  file=rotating_linear_pol.xlsx  drain_stale=True
    0.066  ELL.QUERY               cmd=0in  reply='0IN0E1140051420211501016800023000\r\n'
    0.162  ELL.QUERY               cmd=2in  reply='2IN0E1140064920211501016800023000\r\n'
    0.434  ELL.QUERY               cmd=0ho  reply='0POFFFFFFFF\r\n'
    0.771  ELL.QUERY               cmd=2ho  reply='2PO00000001\r\n'
    0.802  ELL.QUERY               cmd=0gp  reply='0PO00000000\r\n'
    0.882  ELL.QUERY               cmd=2gp  reply='2PO00000037\r\n'
    1.903  LOOP.START            
    2.918  FRAME.START             frame=1  hwp=26  qwp=79
    2.921  ELL.TX                  addr=0  deg=26  hex=00002872  cmd=0ma00002872
    3.138  ELL.RX                  addr=0  line=0PO00002875  raw=b'0PO00002875\r\n'
    3.140  ELL.DONE                addr=0  pos=26.01  dt=0.214  lines=1  leftover=0
    3.142  ELL.TX                  addr=2  deg=79  hex=00007AE4  cmd=2ma00007AE4
    3.474  ELL.RX                  addr=2  line=2PO00007AE7  raw=b'2PO00007AE7\r\n'
    3.478  ELL.DONE                addr=2  pos=79.01  dt=0.332  lines=1  leftover=0
    3.890  ARD.TRIG                frame=1  attempt=1
    3.953  ARD.RX                  msg=TRIGGERED  raw=b'TRIGGERED\r\n'  t=0.001
    3.969  ARD.RX                  msg=ARMED  raw=b'ARMED\r\n'  t=0.016
    4.384  ARD.RX                  msg=FRAME_DONE  raw=b'FRAME_DONE\r\n'  t=0.431
    4.386  ARD.FRAME_DONE          frame=1  attempt=1  dt=0.433  leftover=0
    4.388  FRAME.END               frame=1  t_total=1.47  t_hwp=0.222  t_qwp=0.339  t_trig=0.498  attempts=1  flags=ok
    4.391  FRAME.START             frame=2  hwp=38  qwp=90
    4.393  ELL.TX                  addr=0  deg=38  hex=00003B1C  cmd=0ma00003B1C
    4.562  ELL.RX                  addr=0  line=0PO00003B1B  raw=b'0PO00003B1B\r\n'
    4.564  ELL.DONE                addr=0  pos=38.0  dt=0.168  lines=1  leftover=0
    4.565  ELL.TX                  addr=2  deg=90  hex=00008C00  cmd=2ma00008C00
    4.818  ELL.RX                  addr=2  line=2PO00008C00  raw=b'2PO00008C00\r\n'
    4.819  ELL.DONE                addr=2  pos=90.0  dt=0.254  lines=1  leftover=0
    5.224  ARD.TRIG                frame=2  attempt=1
    5.288  ARD.RX                  msg=TRIGGERED  raw=b'TRIGGERED\r\n'  t=0.001
    5.303  ARD.RX                  msg=ARMED  raw=b'ARMED\r\n'  t=0.016
    5.715  ARD.RX                  msg=FRAME_DONE  raw=b'FRAME_DONE\r\n'  t=0.428
    5.716  ARD.FRAME_DONE          frame=2  attempt=1  dt=0.429  leftover=0
    5.717  FRAME.END               frame=2  t_total=1.326  t_hwp=0.172  t_qwp=0.255  t_trig=0.493  attempts=1  flags=ok
    5.719  FRAME.START             frame=3  hwp=51  qwp=94
    5.720  ELL.TX                  addr=0  deg=51  hex=00004F55  cmd=0ma00004F55
    5.874  ELL.RX                  addr=0  line=0PO00004F53  raw=b'0PO00004F53\r\n'
    5.875  ELL.DONE                addr=0  pos=50.99  dt=0.155  lines=1  leftover=0
    5.876  ELL.TX                  addr=2  deg=94  hex=00009239  cmd=2ma00009239
    6.162  ELL.RX                  addr=2  line=2PO00009236  raw=b'2PO00009236\r\n'
    6.163  ELL.DONE                addr=2  pos=93.99  dt=0.287  lines=1  leftover=0
    6.567  ARD.TRIG                frame=3  attempt=1
    6.631  ARD.RX                  msg=TRIGGERED  raw=b'TRIGGERED\r\n'  t=0.001
    6.646  ARD.RX                  msg=ARMED  raw=b'ARMED\r\n'  t=0.016
    7.058  ARD.RX                  msg=FRAME_DONE  raw=b'FRAME_DONE\r\n'  t=0.429
    7.060  ARD.FRAME_DONE          frame=3  attempt=1  dt=0.43  leftover=0
    7.061  FRAME.END               frame=3  t_total=1.342  t_hwp=0.156  t_qwp=0.288  t_trig=0.494  attempts=1  flags=ok
    7.064  FRAME.START             frame=4  hwp=60  qwp=90
    7.065  ELL.TX                  addr=0  deg=60  hex=00005D55  cmd=0ma00005D55
    7.202  ELL.RX                  addr=0  line=0PO00005D57  raw=b'0PO00005D57\r\n'
    7.203  ELL.DONE                addr=0  pos=60.0  dt=0.137  lines=1  leftover=0
    7.204  ELL.TX                  addr=2  deg=90  hex=00008C00  cmd=2ma00008C00
    7.555  ELL.RX                  addr=2  line=2PO00008C01  raw=b'2PO00008C01\r\n'
    7.559  ELL.DONE                addr=2  pos=90.0  dt=0.354  lines=1  leftover=0
    7.972  ARD.TRIG                frame=4  attempt=1
    8.037  ARD.RX                  msg=TRIGGERED  raw=b'TRIGGERED\r\n'  t=0.0
    8.052  ARD.RX                  msg=ARMED  raw=b'ARMED\r\n'  t=0.016
    8.466  ARD.RX                  msg=FRAME_DONE  raw=b'FRAME_DONE\r\n'  t=0.429
    8.470  ARD.FRAME_DONE          frame=4  attempt=1  dt=0.433  leftover=0
    8.474  FRAME.END               frame=4  t_total=1.411  t_hwp=0.139  t_qwp=0.358  t_trig=0.502  attempts=1  flags=ok
    8.480  FRAME.START             frame=5  hwp=60  qwp=78
    8.484  ELL.TX                  addr=0  deg=60  hex=00005D55  cmd=0ma00005D55
    8.530  ELL.RX                  addr=0  line=0PO00005D55  raw=b'0PO00005D55\r\n'
    8.531  ELL.DONE                addr=0  pos=60.0  dt=0.046  lines=1  leftover=0
    8.532  ELL.TX                  addr=2  deg=78  hex=00007955  cmd=2ma00007955
    8.866  ELL.RX                  addr=2  line=2PO00007957  raw=b'2PO00007957\r\n'
    8.871  ELL.DONE                addr=2  pos=78.0  dt=0.338  lines=1  leftover=0
    9.286  ARD.TRIG                frame=5  attempt=1
    9.349  ARD.RX                  msg=TRIGGERED  raw=b'TRIGGERED\r\n'  t=0.001
    9.364  ARD.RX                  msg=ARMED  raw=b'ARMED\r\n'  t=0.015
    9.779  ARD.RX                  msg=FRAME_DONE  raw=b'FRAME_DONE\r\n'  t=0.431
    9.782  ARD.FRAME_DONE          frame=5  attempt=1  dt=0.434  leftover=0
    9.784  FRAME.END               frame=5  t_total=1.303  t_hwp=0.049  t_qwp=0.342  t_trig=0.498  attempts=1  flags=ok
    9.790  FRAME.START             frame=6  hwp=65  qwp=73
    9.792  ELL.TX                  addr=0  deg=65  hex=0000651C  cmd=0ma0000651C
    9.971  ELL.RX                  addr=0  line=0PO0000651A  raw=b'0PO0000651A\r\n'
    9.972  ELL.DONE                addr=0  pos=64.99  dt=0.177  lines=1  leftover=0
    9.973  ELL.TX                  addr=2  deg=73  hex=0000718E  cmd=2ma0000718E
   10.259  ELL.RX                  addr=2  line=2PO00007191  raw=b'2PO00007191\r\n'
   10.264  ELL.DONE                addr=2  pos=73.01  dt=0.291  lines=1  leftover=0
   10.679  ARD.TRIG                frame=6  attempt=1
   10.743  ARD.RX                  msg=TRIGGERED  raw=b'TRIGGERED\r\n'  t=0.0
   10.758  ARD.RX                  msg=ARMED  raw=b'ARMED\r\n'  t=0.016
   11.170  ARD.RX                  msg=FRAME_DONE  raw=b'FRAME_DONE\r\n'  t=0.427
   11.172  ARD.FRAME_DONE          frame=6  attempt=1  dt=0.429  leftover=0
   11.174  FRAME.END               frame=6  t_total=1.385  t_hwp=0.181  t_qwp=0.295  t_trig=0.495  attempts=1  flags=ok
   11.178  FRAME.START             frame=7  hwp=150  qwp=55
   11.180  ELL.TX                  addr=0  deg=150  hex=0000E955  cmd=0ma0000E955
   11.619  ELL.RX                  addr=0  line=0PO0000E954  raw=b'0PO0000E954\r\n'
   11.622  ELL.DONE                addr=0  pos=150.0  dt=0.44  lines=1  leftover=0
   11.625  ELL.TX                  addr=2  deg=55  hex=0000558E  cmd=2ma0000558E
   11.795  ELL.RX                  addr=2  line=2PO0000558E  raw=b'2PO0000558E\r\n'
   11.796  ELL.DONE                addr=2  pos=55.0  dt=0.167  lines=1  leftover=0
   12.205  ARD.TRIG                frame=7  attempt=1
   12.269  ARD.RX                  msg=TRIGGERED  raw=b'TRIGGERED\r\n'  t=0.0
   12.284  ARD.RX                  msg=ARMED  raw=b'ARMED\r\n'  t=0.015
   12.695  ARD.RX                  msg=FRAME_DONE  raw=b'FRAME_DONE\r\n'  t=0.427
   12.699  ARD.FRAME_DONE          frame=7  attempt=1  dt=0.43  leftover=0
   12.705  FRAME.END               frame=7  t_total=1.527  t_hwp=0.445  t_qwp=0.174  t_trig=0.5  attempts=1  flags=ok
   12.713  FRAME.START             frame=8  hwp=90  qwp=3
   12.716  ELL.TX                  addr=0  deg=90  hex=00008C00  cmd=0ma00008C00
   13.027  ELL.RX                  addr=0  line=0PO00008C03  raw=b'0PO00008C03\r\n'
   13.031  ELL.DONE                addr=0  pos=90.01  dt=0.314  lines=1  leftover=0
   13.034  ELL.TX                  addr=2  deg=3  hex=000004AB  cmd=2ma000004AB
   13.427  ELL.RX                  addr=2  line=2PO000004AE  raw=b'2PO000004AE\r\n'
   13.433  ELL.DONE                addr=2  pos=3.01  dt=0.391  lines=1  leftover=0
   13.849  ARD.TRIG                frame=8  attempt=1
   13.914  ARD.RX                  msg=TRIGGERED  raw=b'TRIGGERED\r\n'  t=0.001
   13.929  ARD.RX                  msg=ARMED  raw=b'ARMED\r\n'  t=0.016
   14.340  ARD.RX                  msg=FRAME_DONE  raw=b'FRAME_DONE\r\n'  t=0.427
   14.342  ARD.FRAME_DONE          frame=8  attempt=1  dt=0.429  leftover=0
   14.344  FRAME.END               frame=8  t_total=1.631  t_hwp=0.319  t_qwp=0.403  t_trig=0.496  attempts=1  flags=ok
   14.349  FRAME.START             frame=9  hwp=161  qwp=40
   14.350  ELL.TX                  addr=0  deg=161  hex=0000FA72  cmd=0ma0000FA72
   14.979  ELL.RX                  addr=0  line=0PO0000FA6F  raw=b'0PO0000FA6F\r\n'
   14.985  ELL.DONE                addr=0  pos=160.99  dt=0.631  lines=1  leftover=0
   14.989  ELL.TX                  addr=2  deg=40  hex=00003E39  cmd=2ma00003E39
   15.539  ELL.RX                  addr=2  line=2PO00003E39  raw=b'2PO00003E39\r\n'
   15.540  ELL.DONE                addr=2  pos=40.0  dt=0.548  lines=1  leftover=0
   15.952  ARD.TRIG                frame=9  attempt=1
   16.016  ARD.RX                  msg=TRIGGERED  raw=b'TRIGGERED\r\n'  t=0.0
   16.032  ARD.RX                  msg=ARMED  raw=b'ARMED\r\n'  t=0.016
   16.443  ARD.RX                  msg=FRAME_DONE  raw=b'FRAME_DONE\r\n'  t=0.427
   16.444  ARD.FRAME_DONE          frame=9  attempt=1  dt=0.428  leftover=0
   16.445  FRAME.END               frame=9  t_total=2.096  t_hwp=0.638  t_qwp=0.553  t_trig=0.493  attempts=1  flags=SLOW
   16.447  FRAME.START             frame=10  hwp=90  qwp=60
   16.448  ELL.TX                  addr=0  deg=90  hex=00008C00  cmd=0ma00008C00
   16.691  ELL.RX                  addr=0  line=0PO00008BFE  raw=b'0PO00008BFE\r\n'
   16.692  ELL.DONE                addr=0  pos=89.99  dt=0.243  lines=1  leftover=0
   16.693  ELL.TX                  addr=2  deg=60  hex=00005D55  cmd=2ma00005D55
   17.027  ELL.RX                  addr=2  line=2PO00005D54  raw=b'2PO00005D54\r\n'
   17.030  ELL.DONE                addr=2  pos=60.0  dt=0.336  lines=1  leftover=0
   17.438  ARD.TRIG                frame=10  attempt=1
   17.501  ARD.RX                  msg=TRIGGERED  raw=b'TRIGGERED\r\n'  t=0.001
   17.517  ARD.RX                  msg=ARMED  raw=b'ARMED\r\n'  t=0.016
   17.929  ARD.RX                  msg=FRAME_DONE  raw=b'FRAME_DONE\r\n'  t=0.428
   17.931  ARD.FRAME_DONE          frame=10  attempt=1  dt=0.43  leftover=0
   17.933  FRAME.END               frame=10  t_total=1.486  t_hwp=0.245  t_qwp=0.34  t_trig=0.495  attempts=1  flags=ok
   17.935  FRAME.START             frame=11  hwp=4  qwp=55
   17.936  ELL.TX                  addr=0  deg=4  hex=00000639  cmd=0ma00000639
   18.259  ELL.RX                  addr=0  line=0PO00000637  raw=b'0PO00000637\r\n'
   18.263  ELL.DONE                addr=0  pos=4.0  dt=0.325  lines=1  leftover=0
   18.267  ELL.TX                  addr=2  deg=55  hex=0000558E  cmd=2ma0000558E
   18.564  ELL.RX                  addr=2  line=2PO0000558E  raw=b'2PO0000558E\r\n'
   18.568  ELL.DONE                addr=2  pos=55.0  dt=0.293  lines=1  leftover=0
   18.974  ARD.TRIG                frame=11  attempt=1
   19.038  ARD.RX                  msg=TRIGGERED  raw=b'TRIGGERED\r\n'  t=0.0
   19.054  ARD.RX                  msg=ARMED  raw=b'ARMED\r\n'  t=0.016
   19.464  ARD.RX                  msg=FRAME_DONE  raw=b'FRAME_DONE\r\n'  t=0.426
   19.467  ARD.FRAME_DONE          frame=11  attempt=1  dt=0.43  leftover=0
   19.470  FRAME.END               frame=11  t_total=1.535  t_hwp=0.33  t_qwp=0.305  t_trig=0.497  attempts=1  flags=ok
   19.477  FRAME.START             frame=12  hwp=112  qwp=80
   19.480  ELL.TX                  addr=0  deg=112  hex=0000AE39  cmd=0ma0000AE39
   19.891  ELL.RX                  addr=0  line=0PO0000AE3C  raw=b'0PO0000AE3C\r\n'
   19.895  ELL.DONE                addr=0  pos=112.01  dt=0.411  lines=1  leftover=0
   19.899  ELL.TX                  addr=2  deg=80  hex=00007C72  cmd=2ma00007C72
   20.195  ELL.RX                  addr=2  line=2PO00007C6F  raw=b'2PO00007C6F\r\n'
   20.199  ELL.DONE                addr=2  pos=79.99  dt=0.295  lines=1  leftover=0
   20.614  ARD.TRIG                frame=12  attempt=1
   20.679  ARD.RX                  msg=TRIGGERED  raw=b'TRIGGERED\r\n'  t=0.0
   20.695  ARD.RX                  msg=ARMED  raw=b'ARMED\r\n'  t=0.016
   21.106  ARD.RX                  msg=FRAME_DONE  raw=b'FRAME_DONE\r\n'  t=0.427
   21.108  ARD.FRAME_DONE          frame=12  attempt=1  dt=0.429  leftover=0
   21.109  FRAME.END               frame=12  t_total=1.632  t_hwp=0.419  t_qwp=0.306  t_trig=0.495  attempts=1  flags=ok
   21.112  FRAME.START             frame=13  hwp=25  qwp=75
   21.114  ELL.TX                  addr=0  deg=25  hex=000026E4  cmd=0ma000026E4
   21.380  ELL.RX                  addr=0  line=0PO000026E3  raw=b'0PO000026E3\r\n'
   21.384  ELL.DONE                addr=0  pos=25.0  dt=0.269  lines=1  leftover=0
   21.388  ELL.TX                  addr=2  deg=75  hex=000074AB  cmd=2ma000074AB
   21.796  ELL.RX                  addr=2  line=2PO000074AC  raw=b'2PO000074AC\r\n'
   21.801  ELL.DONE                addr=2  pos=75.0  dt=0.407  lines=1  leftover=0
   22.209  ARD.TRIG                frame=13  attempt=1
   22.274  ARD.RX                  msg=TRIGGERED  raw=b'TRIGGERED\r\n'  t=0.001
   22.289  ARD.RX                  msg=ARMED  raw=b'ARMED\r\n'  t=0.016
   22.704  ARD.RX                  msg=FRAME_DONE  raw=b'FRAME_DONE\r\n'  t=0.431
   22.706  ARD.FRAME_DONE          frame=13  attempt=1  dt=0.433  leftover=0
   22.709  FRAME.END               frame=13  t_total=1.597  t_hwp=0.274  t_qwp=0.418  t_trig=0.5  attempts=1  flags=ok
   22.712  FRAME.START             frame=14  hwp=36  qwp=86
   22.715  ELL.TX                  addr=0  deg=36  hex=00003800  cmd=0ma00003800
   22.867  ELL.RX                  addr=0  line=0PO00003801  raw=b'0PO00003801\r\n'
   22.868  ELL.DONE                addr=0  pos=36.0  dt=0.151  lines=1  leftover=0
   22.869  ELL.TX                  addr=2  deg=86  hex=000085C7  cmd=2ma000085C7
   23.107  ELL.RX                  addr=2  line=2PO000085C4  raw=b'2PO000085C4\r\n'
   23.109  ELL.DONE                addr=2  pos=85.99  dt=0.239  lines=1  leftover=0
   23.523  ARD.TRIG                frame=14  attempt=1
   23.588  ARD.RX                  msg=TRIGGERED  raw=b'TRIGGERED\r\n'  t=0.001
   23.604  ARD.RX                  msg=ARMED  raw=b'ARMED\r\n'  t=0.017
   24.015  ARD.RX                  msg=FRAME_DONE  raw=b'FRAME_DONE\r\n'  t=0.428
   24.020  ARD.FRAME_DONE          frame=14  attempt=1  dt=0.432  leftover=0
   24.023  FRAME.END               frame=14  t_total=1.311  t_hwp=0.155  t_qwp=0.241  t_trig=0.5  attempts=1  flags=ok
   24.029  LOOP.END              
