    0.047  SESSION.START           log=D:\1_software\Experimental control software\Synthetic birefringence\0pt30 waves\pshg_diag_20260623_144208.log  csv=D:\1_software\Experimental control software\Synthetic birefringence\0pt30 waves\pshg_diag_20260623_144208.csv  file=delta_waves=0.300_fast_axis=70.xlsx  drain_stale=True
    0.099  ELL.QUERY               cmd=0in  reply='0IN0E1140051420211501016800023000\r\n'
    0.195  ELL.QUERY               cmd=2in  reply='2IN0E1140064920211501016800023000\r\n'
    0.691  ELL.QUERY               cmd=0ho  reply='0PO00000001\r\n'
    1.235  ELL.QUERY               cmd=2ho  reply='2POFFFFFFFF\r\n'
    1.267  ELL.QUERY               cmd=0gp  reply='0PO00000001\r\n'
    1.331  ELL.QUERY               cmd=2gp  reply='2POFFFFFFFC\r\n'
    2.343  LOOP.START            
    3.358  FRAME.START             frame=1  hwp=132  qwp=71
    3.359  ELL.TX                  addr=0  deg=132  hex=0000CD55  cmd=0ma0000CD55
    3.811  ELL.RX                  addr=0  line=0PO0000CD55  raw=b'0PO0000CD55\r\n'
    3.813  ELL.DONE                addr=0  pos=132.0  dt=0.452  lines=1  leftover=0
    3.814  ELL.TX                  addr=2  deg=71  hex=00006E72  cmd=2ma00006E72
    4.228  ELL.RX                  addr=2  line=2PO00006E72  raw=b'2PO00006E72\r\n'
    4.232  ELL.DONE                addr=2  pos=71.0  dt=0.417  lines=1  leftover=0
    4.642  ARD.TRIG                frame=1  attempt=1
    4.707  ARD.RX                  msg=TRIGGERED  raw=b'TRIGGERED\r\n'  t=0.001
    4.722  ARD.RX                  msg=ARMED  raw=b'ARMED\r\n'  t=0.017
    5.366  ARD.RX                  msg=FRAME_DONE  raw=b'FRAME_DONE\r\n'  t=0.661
    5.368  ARD.FRAME_DONE          frame=1  attempt=1  dt=0.662  leftover=0
    5.369  FRAME.END               frame=1  t_total=2.011  t_hwp=0.455  t_qwp=0.422  t_trig=0.727  attempts=1  flags=SLOW
    5.371  FRAME.START             frame=2  hwp=42  qwp=74
    5.372  ELL.TX                  addr=0  deg=42  hex=00004155  cmd=0ma00004155
    5.603  ELL.RX                  addr=0  line=0PO00004156  raw=b'0PO00004156\r\n'
    5.605  ELL.DONE                addr=0  pos=42.0  dt=0.232  lines=1  leftover=0
    5.606  ELL.TX                  addr=2  deg=74  hex=0000731C  cmd=2ma0000731C
    5.811  ELL.RX                  addr=2  line=2PO0000731C  raw=b'2PO0000731C\r\n'
    5.813  ELL.DONE                addr=2  pos=74.0  dt=0.206  lines=1  leftover=0
    6.218  ARD.TRIG                frame=2  attempt=1
    6.281  ARD.RX                  msg=TRIGGERED  raw=b'TRIGGERED\r\n'  t=0.0
    6.297  ARD.RX                  msg=ARMED  raw=b'ARMED\r\n'  t=0.016
    6.939  ARD.RX                  msg=FRAME_DONE  raw=b'FRAME_DONE\r\n'  t=0.658
    6.943  ARD.FRAME_DONE          frame=2  attempt=1  dt=0.662  leftover=0
    6.949  FRAME.END               frame=2  t_total=1.579  t_hwp=0.234  t_qwp=0.208  t_trig=0.732  attempts=1  flags=ok
    6.957  FRAME.START             frame=3  hwp=12  qwp=128
    6.961  ELL.TX                  addr=0  deg=12  hex=000012AB  cmd=0ma000012AB
    7.139  ELL.RX                  addr=0  line=0PO000012A8  raw=b'0PO000012A8\r\n'
    7.141  ELL.DONE                addr=0  pos=11.99  dt=0.174  lines=1  leftover=0
    7.142  ELL.TX                  addr=2  deg=128  hex=0000C71C  cmd=2ma0000C71C
    7.540  ELL.RX                  addr=2  line=2PO0000C71C  raw=b'2PO0000C71C\r\n'
    7.545  ELL.DONE                addr=2  pos=128.0  dt=0.402  lines=1  leftover=0
    7.958  ARD.TRIG                frame=3  attempt=1
    8.023  ARD.RX                  msg=TRIGGERED  raw=b'TRIGGERED\r\n'  t=0.001
    8.039  ARD.RX                  msg=ARMED  raw=b'ARMED\r\n'  t=0.016
    8.680  ARD.RX                  msg=FRAME_DONE  raw=b'FRAME_DONE\r\n'  t=0.657
    8.684  ARD.FRAME_DONE          frame=3  attempt=1  dt=0.662  leftover=0
    8.686  FRAME.END               frame=3  t_total=1.729  t_hwp=0.182  t_qwp=0.407  t_trig=0.728  attempts=1  flags=ok
    8.690  FRAME.START             frame=4  hwp=34  qwp=105
    8.692  ELL.TX                  addr=0  deg=34  hex=000034E4  cmd=0ma000034E4
    8.868  ELL.RX                  addr=0  line=0PO000034E6  raw=b'0PO000034E6\r\n'
    8.869  ELL.DONE                addr=0  pos=34.01  dt=0.174  lines=1  leftover=0
    8.870  ELL.TX                  addr=2  deg=105  hex=0000A355  cmd=2ma0000A355
    9.172  ELL.RX                  addr=2  line=2PO0000A357  raw=b'2PO0000A357\r\n'
    9.175  ELL.DONE                addr=2  pos=105.0  dt=0.303  lines=1  leftover=0
    9.578  ARD.TRIG                frame=4  attempt=1
    9.644  ARD.RX                  msg=TRIGGERED  raw=b'TRIGGERED\r\n'  t=0.001
    9.659  ARD.RX                  msg=ARMED  raw=b'ARMED\r\n'  t=0.016
   10.302  ARD.RX                  msg=FRAME_DONE  raw=b'FRAME_DONE\r\n'  t=0.659
   10.304  ARD.FRAME_DONE          frame=4  attempt=1  dt=0.661  leftover=0
   10.305  FRAME.END               frame=4  t_total=1.616  t_hwp=0.178  t_qwp=0.308  t_trig=0.727  attempts=1  flags=ok
   10.309  FRAME.START             frame=5  hwp=77  qwp=125
   10.310  ELL.TX                  addr=0  deg=77  hex=000077C7  cmd=0ma000077C7
   10.708  ELL.RX                  addr=0  line=0PO000077C8  raw=b'0PO000077C8\r\n'
   10.714  ELL.DONE                addr=0  pos=77.0  dt=0.401  lines=1  leftover=0
   10.719  ELL.TX                  addr=2  deg=125  hex=0000C272  cmd=2ma0000C272
   11.060  ELL.RX                  addr=2  line=2PO0000C270  raw=b'2PO0000C270\r\n'
   11.063  ELL.DONE                addr=2  pos=125.0  dt=0.34  lines=1  leftover=0
   11.467  ARD.TRIG                frame=5  attempt=1
   11.531  ARD.RX                  msg=TRIGGERED  raw=b'TRIGGERED\r\n'  t=0.0
   11.546  ARD.RX                  msg=ARMED  raw=b'ARMED\r\n'  t=0.015
   12.186  ARD.RX                  msg=FRAME_DONE  raw=b'FRAME_DONE\r\n'  t=0.655
   12.188  ARD.FRAME_DONE          frame=5  attempt=1  dt=0.657  leftover=0
   12.190  FRAME.END               frame=5  t_total=1.881  t_hwp=0.408  t_qwp=0.347  t_trig=0.723  attempts=1  flags=ok
   12.193  FRAME.START             frame=6  hwp=79  qwp=138
   12.194  ELL.TX                  addr=0  deg=79  hex=00007AE4  cmd=0ma00007AE4
   12.500  ELL.RX                  addr=0  line=0PO00007AE7  raw=b'0PO00007AE7\r\n'
   12.501  ELL.DONE                addr=0  pos=79.01  dt=0.305  lines=1  leftover=0
   12.502  ELL.TX                  addr=2  deg=138  hex=0000D6AB  cmd=2ma0000D6AB
   12.804  ELL.RX                  addr=2  line=2PO0000D6AB  raw=b'2PO0000D6AB\r\n'
   12.805  ELL.DONE                addr=2  pos=138.0  dt=0.301  lines=1  leftover=0
   13.213  ARD.TRIG                frame=6  attempt=1
   13.278  ARD.RX                  msg=TRIGGERED  raw=b'TRIGGERED\r\n'  t=0.0
   13.293  ARD.RX                  msg=ARMED  raw=b'ARMED\r\n'  t=0.016
   13.934  ARD.RX                  msg=FRAME_DONE  raw=b'FRAME_DONE\r\n'  t=0.657
   13.936  ARD.FRAME_DONE          frame=6  attempt=1  dt=0.658  leftover=0
   13.936  FRAME.END               frame=6  t_total=1.743  t_hwp=0.308  t_qwp=0.303  t_trig=0.723  attempts=1  flags=ok
   13.938  FRAME.START             frame=7  hwp=176  qwp=68
   13.939  ELL.TX                  addr=0  deg=176  hex=000111C7  cmd=0ma000111C7
   14.389  ELL.RX                  addr=0  line=0PO000111C7  raw=b'0PO000111C7\r\n'
   14.393  ELL.DONE                addr=0  pos=176.0  dt=0.453  lines=1  leftover=0
   14.399  ELL.TX                  addr=2  deg=68  hex=000069C7  cmd=2ma000069C7
   14.773  ELL.RX                  addr=2  line=2PO000069C7  raw=b'2PO000069C7\r\n'
   14.776  ELL.DONE                addr=2  pos=68.0  dt=0.373  lines=1  leftover=0
   15.183  ARD.TRIG                frame=7  attempt=1
   15.248  ARD.RX                  msg=TRIGGERED  raw=b'TRIGGERED\r\n'  t=0.001
   15.263  ARD.RX                  msg=ARMED  raw=b'ARMED\r\n'  t=0.016
   15.909  ARD.RX                  msg=FRAME_DONE  raw=b'FRAME_DONE\r\n'  t=0.661
   15.913  ARD.FRAME_DONE          frame=7  attempt=1  dt=0.666  leftover=0
   15.917  FRAME.END               frame=7  t_total=1.979  t_hwp=0.457  t_qwp=0.382  t_trig=0.734  attempts=1  flags=ok
   15.924  FRAME.START             frame=8  hwp=169  qwp=58
   15.928  ELL.TX                  addr=0  deg=169  hex=000106E4  cmd=0ma000106E4
   16.245  ELL.RX                  addr=0  line=0PO000106E2  raw=b'0PO000106E2\r\n'
   16.249  ELL.DONE                addr=0  pos=169.0  dt=0.316  lines=1  leftover=0
   16.252  ELL.TX                  addr=2  deg=58  hex=00005A39  cmd=2ma00005A39
   16.517  ELL.RX                  addr=2  line=2PO00005A37  raw=b'2PO00005A37\r\n'
   16.521  ELL.DONE                addr=2  pos=58.0  dt=0.265  lines=1  leftover=0
   16.929  ARD.TRIG                frame=8  attempt=1
   16.993  ARD.RX                  msg=TRIGGERED  raw=b'TRIGGERED\r\n'  t=0.001
   17.008  ARD.RX                  msg=ARMED  raw=b'ARMED\r\n'  t=0.016
   17.649  ARD.RX                  msg=FRAME_DONE  raw=b'FRAME_DONE\r\n'  t=0.658
   17.651  ARD.FRAME_DONE          frame=8  attempt=1  dt=0.659  leftover=0
   17.651  FRAME.END               frame=8  t_total=1.727  t_hwp=0.324  t_qwp=0.272  t_trig=0.723  attempts=1  flags=ok
   17.653  FRAME.START             frame=9  hwp=105  qwp=11
   17.654  ELL.TX                  addr=0  deg=105  hex=0000A355  cmd=0ma0000A355
   18.052  ELL.RX                  addr=0  line=0PO0000A356  raw=b'0PO0000A356\r\n'
   18.053  ELL.DONE                addr=0  pos=105.0  dt=0.399  lines=1  leftover=0
   18.054  ELL.TX                  addr=2  deg=11  hex=0000111C  cmd=2ma0000111C
   18.341  ELL.RX                  addr=2  line=2PO00001119  raw=b'2PO00001119\r\n'
   18.343  ELL.DONE                addr=2  pos=10.99  dt=0.288  lines=1  leftover=0
   18.753  ARD.TRIG                frame=9  attempt=1
   18.816  ARD.RX                  msg=TRIGGERED  raw=b'TRIGGERED\r\n'  t=0.0
   18.832  ARD.RX                  msg=ARMED  raw=b'ARMED\r\n'  t=0.015
   19.472  ARD.RX                  msg=FRAME_DONE  raw=b'FRAME_DONE\r\n'  t=0.656
   19.476  ARD.FRAME_DONE          frame=9  attempt=1  dt=0.66  leftover=0
   19.481  FRAME.END               frame=9  t_total=1.828  t_hwp=0.4  t_qwp=0.292  t_trig=0.728  attempts=1  flags=ok
   19.486  FRAME.START             frame=10  hwp=149  qwp=16
   19.488  ELL.TX                  addr=0  deg=149  hex=0000E7C7  cmd=0ma0000E7C7
   19.956  ELL.RX                  addr=0  line=0PO0000E7C5  raw=b'0PO0000E7C5\r\n'
   19.958  ELL.DONE                addr=0  pos=148.99  dt=0.47  lines=1  leftover=0
   19.960  ELL.TX                  addr=2  deg=16  hex=000018E4  cmd=2ma000018E4
   20.164  ELL.RX                  addr=2  line=2PO000018E3  raw=b'2PO000018E3\r\n'
   20.166  ELL.DONE                addr=2  pos=16.0  dt=0.206  lines=1  leftover=0
   20.572  ARD.TRIG                frame=10  attempt=1
   20.636  ARD.RX                  msg=TRIGGERED  raw=b'TRIGGERED\r\n'  t=0.0
   20.652  ARD.RX                  msg=ARMED  raw=b'ARMED\r\n'  t=0.016
   21.295  ARD.RX                  msg=FRAME_DONE  raw=b'FRAME_DONE\r\n'  t=0.658
   21.298  ARD.FRAME_DONE          frame=10  attempt=1  dt=0.661  leftover=0
   21.301  FRAME.END               frame=10  t_total=1.815  t_hwp=0.472  t_qwp=0.209  t_trig=0.729  attempts=1  flags=ok
   21.308  FRAME.START             frame=11  hwp=115  qwp=39
   21.311  ELL.TX                  addr=0  deg=115  hex=0000B2E4  cmd=0ma0000B2E4
   21.589  ELL.RX                  addr=0  line=0PO0000B2E3  raw=b'0PO0000B2E3\r\n'
   21.592  ELL.DONE                addr=0  pos=115.0  dt=0.278  lines=1  leftover=0
   21.593  ELL.TX                  addr=2  deg=39  hex=00003CAB  cmd=2ma00003CAB
   21.941  ELL.RX                  addr=2  line=2PO00003CA9  raw=b'2PO00003CA9\r\n'
   21.943  ELL.DONE                addr=2  pos=39.0  dt=0.347  lines=1  leftover=0
   22.357  ARD.TRIG                frame=11  attempt=1
   22.422  ARD.RX                  msg=TRIGGERED  raw=b'TRIGGERED\r\n'  t=0.001
   22.438  ARD.RX                  msg=ARMED  raw=b'ARMED\r\n'  t=0.016
   23.081  ARD.RX                  msg=FRAME_DONE  raw=b'FRAME_DONE\r\n'  t=0.659
   23.082  ARD.FRAME_DONE          frame=11  attempt=1  dt=0.66  leftover=0
   23.082  FRAME.END               frame=11  t_total=1.775  t_hwp=0.283  t_qwp=0.352  t_trig=0.725  attempts=1  flags=ok
   23.084  FRAME.START             frame=12  hwp=124  qwp=55
   23.085  ELL.TX                  addr=0  deg=124  hex=0000C0E4  cmd=0ma0000C0E4
   23.445  ELL.RX                  addr=0  line=0PO0000C0E6  raw=b'0PO0000C0E6\r\n'
   23.449  ELL.DONE                addr=0  pos=124.01  dt=0.363  lines=1  leftover=0
   23.454  ELL.TX                  addr=2  deg=55  hex=0000558E  cmd=2ma0000558E
   23.813  ELL.RX                  addr=2  line=2PO0000558B  raw=b'2PO0000558B\r\n'
   23.815  ELL.DONE                addr=2  pos=54.99  dt=0.356  lines=1  leftover=0
   24.229  ARD.TRIG                frame=12  attempt=1
   24.292  ARD.RX                  msg=TRIGGERED  raw=b'TRIGGERED\r\n'  t=0.001
   24.307  ARD.RX                  msg=ARMED  raw=b'ARMED\r\n'  t=0.015
   24.948  ARD.RX                  msg=FRAME_DONE  raw=b'FRAME_DONE\r\n'  t=0.658
   24.950  ARD.FRAME_DONE          frame=12  attempt=1  dt=0.659  leftover=0
   24.950  FRAME.END               frame=12  t_total=1.866  t_hwp=0.369  t_qwp=0.363  t_trig=0.722  attempts=1  flags=ok
   24.952  FRAME.START             frame=13  hwp=40  qwp=64
   24.953  ELL.TX                  addr=0  deg=40  hex=00003E39  cmd=0ma00003E39
   25.222  ELL.RX                  addr=0  line=0PO00003E39  raw=b'0PO00003E39\r\n'
   25.226  ELL.DONE                addr=0  pos=40.0  dt=0.272  lines=1  leftover=0
   25.230  ELL.TX                  addr=2  deg=64  hex=0000638E  cmd=2ma0000638E
   25.477  ELL.RX                  addr=2  line=2PO0000638D  raw=b'2PO0000638D\r\n'
   25.481  ELL.DONE                addr=2  pos=64.0  dt=0.247  lines=1  leftover=0
   25.890  ARD.TRIG                frame=13  attempt=1
   25.954  ARD.RX                  msg=TRIGGERED  raw=b'TRIGGERED\r\n'  t=0.0
   25.969  ARD.RX                  msg=ARMED  raw=b'ARMED\r\n'  t=0.015
   26.611  ARD.RX                  msg=FRAME_DONE  raw=b'FRAME_DONE\r\n'  t=0.658
   26.614  ARD.FRAME_DONE          frame=13  attempt=1  dt=0.661  leftover=0
   26.616  FRAME.END               frame=13  t_total=1.664  t_hwp=0.277  t_qwp=0.255  t_trig=0.726  attempts=1  flags=ok
   26.620  FRAME.START             frame=14  hwp=42  qwp=73
   26.622  ELL.TX                  addr=0  deg=42  hex=00004155  cmd=0ma00004155
   26.741  ELL.RX                  addr=0  line=0PO00004156  raw=b'0PO00004156\r\n'
   26.742  ELL.DONE                addr=0  pos=42.0  dt=0.118  lines=1  leftover=0
   26.743  ELL.TX                  addr=2  deg=73  hex=0000718E  cmd=2ma0000718E
   27.045  ELL.RX                  addr=2  line=2PO0000718C  raw=b'2PO0000718C\r\n'
   27.048  ELL.DONE                addr=2  pos=72.99  dt=0.303  lines=1  leftover=0
   27.456  ARD.TRIG                frame=14  attempt=1
   27.520  ARD.RX                  msg=TRIGGERED  raw=b'TRIGGERED\r\n'  t=0.001
   27.536  ARD.RX                  msg=ARMED  raw=b'ARMED\r\n'  t=0.016
   28.180  ARD.RX                  msg=FRAME_DONE  raw=b'FRAME_DONE\r\n'  t=0.661
   28.181  ARD.FRAME_DONE          frame=14  attempt=1  dt=0.662  leftover=0
   28.182  FRAME.END               frame=14  t_total=1.563  t_hwp=0.121  t_qwp=0.306  t_trig=0.726  attempts=1  flags=ok
   28.186  LOOP.END              
