    0.021  SESSION.START           log=D:\1_software\Experimental control software\Synthetic birefringence\0pt30 waves\pshg_diag_20260623_144317.log  csv=D:\1_software\Experimental control software\Synthetic birefringence\0pt30 waves\pshg_diag_20260623_144317.csv  file=delta_waves=0.300_fast_axis=60.xlsx  drain_stale=True
    0.066  ELL.QUERY               cmd=0in  reply='0IN0E1140051420211501016800023000\r\n'
    0.162  ELL.QUERY               cmd=2in  reply='2IN0E1140064920211501016800023000\r\n'
    0.418  ELL.QUERY               cmd=0ho  reply='0PO00000000\r\n'
    0.962  ELL.QUERY               cmd=2ho  reply='2PO00000003\r\n'
    0.994  ELL.QUERY               cmd=0gp  reply='0PO00000000\r\n'
    1.074  ELL.QUERY               cmd=2gp  reply='2POFFFFFFFC\r\n'
    2.079  LOOP.START            
    3.093  FRAME.START             frame=1  hwp=133  qwp=80
    3.094  ELL.TX                  addr=0  deg=133  hex=0000CEE4  cmd=0ma0000CEE4
    3.538  ELL.RX                  addr=0  line=0PO0000CEE6  raw=b'0PO0000CEE6\r\n'
    3.540  ELL.DONE                addr=0  pos=133.01  dt=0.445  lines=1  leftover=0
    3.541  ELL.TX                  addr=2  deg=80  hex=00007C72  cmd=2ma00007C72
    3.987  ELL.RX                  addr=2  line=2PO00007C6E  raw=b'2PO00007C6E\r\n'
    3.991  ELL.DONE                addr=2  pos=79.99  dt=0.448  lines=1  leftover=0
    4.407  ARD.TRIG                frame=1  attempt=1
    4.470  ARD.RX                  msg=TRIGGERED  raw=b'TRIGGERED\r\n'  t=0.0
    4.486  ARD.RX                  msg=ARMED  raw=b'ARMED\r\n'  t=0.016
    5.126  ARD.RX                  msg=FRAME_DONE  raw=b'FRAME_DONE\r\n'  t=0.656
    5.127  ARD.FRAME_DONE          frame=1  attempt=1  dt=0.657  leftover=0
    5.128  FRAME.END               frame=1  t_total=2.035  t_hwp=0.448  t_qwp=0.455  t_trig=0.721  attempts=1  flags=SLOW
    5.130  FRAME.START             frame=2  hwp=137  qwp=95
    5.130  ELL.TX                  addr=0  deg=137  hex=0000D51C  cmd=0ma0000D51C
    5.298  ELL.RX                  addr=0  line=0PO0000D51D  raw=b'0PO0000D51D\r\n'
    5.300  ELL.DONE                addr=0  pos=137.0  dt=0.168  lines=1  leftover=0
    5.301  ELL.TX                  addr=2  deg=95  hex=000093C7  cmd=2ma000093C7
    5.698  ELL.RX                  addr=2  line=2PO000093C4  raw=b'2PO000093C4\r\n'
    5.699  ELL.DONE                addr=2  pos=94.99  dt=0.398  lines=1  leftover=0
    6.105  ARD.TRIG                frame=2  attempt=1
    6.169  ARD.RX                  msg=TRIGGERED  raw=b'TRIGGERED\r\n'  t=0.0
    6.185  ARD.RX                  msg=ARMED  raw=b'ARMED\r\n'  t=0.016
    6.825  ARD.RX                  msg=FRAME_DONE  raw=b'FRAME_DONE\r\n'  t=0.657
    6.827  ARD.FRAME_DONE          frame=2  attempt=1  dt=0.658  leftover=0
    6.828  FRAME.END               frame=2  t_total=1.698  t_hwp=0.17  t_qwp=0.4  t_trig=0.723  attempts=1  flags=ok
    6.830  FRAME.START             frame=3  hwp=118  qwp=113
    6.831  ELL.TX                  addr=0  deg=118  hex=0000B78E  cmd=0ma0000B78E
    7.154  ELL.RX                  addr=0  line=0PO0000B78E  raw=b'0PO0000B78E\r\n'
    7.156  ELL.DONE                addr=0  pos=118.0  dt=0.323  lines=1  leftover=0
    7.157  ELL.TX                  addr=2  deg=113  hex=0000AFC7  cmd=2ma0000AFC7
    7.491  ELL.RX                  addr=2  line=2PO0000AFCA  raw=b'2PO0000AFCA\r\n'
    7.493  ELL.DONE                addr=2  pos=113.01  dt=0.335  lines=1  leftover=0
    7.895  ARD.TRIG                frame=3  attempt=1
    7.957  ARD.RX                  msg=TRIGGERED  raw=b'TRIGGERED\r\n'  t=0.0
    7.972  ARD.RX                  msg=ARMED  raw=b'ARMED\r\n'  t=0.015
    8.615  ARD.RX                  msg=FRAME_DONE  raw=b'FRAME_DONE\r\n'  t=0.659
    8.616  ARD.FRAME_DONE          frame=3  attempt=1  dt=0.66  leftover=0
    8.617  FRAME.END               frame=3  t_total=1.787  t_hwp=0.325  t_qwp=0.339  t_trig=0.722  attempts=1  flags=ok
    8.619  FRAME.START             frame=4  hwp=82  qwp=127
    8.620  ELL.TX                  addr=0  deg=82  hex=00007F8E  cmd=0ma00007F8E
    8.867  ELL.RX                  addr=0  line=0PO00007F8E  raw=b'0PO00007F8E\r\n'
    8.868  ELL.DONE                addr=0  pos=82.0  dt=0.247  lines=1  leftover=0
    8.869  ELL.TX                  addr=2  deg=127  hex=0000C58E  cmd=2ma0000C58E
    9.171  ELL.RX                  addr=2  line=2PO0000C590  raw=b'2PO0000C590\r\n'
    9.172  ELL.DONE                addr=2  pos=127.0  dt=0.302  lines=1  leftover=0
    9.587  ARD.TRIG                frame=4  attempt=1
    9.648  ARD.RX                  msg=TRIGGERED  raw=b'TRIGGERED\r\n'  t=0.0
    9.664  ARD.RX                  msg=ARMED  raw=b'ARMED\r\n'  t=0.016
   10.307  ARD.RX                  msg=FRAME_DONE  raw=b'FRAME_DONE\r\n'  t=0.659
   10.308  ARD.FRAME_DONE          frame=4  attempt=1  dt=0.66  leftover=0
   10.309  FRAME.END               frame=4  t_total=1.69  t_hwp=0.249  t_qwp=0.304  t_trig=0.722  attempts=1  flags=ok
   10.312  FRAME.START             frame=5  hwp=99  qwp=95
   10.313  ELL.TX                  addr=0  deg=99  hex=00009A00  cmd=0ma00009A00
   10.562  ELL.RX                  addr=0  line=0PO000099FF  raw=b'0PO000099FF\r\n'
   10.564  ELL.DONE                addr=0  pos=99.0  dt=0.249  lines=1  leftover=0
   10.564  ELL.TX                  addr=2  deg=95  hex=000093C7  cmd=2ma000093C7
   10.995  ELL.RX                  addr=2  line=2PO000093CA  raw=b'2PO000093CA\r\n'
   10.996  ELL.DONE                addr=2  pos=95.01  dt=0.431  lines=1  leftover=0
   11.401  ARD.TRIG                frame=5  attempt=1
   11.465  ARD.RX                  msg=TRIGGERED  raw=b'TRIGGERED\r\n'  t=0.0
   11.481  ARD.RX                  msg=ARMED  raw=b'ARMED\r\n'  t=0.016
   12.121  ARD.RX                  msg=FRAME_DONE  raw=b'FRAME_DONE\r\n'  t=0.656
   12.123  ARD.FRAME_DONE          frame=5  attempt=1  dt=0.658  leftover=0
   12.124  FRAME.END               frame=5  t_total=1.813  t_hwp=0.251  t_qwp=0.432  t_trig=0.723  attempts=1  flags=ok
   12.127  FRAME.START             frame=6  hwp=176  qwp=71
   12.128  ELL.TX                  addr=0  deg=176  hex=000111C7  cmd=0ma000111C7
   12.675  ELL.RX                  addr=0  line=0PO000111CA  raw=b'0PO000111CA\r\n'
   12.677  ELL.DONE                addr=0  pos=176.01  dt=0.548  lines=1  leftover=0
   12.678  ELL.TX                  addr=2  deg=71  hex=00006E72  cmd=2ma00006E72
   12.979  ELL.RX                  addr=2  line=2PO00006E6F  raw=b'2PO00006E6F\r\n'
   12.980  ELL.DONE                addr=2  pos=70.99  dt=0.301  lines=1  leftover=0
   13.383  ARD.TRIG                frame=6  attempt=1
   13.445  ARD.RX                  msg=TRIGGERED  raw=b'TRIGGERED\r\n'  t=0.0
   13.461  ARD.RX                  msg=ARMED  raw=b'ARMED\r\n'  t=0.016
   14.104  ARD.RX                  msg=FRAME_DONE  raw=b'FRAME_DONE\r\n'  t=0.658
   14.106  ARD.FRAME_DONE          frame=6  attempt=1  dt=0.661  leftover=0
   14.108  FRAME.END               frame=6  t_total=1.981  t_hwp=0.55  t_qwp=0.303  t_trig=0.725  attempts=1  flags=ok
   14.114  FRAME.START             frame=7  hwp=85  qwp=75
   14.118  ELL.TX                  addr=0  deg=85  hex=00008439  cmd=0ma00008439
   14.419  ELL.RX                  addr=0  line=0PO0000843B  raw=b'0PO0000843B\r\n'
   14.420  ELL.DONE                addr=0  pos=85.01  dt=0.297  lines=1  leftover=0
   14.422  ELL.TX                  addr=2  deg=75  hex=000074AB  cmd=2ma000074AB
   14.547  ELL.RX                  addr=2  line=2PO000074AC  raw=b'2PO000074AC\r\n'
   14.549  ELL.DONE                addr=2  pos=75.0  dt=0.126  lines=1  leftover=0
   14.951  ARD.TRIG                frame=7  attempt=1
   15.023  ARD.RX                  msg=TRIGGERED  raw=b'TRIGGERED\r\n'  t=0.0
   15.043  ARD.RX                  msg=ARMED  raw=b'ARMED\r\n'  t=0.021
   15.672  ARD.RX                  msg=FRAME_DONE  raw=b'FRAME_DONE\r\n'  t=0.65
   15.675  ARD.FRAME_DONE          frame=7  attempt=1  dt=0.652  leftover=0
   15.676  FRAME.END               frame=7  t_total=1.561  t_hwp=0.304  t_qwp=0.129  t_trig=0.725  attempts=1  flags=ok
   15.678  FRAME.START             frame=8  hwp=157  qwp=49
   15.686  ELL.TX                  addr=0  deg=157  hex=0000F439  cmd=0ma0000F439
   16.019  ELL.RX                  addr=0  line=0PO0000F43B  raw=b'0PO0000F43B\r\n'
   16.020  ELL.DONE                addr=0  pos=157.01  dt=0.331  lines=1  leftover=0
   16.021  ELL.TX                  addr=2  deg=49  hex=00004C39  cmd=2ma00004C39
   16.403  ELL.RX                  addr=2  line=2PO00004C37  raw=b'2PO00004C37\r\n'
   16.405  ELL.DONE                addr=2  pos=49.0  dt=0.382  lines=1  leftover=0
   16.810  ARD.TRIG                frame=8  attempt=1
   16.875  ARD.RX                  msg=TRIGGERED  raw=b'TRIGGERED\r\n'  t=0.0
   16.891  ARD.RX                  msg=ARMED  raw=b'ARMED\r\n'  t=0.016
   17.532  ARD.RX                  msg=FRAME_DONE  raw=b'FRAME_DONE\r\n'  t=0.657
   17.533  ARD.FRAME_DONE          frame=8  attempt=1  dt=0.658  leftover=0
   17.535  FRAME.END               frame=8  t_total=1.856  t_hwp=0.336  t_qwp=0.384  t_trig=0.724  attempts=1  flags=ok
   17.537  FRAME.START             frame=9  hwp=90  qwp=19
   17.538  ELL.TX                  addr=0  deg=90  hex=00008C00  cmd=0ma00008C00
   17.811  ELL.RX                  addr=0  line=0PO00008BFD  raw=b'0PO00008BFD\r\n'
   17.813  ELL.DONE                addr=0  pos=89.99  dt=0.273  lines=1  leftover=0
   17.814  ELL.TX                  addr=2  deg=19  hex=00001D8E  cmd=2ma00001D8E
   17.988  ELL.RX                  addr=2  line=2PO00001D8B  raw=b'2PO00001D8B\r\n'
   17.991  ELL.DONE                addr=2  pos=18.99  dt=0.177  lines=1  leftover=0
   18.405  ARD.TRIG                frame=9  attempt=1
   18.470  ARD.RX                  msg=TRIGGERED  raw=b'TRIGGERED\r\n'  t=0.0
   18.484  ARD.RX                  msg=ARMED  raw=b'ARMED\r\n'  t=0.014
   19.125  ARD.RX                  msg=FRAME_DONE  raw=b'FRAME_DONE\r\n'  t=0.655
   19.126  ARD.FRAME_DONE          frame=9  attempt=1  dt=0.656  leftover=0
   19.127  FRAME.END               frame=9  t_total=1.59  t_hwp=0.275  t_qwp=0.18  t_trig=0.722  attempts=1  flags=ok
   19.129  FRAME.START             frame=10  hwp=45  qwp=45
   19.130  ELL.TX                  addr=0  deg=45  hex=00004600  cmd=0ma00004600
   19.331  ELL.RX                  addr=0  line=0PO00004602  raw=b'0PO00004602\r\n'
   19.333  ELL.DONE                addr=0  pos=45.01  dt=0.202  lines=1  leftover=0
   19.334  ELL.TX                  addr=2  deg=45  hex=00004600  cmd=2ma00004600
   19.635  ELL.RX                  addr=2  line=2PO000045FD  raw=b'2PO000045FD\r\n'
   19.637  ELL.DONE                addr=2  pos=44.99  dt=0.302  lines=1  leftover=0
   20.051  ARD.TRIG                frame=10  attempt=1
   20.114  ARD.RX                  msg=TRIGGERED  raw=b'TRIGGERED\r\n'  t=0.0
   20.130  ARD.RX                  msg=ARMED  raw=b'ARMED\r\n'  t=0.016
   20.772  ARD.RX                  msg=FRAME_DONE  raw=b'FRAME_DONE\r\n'  t=0.658
   20.773  ARD.FRAME_DONE          frame=10  attempt=1  dt=0.659  leftover=0
   20.774  FRAME.END               frame=10  t_total=1.645  t_hwp=0.204  t_qwp=0.304  t_trig=0.724  attempts=1  flags=ok
   20.777  FRAME.START             frame=11  hwp=61  qwp=6
   20.777  ELL.TX                  addr=0  deg=61  hex=00005EE4  cmd=0ma00005EE4
   20.995  ELL.RX                  addr=0  line=0PO00005EE7  raw=b'0PO00005EE7\r\n'
   20.997  ELL.DONE                addr=0  pos=61.01  dt=0.219  lines=1  leftover=0
   20.998  ELL.TX                  addr=2  deg=6  hex=00000955  cmd=2ma00000955
   21.316  ELL.RX                  addr=2  line=2PO00000958  raw=b'2PO00000958\r\n'
   21.317  ELL.DONE                addr=2  pos=6.01  dt=0.318  lines=1  leftover=0
   21.733  ARD.TRIG                frame=11  attempt=1
   21.797  ARD.RX                  msg=TRIGGERED  raw=b'TRIGGERED\r\n'  t=0.0
   21.813  ARD.RX                  msg=ARMED  raw=b'ARMED\r\n'  t=0.016
   22.451  ARD.RX                  msg=FRAME_DONE  raw=b'FRAME_DONE\r\n'  t=0.654
   22.452  ARD.FRAME_DONE          frame=11  attempt=1  dt=0.655  leftover=0
   22.453  FRAME.END               frame=11  t_total=1.677  t_hwp=0.22  t_qwp=0.32  t_trig=0.72  attempts=1  flags=ok
   22.455  FRAME.START             frame=12  hwp=129  qwp=68
   22.456  ELL.TX                  addr=0  deg=129  hex=0000C8AB  cmd=0ma0000C8AB
   22.916  ELL.RX                  addr=0  line=0PO0000C8A9  raw=b'0PO0000C8A9\r\n'
   22.919  ELL.DONE                addr=0  pos=129.0  dt=0.462  lines=1  leftover=0
   22.921  ELL.TX                  addr=2  deg=68  hex=000069C7  cmd=2ma000069C7
   23.300  ELL.RX                  addr=2  line=2PO000069CA  raw=b'2PO000069CA\r\n'
   23.302  ELL.DONE                addr=2  pos=68.01  dt=0.376  lines=1  leftover=0
   23.709  ARD.TRIG                frame=12  attempt=1
   23.789  ARD.RX                  msg=TRIGGERED  raw=b'TRIGGERED\r\n'  t=0.001
   23.803  ARD.RX                  msg=ARMED  raw=b'ARMED\r\n'  t=0.014
   24.430  ARD.RX                  msg=FRAME_DONE  raw=b'FRAME_DONE\r\n'  t=0.641
   24.432  ARD.FRAME_DONE          frame=12  attempt=1  dt=0.643  leftover=0
   24.433  FRAME.END               frame=12  t_total=1.978  t_hwp=0.466  t_qwp=0.381  t_trig=0.724  attempts=1  flags=ok
   24.437  FRAME.START             frame=13  hwp=133  qwp=79
   24.439  ELL.TX                  addr=0  deg=133  hex=0000CEE4  cmd=0ma0000CEE4
   24.676  ELL.RX                  addr=0  line=0PO0000CEE4  raw=b'0PO0000CEE4\r\n'
   24.677  ELL.DONE                addr=0  pos=133.0  dt=0.236  lines=1  leftover=0
   24.678  ELL.TX                  addr=2  deg=79  hex=00007AE4  cmd=2ma00007AE4
   24.964  ELL.RX                  addr=2  line=2PO00007AE1  raw=b'2PO00007AE1\r\n'
   24.965  ELL.DONE                addr=2  pos=78.99  dt=0.287  lines=1  leftover=0
   25.380  ARD.TRIG                frame=13  attempt=1
   25.444  ARD.RX                  msg=TRIGGERED  raw=b'TRIGGERED\r\n'  t=0.0
   25.460  ARD.RX                  msg=ARMED  raw=b'ARMED\r\n'  t=0.016
   26.100  ARD.RX                  msg=FRAME_DONE  raw=b'FRAME_DONE\r\n'  t=0.656
   26.101  ARD.FRAME_DONE          frame=13  attempt=1  dt=0.657  leftover=0
   26.102  FRAME.END               frame=13  t_total=1.665  t_hwp=0.239  t_qwp=0.289  t_trig=0.722  attempts=1  flags=ok
   26.104  FRAME.START             frame=14  hwp=38  qwp=80
   26.105  ELL.TX                  addr=0  deg=38  hex=00003B1C  cmd=0ma00003B1C
   26.372  ELL.RX                  addr=0  line=0PO00003B1C  raw=b'0PO00003B1C\r\n'
   26.373  ELL.DONE                addr=0  pos=38.0  dt=0.268  lines=1  leftover=0
   26.374  ELL.TX                  addr=2  deg=80  hex=00007C72  cmd=2ma00007C72
   26.564  ELL.RX                  addr=2  line=2PO00007C73  raw=b'2PO00007C73\r\n'
   26.566  ELL.DONE                addr=2  pos=80.0  dt=0.191  lines=1  leftover=0
   26.976  ARD.TRIG                frame=14  attempt=1
   27.040  ARD.RX                  msg=TRIGGERED  raw=b'TRIGGERED\r\n'  t=0.0
   27.056  ARD.RX                  msg=ARMED  raw=b'ARMED\r\n'  t=0.016
   27.701  ARD.RX                  msg=FRAME_DONE  raw=b'FRAME_DONE\r\n'  t=0.661
   27.704  ARD.FRAME_DONE          frame=14  attempt=1  dt=0.664  leftover=0
   27.705  FRAME.END               frame=14  t_total=1.601  t_hwp=0.269  t_qwp=0.194  t_trig=0.73  attempts=1  flags=ok
   27.711  LOOP.END              
