    0.021  SESSION.START           log=D:\1_software\Experimental control software\Synthetic birefringence\0pt30 waves\pshg_diag_20260623_144103.log  csv=D:\1_software\Experimental control software\Synthetic birefringence\0pt30 waves\pshg_diag_20260623_144103.csv  file=delta_waves=0.300_fast_axis=80.xlsx  drain_stale=True
    0.066  ELL.QUERY               cmd=0in  reply='0IN0E1140051420211501016800023000\r\n'
    0.162  ELL.QUERY               cmd=2in  reply='2IN0E1140064920211501016800023000\r\n'
    0.594  ELL.QUERY               cmd=0ho  reply='0POFFFFFFFF\r\n'
    1.042  ELL.QUERY               cmd=2ho  reply='2POFFFFFFFE\r\n'
    1.074  ELL.QUERY               cmd=0gp  reply='0POFFFFFFFF\r\n'
    1.154  ELL.QUERY               cmd=2gp  reply='2POFFFFFFED\r\n'
    2.159  LOOP.START            
    3.181  FRAME.START             frame=1  hwp=41  qwp=57
    3.184  ELL.TX                  addr=0  deg=41  hex=00003FC7  cmd=0ma00003FC7
    3.380  ELL.RX                  addr=0  line=0PO00003FC8  raw=b'0PO00003FC8\r\n'
    3.384  ELL.DONE                addr=0  pos=41.0  dt=0.193  lines=1  leftover=0
    3.387  ELL.TX                  addr=2  deg=57  hex=000058AB  cmd=2ma000058AB
    3.683  ELL.RX                  addr=2  line=2PO000058AC  raw=b'2PO000058AC\r\n'
    3.686  ELL.DONE                addr=2  pos=57.0  dt=0.296  lines=1  leftover=0
    4.097  ARD.TRIG                frame=1  attempt=1
    4.161  ARD.RX                  msg=TRIGGERED  raw=b'TRIGGERED\r\n'  t=0.001
    4.177  ARD.RX                  msg=ARMED  raw=b'ARMED\r\n'  t=0.016
    4.821  ARD.RX                  msg=FRAME_DONE  raw=b'FRAME_DONE\r\n'  t=0.66
    4.825  ARD.FRAME_DONE          frame=1  attempt=1  dt=0.664  leftover=0
    4.828  FRAME.END               frame=1  t_total=1.647  t_hwp=0.203  t_qwp=0.302  t_trig=0.731  attempts=1  flags=ok
    4.835  FRAME.START             frame=2  hwp=135  qwp=71
    4.837  ELL.TX                  addr=0  deg=135  hex=0000D200  cmd=0ma0000D200
    5.283  ELL.RX                  addr=0  line=0PO0000D203  raw=b'0PO0000D203\r\n'
    5.284  ELL.DONE                addr=0  pos=135.01  dt=0.445  lines=1  leftover=0
    5.285  ELL.TX                  addr=2  deg=71  hex=00006E72  cmd=2ma00006E72
    5.683  ELL.RX                  addr=2  line=2PO00006E71  raw=b'2PO00006E71\r\n'
    5.689  ELL.DONE                addr=2  pos=71.0  dt=0.402  lines=1  leftover=0
    6.097  ARD.TRIG                frame=2  attempt=1
    6.160  ARD.RX                  msg=TRIGGERED  raw=b'TRIGGERED\r\n'  t=0.001
    6.175  ARD.RX                  msg=ARMED  raw=b'ARMED\r\n'  t=0.016
    6.820  ARD.RX                  msg=FRAME_DONE  raw=b'FRAME_DONE\r\n'  t=0.66
    6.821  ARD.FRAME_DONE          frame=2  attempt=1  dt=0.662  leftover=0
    6.823  FRAME.END               frame=2  t_total=1.988  t_hwp=0.448  t_qwp=0.407  t_trig=0.726  attempts=1  flags=ok
    6.827  FRAME.START             frame=3  hwp=144  qwp=86
    6.828  ELL.TX                  addr=0  deg=144  hex=0000E000  cmd=0ma0000E000
    7.123  ELL.RX                  addr=0  line=0PO0000E002  raw=b'0PO0000E002\r\n'
    7.127  ELL.DONE                addr=0  pos=144.01  dt=0.297  lines=1  leftover=0
    7.131  ELL.TX                  addr=2  deg=86  hex=000085C7  cmd=2ma000085C7
    7.459  ELL.RX                  addr=2  line=2PO000085C6  raw=b'2PO000085C6\r\n'
    7.461  ELL.DONE                addr=2  pos=86.0  dt=0.326  lines=1  leftover=0
    7.876  ARD.TRIG                frame=3  attempt=1
    7.940  ARD.RX                  msg=TRIGGERED  raw=b'TRIGGERED\r\n'  t=0.0
    7.956  ARD.RX                  msg=ARMED  raw=b'ARMED\r\n'  t=0.016
    8.597  ARD.RX                  msg=FRAME_DONE  raw=b'FRAME_DONE\r\n'  t=0.657
    8.599  ARD.FRAME_DONE          frame=3  attempt=1  dt=0.659  leftover=0
    8.599  FRAME.END               frame=3  t_total=1.773  t_hwp=0.303  t_qwp=0.332  t_trig=0.724  attempts=1  flags=ok
    8.601  FRAME.START             frame=4  hwp=17  qwp=121
    8.602  ELL.TX                  addr=0  deg=17  hex=00001A72  cmd=0ma00001A72
    9.059  ELL.RX                  addr=0  line=0PO00001A74  raw=b'0PO00001A74\r\n'
    9.061  ELL.DONE                addr=0  pos=17.01  dt=0.457  lines=1  leftover=0
    9.061  ELL.TX                  addr=2  deg=121  hex=0000BC39  cmd=2ma0000BC39
    9.396  ELL.RX                  addr=2  line=2PO0000BC3B  raw=b'2PO0000BC3B\r\n'
    9.400  ELL.DONE                addr=2  pos=121.01  dt=0.338  lines=1  leftover=0
    9.815  ARD.TRIG                frame=4  attempt=1
    9.880  ARD.RX                  msg=TRIGGERED  raw=b'TRIGGERED\r\n'  t=0.0
    9.895  ARD.RX                  msg=ARMED  raw=b'ARMED\r\n'  t=0.016
   10.534  ARD.RX                  msg=FRAME_DONE  raw=b'FRAME_DONE\r\n'  t=0.654
   10.536  ARD.FRAME_DONE          frame=4  attempt=1  dt=0.656  leftover=0
   10.537  FRAME.END               frame=4  t_total=1.936  t_hwp=0.459  t_qwp=0.342  t_trig=0.722  attempts=1  flags=ok
   10.540  FRAME.START             frame=5  hwp=74  qwp=114
   10.541  ELL.TX                  addr=0  deg=74  hex=0000731C  cmd=0ma0000731C
   10.996  ELL.RX                  addr=0  line=0PO0000731A  raw=b'0PO0000731A\r\n'
   10.998  ELL.DONE                addr=0  pos=73.99  dt=0.456  lines=1  leftover=0
   11.000  ELL.TX                  addr=2  deg=114  hex=0000B155  cmd=2ma0000B155
   11.236  ELL.RX                  addr=2  line=2PO0000B155  raw=b'2PO0000B155\r\n'
   11.239  ELL.DONE                addr=2  pos=114.0  dt=0.236  lines=1  leftover=0
   11.654  ARD.TRIG                frame=5  attempt=1
   11.718  ARD.RX                  msg=TRIGGERED  raw=b'TRIGGERED\r\n'  t=0.0
   11.734  ARD.RX                  msg=ARMED  raw=b'ARMED\r\n'  t=0.016
   12.381  ARD.RX                  msg=FRAME_DONE  raw=b'FRAME_DONE\r\n'  t=0.663
   12.385  ARD.FRAME_DONE          frame=5  attempt=1  dt=0.667  leftover=0
   12.389  FRAME.END               frame=5  t_total=1.849  t_hwp=0.459  t_qwp=0.241  t_trig=0.735  attempts=1  flags=ok
   12.394  FRAME.START             frame=6  hwp=15  qwp=95
   12.397  ELL.TX                  addr=0  deg=15  hex=00001755  cmd=0ma00001755
   12.611  ELL.RX                  addr=0  line=0PO00001755  raw=b'0PO00001755\r\n'
   12.614  ELL.DONE                addr=0  pos=15.0  dt=0.215  lines=1  leftover=0
   12.617  ELL.TX                  addr=2  deg=95  hex=000093C7  cmd=2ma000093C7
   12.980  ELL.RX                  addr=2  line=2PO000093C6  raw=b'2PO000093C6\r\n'
   12.982  ELL.DONE                addr=2  pos=95.0  dt=0.362  lines=1  leftover=0
   13.397  ARD.TRIG                frame=6  attempt=1
   13.462  ARD.RX                  msg=TRIGGERED  raw=b'TRIGGERED\r\n'  t=0.001
   13.476  ARD.RX                  msg=ARMED  raw=b'ARMED\r\n'  t=0.015
   14.122  ARD.RX                  msg=FRAME_DONE  raw=b'FRAME_DONE\r\n'  t=0.662
   14.124  ARD.FRAME_DONE          frame=6  attempt=1  dt=0.664  leftover=0
   14.126  FRAME.END               frame=6  t_total=1.732  t_hwp=0.22  t_qwp=0.368  t_trig=0.73  attempts=1  flags=ok
   14.130  FRAME.START             frame=7  hwp=5  qwp=79
   14.132  ELL.TX                  addr=0  deg=5  hex=000007C7  cmd=0ma000007C7
   14.260  ELL.RX                  addr=0  line=0PO000007C9  raw=b'0PO000007C9\r\n'
   14.261  ELL.DONE                addr=0  pos=5.0  dt=0.127  lines=1  leftover=0
   14.262  ELL.TX                  addr=2  deg=79  hex=00007AE4  cmd=2ma00007AE4
   14.500  ELL.RX                  addr=2  line=2PO00007AE7  raw=b'2PO00007AE7\r\n'
   14.504  ELL.DONE                addr=2  pos=79.01  dt=0.241  lines=1  leftover=0
   14.917  ARD.TRIG                frame=7  attempt=1
   14.982  ARD.RX                  msg=TRIGGERED  raw=b'TRIGGERED\r\n'  t=0.001
   14.997  ARD.RX                  msg=ARMED  raw=b'ARMED\r\n'  t=0.016
   15.638  ARD.RX                  msg=FRAME_DONE  raw=b'FRAME_DONE\r\n'  t=0.657
   15.639  ARD.FRAME_DONE          frame=7  attempt=1  dt=0.658  leftover=0
   15.640  FRAME.END               frame=7  t_total=1.51  t_hwp=0.13  t_qwp=0.245  t_trig=0.723  attempts=1  flags=ok
   15.642  FRAME.START             frame=8  hwp=95  qwp=81
   15.643  ELL.TX                  addr=0  deg=95  hex=000093C7  cmd=0ma000093C7
   16.116  ELL.RX                  addr=0  line=0PO000093C4  raw=b'0PO000093C4\r\n'
   16.118  ELL.DONE                addr=0  pos=94.99  dt=0.475  lines=1  leftover=0
   16.121  ELL.TX                  addr=2  deg=81  hex=00007E00  cmd=2ma00007E00
   16.292  ELL.RX                  addr=2  line=2PO00007E00  raw=b'2PO00007E00\r\n'
   16.296  ELL.DONE                addr=2  pos=81.0  dt=0.172  lines=1  leftover=0
   16.713  ARD.TRIG                frame=8  attempt=1
   16.776  ARD.RX                  msg=TRIGGERED  raw=b'TRIGGERED\r\n'  t=0.0
   16.791  ARD.RX                  msg=ARMED  raw=b'ARMED\r\n'  t=0.015
   17.436  ARD.RX                  msg=FRAME_DONE  raw=b'FRAME_DONE\r\n'  t=0.66
   17.439  ARD.FRAME_DONE          frame=8  attempt=1  dt=0.662  leftover=0
   17.441  FRAME.END               frame=8  t_total=1.799  t_hwp=0.478  t_qwp=0.177  t_trig=0.728  attempts=1  flags=ok
   17.445  FRAME.START             frame=9  hwp=90  qwp=70
   17.447  ELL.TX                  addr=0  deg=90  hex=00008C00  cmd=0ma00008C00
   17.717  ELL.RX                  addr=0  line=0PO00008BFE  raw=b'0PO00008BFE\r\n'
   17.721  ELL.DONE                addr=0  pos=89.99  dt=0.272  lines=1  leftover=0
   17.725  ELL.TX                  addr=2  deg=70  hex=00006CE4  cmd=2ma00006CE4
   18.004  ELL.RX                  addr=2  line=2PO00006CE1  raw=b'2PO00006CE1\r\n'
   18.006  ELL.DONE                addr=2  pos=69.99  dt=0.277  lines=1  leftover=0
   18.409  ARD.TRIG                frame=9  attempt=1
   18.473  ARD.RX                  msg=TRIGGERED  raw=b'TRIGGERED\r\n'  t=0.0
   18.489  ARD.RX                  msg=ARMED  raw=b'ARMED\r\n'  t=0.016
   19.132  ARD.RX                  msg=FRAME_DONE  raw=b'FRAME_DONE\r\n'  t=0.658
   19.134  ARD.FRAME_DONE          frame=9  attempt=1  dt=0.661  leftover=0
   19.137  FRAME.END               frame=9  t_total=1.693  t_hwp=0.278  t_qwp=0.283  t_trig=0.728  attempts=1  flags=ok
   19.142  FRAME.START             frame=10  hwp=80  qwp=42
   19.144  ELL.TX                  addr=0  deg=80  hex=00007C72  cmd=0ma00007C72
   19.460  ELL.RX                  addr=0  line=0PO00007C74  raw=b'0PO00007C74\r\n'
   19.463  ELL.DONE                addr=0  pos=80.01  dt=0.317  lines=1  leftover=0
   19.465  ELL.TX                  addr=2  deg=42  hex=00004155  cmd=2ma00004155
   19.876  ELL.RX                  addr=2  line=2PO00004153  raw=b'2PO00004153\r\n'
   19.881  ELL.DONE                addr=2  pos=41.99  dt=0.414  lines=1  leftover=0
   20.295  ARD.TRIG                frame=10  attempt=1
   20.358  ARD.RX                  msg=TRIGGERED  raw=b'TRIGGERED\r\n'  t=0.0
   20.374  ARD.RX                  msg=ARMED  raw=b'ARMED\r\n'  t=0.016
   21.016  ARD.RX                  msg=FRAME_DONE  raw=b'FRAME_DONE\r\n'  t=0.657
   21.017  ARD.FRAME_DONE          frame=10  attempt=1  dt=0.659  leftover=0
   21.018  FRAME.END               frame=10  t_total=1.876  t_hwp=0.321  t_qwp=0.42  t_trig=0.723  attempts=1  flags=ok
   21.021  FRAME.START             frame=11  hwp=55  qwp=30
   21.023  ELL.TX                  addr=0  deg=55  hex=0000558E  cmd=0ma0000558E
   21.285  ELL.RX                  addr=0  line=0PO0000558C  raw=b'0PO0000558C\r\n'
   21.289  ELL.DONE                addr=0  pos=54.99  dt=0.264  lines=1  leftover=0
   21.294  ELL.TX                  addr=2  deg=30  hex=00002EAB  cmd=2ma00002EAB
   21.733  ELL.RX                  addr=2  line=2PO00002EAA  raw=b'2PO00002EAA\r\n'
   21.737  ELL.DONE                addr=2  pos=30.0  dt=0.438  lines=1  leftover=0
   22.149  ARD.TRIG                frame=11  attempt=1
   22.213  ARD.RX                  msg=TRIGGERED  raw=b'TRIGGERED\r\n'  t=0.0
   22.229  ARD.RX                  msg=ARMED  raw=b'ARMED\r\n'  t=0.016
   22.871  ARD.RX                  msg=FRAME_DONE  raw=b'FRAME_DONE\r\n'  t=0.658
   22.874  ARD.FRAME_DONE          frame=11  attempt=1  dt=0.661  leftover=0
   22.876  FRAME.END               frame=11  t_total=1.854  t_hwp=0.271  t_qwp=0.447  t_trig=0.727  attempts=1  flags=ok
   22.880  FRAME.START             frame=12  hwp=68  qwp=18
   22.882  ELL.TX                  addr=0  deg=68  hex=000069C7  cmd=0ma000069C7
   23.013  ELL.RX                  addr=0  line=0PO000069C4  raw=b'0PO000069C4\r\n'
   23.014  ELL.DONE                addr=0  pos=67.99  dt=0.129  lines=1  leftover=0
   23.015  ELL.TX                  addr=2  deg=18  hex=00001C00  cmd=2ma00001C00
   23.429  ELL.RX                  addr=2  line=2PO00001BFD  raw=b'2PO00001BFD\r\n'
   23.433  ELL.DONE                addr=2  pos=17.99  dt=0.418  lines=1  leftover=0
   23.848  ARD.TRIG                frame=12  attempt=1
   23.913  ARD.RX                  msg=TRIGGERED  raw=b'TRIGGERED\r\n'  t=0.001
   23.928  ARD.RX                  msg=ARMED  raw=b'ARMED\r\n'  t=0.016
   24.571  ARD.RX                  msg=FRAME_DONE  raw=b'FRAME_DONE\r\n'  t=0.658
   24.574  ARD.FRAME_DONE          frame=12  attempt=1  dt=0.661  leftover=0
   24.576  FRAME.END               frame=12  t_total=1.696  t_hwp=0.132  t_qwp=0.422  t_trig=0.728  attempts=1  flags=ok
   24.579  FRAME.START             frame=13  hwp=59  qwp=3
   24.581  ELL.TX                  addr=0  deg=59  hex=00005BC7  cmd=0ma00005BC7
   24.805  ELL.RX                  addr=0  line=0PO00005BC4  raw=b'0PO00005BC4\r\n'
   24.806  ELL.DONE                addr=0  pos=58.99  dt=0.223  lines=1  leftover=0
   24.807  ELL.TX                  addr=2  deg=3  hex=000004AB  cmd=2ma000004AB
   25.125  ELL.RX                  addr=2  line=2PO000004AC  raw=b'2PO000004AC\r\n'
   25.127  ELL.DONE                addr=2  pos=3.0  dt=0.319  lines=1  leftover=0
   25.545  ARD.TRIG                frame=13  attempt=1
   25.609  ARD.RX                  msg=TRIGGERED  raw=b'TRIGGERED\r\n'  t=0.0
   25.625  ARD.RX                  msg=ARMED  raw=b'ARMED\r\n'  t=0.016
   26.271  ARD.RX                  msg=FRAME_DONE  raw=b'FRAME_DONE\r\n'  t=0.662
   26.272  ARD.FRAME_DONE          frame=13  attempt=1  dt=0.663  leftover=0
   26.273  FRAME.END               frame=13  t_total=1.694  t_hwp=0.226  t_qwp=0.323  t_trig=0.728  attempts=1  flags=ok
   26.274  FRAME.START             frame=14  hwp=134  qwp=70
   26.275  ELL.TX                  addr=0  deg=134  hex=0000D072  cmd=0ma0000D072
   26.645  ELL.RX                  addr=0  line=0PO0000D071  raw=b'0PO0000D071\r\n'
   26.648  ELL.DONE                addr=0  pos=134.0  dt=0.372  lines=1  leftover=0
   26.651  ELL.TX                  addr=2  deg=70  hex=00006CE4  cmd=2ma00006CE4
   27.109  ELL.RX                  addr=2  line=2PO00006CE2  raw=b'2PO00006CE2\r\n'
   27.110  ELL.DONE                addr=2  pos=70.0  dt=0.456  lines=1  leftover=0
   27.516  ARD.TRIG                frame=14  attempt=1
   27.579  ARD.RX                  msg=TRIGGERED  raw=b'TRIGGERED\r\n'  t=0.0
   27.594  ARD.RX                  msg=ARMED  raw=b'ARMED\r\n'  t=0.015
   28.237  ARD.RX                  msg=FRAME_DONE  raw=b'FRAME_DONE\r\n'  t=0.657
   28.238  ARD.FRAME_DONE          frame=14  attempt=1  dt=0.659  leftover=0
   28.239  FRAME.END               frame=14  t_total=1.965  t_hwp=0.375  t_qwp=0.461  t_trig=0.723  attempts=1  flags=ok
   28.242  LOOP.END              
