    0.028  SESSION.START           log=D:\1_software\Experimental control software\Synthetic birefringence\0pt25 waves\pshg_diag_20260623_143231.log  csv=D:\1_software\Experimental control software\Synthetic birefringence\0pt25 waves\pshg_diag_20260623_143231.csv  file=delta_waves=0.250_fast_axis=80.xlsx  drain_stale=True
    0.082  ELL.QUERY               cmd=0in  reply='0IN0E1140051420211501016800023000\r\n'
    0.178  ELL.QUERY               cmd=2in  reply='2IN0E1140064920211501016800023000\r\n'
    0.418  ELL.QUERY               cmd=0ho  reply='0PO00000000\r\n'
    1.090  ELL.QUERY               cmd=2ho  reply='2POFFFFFFFE\r\n'
    1.122  ELL.QUERY               cmd=0gp  reply='0PO00000000\r\n'
    1.202  ELL.QUERY               cmd=2gp  reply='2POFFFFFFFF\r\n'
    2.208  LOOP.START            
    3.211  FRAME.START             frame=1  hwp=125  qwp=62
    3.212  ELL.TX                  addr=0  deg=125  hex=0000C272  cmd=0ma0000C272
    3.682  ELL.RX                  addr=0  line=0PO0000C272  raw=b'0PO0000C272\r\n'
    3.685  ELL.DONE                addr=0  pos=125.0  dt=0.472  lines=1  leftover=0
    3.687  ELL.TX                  addr=2  deg=62  hex=00006072  cmd=2ma00006072
    4.114  ELL.RX                  addr=2  line=2PO0000606F  raw=b'2PO0000606F\r\n'
    4.119  ELL.DONE                addr=2  pos=61.99  dt=0.427  lines=1  leftover=0
    4.523  ARD.TRIG                frame=1  attempt=1
    4.586  ARD.RX                  msg=TRIGGERED  raw=b'TRIGGERED\r\n'  t=0.0
    4.602  ARD.RX                  msg=ARMED  raw=b'ARMED\r\n'  t=0.016
    5.247  ARD.RX                  msg=FRAME_DONE  raw=b'FRAME_DONE\r\n'  t=0.661
    5.248  ARD.FRAME_DONE          frame=1  attempt=1  dt=0.662  leftover=0
    5.249  FRAME.END               frame=1  t_total=2.038  t_hwp=0.475  t_qwp=0.435  t_trig=0.727  attempts=1  flags=SLOW
    5.251  FRAME.START             frame=2  hwp=134  qwp=74
    5.252  ELL.TX                  addr=0  deg=134  hex=0000D072  cmd=0ma0000D072
    5.523  ELL.RX                  addr=0  line=0PO0000D06F  raw=b'0PO0000D06F\r\n'
    5.524  ELL.DONE                addr=0  pos=133.99  dt=0.27  lines=1  leftover=0
    5.525  ELL.TX                  addr=2  deg=74  hex=0000731C  cmd=2ma0000731C
    5.826  ELL.RX                  addr=2  line=2PO0000731C  raw=b'2PO0000731C\r\n'
    5.828  ELL.DONE                addr=2  pos=74.0  dt=0.301  lines=1  leftover=0
    6.229  ARD.TRIG                frame=2  attempt=1
    6.294  ARD.RX                  msg=TRIGGERED  raw=b'TRIGGERED\r\n'  t=0.0
    6.310  ARD.RX                  msg=ARMED  raw=b'ARMED\r\n'  t=0.016
    6.948  ARD.RX                  msg=FRAME_DONE  raw=b'FRAME_DONE\r\n'  t=0.654
    6.950  ARD.FRAME_DONE          frame=2  attempt=1  dt=0.656  leftover=0
    6.951  FRAME.END               frame=2  t_total=1.7  t_hwp=0.273  t_qwp=0.304  t_trig=0.721  attempts=1  flags=ok
    6.953  FRAME.START             frame=3  hwp=143  qwp=86
    6.954  ELL.TX                  addr=0  deg=143  hex=0000DE72  cmd=0ma0000DE72
    7.314  ELL.RX                  addr=0  line=0PO0000DE6F  raw=b'0PO0000DE6F\r\n'
    7.315  ELL.DONE                addr=0  pos=142.99  dt=0.36  lines=1  leftover=0
    7.316  ELL.TX                  addr=2  deg=86  hex=000085C7  cmd=2ma000085C7
    7.554  ELL.RX                  addr=2  line=2PO000085C9  raw=b'2PO000085C9\r\n'
    7.556  ELL.DONE                addr=2  pos=86.0  dt=0.239  lines=1  leftover=0
    7.964  ARD.TRIG                frame=3  attempt=1
    8.028  ARD.RX                  msg=TRIGGERED  raw=b'TRIGGERED\r\n'  t=0.0
    8.044  ARD.RX                  msg=ARMED  raw=b'ARMED\r\n'  t=0.016
    8.685  ARD.RX                  msg=FRAME_DONE  raw=b'FRAME_DONE\r\n'  t=0.657
    8.686  ARD.FRAME_DONE          frame=3  attempt=1  dt=0.658  leftover=0
    8.687  FRAME.END               frame=3  t_total=1.734  t_hwp=0.363  t_qwp=0.24  t_trig=0.723  attempts=1  flags=ok
    8.689  FRAME.START             frame=4  hwp=180  qwp=114
    8.689  ELL.TX                  addr=0  deg=180  hex=00011800  cmd=0ma00011800
    9.027  ELL.RX                  addr=0  line=0PO00011801  raw=b'0PO00011801\r\n'
    9.029  ELL.DONE                addr=0  pos=180.0  dt=0.338  lines=1  leftover=0
    9.031  ELL.TX                  addr=2  deg=114  hex=0000B155  cmd=2ma0000B155
    9.363  ELL.RX                  addr=2  line=2PO0000B156  raw=b'2PO0000B156\r\n'
    9.368  ELL.DONE                addr=2  pos=114.0  dt=0.334  lines=1  leftover=0
    9.772  ARD.TRIG                frame=4  attempt=1
    9.837  ARD.RX                  msg=TRIGGERED  raw=b'TRIGGERED\r\n'  t=0.0
    9.852  ARD.RX                  msg=ARMED  raw=b'ARMED\r\n'  t=0.016
   10.495  ARD.RX                  msg=FRAME_DONE  raw=b'FRAME_DONE\r\n'  t=0.659
   10.497  ARD.FRAME_DONE          frame=4  attempt=1  dt=0.66  leftover=0
   10.497  FRAME.END               frame=4  t_total=1.809  t_hwp=0.341  t_qwp=0.342  t_trig=0.725  attempts=1  flags=ok
   10.499  FRAME.START             frame=5  hwp=51  qwp=119
   10.500  ELL.TX                  addr=0  deg=51  hex=00004F55  cmd=0ma00004F55
   10.819  ELL.RX                  addr=0  line=0PO00004F53  raw=b'0PO00004F53\r\n'
   10.820  ELL.DONE                addr=0  pos=50.99  dt=0.32  lines=1  leftover=0
   10.821  ELL.TX                  addr=2  deg=119  hex=0000B91C  cmd=2ma0000B91C
   11.139  ELL.RX                  addr=2  line=2PO0000B91E  raw=b'2PO0000B91E\r\n'
   11.140  ELL.DONE                addr=2  pos=119.0  dt=0.318  lines=1  leftover=0
   11.545  ARD.TRIG                frame=5  attempt=1
   11.609  ARD.RX                  msg=TRIGGERED  raw=b'TRIGGERED\r\n'  t=0.0
   11.625  ARD.RX                  msg=ARMED  raw=b'ARMED\r\n'  t=0.016
   12.265  ARD.RX                  msg=FRAME_DONE  raw=b'FRAME_DONE\r\n'  t=0.656
   12.266  ARD.FRAME_DONE          frame=5  attempt=1  dt=0.657  leftover=0
   12.267  FRAME.END               frame=5  t_total=1.768  t_hwp=0.321  t_qwp=0.32  t_trig=0.722  attempts=1  flags=ok
   12.269  FRAME.START             frame=6  hwp=66  qwp=128
   12.270  ELL.TX                  addr=0  deg=66  hex=000066AB  cmd=0ma000066AB
   12.403  ELL.RX                  addr=0  line=0PO000066A8  raw=b'0PO000066A8\r\n'
   12.404  ELL.DONE                addr=0  pos=65.99  dt=0.133  lines=1  leftover=0
   12.406  ELL.TX                  addr=2  deg=128  hex=0000C71C  cmd=2ma0000C71C
   12.531  ELL.RX                  addr=2  line=2PO0000C71E  raw=b'2PO0000C71E\r\n'
   12.532  ELL.DONE                addr=2  pos=128.0  dt=0.125  lines=1  leftover=0
   12.945  ARD.TRIG                frame=6  attempt=1
   13.008  ARD.RX                  msg=TRIGGERED  raw=b'TRIGGERED\r\n'  t=0.0
   13.024  ARD.RX                  msg=ARMED  raw=b'ARMED\r\n'  t=0.016
   13.666  ARD.RX                  msg=FRAME_DONE  raw=b'FRAME_DONE\r\n'  t=0.657
   13.667  ARD.FRAME_DONE          frame=6  attempt=1  dt=0.659  leftover=0
   13.668  FRAME.END               frame=6  t_total=1.399  t_hwp=0.137  t_qwp=0.127  t_trig=0.723  attempts=1  flags=ok
   13.670  FRAME.START             frame=7  hwp=0  qwp=78
   13.671  ELL.TX                  addr=0  deg=0  hex=00000000  cmd=0ma00000000
   13.891  ELL.RX                  addr=0  line=0POFFFFFFFD  raw=b'0POFFFFFFFD\r\n'
   13.894  ELL.DONE                addr=0  pos=10785353.14  dt=0.222  lines=1  leftover=0
   13.895  FRAME.HWP_MISMATCH      frame=7  pos=10785353.14  want=0  err=113.14
   14.515  BEEP_ERROR              msg=HWP at 10785353.14 deg, expected 0 (frame 7)
   14.518  ELL.TX                  addr=2  deg=78  hex=00007955  cmd=2ma00007955
   14.915  ELL.RX                  addr=2  line=2PO00007956  raw=b'2PO00007956\r\n'
   14.917  ELL.DONE                addr=2  pos=78.0  dt=0.399  lines=1  leftover=0
   15.322  ARD.TRIG                frame=7  attempt=1
   15.387  ARD.RX                  msg=TRIGGERED  raw=b'TRIGGERED\r\n'  t=0.001
   15.402  ARD.RX                  msg=ARMED  raw=b'ARMED\r\n'  t=0.016
   16.045  ARD.RX                  msg=FRAME_DONE  raw=b'FRAME_DONE\r\n'  t=0.66
   16.048  ARD.FRAME_DONE          frame=7  attempt=1  dt=0.662  leftover=0
   16.049  FRAME.END               frame=7  t_total=2.379  t_hwp=0.847  t_qwp=0.401  t_trig=0.727  attempts=1  flags=SLOW
   16.053  FRAME.START             frame=8  hwp=175  qwp=66
   16.055  ELL.TX                  addr=0  deg=175  hex=00011039  cmd=0ma00011039
   16.627  ELL.RX                  addr=0  line=0PO00011039  raw=b'0PO00011039\r\n'
   16.628  ELL.DONE                addr=0  pos=175.0  dt=0.57  lines=1  leftover=0
   16.629  ELL.TX                  addr=2  deg=66  hex=000066AB  cmd=2ma000066AB
   16.851  ELL.RX                  addr=2  line=2PO000066A9  raw=b'2PO000066A9\r\n'
   16.852  ELL.DONE                addr=2  pos=66.0  dt=0.222  lines=1  leftover=0
   17.263  ARD.TRIG                frame=8  attempt=1
   17.328  ARD.RX                  msg=TRIGGERED  raw=b'TRIGGERED\r\n'  t=0.0
   17.342  ARD.RX                  msg=ARMED  raw=b'ARMED\r\n'  t=0.015
   17.983  ARD.RX                  msg=FRAME_DONE  raw=b'FRAME_DONE\r\n'  t=0.656
   17.984  ARD.FRAME_DONE          frame=8  attempt=1  dt=0.657  leftover=0
   17.985  FRAME.END               frame=8  t_total=1.932  t_hwp=0.574  t_qwp=0.224  t_trig=0.722  attempts=1  flags=ok
   17.987  FRAME.START             frame=9  hwp=89  qwp=70
   17.988  ELL.TX                  addr=0  deg=89  hex=00008A72  cmd=0ma00008A72
   18.259  ELL.RX                  addr=0  line=0PO00008A74  raw=b'0PO00008A74\r\n'
   18.260  ELL.DONE                addr=0  pos=89.01  dt=0.272  lines=1  leftover=0
   18.262  ELL.TX                  addr=2  deg=70  hex=00006CE4  cmd=2ma00006CE4
   18.723  ELL.RX                  addr=2  line=2PO00006CE4  raw=b'2PO00006CE4\r\n'
   18.727  ELL.DONE                addr=2  pos=70.0  dt=0.464  lines=1  leftover=0
   19.136  ARD.TRIG                frame=9  attempt=1
   19.198  ARD.RX                  msg=TRIGGERED  raw=b'TRIGGERED\r\n'  t=0.0
   19.214  ARD.RX                  msg=ARMED  raw=b'ARMED\r\n'  t=0.016
   19.862  ARD.RX                  msg=FRAME_DONE  raw=b'FRAME_DONE\r\n'  t=0.664
   19.863  ARD.FRAME_DONE          frame=9  attempt=1  dt=0.665  leftover=0
   19.864  FRAME.END               frame=9  t_total=1.877  t_hwp=0.274  t_qwp=0.468  t_trig=0.728  attempts=1  flags=ok
   19.865  FRAME.START             frame=10  hwp=17  qwp=24
   19.866  ELL.TX                  addr=0  deg=17  hex=00001A72  cmd=0ma00001A72
   20.228  ELL.RX                  addr=0  line=0PO00001A70  raw=b'0PO00001A70\r\n'
   20.231  ELL.DONE                addr=0  pos=17.0  dt=0.364  lines=1  leftover=0
   20.233  ELL.TX                  addr=2  deg=24  hex=00002555  cmd=2ma00002555
   20.579  ELL.RX                  addr=2  line=2PO00002556  raw=b'2PO00002556\r\n'
   20.583  ELL.DONE                addr=2  pos=24.0  dt=0.347  lines=1  leftover=0
   20.995  ARD.TRIG                frame=10  attempt=1
   21.060  ARD.RX                  msg=TRIGGERED  raw=b'TRIGGERED\r\n'  t=0.001
   21.074  ARD.RX                  msg=ARMED  raw=b'ARMED\r\n'  t=0.015
   21.718  ARD.RX                  msg=FRAME_DONE  raw=b'FRAME_DONE\r\n'  t=0.659
   21.719  ARD.FRAME_DONE          frame=10  attempt=1  dt=0.66  leftover=0
   21.721  FRAME.END               frame=10  t_total=1.856  t_hwp=0.367  t_qwp=0.357  t_trig=0.726  attempts=1  flags=ok
   21.724  FRAME.START             frame=11  hwp=47  qwp=26
   21.725  ELL.TX                  addr=0  deg=47  hex=0000491C  cmd=0ma0000491C
   21.907  ELL.RX                  addr=0  line=0PO00004919  raw=b'0PO00004919\r\n'
   21.908  ELL.DONE                addr=0  pos=46.99  dt=0.183  lines=1  leftover=0
   21.909  ELL.TX                  addr=2  deg=26  hex=00002872  cmd=2ma00002872
   22.180  ELL.RX                  addr=2  line=2PO00002871  raw=b'2PO00002871\r\n'
   22.186  ELL.DONE                addr=2  pos=26.0  dt=0.275  lines=1  leftover=0
   22.599  ARD.TRIG                frame=11  attempt=1
   22.663  ARD.RX                  msg=TRIGGERED  raw=b'TRIGGERED\r\n'  t=0.001
   22.678  ARD.RX                  msg=ARMED  raw=b'ARMED\r\n'  t=0.016
   23.324  ARD.RX                  msg=FRAME_DONE  raw=b'FRAME_DONE\r\n'  t=0.662
   23.327  ARD.FRAME_DONE          frame=11  attempt=1  dt=0.665  leftover=0
   23.331  FRAME.END               frame=11  t_total=1.608  t_hwp=0.185  t_qwp=0.281  t_trig=0.733  attempts=1  flags=ok
   23.337  FRAME.START             frame=12  hwp=109  qwp=45
   23.339  ELL.TX                  addr=0  deg=109  hex=0000A98E  cmd=0ma0000A98E
   23.684  ELL.RX                  addr=0  line=0PO0000A98C  raw=b'0PO0000A98C\r\n'
   23.689  ELL.DONE                addr=0  pos=108.99  dt=0.344  lines=1  leftover=0
   23.694  ELL.TX                  addr=2  deg=45  hex=00004600  cmd=2ma00004600
   23.972  ELL.RX                  addr=2  line=2PO00004602  raw=b'2PO00004602\r\n'
   23.974  ELL.DONE                addr=2  pos=45.01  dt=0.277  lines=1  leftover=0
   24.377  ARD.TRIG                frame=12  attempt=1
   24.441  ARD.RX                  msg=TRIGGERED  raw=b'TRIGGERED\r\n'  t=0.0
   24.457  ARD.RX                  msg=ARMED  raw=b'ARMED\r\n'  t=0.016
   25.097  ARD.RX                  msg=FRAME_DONE  raw=b'FRAME_DONE\r\n'  t=0.656
   25.098  ARD.FRAME_DONE          frame=12  attempt=1  dt=0.657  leftover=0
   25.099  FRAME.END               frame=12  t_total=1.763  t_hwp=0.354  t_qwp=0.283  t_trig=0.723  attempts=1  flags=ok
   25.101  FRAME.START             frame=13  hwp=35  qwp=55
   25.101  ELL.TX                  addr=0  deg=35  hex=00003672  cmd=0ma00003672
   25.412  ELL.RX                  addr=0  line=0PO00003670  raw=b'0PO00003670\r\n'
   25.413  ELL.DONE                addr=0  pos=35.0  dt=0.311  lines=1  leftover=0
   25.414  ELL.TX                  addr=2  deg=55  hex=0000558E  cmd=2ma0000558E
   25.653  ELL.RX                  addr=2  line=2PO0000558E  raw=b'2PO0000558E\r\n'
   25.657  ELL.DONE                addr=2  pos=55.0  dt=0.242  lines=1  leftover=0
   26.070  ARD.TRIG                frame=13  attempt=1
   26.134  ARD.RX                  msg=TRIGGERED  raw=b'TRIGGERED\r\n'  t=0.0
   26.150  ARD.RX                  msg=ARMED  raw=b'ARMED\r\n'  t=0.016
   26.789  ARD.RX                  msg=FRAME_DONE  raw=b'FRAME_DONE\r\n'  t=0.654
   26.793  ARD.FRAME_DONE          frame=13  attempt=1  dt=0.658  leftover=0
   26.796  FRAME.END               frame=13  t_total=1.696  t_hwp=0.312  t_qwp=0.246  t_trig=0.726  attempts=1  flags=ok
   26.804  FRAME.START             frame=14  hwp=41  qwp=66
   26.807  ELL.TX                  addr=0  deg=41  hex=00003FC7  cmd=0ma00003FC7
   26.916  ELL.RX                  addr=0  line=0PO00003FC7  raw=b'0PO00003FC7\r\n'
   26.917  ELL.DONE                addr=0  pos=41.0  dt=0.109  lines=1  leftover=0
   26.918  ELL.TX                  addr=2  deg=66  hex=000066AB  cmd=2ma000066AB
   27.188  ELL.RX                  addr=2  line=2PO000066AA  raw=b'2PO000066AA\r\n'
   27.193  ELL.DONE                addr=2  pos=66.0  dt=0.273  lines=1  leftover=0
   27.607  ARD.TRIG                frame=14  attempt=1
   27.672  ARD.RX                  msg=TRIGGERED  raw=b'TRIGGERED\r\n'  t=0.001
   27.688  ARD.RX                  msg=ARMED  raw=b'ARMED\r\n'  t=0.016
   28.335  ARD.RX                  msg=FRAME_DONE  raw=b'FRAME_DONE\r\n'  t=0.664
   28.337  ARD.FRAME_DONE          frame=14  attempt=1  dt=0.665  leftover=0
   28.338  FRAME.END               frame=14  t_total=1.534  t_hwp=0.112  t_qwp=0.278  t_trig=0.731  attempts=1  flags=ok
   28.341  LOOP.END              
