    0.020  SESSION.START           log=D:\1_software\Experimental control software\Synthetic birefringence\0pt25 waves\pshg_diag_20260622_182524.log  csv=D:\1_software\Experimental control software\Synthetic birefringence\0pt25 waves\pshg_diag_20260622_182524.csv  file=delta_waves=0.250_fast_axis=30.xlsx  drain_stale=True
    0.065  ELL.QUERY               cmd=0in  reply='0IN0E1140051420211501016800023000\r\n'
    0.161  ELL.QUERY               cmd=2in  reply='2IN0E1140064920211501016800023000\r\n'
    0.625  ELL.QUERY               cmd=0ho  reply='0POFFFFFFFE\r\n'
    1.105  ELL.QUERY               cmd=2ho  reply='2POFFFFFFFE\r\n'
    1.137  ELL.QUERY               cmd=0gp  reply='0POFFFFFFFD\r\n'
    1.217  ELL.QUERY               cmd=2gp  reply='2POFFFFFFFA\r\n'
    2.226  LOOP.START            
    3.233  FRAME.START             frame=1  hwp=91  qwp=140
    3.234  ELL.TX                  addr=0  deg=91  hex=00008D8E  cmd=0ma00008D8E
    3.633  ELL.RX                  addr=0  line=0PO00008D8D  raw=b'0PO00008D8D\r\n'
    3.635  ELL.DONE                addr=0  pos=91.0  dt=0.399  lines=1  leftover=0
    3.635  ELL.TX                  addr=2  deg=140  hex=0000D9C7  cmd=2ma0000D9C7
    4.242  ELL.RX                  addr=2  line=2PO0000D9C8  raw=b'2PO0000D9C8\r\n'
    4.243  ELL.DONE                addr=2  pos=140.0  dt=0.606  lines=1  leftover=0
    4.651  ARD.TRIG                frame=1  attempt=1
    4.715  ARD.RX                  msg=TRIGGERED  raw=b'TRIGGERED\r\n'  t=0.0
    4.731  ARD.RX                  msg=ARMED  raw=b'ARMED\r\n'  t=0.016
    5.369  ARD.RX                  msg=FRAME_DONE  raw=b'FRAME_DONE\r\n'  t=0.654
    5.371  ARD.FRAME_DONE          frame=1  attempt=1  dt=0.656  leftover=0
    5.373  FRAME.END               frame=1  t_total=2.141  t_hwp=0.402  t_qwp=0.608  t_trig=0.722  attempts=1  flags=SLOW
    5.377  FRAME.START             frame=2  hwp=104  qwp=97
    5.379  ELL.TX                  addr=0  deg=104  hex=0000A1C7  cmd=0ma0000A1C7
    5.554  ELL.RX                  addr=0  line=0PO0000A1C7  raw=b'0PO0000A1C7\r\n'
    5.555  ELL.DONE                addr=0  pos=104.0  dt=0.174  lines=1  leftover=0
    5.557  ELL.TX                  addr=2  deg=97  hex=000096E4  cmd=2ma000096E4
    5.954  ELL.RX                  addr=2  line=2PO000096E7  raw=b'2PO000096E7\r\n'
    5.956  ELL.DONE                addr=2  pos=97.01  dt=0.398  lines=1  leftover=0
    6.372  ARD.TRIG                frame=2  attempt=1
    6.436  ARD.RX                  msg=TRIGGERED  raw=b'TRIGGERED\r\n'  t=0.0
    6.451  ARD.RX                  msg=ARMED  raw=b'ARMED\r\n'  t=0.016
    7.093  ARD.RX                  msg=FRAME_DONE  raw=b'FRAME_DONE\r\n'  t=0.658
    7.095  ARD.FRAME_DONE          frame=2  attempt=1  dt=0.66  leftover=0
    7.096  FRAME.END               frame=2  t_total=1.718  t_hwp=0.177  t_qwp=0.401  t_trig=0.723  attempts=1  flags=ok
    7.097  FRAME.START             frame=3  hwp=72  qwp=134
    7.098  ELL.TX                  addr=0  deg=72  hex=00007000  cmd=0ma00007000
    7.297  ELL.RX                  addr=0  line=0PO00006FFF  raw=b'0PO00006FFF\r\n'
    7.299  ELL.DONE                addr=0  pos=72.0  dt=0.199  lines=1  leftover=0
    7.299  ELL.TX                  addr=2  deg=134  hex=0000D072  cmd=2ma0000D072
    7.602  ELL.RX                  addr=2  line=2PO0000D074  raw=b'2PO0000D074\r\n'
    7.603  ELL.DONE                addr=2  pos=134.01  dt=0.303  lines=1  leftover=0
    8.015  ARD.TRIG                frame=3  attempt=1
    8.079  ARD.RX                  msg=TRIGGERED  raw=b'TRIGGERED\r\n'  t=0.0
    8.095  ARD.RX                  msg=ARMED  raw=b'ARMED\r\n'  t=0.016
    8.736  ARD.RX                  msg=FRAME_DONE  raw=b'FRAME_DONE\r\n'  t=0.657
    8.737  ARD.FRAME_DONE          frame=3  attempt=1  dt=0.658  leftover=0
    8.738  FRAME.END               frame=3  t_total=1.64  t_hwp=0.201  t_qwp=0.304  t_trig=0.723  attempts=1  flags=ok
    8.739  FRAME.START             frame=4  hwp=65  qwp=139
    8.740  ELL.TX                  addr=0  deg=65  hex=0000651C  cmd=0ma0000651C
    8.898  ELL.RX                  addr=0  line=0PO0000651F  raw=b'0PO0000651F\r\n'
    8.899  ELL.DONE                addr=0  pos=65.01  dt=0.158  lines=1  leftover=0
    8.900  ELL.TX                  addr=2  deg=139  hex=0000D839  cmd=2ma0000D839
    9.170  ELL.RX                  addr=2  line=2PO0000D83B  raw=b'2PO0000D83B\r\n'
    9.171  ELL.DONE                addr=2  pos=139.01  dt=0.27  lines=1  leftover=0
    9.573  ARD.TRIG                frame=4  attempt=1
    9.635  ARD.RX                  msg=TRIGGERED  raw=b'TRIGGERED\r\n'  t=0.0
    9.650  ARD.RX                  msg=ARMED  raw=b'ARMED\r\n'  t=0.015
   10.292  ARD.RX                  msg=FRAME_DONE  raw=b'FRAME_DONE\r\n'  t=0.658
   10.294  ARD.FRAME_DONE          frame=4  attempt=1  dt=0.659  leftover=0
   10.294  FRAME.END               frame=4  t_total=1.555  t_hwp=0.16  t_qwp=0.272  t_trig=0.721  attempts=1  flags=ok
   10.296  FRAME.START             frame=5  hwp=78  qwp=85
   10.297  ELL.TX                  addr=0  deg=78  hex=00007955  cmd=0ma00007955
   10.466  ELL.RX                  addr=0  line=0PO00007952  raw=b'0PO00007952\r\n'
   10.467  ELL.DONE                addr=0  pos=77.99  dt=0.169  lines=1  leftover=0
   10.468  ELL.TX                  addr=2  deg=85  hex=00008439  cmd=2ma00008439
   10.930  ELL.RX                  addr=2  line=2PO00008438  raw=b'2PO00008438\r\n'
   10.931  ELL.DONE                addr=2  pos=85.0  dt=0.462  lines=1  leftover=0
   11.338  ARD.TRIG                frame=5  attempt=1
   11.402  ARD.RX                  msg=TRIGGERED  raw=b'TRIGGERED\r\n'  t=0.0
   11.418  ARD.RX                  msg=ARMED  raw=b'ARMED\r\n'  t=0.016
   12.058  ARD.RX                  msg=FRAME_DONE  raw=b'FRAME_DONE\r\n'  t=0.656
   12.059  ARD.FRAME_DONE          frame=5  attempt=1  dt=0.657  leftover=0
   12.059  FRAME.END               frame=5  t_total=1.763  t_hwp=0.171  t_qwp=0.465  t_trig=0.721  attempts=1  flags=ok
   12.061  FRAME.START             frame=6  hwp=68  qwp=75
   12.062  ELL.TX                  addr=0  deg=68  hex=000069C7  cmd=0ma000069C7
   12.258  ELL.RX                  addr=0  line=0PO000069CA  raw=b'0PO000069CA\r\n'
   12.259  ELL.DONE                addr=0  pos=68.01  dt=0.196  lines=1  leftover=0
   12.260  ELL.TX                  addr=2  deg=75  hex=000074AB  cmd=2ma000074AB
   12.386  ELL.RX                  addr=2  line=2PO000074AB  raw=b'2PO000074AB\r\n'
   12.390  ELL.DONE                addr=2  pos=75.0  dt=0.129  lines=1  leftover=0
   12.798  ARD.TRIG                frame=6  attempt=1
   12.863  ARD.RX                  msg=TRIGGERED  raw=b'TRIGGERED\r\n'  t=0.0
   12.878  ARD.RX                  msg=ARMED  raw=b'ARMED\r\n'  t=0.015
   13.520  ARD.RX                  msg=FRAME_DONE  raw=b'FRAME_DONE\r\n'  t=0.657
   13.524  ARD.FRAME_DONE          frame=6  attempt=1  dt=0.661  leftover=0
   13.527  FRAME.END               frame=6  t_total=1.466  t_hwp=0.198  t_qwp=0.136  t_trig=0.729  attempts=1  flags=ok
   13.533  FRAME.START             frame=7  hwp=136  qwp=55
   13.534  ELL.TX                  addr=0  deg=136  hex=0000D38E  cmd=0ma0000D38E
   13.890  ELL.RX                  addr=0  line=0PO0000D38C  raw=b'0PO0000D38C\r\n'
   13.891  ELL.DONE                addr=0  pos=135.99  dt=0.355  lines=1  leftover=0
   13.892  ELL.TX                  addr=2  deg=55  hex=0000558E  cmd=2ma0000558E
   14.146  ELL.RX                  addr=2  line=2PO0000558E  raw=b'2PO0000558E\r\n'
   14.148  ELL.DONE                addr=2  pos=55.0  dt=0.253  lines=1  leftover=0
   14.559  ARD.TRIG                frame=7  attempt=1
   14.623  ARD.RX                  msg=TRIGGERED  raw=b'TRIGGERED\r\n'  t=0.001
   14.638  ARD.RX                  msg=ARMED  raw=b'ARMED\r\n'  t=0.015
   15.283  ARD.RX                  msg=FRAME_DONE  raw=b'FRAME_DONE\r\n'  t=0.661
   15.284  ARD.FRAME_DONE          frame=7  attempt=1  dt=0.662  leftover=0
   15.285  FRAME.END               frame=7  t_total=1.753  t_hwp=0.358  t_qwp=0.257  t_trig=0.726  attempts=1  flags=ok
   15.287  FRAME.START             frame=8  hwp=44  qwp=53
   15.288  ELL.TX                  addr=0  deg=44  hex=00004472  cmd=0ma00004472
   15.538  ELL.RX                  addr=0  line=0PO00004474  raw=b'0PO00004474\r\n'
   15.539  ELL.DONE                addr=0  pos=44.01  dt=0.251  lines=1  leftover=0
   15.540  ELL.TX                  addr=2  deg=53  hex=00005272  cmd=2ma00005272
   15.826  ELL.RX                  addr=2  line=2PO00005274  raw=b'2PO00005274\r\n'
   15.827  ELL.DONE                addr=2  pos=53.01  dt=0.287  lines=1  leftover=0
   16.240  ARD.TRIG                frame=8  attempt=1
   16.305  ARD.RX                  msg=TRIGGERED  raw=b'TRIGGERED\r\n'  t=0.001
   16.319  ARD.RX                  msg=ARMED  raw=b'ARMED\r\n'  t=0.015
   16.960  ARD.RX                  msg=FRAME_DONE  raw=b'FRAME_DONE\r\n'  t=0.656
   16.962  ARD.FRAME_DONE          frame=8  attempt=1  dt=0.658  leftover=0
   16.963  FRAME.END               frame=8  t_total=1.676  t_hwp=0.252  t_qwp=0.288  t_trig=0.723  attempts=1  flags=ok
   16.965  FRAME.START             frame=9  hwp=58  qwp=9
   16.966  ELL.TX                  addr=0  deg=58  hex=00005A39  cmd=0ma00005A39
   17.074  ELL.RX                  addr=0  line=0PO00005A3C  raw=b'0PO00005A3C\r\n'
   17.075  ELL.DONE                addr=0  pos=58.01  dt=0.108  lines=1  leftover=0
   17.076  ELL.TX                  addr=2  deg=9  hex=00000E00  cmd=2ma00000E00
   17.442  ELL.RX                  addr=2  line=2PO00000E00  raw=b'2PO00000E00\r\n'
   17.443  ELL.DONE                addr=2  pos=9.0  dt=0.367  lines=1  leftover=0
   17.851  ARD.TRIG                frame=9  attempt=1
   17.915  ARD.RX                  msg=TRIGGERED  raw=b'TRIGGERED\r\n'  t=0.0
   17.931  ARD.RX                  msg=ARMED  raw=b'ARMED\r\n'  t=0.016
   18.571  ARD.RX                  msg=FRAME_DONE  raw=b'FRAME_DONE\r\n'  t=0.656
   18.573  ARD.FRAME_DONE          frame=9  attempt=1  dt=0.658  leftover=0
   18.574  FRAME.END               frame=9  t_total=1.61  t_hwp=0.11  t_qwp=0.368  t_trig=0.723  attempts=1  flags=ok
   18.577  FRAME.START             frame=10  hwp=46  qwp=6
   18.579  ELL.TX                  addr=0  deg=46  hex=0000478E  cmd=0ma0000478E
   18.722  ELL.RX                  addr=0  line=0PO00004790  raw=b'0PO00004790\r\n'
   18.723  ELL.DONE                addr=0  pos=46.0  dt=0.142  lines=1  leftover=0
   18.725  ELL.TX                  addr=2  deg=6  hex=00000955  cmd=2ma00000955
   18.834  ELL.RX                  addr=2  line=2PO00000958  raw=b'2PO00000958\r\n'
   18.836  ELL.DONE                addr=2  pos=6.01  dt=0.11  lines=1  leftover=0
   19.245  ARD.TRIG                frame=10  attempt=1
   19.309  ARD.RX                  msg=TRIGGERED  raw=b'TRIGGERED\r\n'  t=0.001
   19.324  ARD.RX                  msg=ARMED  raw=b'ARMED\r\n'  t=0.016
   19.971  ARD.RX                  msg=FRAME_DONE  raw=b'FRAME_DONE\r\n'  t=0.662
   19.972  ARD.FRAME_DONE          frame=10  attempt=1  dt=0.664  leftover=0
   19.973  FRAME.END               frame=10  t_total=1.395  t_hwp=0.145  t_qwp=0.112  t_trig=0.728  attempts=1  flags=ok
   19.975  FRAME.START             frame=11  hwp=114  qwp=65
   19.976  ELL.TX                  addr=0  deg=114  hex=0000B155  cmd=0ma0000B155
   20.386  ELL.RX                  addr=0  line=0PO0000B154  raw=b'0PO0000B154\r\n'
   20.387  ELL.DONE                addr=0  pos=114.0  dt=0.411  lines=1  leftover=0
   20.389  ELL.TX                  addr=2  deg=65  hex=0000651C  cmd=2ma0000651C
   20.786  ELL.RX                  addr=2  line=2PO0000651B  raw=b'2PO0000651B\r\n'
   20.788  ELL.DONE                addr=2  pos=65.0  dt=0.397  lines=1  leftover=0
   21.193  ARD.TRIG                frame=11  attempt=1
   21.257  ARD.RX                  msg=TRIGGERED  raw=b'TRIGGERED\r\n'  t=0.0
   21.273  ARD.RX                  msg=ARMED  raw=b'ARMED\r\n'  t=0.016
   21.912  ARD.RX                  msg=FRAME_DONE  raw=b'FRAME_DONE\r\n'  t=0.655
   21.913  ARD.FRAME_DONE          frame=11  attempt=1  dt=0.656  leftover=0
   21.914  FRAME.END               frame=11  t_total=1.939  t_hwp=0.413  t_qwp=0.4  t_trig=0.721  attempts=1  flags=ok
   21.916  FRAME.START             frame=12  hwp=18  qwp=63
   21.916  ELL.TX                  addr=0  deg=18  hex=00001C00  cmd=0ma00001C00
   22.226  ELL.RX                  addr=0  line=0PO00001BFE  raw=b'0PO00001BFE\r\n'
   22.228  ELL.DONE                addr=0  pos=17.99  dt=0.311  lines=1  leftover=0
   22.228  ELL.TX                  addr=2  deg=63  hex=00006200  cmd=2ma00006200
   22.515  ELL.RX                  addr=2  line=2PO00006202  raw=b'2PO00006202\r\n'
   22.517  ELL.DONE                addr=2  pos=63.01  dt=0.288  lines=1  leftover=0
   22.930  ARD.TRIG                frame=12  attempt=1
   22.995  ARD.RX                  msg=TRIGGERED  raw=b'TRIGGERED\r\n'  t=0.0
   23.011  ARD.RX                  msg=ARMED  raw=b'ARMED\r\n'  t=0.016
   23.649  ARD.RX                  msg=FRAME_DONE  raw=b'FRAME_DONE\r\n'  t=0.654
   23.653  ARD.FRAME_DONE          frame=12  attempt=1  dt=0.658  leftover=0
   23.657  FRAME.END               frame=12  t_total=1.741  t_hwp=0.312  t_qwp=0.291  t_trig=0.726  attempts=1  flags=ok
   23.663  FRAME.START             frame=13  hwp=110  qwp=94
   23.667  ELL.TX                  addr=0  deg=110  hex=0000AB1C  cmd=0ma0000AB1C
   24.114  ELL.RX                  addr=0  line=0PO0000AB1F  raw=b'0PO0000AB1F\r\n'
   24.115  ELL.DONE                addr=0  pos=110.01  dt=0.446  lines=1  leftover=0
   24.116  ELL.TX                  addr=2  deg=94  hex=00009239  cmd=2ma00009239
   24.435  ELL.RX                  addr=2  line=2PO0000923C  raw=b'2PO0000923C\r\n'
   24.438  ELL.DONE                addr=2  pos=94.01  dt=0.321  lines=1  leftover=0
   24.855  ARD.TRIG                frame=13  attempt=1
   24.919  ARD.RX                  msg=TRIGGERED  raw=b'TRIGGERED\r\n'  t=0.0
   24.935  ARD.RX                  msg=ARMED  raw=b'ARMED\r\n'  t=0.016
   25.574  ARD.RX                  msg=FRAME_DONE  raw=b'FRAME_DONE\r\n'  t=0.655
   25.575  ARD.FRAME_DONE          frame=13  attempt=1  dt=0.656  leftover=0
   25.576  FRAME.END               frame=13  t_total=1.913  t_hwp=0.449  t_qwp=0.325  t_trig=0.721  attempts=1  flags=ok
   25.578  FRAME.START             frame=14  hwp=105  qwp=97
   25.579  ELL.TX                  addr=0  deg=105  hex=0000A355  cmd=0ma0000A355
   25.842  ELL.RX                  addr=0  line=0PO0000A355  raw=b'0PO0000A355\r\n'
   25.844  ELL.DONE                addr=0  pos=105.0  dt=0.264  lines=1  leftover=0
   25.845  ELL.TX                  addr=2  deg=97  hex=000096E4  cmd=2ma000096E4
   26.130  ELL.RX                  addr=2  line=2PO000096E5  raw=b'2PO000096E5\r\n'
   26.132  ELL.DONE                addr=2  pos=97.0  dt=0.286  lines=1  leftover=0
   26.547  ARD.TRIG                frame=14  attempt=1
   26.610  ARD.RX                  msg=TRIGGERED  raw=b'TRIGGERED\r\n'  t=0.0
   26.624  ARD.RX                  msg=ARMED  raw=b'ARMED\r\n'  t=0.015
   27.266  ARD.RX                  msg=FRAME_DONE  raw=b'FRAME_DONE\r\n'  t=0.656
   27.270  ARD.FRAME_DONE          frame=14  attempt=1  dt=0.66  leftover=0
   27.272  FRAME.END               frame=14  t_total=1.694  t_hwp=0.266  t_qwp=0.288  t_trig=0.725  attempts=1  flags=ok
   27.280  LOOP.END              
