    0.020  SESSION.START           log=D:\1_software\Experimental control software\Synthetic birefringence\0pt25 waves\pshg_diag_20260624_133914.log  csv=D:\1_software\Experimental control software\Synthetic birefringence\0pt25 waves\pshg_diag_20260624_133914.csv  file=delta_waves=0.250_fast_axis=110.xlsx  drain_stale=True
    0.066  ELL.QUERY               cmd=0in  reply='0IN0E1140051420211501016800023000\r\n'
    0.162  ELL.QUERY               cmd=2in  reply='2IN0E1140064920211501016800023000\r\n'
    0.722  ELL.QUERY               cmd=0ho  reply='0PO00000002\r\n'
    1.202  ELL.QUERY               cmd=2ho  reply='2PO00000003\r\n'
    1.234  ELL.QUERY               cmd=0gp  reply='0PO00000003\r\n'
    1.298  ELL.QUERY               cmd=2gp  reply='2PO00000002\r\n'
    2.305  LOOP.START            
    3.334  FRAME.START             frame=1  hwp=20  qwp=48
    3.335  ELL.TX                  addr=0  deg=20  hex=00001F1C  cmd=0ma00001F1C
    3.443  ELL.RX                  addr=0  line=0PO00001F1C  raw=b'0PO00001F1C\r\n'
    3.444  ELL.DONE                addr=0  pos=20.0  dt=0.109  lines=1  leftover=0
    3.445  ELL.TX                  addr=2  deg=48  hex=00004AAB  cmd=2ma00004AAB
    3.907  ELL.RX                  addr=2  line=2PO00004AA8  raw=b'2PO00004AA8\r\n'
    3.908  ELL.DONE                addr=2  pos=47.99  dt=0.462  lines=1  leftover=0
    4.317  ARD.TRIG                frame=1  attempt=1
    4.383  ARD.RX                  msg=TRIGGERED  raw=b'TRIGGERED\r\n'  t=0.001
    4.398  ARD.RX                  msg=ARMED  raw=b'ARMED\r\n'  t=0.016
    9.001  ARD.RX                  msg=FRAME_DONE  raw=b'FRAME_DONE\r\n'  t=4.62
    9.002  ARD.FRAME_DONE          frame=1  attempt=1  dt=4.621  leftover=0
    9.003  FRAME.END               frame=1  t_total=5.669  t_hwp=0.111  t_qwp=0.463  t_trig=4.685  attempts=1  flags=SLOW
    9.004  FRAME.START             frame=2  hwp=28  qwp=48
    9.005  ELL.TX                  addr=0  deg=28  hex=00002B8E  cmd=0ma00002B8E
    9.235  ELL.RX                  addr=0  line=0PO00002B8C  raw=b'0PO00002B8C\r\n'
    9.235  ELL.DONE                addr=0  pos=27.99  dt=0.23  lines=1  leftover=0
    9.236  ELL.TX                  addr=2  deg=48  hex=00004AAB  cmd=2ma00004AAB
    9.331  ELL.RX                  addr=2  line=2PO00004AA9  raw=b'2PO00004AA9\r\n'
    9.331  ELL.DONE                addr=2  pos=48.0  dt=0.096  lines=1  leftover=0
    9.732  ARD.TRIG                frame=2  attempt=1
    9.797  ARD.RX                  msg=TRIGGERED  raw=b'TRIGGERED\r\n'  t=0.001
    9.812  ARD.RX                  msg=ARMED  raw=b'ARMED\r\n'  t=0.015
   14.411  ARD.RX                  msg=FRAME_DONE  raw=b'FRAME_DONE\r\n'  t=4.615
   14.411  ARD.FRAME_DONE          frame=2  attempt=1  dt=4.615  leftover=0
   14.412  FRAME.END               frame=2  t_total=5.407  t_hwp=0.231  t_qwp=0.096  t_trig=4.68  attempts=1  flags=SLOW
   14.413  FRAME.START             frame=3  hwp=39  qwp=53
   14.413  ELL.TX                  addr=0  deg=39  hex=00003CAB  cmd=0ma00003CAB
   14.595  ELL.RX                  addr=0  line=0PO00003CAE  raw=b'0PO00003CAE\r\n'
   14.596  ELL.DONE                addr=0  pos=39.01  dt=0.183  lines=1  leftover=0
   14.596  ELL.TX                  addr=2  deg=53  hex=00005272  cmd=2ma00005272
   14.708  ELL.RX                  addr=2  line=2PO00005271  raw=b'2PO00005271\r\n'
   14.708  ELL.DONE                addr=2  pos=53.0  dt=0.112  lines=1  leftover=0
   15.110  ARD.TRIG                frame=3  attempt=1
   15.174  ARD.RX                  msg=TRIGGERED  raw=b'TRIGGERED\r\n'  t=0.0
   15.189  ARD.RX                  msg=ARMED  raw=b'ARMED\r\n'  t=0.015
   19.789  ARD.RX                  msg=FRAME_DONE  raw=b'FRAME_DONE\r\n'  t=4.615
   19.789  ARD.FRAME_DONE          frame=3  attempt=1  dt=4.615  leftover=0
   19.789  FRAME.END               frame=3  t_total=5.377  t_hwp=0.183  t_qwp=0.112  t_trig=4.679  attempts=1  flags=SLOW
   19.790  FRAME.START             frame=4  hwp=46  qwp=59
   19.791  ELL.TX                  addr=0  deg=46  hex=0000478E  cmd=0ma0000478E
   20.020  ELL.RX                  addr=0  line=0PO0000478D  raw=b'0PO0000478D\r\n'
   20.020  ELL.DONE                addr=0  pos=46.0  dt=0.229  lines=1  leftover=0
   20.021  ELL.TX                  addr=2  deg=59  hex=00005BC7  cmd=2ma00005BC7
   20.372  ELL.RX                  addr=2  line=2PO00005BC7  raw=b'2PO00005BC7\r\n'
   20.373  ELL.DONE                addr=2  pos=59.0  dt=0.352  lines=1  leftover=0
   20.774  ARD.TRIG                frame=4  attempt=1
   20.837  ARD.RX                  msg=TRIGGERED  raw=b'TRIGGERED\r\n'  t=0.0
   20.852  ARD.RX                  msg=ARMED  raw=b'ARMED\r\n'  t=0.015
   25.454  ARD.RX                  msg=FRAME_DONE  raw=b'FRAME_DONE\r\n'  t=4.617
   25.455  ARD.FRAME_DONE          frame=4  attempt=1  dt=4.618  leftover=0
   25.456  FRAME.END               frame=4  t_total=5.665  t_hwp=0.23  t_qwp=0.353  t_trig=4.682  attempts=1  flags=SLOW
   25.460  FRAME.START             frame=5  hwp=142  qwp=66
   25.462  ELL.TX                  addr=0  deg=142  hex=0000DCE4  cmd=0ma0000DCE4
   25.925  ELL.RX                  addr=0  line=0PO0000DCE1  raw=b'0PO0000DCE1\r\n'
   25.926  ELL.DONE                addr=0  pos=141.99  dt=0.464  lines=1  leftover=0
   25.927  ELL.TX                  addr=2  deg=66  hex=000066AB  cmd=2ma000066AB
   26.165  ELL.RX                  addr=2  line=2PO000066A8  raw=b'2PO000066A8\r\n'
   26.165  ELL.DONE                addr=2  pos=65.99  dt=0.237  lines=1  leftover=0
   26.566  ARD.TRIG                frame=5  attempt=1
   26.630  ARD.RX                  msg=TRIGGERED  raw=b'TRIGGERED\r\n'  t=0.0
   26.646  ARD.RX                  msg=ARMED  raw=b'ARMED\r\n'  t=0.016
   31.245  ARD.RX                  msg=FRAME_DONE  raw=b'FRAME_DONE\r\n'  t=4.615
   31.247  ARD.FRAME_DONE          frame=5  attempt=1  dt=4.617  leftover=0
   31.247  FRAME.END               frame=5  t_total=5.788  t_hwp=0.467  t_qwp=0.238  t_trig=4.682  attempts=1  flags=SLOW
   31.251  FRAME.START             frame=6  hwp=72  qwp=86
   31.251  ELL.TX                  addr=0  deg=72  hex=00007000  cmd=0ma00007000
   31.573  ELL.RX                  addr=0  line=0PO00007002  raw=b'0PO00007002\r\n'
   31.574  ELL.DONE                addr=0  pos=72.01  dt=0.32  lines=1  leftover=0
   31.574  ELL.TX                  addr=2  deg=86  hex=000085C7  cmd=2ma000085C7
   31.909  ELL.RX                  addr=2  line=2PO000085C9  raw=b'2PO000085C9\r\n'
   31.910  ELL.DONE                addr=2  pos=86.0  dt=0.335  lines=1  leftover=0
   32.313  ARD.TRIG                frame=6  attempt=1
   32.378  ARD.RX                  msg=TRIGGERED  raw=b'TRIGGERED\r\n'  t=0.001
   32.392  ARD.RX                  msg=ARMED  raw=b'ARMED\r\n'  t=0.016
   36.995  ARD.RX                  msg=FRAME_DONE  raw=b'FRAME_DONE\r\n'  t=4.62
   36.996  ARD.FRAME_DONE          frame=6  attempt=1  dt=4.62  leftover=0
   36.996  FRAME.END               frame=6  t_total=5.745  t_hwp=0.323  t_qwp=0.336  t_trig=4.683  attempts=1  flags=SLOW
   36.997  FRAME.START             frame=7  hwp=80  qwp=92
   36.997  ELL.TX                  addr=0  deg=80  hex=00007C72  cmd=0ma00007C72
   37.254  ELL.RX                  addr=0  line=0PO00007C71  raw=b'0PO00007C71\r\n'
   37.255  ELL.DONE                addr=0  pos=80.0  dt=0.257  lines=1  leftover=0
   37.255  ELL.TX                  addr=2  deg=92  hex=00008F1C  cmd=2ma00008F1C
   37.606  ELL.RX                  addr=2  line=2PO00008F1F  raw=b'2PO00008F1F\r\n'
   37.606  ELL.DONE                addr=2  pos=92.01  dt=0.35  lines=1  leftover=0
   38.020  ARD.TRIG                frame=7  attempt=1
   38.084  ARD.RX                  msg=TRIGGERED  raw=b'TRIGGERED\r\n'  t=0.0
   38.100  ARD.RX                  msg=ARMED  raw=b'ARMED\r\n'  t=0.016
   42.701  ARD.RX                  msg=FRAME_DONE  raw=b'FRAME_DONE\r\n'  t=4.617
   42.702  ARD.FRAME_DONE          frame=7  attempt=1  dt=4.618  leftover=0
   42.703  FRAME.END               frame=7  t_total=5.706  t_hwp=0.258  t_qwp=0.352  t_trig=4.684  attempts=1  flags=SLOW
   42.707  FRAME.START             frame=8  hwp=66  qwp=134
   42.708  ELL.TX                  addr=0  deg=66  hex=000066AB  cmd=0ma000066AB
   42.838  ELL.RX                  addr=0  line=0PO000066AA  raw=b'0PO000066AA\r\n'
   42.839  ELL.DONE                addr=0  pos=66.0  dt=0.129  lines=1  leftover=0
   42.839  ELL.TX                  addr=2  deg=134  hex=0000D072  cmd=2ma0000D072
   43.254  ELL.RX                  addr=2  line=2PO0000D075  raw=b'2PO0000D075\r\n'
   43.255  ELL.DONE                addr=2  pos=134.01  dt=0.416  lines=1  leftover=0
   43.664  ARD.TRIG                frame=8  attempt=1
   43.726  ARD.RX                  msg=TRIGGERED  raw=b'TRIGGERED\r\n'  t=0.0
   43.742  ARD.RX                  msg=ARMED  raw=b'ARMED\r\n'  t=0.016
   48.345  ARD.RX                  msg=FRAME_DONE  raw=b'FRAME_DONE\r\n'  t=4.619
   48.346  ARD.FRAME_DONE          frame=8  attempt=1  dt=4.62  leftover=0
   48.347  FRAME.END               frame=8  t_total=5.641  t_hwp=0.131  t_qwp=0.416  t_trig=4.684  attempts=1  flags=SLOW
   48.350  FRAME.START             frame=9  hwp=98  qwp=95
   48.351  ELL.TX                  addr=0  deg=98  hex=00009872  cmd=0ma00009872
   48.712  ELL.RX                  addr=0  line=0PO00009872  raw=b'0PO00009872\r\n'
   48.713  ELL.DONE                addr=0  pos=98.0  dt=0.36  lines=1  leftover=0
   48.714  ELL.TX                  addr=2  deg=95  hex=000093C7  cmd=2ma000093C7
   49.175  ELL.RX                  addr=2  line=2PO000093C8  raw=b'2PO000093C8\r\n'
   49.176  ELL.DONE                addr=2  pos=95.0  dt=0.461  lines=1  leftover=0
   49.588  ARD.TRIG                frame=9  attempt=1
   49.653  ARD.RX                  msg=TRIGGERED  raw=b'TRIGGERED\r\n'  t=0.0
   49.669  ARD.RX                  msg=ARMED  raw=b'ARMED\r\n'  t=0.016
   54.279  ARD.RX                  msg=FRAME_DONE  raw=b'FRAME_DONE\r\n'  t=4.627
   54.280  ARD.FRAME_DONE          frame=9  attempt=1  dt=4.628  leftover=0
   54.281  FRAME.END               frame=9  t_total=5.931  t_hwp=0.363  t_qwp=0.463  t_trig=4.693  attempts=1  flags=SLOW
   54.285  FRAME.START             frame=10  hwp=103  qwp=90
   54.286  ELL.TX                  addr=0  deg=103  hex=0000A039  cmd=0ma0000A039
   54.568  ELL.RX                  addr=0  line=0PO0000A03A  raw=b'0PO0000A03A\r\n'
   54.568  ELL.DONE                addr=0  pos=103.0  dt=0.281  lines=1  leftover=0
   54.568  ELL.TX                  addr=2  deg=90  hex=00008C00  cmd=2ma00008C00
   54.999  ELL.RX                  addr=2  line=2PO00008BFE  raw=b'2PO00008BFE\r\n'
   55.000  ELL.DONE                addr=2  pos=89.99  dt=0.431  lines=1  leftover=0
   55.412  ARD.TRIG                frame=10  attempt=1
   55.476  ARD.RX                  msg=TRIGGERED  raw=b'TRIGGERED\r\n'  t=0.0
   55.492  ARD.RX                  msg=ARMED  raw=b'ARMED\r\n'  t=0.016
   60.103  ARD.RX                  msg=FRAME_DONE  raw=b'FRAME_DONE\r\n'  t=4.627
   60.104  ARD.FRAME_DONE          frame=10  attempt=1  dt=4.628  leftover=0
   60.105  FRAME.END               frame=10  t_total=5.82  t_hwp=0.282  t_qwp=0.432  t_trig=4.694  attempts=1  flags=SLOW
   60.109  FRAME.START             frame=11  hwp=9  qwp=68
   60.111  ELL.TX                  addr=0  deg=9  hex=00000E00  cmd=0ma00000E00
   60.504  ELL.RX                  addr=0  line=0PO00000DFF  raw=b'0PO00000DFF\r\n'
   60.505  ELL.DONE                addr=0  pos=9.0  dt=0.393  lines=1  leftover=0
   60.506  ELL.TX                  addr=2  deg=68  hex=000069C7  cmd=2ma000069C7
   60.889  ELL.RX                  addr=2  line=2PO000069C6  raw=b'2PO000069C6\r\n'
   60.890  ELL.DONE                addr=2  pos=68.0  dt=0.384  lines=1  leftover=0
   61.299  ARD.TRIG                frame=11  attempt=1
   61.363  ARD.RX                  msg=TRIGGERED  raw=b'TRIGGERED\r\n'  t=0.0
   61.379  ARD.RX                  msg=ARMED  raw=b'ARMED\r\n'  t=0.016
   65.990  ARD.RX                  msg=FRAME_DONE  raw=b'FRAME_DONE\r\n'  t=4.628
   65.992  ARD.FRAME_DONE          frame=11  attempt=1  dt=4.629  leftover=0
   65.993  FRAME.END               frame=11  t_total=5.883  t_hwp=0.396  t_qwp=0.386  t_trig=4.693  attempts=1  flags=SLOW
   65.996  FRAME.START             frame=12  hwp=30  qwp=1
   65.996  ELL.TX                  addr=0  deg=30  hex=00002EAB  cmd=0ma00002EAB
   66.201  ELL.RX                  addr=0  line=0PO00002EAA  raw=b'0PO00002EAA\r\n'
   66.201  ELL.DONE                addr=0  pos=30.0  dt=0.205  lines=1  leftover=0
   66.201  ELL.TX                  addr=2  deg=1  hex=0000018E  cmd=2ma0000018E
   66.617  ELL.RX                  addr=2  line=2PO0000018B  raw=b'2PO0000018B\r\n'
   66.618  ELL.DONE                addr=2  pos=0.99  dt=0.416  lines=1  leftover=0
   67.030  ARD.TRIG                frame=12  attempt=1
   67.095  ARD.RX                  msg=TRIGGERED  raw=b'TRIGGERED\r\n'  t=0.0
   67.109  ARD.RX                  msg=ARMED  raw=b'ARMED\r\n'  t=0.014
   71.712  ARD.RX                  msg=FRAME_DONE  raw=b'FRAME_DONE\r\n'  t=4.617
   71.713  ARD.FRAME_DONE          frame=12  attempt=1  dt=4.619  leftover=0
   71.714  FRAME.END               frame=12  t_total=5.718  t_hwp=0.205  t_qwp=0.417  t_trig=4.685  attempts=1  flags=SLOW
   71.717  FRAME.START             frame=13  hwp=41  qwp=8
   71.718  ELL.TX                  addr=0  deg=41  hex=00003FC7  cmd=0ma00003FC7
   71.865  ELL.RX                  addr=0  line=0PO00003FC6  raw=b'0PO00003FC6\r\n'
   71.866  ELL.DONE                addr=0  pos=41.0  dt=0.146  lines=1  leftover=0
   71.866  ELL.TX                  addr=2  deg=8  hex=00000C72  cmd=2ma00000C72
   72.202  ELL.RX                  addr=2  line=2PO00000C6F  raw=b'2PO00000C6F\r\n'
   72.203  ELL.DONE                addr=2  pos=7.99  dt=0.337  lines=1  leftover=0
   72.607  ARD.TRIG                frame=13  attempt=1
   72.671  ARD.RX                  msg=TRIGGERED  raw=b'TRIGGERED\r\n'  t=0.0
   72.687  ARD.RX                  msg=ARMED  raw=b'ARMED\r\n'  t=0.016
   77.301  ARD.RX                  msg=FRAME_DONE  raw=b'FRAME_DONE\r\n'  t=4.631
   77.303  ARD.FRAME_DONE          frame=13  attempt=1  dt=4.632  leftover=0
   77.304  FRAME.END               frame=13  t_total=5.587  t_hwp=0.148  t_qwp=0.338  t_trig=4.697  attempts=1  flags=SLOW
   77.307  FRAME.START             frame=14  hwp=113  qwp=54
   77.308  ELL.TX                  addr=0  deg=113  hex=0000AFC7  cmd=0ma0000AFC7
   77.658  ELL.RX                  addr=0  line=0PO0000AFC7  raw=b'0PO0000AFC7\r\n'
   77.660  ELL.DONE                addr=0  pos=113.0  dt=0.351  lines=1  leftover=0
   77.661  ELL.TX                  addr=2  deg=54  hex=00005400  cmd=2ma00005400
   78.106  ELL.RX                  addr=2  line=2PO000053FF  raw=b'2PO000053FF\r\n'
   78.108  ELL.DONE                addr=2  pos=54.0  dt=0.445  lines=1  leftover=0
   78.510  ARD.TRIG                frame=14  attempt=1
   78.573  ARD.RX                  msg=TRIGGERED  raw=b'TRIGGERED\r\n'  t=0.0
   78.589  ARD.RX                  msg=ARMED  raw=b'ARMED\r\n'  t=0.016
   83.189  ARD.RX                  msg=FRAME_DONE  raw=b'FRAME_DONE\r\n'  t=4.615
   83.189  ARD.FRAME_DONE          frame=14  attempt=1  dt=4.616  leftover=0
   83.190  FRAME.END               frame=14  t_total=5.882  t_hwp=0.353  t_qwp=0.448  t_trig=4.68  attempts=1  flags=SLOW
   83.191  LOOP.END              
