    0.022  SESSION.START           log=D:\1_software\Experimental control software\Synthetic birefringence\0pt25 waves\pshg_diag_20260624_133330.log  csv=D:\1_software\Experimental control software\Synthetic birefringence\0pt25 waves\pshg_diag_20260624_133330.csv  file=delta_waves=0.250_fast_axis=110.xlsx  drain_stale=True
    0.067  ELL.QUERY               cmd=0in  reply='0IN0E1140051420211501016800023000\r\n'
    0.163  ELL.QUERY               cmd=2in  reply='2IN0E1140064920211501016800023000\r\n'
    0.675  ELL.QUERY               cmd=0ho  reply='0POFFFFFFFF\r\n'
    1.236  ELL.QUERY               cmd=2ho  reply='2POFFFFFFFF\r\n'
    1.267  ELL.QUERY               cmd=0gp  reply='0POFFFFFFFF\r\n'
    1.332  ELL.QUERY               cmd=2gp  reply='2PO00000012\r\n'
    2.336  LOOP.START            
    3.349  FRAME.START             frame=1  hwp=20  qwp=48
    3.350  ELL.TX                  addr=0  deg=20  hex=00001F1C  cmd=0ma00001F1C
    3.571  ELL.RX                  addr=0  line=0PO00001F1B  raw=b'0PO00001F1B\r\n'
    3.572  ELL.DONE                addr=0  pos=20.0  dt=0.221  lines=1  leftover=0
    3.572  ELL.TX                  addr=2  deg=48  hex=00004AAB  cmd=2ma00004AAB
    4.067  ELL.RX                  addr=2  line=2PO00004AAE  raw=b'2PO00004AAE\r\n'
    4.069  ELL.DONE                addr=2  pos=48.01  dt=0.496  lines=1  leftover=0
    4.483  ARD.TRIG                frame=1  attempt=1
    4.548  ARD.RX                  msg=TRIGGERED  raw=b'TRIGGERED\r\n'  t=0.001
    4.563  ARD.RX                  msg=ARMED  raw=b'ARMED\r\n'  t=0.016
    9.162  ARD.RX                  msg=FRAME_DONE  raw=b'FRAME_DONE\r\n'  t=4.615
    9.163  ARD.FRAME_DONE          frame=1  attempt=1  dt=4.617  leftover=0
    9.164  FRAME.END               frame=1  t_total=5.815  t_hwp=0.222  t_qwp=0.497  t_trig=4.682  attempts=1  flags=SLOW
    9.170  FRAME.START             frame=2  hwp=28  qwp=48
    9.170  ELL.TX                  addr=0  deg=28  hex=00002B8E  cmd=0ma00002B8E
    9.348  ELL.RX                  addr=0  line=0PO00002B8C  raw=b'0PO00002B8C\r\n'
    9.348  ELL.DONE                addr=0  pos=27.99  dt=0.177  lines=1  leftover=0
    9.348  ELL.TX                  addr=2  deg=48  hex=00004AAB  cmd=2ma00004AAB
    9.428  ELL.RX                  addr=2  line=2PO00004AAB  raw=b'2PO00004AAB\r\n'
    9.428  ELL.DONE                addr=2  pos=48.0  dt=0.08  lines=1  leftover=0
    9.843  ARD.TRIG                frame=2  attempt=1
    9.907  ARD.RX                  msg=TRIGGERED  raw=b'TRIGGERED\r\n'  t=0.0
    9.923  ARD.RX                  msg=ARMED  raw=b'ARMED\r\n'  t=0.016
   14.523  ARD.RX                  msg=FRAME_DONE  raw=b'FRAME_DONE\r\n'  t=4.616
   14.524  ARD.FRAME_DONE          frame=2  attempt=1  dt=4.617  leftover=0
   14.524  FRAME.END               frame=2  t_total=5.355  t_hwp=0.178  t_qwp=0.08  t_trig=4.681  attempts=1  flags=SLOW
   14.525  FRAME.START             frame=3  hwp=39  qwp=53
   14.526  ELL.TX                  addr=0  deg=39  hex=00003CAB  cmd=0ma00003CAB
   14.740  ELL.RX                  addr=0  line=0PO00003CAE  raw=b'0PO00003CAE\r\n'
   14.741  ELL.DONE                addr=0  pos=39.01  dt=0.215  lines=1  leftover=0
   14.741  ELL.TX                  addr=2  deg=53  hex=00005272  cmd=2ma00005272
   14.948  ELL.RX                  addr=2  line=2PO00005271  raw=b'2PO00005271\r\n'
   14.949  ELL.DONE                addr=2  pos=53.0  dt=0.208  lines=1  leftover=0
   15.361  ARD.TRIG                frame=3  attempt=1
   15.425  ARD.RX                  msg=TRIGGERED  raw=b'TRIGGERED\r\n'  t=0.001
   15.439  ARD.RX                  msg=ARMED  raw=b'ARMED\r\n'  t=0.015
   20.045  ARD.RX                  msg=FRAME_DONE  raw=b'FRAME_DONE\r\n'  t=4.621
   20.045  ARD.FRAME_DONE          frame=3  attempt=1  dt=4.622  leftover=0
   20.045  FRAME.END               frame=3  t_total=5.52  t_hwp=0.215  t_qwp=0.208  t_trig=4.685  attempts=1  flags=SLOW
   20.046  FRAME.START             frame=4  hwp=46  qwp=59
   20.047  ELL.TX                  addr=0  deg=46  hex=0000478E  cmd=0ma0000478E
   20.197  ELL.RX                  addr=0  line=0PO0000478B  raw=b'0PO0000478B\r\n'
   20.197  ELL.DONE                addr=0  pos=45.99  dt=0.151  lines=1  leftover=0
   20.198  ELL.TX                  addr=2  deg=59  hex=00005BC7  cmd=2ma00005BC7
   20.501  ELL.RX                  addr=2  line=2PO00005BC8  raw=b'2PO00005BC8\r\n'
   20.501  ELL.DONE                addr=2  pos=59.0  dt=0.303  lines=1  leftover=0
   20.902  ARD.TRIG                frame=4  attempt=1
   20.966  ARD.RX                  msg=TRIGGERED  raw=b'TRIGGERED\r\n'  t=0.0
   20.982  ARD.RX                  msg=ARMED  raw=b'ARMED\r\n'  t=0.016
   25.582  ARD.RX                  msg=FRAME_DONE  raw=b'FRAME_DONE\r\n'  t=4.616
   25.583  ARD.FRAME_DONE          frame=4  attempt=1  dt=4.617  leftover=0
   25.583  FRAME.END               frame=4  t_total=5.537  t_hwp=0.151  t_qwp=0.304  t_trig=4.681  attempts=1  flags=SLOW
   25.585  FRAME.START             frame=5  hwp=142  qwp=66
   25.585  ELL.TX                  addr=0  deg=142  hex=0000DCE4  cmd=0ma0000DCE4
   25.989  ELL.RX                  addr=0  line=0PO0000DCE7  raw=b'0PO0000DCE7\r\n'
   25.990  ELL.DONE                addr=0  pos=142.01  dt=0.403  lines=1  leftover=0
   25.990  ELL.TX                  addr=2  deg=66  hex=000066AB  cmd=2ma000066AB
   26.245  ELL.RX                  addr=2  line=2PO000066AA  raw=b'2PO000066AA\r\n'
   26.246  ELL.DONE                addr=2  pos=66.0  dt=0.256  lines=1  leftover=0
   26.647  ARD.TRIG                frame=5  attempt=1
   26.711  ARD.RX                  msg=TRIGGERED  raw=b'TRIGGERED\r\n'  t=0.0
   26.727  ARD.RX                  msg=ARMED  raw=b'ARMED\r\n'  t=0.016
   31.328  ARD.RX                  msg=FRAME_DONE  raw=b'FRAME_DONE\r\n'  t=4.617
   31.329  ARD.FRAME_DONE          frame=5  attempt=1  dt=4.618  leftover=0
   31.329  FRAME.END               frame=5  t_total=5.744  t_hwp=0.405  t_qwp=0.256  t_trig=4.682  attempts=1  flags=SLOW
   31.331  FRAME.START             frame=6  hwp=72  qwp=86
   31.331  ELL.TX                  addr=0  deg=72  hex=00007000  cmd=0ma00007000
   31.574  ELL.RX                  addr=0  line=0PO00006FFD  raw=b'0PO00006FFD\r\n'
   31.574  ELL.DONE                addr=0  pos=71.99  dt=0.242  lines=1  leftover=0
   31.574  ELL.TX                  addr=2  deg=86  hex=000085C7  cmd=2ma000085C7
   31.814  ELL.RX                  addr=2  line=2PO000085C4  raw=b'2PO000085C4\r\n'
   31.815  ELL.DONE                addr=2  pos=85.99  dt=0.24  lines=1  leftover=0
   32.228  ARD.TRIG                frame=6  attempt=1
   32.291  ARD.RX                  msg=TRIGGERED  raw=b'TRIGGERED\r\n'  t=0.0
   32.307  ARD.RX                  msg=ARMED  raw=b'ARMED\r\n'  t=0.016
   36.907  ARD.RX                  msg=FRAME_DONE  raw=b'FRAME_DONE\r\n'  t=4.615
   36.908  ARD.FRAME_DONE          frame=6  attempt=1  dt=4.616  leftover=0
   36.909  FRAME.END               frame=6  t_total=5.578  t_hwp=0.243  t_qwp=0.241  t_trig=4.681  attempts=1  flags=SLOW
   36.911  FRAME.START             frame=7  hwp=80  qwp=92
   36.912  ELL.TX                  addr=0  deg=80  hex=00007C72  cmd=0ma00007C72
   37.158  ELL.RX                  addr=0  line=0PO00007C73  raw=b'0PO00007C73\r\n'
   37.159  ELL.DONE                addr=0  pos=80.0  dt=0.246  lines=1  leftover=0
   37.159  ELL.TX                  addr=2  deg=92  hex=00008F1C  cmd=2ma00008F1C
   37.478  ELL.RX                  addr=2  line=2PO00008F1C  raw=b'2PO00008F1C\r\n'
   37.479  ELL.DONE                addr=2  pos=92.0  dt=0.319  lines=1  leftover=0
   37.889  ARD.TRIG                frame=7  attempt=1
   37.954  ARD.RX                  msg=TRIGGERED  raw=b'TRIGGERED\r\n'  t=0.001
   37.970  ARD.RX                  msg=ARMED  raw=b'ARMED\r\n'  t=0.016
   42.572  ARD.RX                  msg=FRAME_DONE  raw=b'FRAME_DONE\r\n'  t=4.618
   42.572  ARD.FRAME_DONE          frame=7  attempt=1  dt=4.619  leftover=0
   42.572  FRAME.END               frame=7  t_total=5.661  t_hwp=0.248  t_qwp=0.32  t_trig=4.683  attempts=1  flags=SLOW
   42.574  FRAME.START             frame=8  hwp=66  qwp=134
   42.575  ELL.TX                  addr=0  deg=66  hex=000066AB  cmd=0ma000066AB
   42.727  ELL.RX                  addr=0  line=0PO000066AD  raw=b'0PO000066AD\r\n'
   42.727  ELL.DONE                addr=0  pos=66.01  dt=0.152  lines=1  leftover=0
   42.728  ELL.TX                  addr=2  deg=134  hex=0000D072  cmd=2ma0000D072
   43.111  ELL.RX                  addr=2  line=2PO0000D073  raw=b'2PO0000D073\r\n'
   43.111  ELL.DONE                addr=2  pos=134.0  dt=0.384  lines=1  leftover=0
   43.515  ARD.TRIG                frame=8  attempt=1
   43.580  ARD.RX                  msg=TRIGGERED  raw=b'TRIGGERED\r\n'  t=0.001
   43.595  ARD.RX                  msg=ARMED  raw=b'ARMED\r\n'  t=0.016
   48.195  ARD.RX                  msg=FRAME_DONE  raw=b'FRAME_DONE\r\n'  t=4.616
   48.197  ARD.FRAME_DONE          frame=8  attempt=1  dt=4.618  leftover=0
   48.198  FRAME.END               frame=8  t_total=5.623  t_hwp=0.153  t_qwp=0.384  t_trig=4.683  attempts=1  flags=SLOW
   48.204  FRAME.START             frame=9  hwp=98  qwp=95
   48.205  ELL.TX                  addr=0  deg=98  hex=00009872  cmd=0ma00009872
   48.504  ELL.RX                  addr=0  line=0PO00009874  raw=b'0PO00009874\r\n'
   48.504  ELL.DONE                addr=0  pos=98.01  dt=0.299  lines=1  leftover=0
   48.505  ELL.TX                  addr=2  deg=95  hex=000093C7  cmd=2ma000093C7
   48.696  ELL.RX                  addr=2  line=2PO000093C5  raw=b'2PO000093C5\r\n'
   48.696  ELL.DONE                addr=2  pos=94.99  dt=0.191  lines=1  leftover=0
   49.098  ARD.TRIG                frame=9  attempt=1
   49.160  ARD.RX                  msg=TRIGGERED  raw=b'TRIGGERED\r\n'  t=0.001
   49.175  ARD.RX                  msg=ARMED  raw=b'ARMED\r\n'  t=0.015
   53.778  ARD.RX                  msg=FRAME_DONE  raw=b'FRAME_DONE\r\n'  t=4.618
   53.778  ARD.FRAME_DONE          frame=9  attempt=1  dt=4.619  leftover=0
   53.779  FRAME.END               frame=9  t_total=5.574  t_hwp=0.3  t_qwp=0.192  t_trig=4.681  attempts=1  flags=SLOW
   53.780  FRAME.START             frame=10  hwp=103  qwp=90
   53.780  ELL.TX                  addr=0  deg=103  hex=0000A039  cmd=0ma0000A039
   54.024  ELL.RX                  addr=0  line=0PO0000A03B  raw=b'0PO0000A03B\r\n'
   54.025  ELL.DONE                addr=0  pos=103.01  dt=0.244  lines=1  leftover=0
   54.025  ELL.TX                  addr=2  deg=90  hex=00008C00  cmd=2ma00008C00
   54.265  ELL.RX                  addr=2  line=2PO00008C03  raw=b'2PO00008C03\r\n'
   54.266  ELL.DONE                addr=2  pos=90.01  dt=0.24  lines=1  leftover=0
   54.672  ARD.TRIG                frame=10  attempt=1
   54.737  ARD.RX                  msg=TRIGGERED  raw=b'TRIGGERED\r\n'  t=0.001
   54.753  ARD.RX                  msg=ARMED  raw=b'ARMED\r\n'  t=0.016
   59.352  ARD.RX                  msg=FRAME_DONE  raw=b'FRAME_DONE\r\n'  t=4.615
   59.353  ARD.FRAME_DONE          frame=10  attempt=1  dt=4.616  leftover=0
   59.353  FRAME.END               frame=10  t_total=5.573  t_hwp=0.245  t_qwp=0.242  t_trig=4.681  attempts=1  flags=SLOW
   59.354  FRAME.START             frame=11  hwp=9  qwp=68
   59.355  ELL.TX                  addr=0  deg=9  hex=00000E00  cmd=0ma00000E00
   59.769  ELL.RX                  addr=0  line=0PO00000DFE  raw=b'0PO00000DFE\r\n'
   59.770  ELL.DONE                addr=0  pos=8.99  dt=0.415  lines=1  leftover=0
   59.771  ELL.TX                  addr=2  deg=68  hex=000069C7  cmd=2ma000069C7
   60.105  ELL.RX                  addr=2  line=2PO000069C6  raw=b'2PO000069C6\r\n'
   60.106  ELL.DONE                addr=2  pos=68.0  dt=0.334  lines=1  leftover=0
   60.506  ARD.TRIG                frame=11  attempt=1
   60.571  ARD.RX                  msg=TRIGGERED  raw=b'TRIGGERED\r\n'  t=0.001
   60.586  ARD.RX                  msg=ARMED  raw=b'ARMED\r\n'  t=0.016
   65.192  ARD.RX                  msg=FRAME_DONE  raw=b'FRAME_DONE\r\n'  t=4.622
   65.192  ARD.FRAME_DONE          frame=11  attempt=1  dt=4.622  leftover=0
   65.193  FRAME.END               frame=11  t_total=5.838  t_hwp=0.416  t_qwp=0.335  t_trig=4.687  attempts=1  flags=SLOW
   65.194  FRAME.START             frame=12  hwp=30  qwp=1
   65.194  ELL.TX                  addr=0  deg=30  hex=00002EAB  cmd=0ma00002EAB
   65.402  ELL.RX                  addr=0  line=0PO00002EAB  raw=b'0PO00002EAB\r\n'
   65.403  ELL.DONE                addr=0  pos=30.0  dt=0.209  lines=1  leftover=0
   65.403  ELL.TX                  addr=2  deg=1  hex=0000018E  cmd=2ma0000018E
   65.833  ELL.RX                  addr=2  line=2PO0000018B  raw=b'2PO0000018B\r\n'
   65.834  ELL.DONE                addr=2  pos=0.99  dt=0.43  lines=1  leftover=0
   66.239  ARD.TRIG                frame=12  attempt=1
   66.304  ARD.RX                  msg=TRIGGERED  raw=b'TRIGGERED\r\n'  t=0.0
   66.319  ARD.RX                  msg=ARMED  raw=b'ARMED\r\n'  t=0.016
   70.922  ARD.RX                  msg=FRAME_DONE  raw=b'FRAME_DONE\r\n'  t=4.619
   70.923  ARD.FRAME_DONE          frame=12  attempt=1  dt=4.619  leftover=0
   70.923  FRAME.END               frame=12  t_total=5.729  t_hwp=0.209  t_qwp=0.432  t_trig=4.684  attempts=1  flags=SLOW
   70.924  FRAME.START             frame=13  hwp=41  qwp=8
   70.924  ELL.TX                  addr=0  deg=41  hex=00003FC7  cmd=0ma00003FC7
   71.130  ELL.RX                  addr=0  line=0PO00003FC9  raw=b'0PO00003FC9\r\n'
   71.130  ELL.DONE                addr=0  pos=41.0  dt=0.206  lines=1  leftover=0
   71.130  ELL.TX                  addr=2  deg=8  hex=00000C72  cmd=2ma00000C72
   71.402  ELL.RX                  addr=2  line=2PO00000C71  raw=b'2PO00000C71\r\n'
   71.404  ELL.DONE                addr=2  pos=8.0  dt=0.274  lines=1  leftover=0
   71.811  ARD.TRIG                frame=13  attempt=1
   71.875  ARD.RX                  msg=TRIGGERED  raw=b'TRIGGERED\r\n'  t=0.0
   71.890  ARD.RX                  msg=ARMED  raw=b'ARMED\r\n'  t=0.016
   76.490  ARD.RX                  msg=FRAME_DONE  raw=b'FRAME_DONE\r\n'  t=4.615
   76.491  ARD.FRAME_DONE          frame=13  attempt=1  dt=4.616  leftover=0
   76.491  FRAME.END               frame=13  t_total=5.567  t_hwp=0.207  t_qwp=0.275  t_trig=4.68  attempts=1  flags=SLOW
   76.494  FRAME.START             frame=14  hwp=113  qwp=54
   76.494  ELL.TX                  addr=0  deg=113  hex=0000AFC7  cmd=0ma0000AFC7
   76.875  ELL.RX                  addr=0  line=0PO0000AFC4  raw=b'0PO0000AFC4\r\n'
   76.876  ELL.DONE                addr=0  pos=112.99  dt=0.38  lines=1  leftover=0
   76.876  ELL.TX                  addr=2  deg=54  hex=00005400  cmd=2ma00005400
   77.242  ELL.RX                  addr=2  line=2PO000053FE  raw=b'2PO000053FE\r\n'
   77.243  ELL.DONE                addr=2  pos=53.99  dt=0.366  lines=1  leftover=0
   77.643  ARD.TRIG                frame=14  attempt=1
   77.708  ARD.RX                  msg=TRIGGERED  raw=b'TRIGGERED\r\n'  t=0.001
   77.724  ARD.RX                  msg=ARMED  raw=b'ARMED\r\n'  t=0.016
   82.328  ARD.RX                  msg=FRAME_DONE  raw=b'FRAME_DONE\r\n'  t=4.621
   82.329  ARD.FRAME_DONE          frame=14  attempt=1  dt=4.622  leftover=0
   82.330  FRAME.END               frame=14  t_total=5.836  t_hwp=0.382  t_qwp=0.367  t_trig=4.687  attempts=1  flags=SLOW
   82.333  LOOP.END              
