    0.044  SESSION.START           log=D:\1_software\Experimental control software\Synthetic birefringence\0pt25 waves\pshg_diag_20260622_185522.log  csv=D:\1_software\Experimental control software\Synthetic birefringence\0pt25 waves\pshg_diag_20260622_185522.csv  file=delta_waves=0.250_fast_axis=40.xlsx  drain_stale=True
    0.099  ELL.QUERY               cmd=0in  reply='0IN0E1140051420211501016800023000\r\n'
    0.195  ELL.QUERY               cmd=2in  reply='2IN0E1140064920211501016800023000\r\n'
    0.643  ELL.QUERY               cmd=0ho  reply='0PO00000002\r\n'
    1.251  ELL.QUERY               cmd=2ho  reply='2POFFFFFFFD\r\n'
    1.283  ELL.QUERY               cmd=0gp  reply='0PO00000001\r\n'
    1.363  ELL.QUERY               cmd=2gp  reply='2POFFFFFFFA\r\n'
    2.373  LOOP.START            
    3.391  FRAME.START             frame=1  hwp=120  qwp=96
    3.392  ELL.TX                  addr=0  deg=120  hex=0000BAAB  cmd=0ma0000BAAB
    3.827  ELL.RX                  addr=0  line=0PO0000BAA8  raw=b'0PO0000BAA8\r\n'
    3.828  ELL.DONE                addr=0  pos=119.99  dt=0.435  lines=1  leftover=0
    3.829  ELL.TX                  addr=2  deg=96  hex=00009555  cmd=2ma00009555
    4.291  ELL.RX                  addr=2  line=2PO00009557  raw=b'2PO00009557\r\n'
    4.293  ELL.DONE                addr=2  pos=96.0  dt=0.462  lines=1  leftover=0
    4.697  ARD.TRIG                frame=1  attempt=1
    4.761  ARD.RX                  msg=TRIGGERED  raw=b'TRIGGERED\r\n'  t=0.0
    4.777  ARD.RX                  msg=ARMED  raw=b'ARMED\r\n'  t=0.016
    5.417  ARD.RX                  msg=FRAME_DONE  raw=b'FRAME_DONE\r\n'  t=0.655
    5.418  ARD.FRAME_DONE          frame=1  attempt=1  dt=0.657  leftover=0
    5.419  FRAME.END               frame=1  t_total=2.028  t_hwp=0.437  t_qwp=0.465  t_trig=0.722  attempts=1  flags=SLOW
    5.421  FRAME.START             frame=2  hwp=88  qwp=132
    5.423  ELL.TX                  addr=0  deg=88  hex=000088E4  cmd=0ma000088E4
    5.779  ELL.RX                  addr=0  line=0PO000088E7  raw=b'0PO000088E7\r\n'
    5.781  ELL.DONE                addr=0  pos=88.01  dt=0.357  lines=1  leftover=0
    5.782  ELL.TX                  addr=2  deg=132  hex=0000CD55  cmd=2ma0000CD55
    6.067  ELL.RX                  addr=2  line=2PO0000CD55  raw=b'2PO0000CD55\r\n'
    6.068  ELL.DONE                addr=2  pos=132.0  dt=0.285  lines=1  leftover=0
    6.484  ARD.TRIG                frame=2  attempt=1
    6.549  ARD.RX                  msg=TRIGGERED  raw=b'TRIGGERED\r\n'  t=0.0
    6.564  ARD.RX                  msg=ARMED  raw=b'ARMED\r\n'  t=0.016
    7.207  ARD.RX                  msg=FRAME_DONE  raw=b'FRAME_DONE\r\n'  t=0.658
    7.208  ARD.FRAME_DONE          frame=2  attempt=1  dt=0.66  leftover=0
    7.209  FRAME.END               frame=2  t_total=1.787  t_hwp=0.359  t_qwp=0.287  t_trig=0.725  attempts=1  flags=ok
    7.210  FRAME.START             frame=3  hwp=79  qwp=131
    7.211  ELL.TX                  addr=0  deg=79  hex=00007AE4  cmd=0ma00007AE4
    7.475  ELL.RX                  addr=0  line=0PO00007AE3  raw=b'0PO00007AE3\r\n'
    7.476  ELL.DONE                addr=0  pos=79.0  dt=0.264  lines=1  leftover=0
    7.477  ELL.TX                  addr=2  deg=131  hex=0000CBC7  cmd=2ma0000CBC7
    7.699  ELL.RX                  addr=2  line=2PO0000CBC5  raw=b'2PO0000CBC5\r\n'
    7.701  ELL.DONE                addr=2  pos=130.99  dt=0.222  lines=1  leftover=0
    8.104  ARD.TRIG                frame=3  attempt=1
    8.167  ARD.RX                  msg=TRIGGERED  raw=b'TRIGGERED\r\n'  t=0.0
    8.182  ARD.RX                  msg=ARMED  raw=b'ARMED\r\n'  t=0.015
    8.824  ARD.RX                  msg=FRAME_DONE  raw=b'FRAME_DONE\r\n'  t=0.657
    8.826  ARD.FRAME_DONE          frame=3  attempt=1  dt=0.658  leftover=0
    8.826  FRAME.END               frame=3  t_total=1.616  t_hwp=0.266  t_qwp=0.224  t_trig=0.722  attempts=1  flags=ok
    8.828  FRAME.START             frame=4  hwp=70  qwp=136
    8.829  ELL.TX                  addr=0  deg=70  hex=00006CE4  cmd=0ma00006CE4
    9.043  ELL.RX                  addr=0  line=0PO00006CE7  raw=b'0PO00006CE7\r\n'
    9.045  ELL.DONE                addr=0  pos=70.01  dt=0.215  lines=1  leftover=0
    9.045  ELL.TX                  addr=2  deg=136  hex=0000D38E  cmd=2ma0000D38E
    9.539  ELL.RX                  addr=2  line=2PO0000D391  raw=b'2PO0000D391\r\n'
    9.541  ELL.DONE                addr=2  pos=136.01  dt=0.494  lines=1  leftover=0
    9.949  ARD.TRIG                frame=4  attempt=1
   10.014  ARD.RX                  msg=TRIGGERED  raw=b'TRIGGERED\r\n'  t=0.001
   10.029  ARD.RX                  msg=ARMED  raw=b'ARMED\r\n'  t=0.016
   10.668  ARD.RX                  msg=FRAME_DONE  raw=b'FRAME_DONE\r\n'  t=0.655
   10.669  ARD.FRAME_DONE          frame=4  attempt=1  dt=0.656  leftover=0
   10.671  FRAME.END               frame=4  t_total=1.843  t_hwp=0.217  t_qwp=0.496  t_trig=0.723  attempts=1  flags=ok
   10.674  FRAME.START             frame=5  hwp=83  qwp=86
   10.675  ELL.TX                  addr=0  deg=83  hex=0000811C  cmd=0ma0000811C
   10.915  ELL.RX                  addr=0  line=0PO0000811D  raw=b'0PO0000811D\r\n'
   10.917  ELL.DONE                addr=0  pos=83.0  dt=0.24  lines=1  leftover=0
   10.918  ELL.TX                  addr=2  deg=86  hex=000085C7  cmd=2ma000085C7
   11.235  ELL.RX                  addr=2  line=2PO000085C5  raw=b'2PO000085C5\r\n'
   11.237  ELL.DONE                addr=2  pos=85.99  dt=0.318  lines=1  leftover=0
   11.641  ARD.TRIG                frame=5  attempt=1
   11.706  ARD.RX                  msg=TRIGGERED  raw=b'TRIGGERED\r\n'  t=0.001
   11.721  ARD.RX                  msg=ARMED  raw=b'ARMED\r\n'  t=0.016
   12.360  ARD.RX                  msg=FRAME_DONE  raw=b'FRAME_DONE\r\n'  t=0.655
   12.362  ARD.FRAME_DONE          frame=5  attempt=1  dt=0.656  leftover=0
   12.362  FRAME.END               frame=5  t_total=1.689  t_hwp=0.242  t_qwp=0.32  t_trig=0.722  attempts=1  flags=ok
   12.364  FRAME.START             frame=6  hwp=163  qwp=70
   12.365  ELL.TX                  addr=0  deg=163  hex=0000FD8E  cmd=0ma0000FD8E
   12.788  ELL.RX                  addr=0  line=0PO0000FD91  raw=b'0PO0000FD91\r\n'
   12.789  ELL.DONE                addr=0  pos=163.01  dt=0.423  lines=1  leftover=0
   12.790  ELL.TX                  addr=2  deg=70  hex=00006CE4  cmd=2ma00006CE4
   13.108  ELL.RX                  addr=2  line=2PO00006CE4  raw=b'2PO00006CE4\r\n'
   13.109  ELL.DONE                addr=2  pos=70.0  dt=0.318  lines=1  leftover=0
   13.525  ARD.TRIG                frame=6  attempt=1
   13.589  ARD.RX                  msg=TRIGGERED  raw=b'TRIGGERED\r\n'  t=0.0
   13.605  ARD.RX                  msg=ARMED  raw=b'ARMED\r\n'  t=0.016
   14.243  ARD.RX                  msg=FRAME_DONE  raw=b'FRAME_DONE\r\n'  t=0.654
   14.244  ARD.FRAME_DONE          frame=6  attempt=1  dt=0.655  leftover=0
   14.245  FRAME.END               frame=6  t_total=1.881  t_hwp=0.425  t_qwp=0.32  t_trig=0.721  attempts=1  flags=ok
   14.247  FRAME.START             frame=7  hwp=59  qwp=58
   14.248  ELL.TX                  addr=0  deg=59  hex=00005BC7  cmd=0ma00005BC7
   14.484  ELL.RX                  addr=0  line=0PO00005BC4  raw=b'0PO00005BC4\r\n'
   14.485  ELL.DONE                addr=0  pos=58.99  dt=0.237  lines=1  leftover=0
   14.486  ELL.TX                  addr=2  deg=58  hex=00005A39  cmd=2ma00005A39
   14.612  ELL.RX                  addr=2  line=2PO00005A35  raw=b'2PO00005A35\r\n'
   14.613  ELL.DONE                addr=2  pos=57.99  dt=0.126  lines=1  leftover=0
   15.025  ARD.TRIG                frame=7  attempt=1
   15.089  ARD.RX                  msg=TRIGGERED  raw=b'TRIGGERED\r\n'  t=0.0
   15.103  ARD.RX                  msg=ARMED  raw=b'ARMED\r\n'  t=0.015
   15.742  ARD.RX                  msg=FRAME_DONE  raw=b'FRAME_DONE\r\n'  t=0.655
   15.745  ARD.FRAME_DONE          frame=7  attempt=1  dt=0.658  leftover=0
   15.748  FRAME.END               frame=7  t_total=1.502  t_hwp=0.238  t_qwp=0.129  t_trig=0.724  attempts=1  flags=ok
   15.754  FRAME.START             frame=8  hwp=49  qwp=51
   15.757  ELL.TX                  addr=0  deg=49  hex=00004C39  cmd=0ma00004C39
   15.844  ELL.RX                  addr=0  line=0PO00004C38  raw=b'0PO00004C38\r\n'
   15.845  ELL.DONE                addr=0  pos=49.0  dt=0.085  lines=1  leftover=0
   15.846  ELL.TX                  addr=2  deg=51  hex=00004F55  cmd=2ma00004F55
   16.212  ELL.RX                  addr=2  line=2PO00004F56  raw=b'2PO00004F56\r\n'
   16.216  ELL.DONE                addr=2  pos=51.0  dt=0.369  lines=1  leftover=0
   16.624  ARD.TRIG                frame=8  attempt=1
   16.686  ARD.RX                  msg=TRIGGERED  raw=b'TRIGGERED\r\n'  t=0.0
   16.702  ARD.RX                  msg=ARMED  raw=b'ARMED\r\n'  t=0.016
   17.344  ARD.RX                  msg=FRAME_DONE  raw=b'FRAME_DONE\r\n'  t=0.658
   17.345  ARD.FRAME_DONE          frame=8  attempt=1  dt=0.659  leftover=0
   17.346  FRAME.END               frame=8  t_total=1.592  t_hwp=0.089  t_qwp=0.373  t_trig=0.722  attempts=1  flags=ok
   17.348  FRAME.START             frame=9  hwp=145  qwp=1
   17.348  ELL.TX                  addr=0  deg=145  hex=0000E18E  cmd=0ma0000E18E
   17.764  ELL.RX                  addr=0  line=0PO0000E18F  raw=b'0PO0000E18F\r\n'
   17.769  ELL.DONE                addr=0  pos=145.0  dt=0.42  lines=1  leftover=0
   17.773  ELL.TX                  addr=2  deg=1  hex=0000018E  cmd=2ma0000018E
   18.132  ELL.RX                  addr=2  line=2PO0000018E  raw=b'2PO0000018E\r\n'
   18.133  ELL.DONE                addr=2  pos=1.0  dt=0.356  lines=1  leftover=0
   18.546  ARD.TRIG                frame=9  attempt=1
   18.609  ARD.RX                  msg=TRIGGERED  raw=b'TRIGGERED\r\n'  t=0.0
   18.624  ARD.RX                  msg=ARMED  raw=b'ARMED\r\n'  t=0.015
   19.265  ARD.RX                  msg=FRAME_DONE  raw=b'FRAME_DONE\r\n'  t=0.656
   19.266  ARD.FRAME_DONE          frame=9  attempt=1  dt=0.657  leftover=0
   19.267  FRAME.END               frame=9  t_total=1.919  t_hwp=0.424  t_qwp=0.362  t_trig=0.721  attempts=1  flags=ok
   19.270  FRAME.START             frame=10  hwp=54  qwp=8
   19.271  ELL.TX                  addr=0  deg=54  hex=00005400  cmd=0ma00005400
   19.508  ELL.RX                  addr=0  line=0PO00005403  raw=b'0PO00005403\r\n'
   19.509  ELL.DONE                addr=0  pos=54.01  dt=0.238  lines=1  leftover=0
   19.510  ELL.TX                  addr=2  deg=8  hex=00000C72  cmd=2ma00000C72
   19.908  ELL.RX                  addr=2  line=2PO00000C75  raw=b'2PO00000C75\r\n'
   19.909  ELL.DONE                addr=2  pos=8.01  dt=0.397  lines=1  leftover=0
   20.324  ARD.TRIG                frame=10  attempt=1
   20.389  ARD.RX                  msg=TRIGGERED  raw=b'TRIGGERED\r\n'  t=0.0
   20.404  ARD.RX                  msg=ARMED  raw=b'ARMED\r\n'  t=0.015
   21.043  ARD.RX                  msg=FRAME_DONE  raw=b'FRAME_DONE\r\n'  t=0.654
   21.047  ARD.FRAME_DONE          frame=10  attempt=1  dt=0.658  leftover=0
   21.048  FRAME.END               frame=10  t_total=1.779  t_hwp=0.239  t_qwp=0.4  t_trig=0.725  attempts=1  flags=ok
   21.050  FRAME.START             frame=11  hwp=27  qwp=56
   21.051  ELL.TX                  addr=0  deg=27  hex=00002A00  cmd=0ma00002A00
   21.236  ELL.RX                  addr=0  line=0PO000029FF  raw=b'0PO000029FF\r\n'
   21.237  ELL.DONE                addr=0  pos=27.0  dt=0.185  lines=1  leftover=0
   21.238  ELL.TX                  addr=2  deg=56  hex=0000571C  cmd=2ma0000571C
   21.588  ELL.RX                  addr=2  line=2PO0000571D  raw=b'2PO0000571D\r\n'
   21.590  ELL.DONE                addr=2  pos=56.0  dt=0.35  lines=1  leftover=0
   22.003  ARD.TRIG                frame=11  attempt=1
   22.068  ARD.RX                  msg=TRIGGERED  raw=b'TRIGGERED\r\n'  t=0.001
   22.084  ARD.RX                  msg=ARMED  raw=b'ARMED\r\n'  t=0.016
   22.726  ARD.RX                  msg=FRAME_DONE  raw=b'FRAME_DONE\r\n'  t=0.658
   22.727  ARD.FRAME_DONE          frame=11  attempt=1  dt=0.659  leftover=0
   22.728  FRAME.END               frame=11  t_total=1.677  t_hwp=0.187  t_qwp=0.352  t_trig=0.724  attempts=1  flags=ok
   22.729  FRAME.START             frame=12  hwp=25  qwp=63
   22.730  ELL.TX                  addr=0  deg=25  hex=000026E4  cmd=0ma000026E4
   22.804  ELL.RX                  addr=0  line=0PO000026E3  raw=b'0PO000026E3\r\n'
   22.805  ELL.DONE                addr=0  pos=25.0  dt=0.074  lines=1  leftover=0
   22.806  ELL.TX                  addr=2  deg=63  hex=00006200  cmd=2ma00006200
   23.205  ELL.RX                  addr=2  line=2PO000061FF  raw=b'2PO000061FF\r\n'
   23.209  ELL.DONE                addr=2  pos=63.0  dt=0.402  lines=1  leftover=0
   23.618  ARD.TRIG                frame=12  attempt=1
   23.683  ARD.RX                  msg=TRIGGERED  raw=b'TRIGGERED\r\n'  t=0.0
   23.699  ARD.RX                  msg=ARMED  raw=b'ARMED\r\n'  t=0.016
   24.339  ARD.RX                  msg=FRAME_DONE  raw=b'FRAME_DONE\r\n'  t=0.656
   24.342  ARD.FRAME_DONE          frame=12  attempt=1  dt=0.659  leftover=0
   24.344  FRAME.END               frame=12  t_total=1.615  t_hwp=0.076  t_qwp=0.406  t_trig=0.726  attempts=1  flags=ok
   24.349  FRAME.START             frame=13  hwp=121  qwp=93
   24.351  ELL.TX                  addr=0  deg=121  hex=0000BC39  cmd=0ma0000BC39
   24.836  ELL.RX                  addr=0  line=0PO0000BC38  raw=b'0PO0000BC38\r\n'
   24.838  ELL.DONE                addr=0  pos=121.0  dt=0.483  lines=1  leftover=0
   24.839  ELL.TX                  addr=2  deg=93  hex=000090AB  cmd=2ma000090AB
   25.204  ELL.RX                  addr=2  line=2PO000090AE  raw=b'2PO000090AE\r\n'
   25.205  ELL.DONE                addr=2  pos=93.01  dt=0.365  lines=1  leftover=0
   25.616  ARD.TRIG                frame=13  attempt=1
   25.680  ARD.RX                  msg=TRIGGERED  raw=b'TRIGGERED\r\n'  t=0.0
   25.696  ARD.RX                  msg=ARMED  raw=b'ARMED\r\n'  t=0.016
   26.335  ARD.RX                  msg=FRAME_DONE  raw=b'FRAME_DONE\r\n'  t=0.655
   26.337  ARD.FRAME_DONE          frame=13  attempt=1  dt=0.656  leftover=0
   26.338  FRAME.END               frame=13  t_total=1.989  t_hwp=0.488  t_qwp=0.368  t_trig=0.722  attempts=1  flags=ok
   26.340  FRAME.START             frame=14  hwp=89  qwp=132
   26.342  ELL.TX                  addr=0  deg=89  hex=00008A72  cmd=0ma00008A72
   26.596  ELL.RX                  addr=0  line=0PO00008A6F  raw=b'0PO00008A6F\r\n'
   26.598  ELL.DONE                addr=0  pos=88.99  dt=0.254  lines=1  leftover=0
   26.599  ELL.TX                  addr=2  deg=132  hex=0000CD55  cmd=2ma0000CD55
   26.916  ELL.RX                  addr=2  line=2PO0000CD52  raw=b'2PO0000CD52\r\n'
   26.917  ELL.DONE                addr=2  pos=131.99  dt=0.317  lines=1  leftover=0
   27.331  ARD.TRIG                frame=14  attempt=1
   27.396  ARD.RX                  msg=TRIGGERED  raw=b'TRIGGERED\r\n'  t=0.0
   27.411  ARD.RX                  msg=ARMED  raw=b'ARMED\r\n'  t=0.016
   28.050  ARD.RX                  msg=FRAME_DONE  raw=b'FRAME_DONE\r\n'  t=0.654
   28.051  ARD.FRAME_DONE          frame=14  attempt=1  dt=0.655  leftover=0
   28.052  FRAME.END               frame=14  t_total=1.712  t_hwp=0.257  t_qwp=0.319  t_trig=0.721  attempts=1  flags=ok
   28.055  LOOP.END              
