    0.021  SESSION.START           log=D:\1_software\Experimental control software\Synthetic birefringence\0pt25 waves\pshg_diag_20260622_182841.log  csv=D:\1_software\Experimental control software\Synthetic birefringence\0pt25 waves\pshg_diag_20260622_182841.csv  file=delta_waves=0.250_fast_axis= 0.xlsx  drain_stale=True
    0.067  ELL.QUERY               cmd=0in  reply='0IN0E1140051420211501016800023000\r\n'
    0.163  ELL.QUERY               cmd=2in  reply='2IN0E1140064920211501016800023000\r\n'
    0.483  ELL.QUERY               cmd=0ho  reply='0PO00000000\r\n'
    1.043  ELL.QUERY               cmd=2ho  reply='2PO00000003\r\n'
    1.075  ELL.QUERY               cmd=0gp  reply='0PO00000000\r\n'
    1.155  ELL.QUERY               cmd=2gp  reply='2POFFFFFFFC\r\n'
    2.158  LOOP.START            
    3.163  FRAME.START             frame=1  hwp=94  qwp=95
    3.164  ELL.TX                  addr=0  deg=94  hex=00009239  cmd=0ma00009239
    3.635  ELL.RX                  addr=0  line=0PO0000923A  raw=b'0PO0000923A\r\n'
    3.636  ELL.DONE                addr=0  pos=94.0  dt=0.471  lines=1  leftover=0
    3.637  ELL.TX                  addr=2  deg=95  hex=000093C7  cmd=2ma000093C7
    4.211  ELL.RX                  addr=2  line=2PO000093CA  raw=b'2PO000093CA\r\n'
    4.212  ELL.DONE                addr=2  pos=95.01  dt=0.574  lines=1  leftover=0
    4.622  ARD.TRIG                frame=1  attempt=1
    4.685  ARD.RX                  msg=TRIGGERED  raw=b'TRIGGERED\r\n'  t=0.0
    4.700  ARD.RX                  msg=ARMED  raw=b'ARMED\r\n'  t=0.016
    5.341  ARD.RX                  msg=FRAME_DONE  raw=b'FRAME_DONE\r\n'  t=0.657
    5.342  ARD.FRAME_DONE          frame=1  attempt=1  dt=0.658  leftover=0
    5.343  FRAME.END               frame=1  t_total=2.181  t_hwp=0.473  t_qwp=0.576  t_trig=0.721  attempts=1  flags=SLOW
    5.345  FRAME.START             frame=2  hwp=5  qwp=97
    5.346  ELL.TX                  addr=0  deg=5  hex=000007C7  cmd=0ma000007C7
    5.619  ELL.RX                  addr=0  line=0PO000007C8  raw=b'0PO000007C8\r\n'
    5.620  ELL.DONE                addr=0  pos=5.0  dt=0.273  lines=1  leftover=0
    5.621  ELL.TX                  addr=2  deg=97  hex=000096E4  cmd=2ma000096E4
    5.811  ELL.RX                  addr=2  line=2PO000096E6  raw=b'2PO000096E6\r\n'
    5.812  ELL.DONE                addr=2  pos=97.01  dt=0.191  lines=1  leftover=0
    6.228  ARD.TRIG                frame=2  attempt=1
    6.290  ARD.RX                  msg=TRIGGERED  raw=b'TRIGGERED\r\n'  t=0.0
    6.306  ARD.RX                  msg=ARMED  raw=b'ARMED\r\n'  t=0.016
    6.947  ARD.RX                  msg=FRAME_DONE  raw=b'FRAME_DONE\r\n'  t=0.656
    6.948  ARD.FRAME_DONE          frame=2  attempt=1  dt=0.657  leftover=0
    6.949  FRAME.END               frame=2  t_total=1.604  t_hwp=0.275  t_qwp=0.193  t_trig=0.721  attempts=1  flags=ok
    6.951  FRAME.START             frame=3  hwp=45  qwp=125
    6.951  ELL.TX                  addr=0  deg=45  hex=00004600  cmd=0ma00004600
    7.155  ELL.RX                  addr=0  line=0PO00004601  raw=b'0PO00004601\r\n'
    7.156  ELL.DONE                addr=0  pos=45.0  dt=0.204  lines=1  leftover=0
    7.157  ELL.TX                  addr=2  deg=125  hex=0000C272  cmd=2ma0000C272
    7.411  ELL.RX                  addr=2  line=2PO0000C271  raw=b'2PO0000C271\r\n'
    7.414  ELL.DONE                addr=2  pos=125.0  dt=0.255  lines=1  leftover=0
    7.828  ARD.TRIG                frame=3  attempt=1
    7.890  ARD.RX                  msg=TRIGGERED  raw=b'TRIGGERED\r\n'  t=0.0
    7.906  ARD.RX                  msg=ARMED  raw=b'ARMED\r\n'  t=0.016
    8.548  ARD.RX                  msg=FRAME_DONE  raw=b'FRAME_DONE\r\n'  t=0.659
    8.549  ARD.FRAME_DONE          frame=3  attempt=1  dt=0.66  leftover=0
    8.551  FRAME.END               frame=3  t_total=1.6  t_hwp=0.206  t_qwp=0.259  t_trig=0.722  attempts=1  flags=ok
    8.553  FRAME.START             frame=4  hwp=166  qwp=100
    8.554  ELL.TX                  addr=0  deg=166  hex=00010239  cmd=0ma00010239
    9.043  ELL.RX                  addr=0  line=0PO00010237  raw=b'0PO00010237\r\n'
    9.044  ELL.DONE                addr=0  pos=166.0  dt=0.49  lines=1  leftover=0
    9.046  ELL.TX                  addr=2  deg=100  hex=00009B8E  cmd=2ma00009B8E
    9.267  ELL.RX                  addr=2  line=2PO00009B8F  raw=b'2PO00009B8F\r\n'
    9.268  ELL.DONE                addr=2  pos=100.0  dt=0.222  lines=1  leftover=0
    9.675  ARD.TRIG                frame=4  attempt=1
    9.738  ARD.RX                  msg=TRIGGERED  raw=b'TRIGGERED\r\n'  t=0.0
    9.754  ARD.RX                  msg=ARMED  raw=b'ARMED\r\n'  t=0.016
   10.395  ARD.RX                  msg=FRAME_DONE  raw=b'FRAME_DONE\r\n'  t=0.657
   10.396  ARD.FRAME_DONE          frame=4  attempt=1  dt=0.659  leftover=0
   10.397  FRAME.END               frame=4  t_total=1.844  t_hwp=0.492  t_qwp=0.224  t_trig=0.723  attempts=1  flags=ok
   10.399  FRAME.START             frame=5  hwp=47  qwp=71
   10.400  ELL.TX                  addr=0  deg=47  hex=0000491C  cmd=0ma0000491C
   10.692  ELL.RX                  addr=0  line=0PO0000491E  raw=b'0PO0000491E\r\n'
   10.693  ELL.DONE                addr=0  pos=47.0  dt=0.292  lines=1  leftover=0
   10.694  ELL.TX                  addr=2  deg=71  hex=00006E72  cmd=2ma00006E72
   11.108  ELL.RX                  addr=2  line=2PO00006E70  raw=b'2PO00006E70\r\n'
   11.109  ELL.DONE                addr=2  pos=71.0  dt=0.414  lines=1  leftover=0
   11.524  ARD.TRIG                frame=5  attempt=1
   11.588  ARD.RX                  msg=TRIGGERED  raw=b'TRIGGERED\r\n'  t=0.0
   11.604  ARD.RX                  msg=ARMED  raw=b'ARMED\r\n'  t=0.016
   12.243  ARD.RX                  msg=FRAME_DONE  raw=b'FRAME_DONE\r\n'  t=0.655
   12.244  ARD.FRAME_DONE          frame=5  attempt=1  dt=0.656  leftover=0
   12.245  FRAME.END               frame=5  t_total=1.846  t_hwp=0.294  t_qwp=0.416  t_trig=0.721  attempts=1  flags=ok
   12.246  FRAME.START             frame=6  hwp=131  qwp=66
   12.247  ELL.TX                  addr=0  deg=131  hex=0000CBC7  cmd=0ma0000CBC7
   12.660  ELL.RX                  addr=0  line=0PO0000CBC8  raw=b'0PO0000CBC8\r\n'
   12.661  ELL.DONE                addr=0  pos=131.0  dt=0.413  lines=1  leftover=0
   12.662  ELL.TX                  addr=2  deg=66  hex=000066AB  cmd=2ma000066AB
   12.932  ELL.RX                  addr=2  line=2PO000066AE  raw=b'2PO000066AE\r\n'
   12.937  ELL.DONE                addr=2  pos=66.01  dt=0.274  lines=1  leftover=0
   13.342  ARD.TRIG                frame=6  attempt=1
   13.406  ARD.RX                  msg=TRIGGERED  raw=b'TRIGGERED\r\n'  t=0.0
   13.421  ARD.RX                  msg=ARMED  raw=b'ARMED\r\n'  t=0.016
   14.061  ARD.RX                  msg=FRAME_DONE  raw=b'FRAME_DONE\r\n'  t=0.656
   14.062  ARD.FRAME_DONE          frame=6  attempt=1  dt=0.657  leftover=0
   14.063  FRAME.END               frame=6  t_total=1.817  t_hwp=0.415  t_qwp=0.278  t_trig=0.721  attempts=1  flags=ok
   14.065  FRAME.START             frame=7  hwp=34  qwp=51
   14.065  ELL.TX                  addr=0  deg=34  hex=000034E4  cmd=0ma000034E4
   14.372  ELL.RX                  addr=0  line=0PO000034E4  raw=b'0PO000034E4\r\n'
   14.373  ELL.DONE                addr=0  pos=34.0  dt=0.307  lines=1  leftover=0
   14.374  ELL.TX                  addr=2  deg=51  hex=00004F55  cmd=2ma00004F55
   14.643  ELL.RX                  addr=2  line=2PO00004F56  raw=b'2PO00004F56\r\n'
   14.645  ELL.DONE                addr=2  pos=51.0  dt=0.27  lines=1  leftover=0
   15.057  ARD.TRIG                frame=7  attempt=1
   15.122  ARD.RX                  msg=TRIGGERED  raw=b'TRIGGERED\r\n'  t=0.0
   15.137  ARD.RX                  msg=ARMED  raw=b'ARMED\r\n'  t=0.016
   15.777  ARD.RX                  msg=FRAME_DONE  raw=b'FRAME_DONE\r\n'  t=0.656
   15.779  ARD.FRAME_DONE          frame=7  attempt=1  dt=0.657  leftover=0
   15.781  FRAME.END               frame=7  t_total=1.716  t_hwp=0.308  t_qwp=0.272  t_trig=0.723  attempts=1  flags=ok
   15.783  FRAME.START             frame=8  hwp=51  qwp=18
   15.784  ELL.TX                  addr=0  deg=51  hex=00004F55  cmd=0ma00004F55
   15.988  ELL.RX                  addr=0  line=0PO00004F56  raw=b'0PO00004F56\r\n'
   15.989  ELL.DONE                addr=0  pos=51.0  dt=0.203  lines=1  leftover=0
   15.990  ELL.TX                  addr=2  deg=18  hex=00001C00  cmd=2ma00001C00
   16.420  ELL.RX                  addr=2  line=2PO00001BFD  raw=b'2PO00001BFD\r\n'
   16.423  ELL.DONE                addr=2  pos=17.99  dt=0.433  lines=1  leftover=0
   16.832  ARD.TRIG                frame=8  attempt=1
   16.897  ARD.RX                  msg=TRIGGERED  raw=b'TRIGGERED\r\n'  t=0.0
   16.913  ARD.RX                  msg=ARMED  raw=b'ARMED\r\n'  t=0.016
   17.551  ARD.RX                  msg=FRAME_DONE  raw=b'FRAME_DONE\r\n'  t=0.654
   17.552  ARD.FRAME_DONE          frame=8  attempt=1  dt=0.655  leftover=0
   17.553  FRAME.END               frame=8  t_total=1.77  t_hwp=0.205  t_qwp=0.436  t_trig=0.721  attempts=1  flags=ok
   17.555  FRAME.START             frame=9  hwp=38  qwp=20
   17.556  ELL.TX                  addr=0  deg=38  hex=00003B1C  cmd=0ma00003B1C
   17.844  ELL.RX                  addr=0  line=0PO00003B1D  raw=b'0PO00003B1D\r\n'
   17.845  ELL.DONE                addr=0  pos=38.0  dt=0.288  lines=1  leftover=0
   17.846  ELL.TX                  addr=2  deg=20  hex=00001F1C  cmd=2ma00001F1C
   18.004  ELL.RX                  addr=2  line=2PO00001F1A  raw=b'2PO00001F1A\r\n'
   18.005  ELL.DONE                addr=2  pos=19.99  dt=0.157  lines=1  leftover=0
   18.416  ARD.TRIG                frame=9  attempt=1
   18.481  ARD.RX                  msg=TRIGGERED  raw=b'TRIGGERED\r\n'  t=0.0
   18.497  ARD.RX                  msg=ARMED  raw=b'ARMED\r\n'  t=0.016
   19.136  ARD.RX                  msg=FRAME_DONE  raw=b'FRAME_DONE\r\n'  t=0.655
   19.137  ARD.FRAME_DONE          frame=9  attempt=1  dt=0.657  leftover=0
   19.138  FRAME.END               frame=9  t_total=1.583  t_hwp=0.291  t_qwp=0.16  t_trig=0.722  attempts=1  flags=ok
   19.140  FRAME.START             frame=10  hwp=23  qwp=12
   19.140  ELL.TX                  addr=0  deg=23  hex=000023C7  cmd=0ma000023C7
   19.268  ELL.RX                  addr=0  line=0PO000023C4  raw=b'0PO000023C4\r\n'
   19.269  ELL.DONE                addr=0  pos=22.99  dt=0.127  lines=1  leftover=0
   19.270  ELL.TX                  addr=2  deg=12  hex=000012AB  cmd=2ma000012AB
   19.508  ELL.RX                  addr=2  line=2PO000012A9  raw=b'2PO000012A9\r\n'
   19.511  ELL.DONE                addr=2  pos=12.0  dt=0.24  lines=1  leftover=0
   19.923  ARD.TRIG                frame=10  attempt=1
   19.987  ARD.RX                  msg=TRIGGERED  raw=b'TRIGGERED\r\n'  t=0.0
   20.003  ARD.RX                  msg=ARMED  raw=b'ARMED\r\n'  t=0.016
   20.643  ARD.RX                  msg=FRAME_DONE  raw=b'FRAME_DONE\r\n'  t=0.656
   20.645  ARD.FRAME_DONE          frame=10  attempt=1  dt=0.658  leftover=0
   20.645  FRAME.END               frame=10  t_total=1.506  t_hwp=0.129  t_qwp=0.244  t_trig=0.722  attempts=1  flags=ok
   20.648  FRAME.START             frame=11  hwp=95  qwp=76
   20.648  ELL.TX                  addr=0  deg=95  hex=000093C7  cmd=0ma000093C7
   21.012  ELL.RX                  addr=0  line=0PO000093C8  raw=b'0PO000093C8\r\n'
   21.013  ELL.DONE                addr=0  pos=95.0  dt=0.364  lines=1  leftover=0
   21.014  ELL.TX                  addr=2  deg=76  hex=00007639  cmd=2ma00007639
   21.396  ELL.RX                  addr=2  line=2PO00007636  raw=b'2PO00007636\r\n'
   21.397  ELL.DONE                addr=2  pos=75.99  dt=0.382  lines=1  leftover=0
   21.801  ARD.TRIG                frame=11  attempt=1
   21.865  ARD.RX                  msg=TRIGGERED  raw=b'TRIGGERED\r\n'  t=0.0
   21.881  ARD.RX                  msg=ARMED  raw=b'ARMED\r\n'  t=0.016
   22.525  ARD.RX                  msg=FRAME_DONE  raw=b'FRAME_DONE\r\n'  t=0.659
   22.526  ARD.FRAME_DONE          frame=11  attempt=1  dt=0.66  leftover=0
   22.526  FRAME.END               frame=11  t_total=1.879  t_hwp=0.366  t_qwp=0.384  t_trig=0.725  attempts=1  flags=ok
   22.528  FRAME.START             frame=12  hwp=179  qwp=70
   22.529  ELL.TX                  addr=0  deg=179  hex=00011672  cmd=0ma00011672
   22.852  ELL.RX                  addr=0  line=0PO00011670  raw=b'0PO00011670\r\n'
   22.853  ELL.DONE                addr=0  pos=179.0  dt=0.324  lines=1  leftover=0
   22.854  ELL.TX                  addr=2  deg=70  hex=00006CE4  cmd=2ma00006CE4
   23.124  ELL.RX                  addr=2  line=2PO00006CE1  raw=b'2PO00006CE1\r\n'
   23.125  ELL.DONE                addr=2  pos=69.99  dt=0.269  lines=1  leftover=0
   23.536  ARD.TRIG                frame=12  attempt=1
   23.599  ARD.RX                  msg=TRIGGERED  raw=b'TRIGGERED\r\n'  t=0.0
   23.613  ARD.RX                  msg=ARMED  raw=b'ARMED\r\n'  t=0.015
   24.257  ARD.RX                  msg=FRAME_DONE  raw=b'FRAME_DONE\r\n'  t=0.658
   24.258  ARD.FRAME_DONE          frame=12  attempt=1  dt=0.659  leftover=0
   24.259  FRAME.END               frame=12  t_total=1.731  t_hwp=0.325  t_qwp=0.271  t_trig=0.722  attempts=1  flags=ok
   24.260  FRAME.START             frame=13  hwp=74  qwp=137
   24.261  ELL.TX                  addr=0  deg=74  hex=0000731C  cmd=0ma0000731C
   24.660  ELL.RX                  addr=0  line=0PO0000731A  raw=b'0PO0000731A\r\n'
   24.661  ELL.DONE                addr=0  pos=73.99  dt=0.399  lines=1  leftover=0
   24.662  ELL.TX                  addr=2  deg=137  hex=0000D51C  cmd=2ma0000D51C
   25.060  ELL.RX                  addr=2  line=2PO0000D51D  raw=b'2PO0000D51D\r\n'
   25.062  ELL.DONE                addr=2  pos=137.0  dt=0.398  lines=1  leftover=0
   25.474  ARD.TRIG                frame=13  attempt=1
   25.539  ARD.RX                  msg=TRIGGERED  raw=b'TRIGGERED\r\n'  t=0.0
   25.554  ARD.RX                  msg=ARMED  raw=b'ARMED\r\n'  t=0.015
   26.193  ARD.RX                  msg=FRAME_DONE  raw=b'FRAME_DONE\r\n'  t=0.654
   26.194  ARD.FRAME_DONE          frame=13  attempt=1  dt=0.655  leftover=0
   26.195  FRAME.END               frame=13  t_total=1.935  t_hwp=0.401  t_qwp=0.4  t_trig=0.721  attempts=1  flags=ok
   26.197  FRAME.START             frame=14  hwp=60  qwp=127
   26.198  ELL.TX                  addr=0  deg=60  hex=00005D55  cmd=0ma00005D55
   26.340  ELL.RX                  addr=0  line=0PO00005D53  raw=b'0PO00005D53\r\n'
   26.342  ELL.DONE                addr=0  pos=59.99  dt=0.143  lines=1  leftover=0
   26.343  ELL.TX                  addr=2  deg=127  hex=0000C58E  cmd=2ma0000C58E
   26.612  ELL.RX                  addr=2  line=2PO0000C58B  raw=b'2PO0000C58B\r\n'
   26.613  ELL.DONE                addr=2  pos=126.99  dt=0.27  lines=1  leftover=0
   27.029  ARD.TRIG                frame=14  attempt=1
   27.093  ARD.RX                  msg=TRIGGERED  raw=b'TRIGGERED\r\n'  t=0.0
   27.109  ARD.RX                  msg=ARMED  raw=b'ARMED\r\n'  t=0.016
   27.749  ARD.RX                  msg=FRAME_DONE  raw=b'FRAME_DONE\r\n'  t=0.656
   27.750  ARD.FRAME_DONE          frame=14  attempt=1  dt=0.658  leftover=0
   27.751  FRAME.END               frame=14  t_total=1.555  t_hwp=0.145  t_qwp=0.272  t_trig=0.723  attempts=1  flags=ok
   27.754  LOOP.END              
