    0.040  SESSION.START           log=D:\1_software\Experimental control software\Synthetic birefringence\0pt25 waves\pshg_diag_20260623_142418.log  csv=D:\1_software\Experimental control software\Synthetic birefringence\0pt25 waves\pshg_diag_20260623_142418.csv  file=delta_waves=0.250_fast_axis=60.xlsx  drain_stale=True
    0.097  ELL.QUERY               cmd=0in  reply='0IN0E1140051420211501016800023000\r\n'
    0.193  ELL.QUERY               cmd=2in  reply='2IN0E1140064920211501016800023000\r\n'
    0.673  ELL.QUERY               cmd=0ho  reply='0PO00000000\r\n'
    1.521  ELL.QUERY               cmd=2ho  reply='2PO00000001\r\n'
    1.553  ELL.QUERY               cmd=0gp  reply='0POFFFFFFFF\r\n'
    1.633  ELL.QUERY               cmd=2gp  reply='2PO00000001\r\n'
    2.642  LOOP.START            
    3.660  FRAME.START             frame=1  hwp=35  qwp=69
    3.666  ELL.TX                  addr=0  deg=35  hex=00003672  cmd=0ma00003672
    3.858  ELL.RX                  addr=0  line=0PO0000366F  raw=b'0PO0000366F\r\n'
    3.861  ELL.DONE                addr=0  pos=34.99  dt=0.19  lines=1  leftover=0
    3.862  ELL.TX                  addr=2  deg=69  hex=00006B55  cmd=2ma00006B55
    4.130  ELL.RX                  addr=2  line=2PO00006B56  raw=b'2PO00006B56\r\n'
    4.133  ELL.DONE                addr=2  pos=69.0  dt=0.269  lines=1  leftover=0
    4.542  ARD.TRIG                frame=1  attempt=1
    4.606  ARD.RX                  msg=TRIGGERED  raw=b'TRIGGERED\r\n'  t=0.0
    4.622  ARD.RX                  msg=ARMED  raw=b'ARMED\r\n'  t=0.016
    5.264  ARD.RX                  msg=FRAME_DONE  raw=b'FRAME_DONE\r\n'  t=0.658
    5.266  ARD.FRAME_DONE          frame=1  attempt=1  dt=0.661  leftover=0
    5.268  FRAME.END               frame=1  t_total=1.608  t_hwp=0.197  t_qwp=0.274  t_trig=0.726  attempts=1  flags=ok
    5.275  FRAME.START             frame=2  hwp=137  qwp=95
    5.278  ELL.TX                  addr=0  deg=137  hex=0000D51C  cmd=0ma0000D51C
    5.666  ELL.RX                  addr=0  line=0PO0000D51D  raw=b'0PO0000D51D\r\n'
    5.667  ELL.DONE                addr=0  pos=137.0  dt=0.385  lines=1  leftover=0
    5.668  ELL.TX                  addr=2  deg=95  hex=000093C7  cmd=2ma000093C7
    5.954  ELL.RX                  addr=2  line=2PO000093C8  raw=b'2PO000093C8\r\n'
    5.959  ELL.DONE                addr=2  pos=95.0  dt=0.289  lines=1  leftover=0
    6.378  ARD.TRIG                frame=2  attempt=1
    6.443  ARD.RX                  msg=TRIGGERED  raw=b'TRIGGERED\r\n'  t=0.001
    6.458  ARD.RX                  msg=ARMED  raw=b'ARMED\r\n'  t=0.016
    7.099  ARD.RX                  msg=FRAME_DONE  raw=b'FRAME_DONE\r\n'  t=0.657
    7.101  ARD.FRAME_DONE          frame=2  attempt=1  dt=0.659  leftover=0
    7.103  FRAME.END               frame=2  t_total=1.828  t_hwp=0.39  t_qwp=0.294  t_trig=0.725  attempts=1  flags=ok
    7.107  FRAME.START             frame=3  hwp=35  qwp=101
    7.109  ELL.TX                  addr=0  deg=35  hex=00003672  cmd=0ma00003672
    7.459  ELL.RX                  addr=0  line=0PO00003673  raw=b'0PO00003673\r\n'
    7.462  ELL.DONE                addr=0  pos=35.0  dt=0.351  lines=1  leftover=0
    7.466  ELL.TX                  addr=2  deg=101  hex=00009D1C  cmd=2ma00009D1C
    7.746  ELL.RX                  addr=2  line=2PO00009D1D  raw=b'2PO00009D1D\r\n'
    7.748  ELL.DONE                addr=2  pos=101.0  dt=0.277  lines=1  leftover=0
    8.153  ARD.TRIG                frame=3  attempt=1
    8.218  ARD.RX                  msg=TRIGGERED  raw=b'TRIGGERED\r\n'  t=0.0
    8.234  ARD.RX                  msg=ARMED  raw=b'ARMED\r\n'  t=0.016
    8.876  ARD.RX                  msg=FRAME_DONE  raw=b'FRAME_DONE\r\n'  t=0.659
    8.878  ARD.FRAME_DONE          frame=3  attempt=1  dt=0.66  leftover=0
    8.879  FRAME.END               frame=3  t_total=1.771  t_hwp=0.356  t_qwp=0.283  t_trig=0.725  attempts=1  flags=ok
    8.880  FRAME.START             frame=4  hwp=77  qwp=121
    8.881  ELL.TX                  addr=0  deg=77  hex=000077C7  cmd=0ma000077C7
    9.186  ELL.RX                  addr=0  line=0PO000077CA  raw=b'0PO000077CA\r\n'
    9.187  ELL.DONE                addr=0  pos=77.01  dt=0.305  lines=1  leftover=0
    9.188  ELL.TX                  addr=2  deg=121  hex=0000BC39  cmd=2ma0000BC39
    9.506  ELL.RX                  addr=2  line=2PO0000BC39  raw=b'2PO0000BC39\r\n'
    9.510  ELL.DONE                addr=2  pos=121.0  dt=0.321  lines=1  leftover=0
    9.928  ARD.TRIG                frame=4  attempt=1
    9.992  ARD.RX                  msg=TRIGGERED  raw=b'TRIGGERED\r\n'  t=0.0
   10.007  ARD.RX                  msg=ARMED  raw=b'ARMED\r\n'  t=0.015
   10.650  ARD.RX                  msg=FRAME_DONE  raw=b'FRAME_DONE\r\n'  t=0.657
   10.652  ARD.FRAME_DONE          frame=4  attempt=1  dt=0.659  leftover=0
   10.654  FRAME.END               frame=4  t_total=1.774  t_hwp=0.307  t_qwp=0.325  t_trig=0.726  attempts=1  flags=ok
   10.658  FRAME.START             frame=5  hwp=71  qwp=133
   10.659  ELL.TX                  addr=0  deg=71  hex=00006E72  cmd=0ma00006E72
   10.850  ELL.RX                  addr=0  line=0PO00006E74  raw=b'0PO00006E74\r\n'
   10.852  ELL.DONE                addr=0  pos=71.01  dt=0.19  lines=1  leftover=0
   10.853  ELL.TX                  addr=2  deg=133  hex=0000CEE4  cmd=2ma0000CEE4
   11.155  ELL.RX                  addr=2  line=2PO0000CEE1  raw=b'2PO0000CEE1\r\n'
   11.159  ELL.DONE                addr=2  pos=132.99  dt=0.304  lines=1  leftover=0
   11.574  ARD.TRIG                frame=5  attempt=1
   11.639  ARD.RX                  msg=TRIGGERED  raw=b'TRIGGERED\r\n'  t=0.001
   11.655  ARD.RX                  msg=ARMED  raw=b'ARMED\r\n'  t=0.016
   12.302  ARD.RX                  msg=FRAME_DONE  raw=b'FRAME_DONE\r\n'  t=0.663
   12.305  ARD.FRAME_DONE          frame=5  attempt=1  dt=0.666  leftover=0
   12.307  FRAME.END               frame=5  t_total=1.649  t_hwp=0.193  t_qwp=0.309  t_trig=0.733  attempts=1  flags=ok
   12.312  FRAME.START             frame=6  hwp=88  qwp=85
   12.314  ELL.TX                  addr=0  deg=88  hex=000088E4  cmd=0ma000088E4
   12.579  ELL.RX                  addr=0  line=0PO000088E4  raw=b'0PO000088E4\r\n'
   12.584  ELL.DONE                addr=0  pos=88.0  dt=0.267  lines=1  leftover=0
   12.588  ELL.TX                  addr=2  deg=85  hex=00008439  cmd=2ma00008439
   12.994  ELL.RX                  addr=2  line=2PO00008439  raw=b'2PO00008439\r\n'
   13.000  ELL.DONE                addr=2  pos=85.0  dt=0.406  lines=1  leftover=0
   13.416  ARD.TRIG                frame=6  attempt=1
   13.481  ARD.RX                  msg=TRIGGERED  raw=b'TRIGGERED\r\n'  t=0.001
   13.496  ARD.RX                  msg=ARMED  raw=b'ARMED\r\n'  t=0.016
   14.140  ARD.RX                  msg=FRAME_DONE  raw=b'FRAME_DONE\r\n'  t=0.659
   14.143  ARD.FRAME_DONE          frame=6  attempt=1  dt=0.663  leftover=0
   14.145  FRAME.END               frame=6  t_total=1.833  t_hwp=0.274  t_qwp=0.416  t_trig=0.729  attempts=1  flags=ok
   14.149  FRAME.START             frame=7  hwp=83  qwp=76
   14.151  ELL.TX                  addr=0  deg=83  hex=0000811C  cmd=0ma0000811C
   14.339  ELL.RX                  addr=0  line=0PO0000811B  raw=b'0PO0000811B\r\n'
   14.343  ELL.DONE                addr=0  pos=83.0  dt=0.19  lines=1  leftover=0
   14.346  ELL.TX                  addr=2  deg=76  hex=00007639  cmd=2ma00007639
   14.579  ELL.RX                  addr=2  line=2PO0000763B  raw=b'2PO0000763B\r\n'
   14.584  ELL.DONE                addr=2  pos=76.01  dt=0.236  lines=1  leftover=0
   15.000  ARD.TRIG                frame=7  attempt=1
   15.064  ARD.RX                  msg=TRIGGERED  raw=b'TRIGGERED\r\n'  t=0.001
   15.080  ARD.RX                  msg=ARMED  raw=b'ARMED\r\n'  t=0.016
   15.721  ARD.RX                  msg=FRAME_DONE  raw=b'FRAME_DONE\r\n'  t=0.657
   15.722  ARD.FRAME_DONE          frame=7  attempt=1  dt=0.658  leftover=0
   15.723  FRAME.END               frame=7  t_total=1.574  t_hwp=0.196  t_qwp=0.242  t_trig=0.724  attempts=1  flags=ok
   15.725  FRAME.START             frame=8  hwp=157  qwp=49
   15.726  ELL.TX                  addr=0  deg=157  hex=0000F439  cmd=0ma0000F439
   16.131  ELL.RX                  addr=0  line=0PO0000F43B  raw=b'0PO0000F43B\r\n'
   16.132  ELL.DONE                addr=0  pos=157.01  dt=0.405  lines=1  leftover=0
   16.133  ELL.TX                  addr=2  deg=49  hex=00004C39  cmd=2ma00004C39
   16.579  ELL.RX                  addr=2  line=2PO00004C3C  raw=b'2PO00004C3C\r\n'
   16.583  ELL.DONE                addr=2  pos=49.01  dt=0.449  lines=1  leftover=0
   17.000  ARD.TRIG                frame=8  attempt=1
   17.064  ARD.RX                  msg=TRIGGERED  raw=b'TRIGGERED\r\n'  t=0.001
   17.079  ARD.RX                  msg=ARMED  raw=b'ARMED\r\n'  t=0.016
   17.720  ARD.RX                  msg=FRAME_DONE  raw=b'FRAME_DONE\r\n'  t=0.656
   17.724  ARD.FRAME_DONE          frame=8  attempt=1  dt=0.661  leftover=0
   17.727  FRAME.END               frame=8  t_total=2.003  t_hwp=0.407  t_qwp=0.453  t_trig=0.727  attempts=1  flags=SLOW
   17.735  FRAME.START             frame=9  hwp=157  qwp=15
   17.738  ELL.TX                  addr=0  deg=157  hex=0000F439  cmd=0ma0000F439
   17.795  ELL.RX                  addr=0  line=0PO0000F439  raw=b'0PO0000F439\r\n'
   17.796  ELL.DONE                addr=0  pos=157.0  dt=0.053  lines=1  leftover=0
   17.797  ELL.TX                  addr=2  deg=15  hex=00001755  cmd=2ma00001755
   18.403  ELL.RX                  addr=2  line=2PO00001752  raw=b'2PO00001752\r\n'
   18.406  ELL.DONE                addr=2  pos=14.99  dt=0.608  lines=1  leftover=0
   18.812  ARD.TRIG                frame=9  attempt=1
   18.876  ARD.RX                  msg=TRIGGERED  raw=b'TRIGGERED\r\n'  t=0.0
   18.892  ARD.RX                  msg=ARMED  raw=b'ARMED\r\n'  t=0.016
   19.534  ARD.RX                  msg=FRAME_DONE  raw=b'FRAME_DONE\r\n'  t=0.658
   19.538  ARD.FRAME_DONE          frame=9  attempt=1  dt=0.662  leftover=0
   19.542  FRAME.END               frame=9  t_total=1.808  t_hwp=0.059  t_qwp=0.612  t_trig=0.731  attempts=1  flags=ok
   19.550  FRAME.START             frame=10  hwp=74  qwp=22
   19.552  ELL.TX                  addr=0  deg=74  hex=0000731C  cmd=0ma0000731C
   19.859  ELL.RX                  addr=0  line=0PO00007319  raw=b'0PO00007319\r\n'
   19.860  ELL.DONE                addr=0  pos=73.99  dt=0.306  lines=1  leftover=0
   19.861  ELL.TX                  addr=2  deg=22  hex=00002239  cmd=2ma00002239
   20.067  ELL.RX                  addr=2  line=2PO00002236  raw=b'2PO00002236\r\n'
   20.068  ELL.DONE                addr=2  pos=21.99  dt=0.206  lines=1  leftover=0
   20.479  ARD.TRIG                frame=10  attempt=1
   20.544  ARD.RX                  msg=TRIGGERED  raw=b'TRIGGERED\r\n'  t=0.0
   20.559  ARD.RX                  msg=ARMED  raw=b'ARMED\r\n'  t=0.016
   21.197  ARD.RX                  msg=FRAME_DONE  raw=b'FRAME_DONE\r\n'  t=0.654
   21.200  ARD.FRAME_DONE          frame=10  attempt=1  dt=0.657  leftover=0
   21.202  FRAME.END               frame=10  t_total=1.652  t_hwp=0.31  t_qwp=0.208  t_trig=0.723  attempts=1  flags=ok
   21.227  FRAME.START             frame=11  hwp=58  qwp=12
   21.229  ELL.TX                  addr=0  deg=58  hex=00005A39  cmd=0ma00005A39
   21.379  ELL.RX                  addr=0  line=0PO00005A39  raw=b'0PO00005A39\r\n'
   21.380  ELL.DONE                addr=0  pos=58.0  dt=0.149  lines=1  leftover=0
   21.381  ELL.TX                  addr=2  deg=12  hex=000012AB  cmd=2ma000012AB
   21.523  ELL.RX                  addr=2  line=2PO000012AC  raw=b'2PO000012AC\r\n'
   21.524  ELL.DONE                addr=2  pos=12.0  dt=0.143  lines=1  leftover=0
   21.931  ARD.TRIG                frame=11  attempt=1
   21.995  ARD.RX                  msg=TRIGGERED  raw=b'TRIGGERED\r\n'  t=0.001
   22.010  ARD.RX                  msg=ARMED  raw=b'ARMED\r\n'  t=0.016
   22.657  ARD.RX                  msg=FRAME_DONE  raw=b'FRAME_DONE\r\n'  t=0.662
   22.658  ARD.FRAME_DONE          frame=11  attempt=1  dt=0.663  leftover=0
   22.659  FRAME.END               frame=11  t_total=1.431  t_hwp=0.152  t_qwp=0.144  t_trig=0.728  attempts=1  flags=ok
   22.660  FRAME.START             frame=12  hwp=124  qwp=66
   22.661  ELL.TX                  addr=0  deg=124  hex=0000C0E4  cmd=0ma0000C0E4
   23.108  ELL.RX                  addr=0  line=0PO0000C0E1  raw=b'0PO0000C0E1\r\n'
   23.113  ELL.DONE                addr=0  pos=123.99  dt=0.451  lines=1  leftover=0
   23.117  ELL.TX                  addr=2  deg=66  hex=000066AB  cmd=2ma000066AB
   23.524  ELL.RX                  addr=2  line=2PO000066AC  raw=b'2PO000066AC\r\n'
   23.528  ELL.DONE                addr=2  pos=66.0  dt=0.408  lines=1  leftover=0
   23.937  ARD.TRIG                frame=12  attempt=1
   24.001  ARD.RX                  msg=TRIGGERED  raw=b'TRIGGERED\r\n'  t=0.001
   24.017  ARD.RX                  msg=ARMED  raw=b'ARMED\r\n'  t=0.016
   24.662  ARD.RX                  msg=FRAME_DONE  raw=b'FRAME_DONE\r\n'  t=0.661
   24.663  ARD.FRAME_DONE          frame=12  attempt=1  dt=0.663  leftover=0
   24.664  FRAME.END               frame=12  t_total=2.004  t_hwp=0.456  t_qwp=0.414  t_trig=0.727  attempts=1  flags=SLOW
   24.667  FRAME.START             frame=13  hwp=130  qwp=78
   24.668  ELL.TX                  addr=0  deg=130  hex=0000CA39  cmd=0ma0000CA39
   24.963  ELL.RX                  addr=0  line=0PO0000CA3A  raw=b'0PO0000CA3A\r\n'
   24.965  ELL.DONE                addr=0  pos=130.0  dt=0.296  lines=1  leftover=0
   24.966  ELL.TX                  addr=2  deg=78  hex=00007955  cmd=2ma00007955
   25.107  ELL.RX                  addr=2  line=2PO00007954  raw=b'2PO00007954\r\n'
   25.109  ELL.DONE                addr=2  pos=78.0  dt=0.143  lines=1  leftover=0
   25.511  ARD.TRIG                frame=13  attempt=1
   25.575  ARD.RX                  msg=TRIGGERED  raw=b'TRIGGERED\r\n'  t=0.0
   25.591  ARD.RX                  msg=ARMED  raw=b'ARMED\r\n'  t=0.016
   26.230  ARD.RX                  msg=FRAME_DONE  raw=b'FRAME_DONE\r\n'  t=0.656
   26.232  ARD.FRAME_DONE          frame=13  attempt=1  dt=0.657  leftover=0
   26.233  FRAME.END               frame=13  t_total=1.566  t_hwp=0.298  t_qwp=0.145  t_trig=0.722  attempts=1  flags=ok
   26.235  FRAME.START             frame=14  hwp=37  qwp=79
   26.236  ELL.TX                  addr=0  deg=37  hex=0000398E  cmd=0ma0000398E
   26.531  ELL.RX                  addr=0  line=0PO0000398F  raw=b'0PO0000398F\r\n'
   26.533  ELL.DONE                addr=0  pos=37.0  dt=0.294  lines=1  leftover=0
   26.533  ELL.TX                  addr=2  deg=79  hex=00007AE4  cmd=2ma00007AE4
   26.788  ELL.RX                  addr=2  line=2PO00007AE5  raw=b'2PO00007AE5\r\n'
   26.790  ELL.DONE                addr=2  pos=79.0  dt=0.254  lines=1  leftover=0
   27.196  ARD.TRIG                frame=14  attempt=1
   27.260  ARD.RX                  msg=TRIGGERED  raw=b'TRIGGERED\r\n'  t=0.0
   27.275  ARD.RX                  msg=ARMED  raw=b'ARMED\r\n'  t=0.016
   27.919  ARD.RX                  msg=FRAME_DONE  raw=b'FRAME_DONE\r\n'  t=0.659
   27.920  ARD.FRAME_DONE          frame=14  attempt=1  dt=0.66  leftover=0
   27.921  FRAME.END               frame=14  t_total=1.685  t_hwp=0.297  t_qwp=0.259  t_trig=0.725  attempts=1  flags=ok
   27.923  LOOP.END              
