    0.050  SESSION.START           log=D:\1_software\Experimental control software\Synthetic birefringence\0pt25 waves\pshg_diag_20260622_182638.log  csv=D:\1_software\Experimental control software\Synthetic birefringence\0pt25 waves\pshg_diag_20260622_182638.csv  file=delta_waves=0.250_fast_axis=20.xlsx  drain_stale=True
    0.126  ELL.QUERY               cmd=0in  reply='0IN0E1140051420211501016800023000\r\n'
    0.222  ELL.QUERY               cmd=2in  reply='2IN0E1140064920211501016800023000\r\n'
    0.654  ELL.QUERY               cmd=0ho  reply='0PO00000003\r\n'
    1.150  ELL.QUERY               cmd=2ho  reply='2PO00000000\r\n'
    1.182  ELL.QUERY               cmd=0gp  reply='0PO00000003\r\n'
    1.246  ELL.QUERY               cmd=2gp  reply='2PO00000004\r\n'
    2.253  LOOP.START            
    3.266  FRAME.START             frame=1  hwp=103  qwp=91
    3.266  ELL.TX                  addr=0  deg=103  hex=0000A039  cmd=0ma0000A039
    3.662  ELL.RX                  addr=0  line=0PO0000A036  raw=b'0PO0000A036\r\n'
    3.663  ELL.DONE                addr=0  pos=102.99  dt=0.397  lines=1  leftover=0
    3.664  ELL.TX                  addr=2  deg=91  hex=00008D8E  cmd=2ma00008D8E
    4.031  ELL.RX                  addr=2  line=2PO00008D90  raw=b'2PO00008D90\r\n'
    4.035  ELL.DONE                addr=2  pos=91.0  dt=0.371  lines=1  leftover=0
    4.447  ARD.TRIG                frame=1  attempt=1
    4.511  ARD.RX                  msg=TRIGGERED  raw=b'TRIGGERED\r\n'  t=0.0
    4.526  ARD.RX                  msg=ARMED  raw=b'ARMED\r\n'  t=0.015
    5.168  ARD.RX                  msg=FRAME_DONE  raw=b'FRAME_DONE\r\n'  t=0.657
    5.169  ARD.FRAME_DONE          frame=1  attempt=1  dt=0.658  leftover=0
    5.170  FRAME.END               frame=1  t_total=1.905  t_hwp=0.398  t_qwp=0.375  t_trig=0.723  attempts=1  flags=ok
    5.172  FRAME.START             frame=2  hwp=98  qwp=95
    5.174  ELL.TX                  addr=0  deg=98  hex=00009872  cmd=0ma00009872
    5.454  ELL.RX                  addr=0  line=0PO00009873  raw=b'0PO00009873\r\n'
    5.455  ELL.DONE                addr=0  pos=98.0  dt=0.28  lines=1  leftover=0
    5.456  ELL.TX                  addr=2  deg=95  hex=000093C7  cmd=2ma000093C7
    5.646  ELL.RX                  addr=2  line=2PO000093CA  raw=b'2PO000093CA\r\n'
    5.647  ELL.DONE                addr=2  pos=95.01  dt=0.191  lines=1  leftover=0
    6.054  ARD.TRIG                frame=2  attempt=1
    6.118  ARD.RX                  msg=TRIGGERED  raw=b'TRIGGERED\r\n'  t=0.0
    6.133  ARD.RX                  msg=ARMED  raw=b'ARMED\r\n'  t=0.015
    6.774  ARD.RX                  msg=FRAME_DONE  raw=b'FRAME_DONE\r\n'  t=0.657
    6.776  ARD.FRAME_DONE          frame=2  attempt=1  dt=0.658  leftover=0
    6.777  FRAME.END               frame=2  t_total=1.605  t_hwp=0.283  t_qwp=0.192  t_trig=0.722  attempts=1  flags=ok
    6.778  FRAME.START             frame=3  hwp=65  qwp=134
    6.780  ELL.TX                  addr=0  deg=65  hex=0000651C  cmd=0ma0000651C
    6.910  ELL.RX                  addr=0  line=0PO0000651C  raw=b'0PO0000651C\r\n'
    6.912  ELL.DONE                addr=0  pos=65.0  dt=0.13  lines=1  leftover=0
    6.913  ELL.TX                  addr=2  deg=134  hex=0000D072  cmd=2ma0000D072
    7.262  ELL.RX                  addr=2  line=2PO0000D072  raw=b'2PO0000D072\r\n'
    7.264  ELL.DONE                addr=2  pos=134.0  dt=0.35  lines=1  leftover=0
    7.680  ARD.TRIG                frame=3  attempt=1
    7.744  ARD.RX                  msg=TRIGGERED  raw=b'TRIGGERED\r\n'  t=0.0
    7.760  ARD.RX                  msg=ARMED  raw=b'ARMED\r\n'  t=0.016
    8.399  ARD.RX                  msg=FRAME_DONE  raw=b'FRAME_DONE\r\n'  t=0.655
    8.401  ARD.FRAME_DONE          frame=3  attempt=1  dt=0.657  leftover=0
    8.401  FRAME.END               frame=3  t_total=1.623  t_hwp=0.133  t_qwp=0.352  t_trig=0.722  attempts=1  flags=ok
    8.403  FRAME.START             frame=4  hwp=80  qwp=92
    8.404  ELL.TX                  addr=0  deg=80  hex=00007C72  cmd=0ma00007C72
    8.654  ELL.RX                  addr=0  line=0PO00007C73  raw=b'0PO00007C73\r\n'
    8.655  ELL.DONE                addr=0  pos=80.0  dt=0.25  lines=1  leftover=0
    8.656  ELL.TX                  addr=2  deg=92  hex=00008F1C  cmd=2ma00008F1C
    9.038  ELL.RX                  addr=2  line=2PO00008F1A  raw=b'2PO00008F1A\r\n'
    9.039  ELL.DONE                addr=2  pos=91.99  dt=0.382  lines=1  leftover=0
    9.453  ARD.TRIG                frame=4  attempt=1
    9.517  ARD.RX                  msg=TRIGGERED  raw=b'TRIGGERED\r\n'  t=0.0
    9.533  ARD.RX                  msg=ARMED  raw=b'ARMED\r\n'  t=0.016
   10.173  ARD.RX                  msg=FRAME_DONE  raw=b'FRAME_DONE\r\n'  t=0.655
   10.174  ARD.FRAME_DONE          frame=4  attempt=1  dt=0.657  leftover=0
   10.175  FRAME.END               frame=4  t_total=1.772  t_hwp=0.252  t_qwp=0.384  t_trig=0.722  attempts=1  flags=ok
   10.177  FRAME.START             frame=5  hwp=165  qwp=84
   10.177  ELL.TX                  addr=0  deg=165  hex=000100AB  cmd=0ma000100AB
   10.558  ELL.RX                  addr=0  line=0PO000100AA  raw=b'0PO000100AA\r\n'
   10.559  ELL.DONE                addr=0  pos=165.0  dt=0.381  lines=1  leftover=0
   10.560  ELL.TX                  addr=2  deg=84  hex=000082AB  cmd=2ma000082AB
   10.958  ELL.RX                  addr=2  line=2PO000082AE  raw=b'2PO000082AE\r\n'
   10.959  ELL.DONE                addr=2  pos=84.01  dt=0.398  lines=1  leftover=0
   11.373  ARD.TRIG                frame=5  attempt=1
   11.437  ARD.RX                  msg=TRIGGERED  raw=b'TRIGGERED\r\n'  t=0.0
   11.452  ARD.RX                  msg=ARMED  raw=b'ARMED\r\n'  t=0.015
   12.097  ARD.RX                  msg=FRAME_DONE  raw=b'FRAME_DONE\r\n'  t=0.66
   12.098  ARD.FRAME_DONE          frame=5  attempt=1  dt=0.661  leftover=0
   12.099  FRAME.END               frame=5  t_total=1.922  t_hwp=0.383  t_qwp=0.4  t_trig=0.726  attempts=1  flags=ok
   12.100  FRAME.START             frame=6  hwp=53  qwp=66
   12.101  ELL.TX                  addr=0  deg=53  hex=00005272  cmd=0ma00005272
   12.414  ELL.RX                  addr=0  line=0PO00005274  raw=b'0PO00005274\r\n'
   12.416  ELL.DONE                addr=0  pos=53.01  dt=0.314  lines=1  leftover=0
   12.416  ELL.TX                  addr=2  deg=66  hex=000066AB  cmd=2ma000066AB
   12.798  ELL.RX                  addr=2  line=2PO000066A8  raw=b'2PO000066A8\r\n'
   12.799  ELL.DONE                addr=2  pos=65.99  dt=0.382  lines=1  leftover=0
   13.214  ARD.TRIG                frame=6  attempt=1
   13.278  ARD.RX                  msg=TRIGGERED  raw=b'TRIGGERED\r\n'  t=0.0
   13.294  ARD.RX                  msg=ARMED  raw=b'ARMED\r\n'  t=0.016
   13.935  ARD.RX                  msg=FRAME_DONE  raw=b'FRAME_DONE\r\n'  t=0.657
   13.936  ARD.FRAME_DONE          frame=6  attempt=1  dt=0.658  leftover=0
   13.937  FRAME.END               frame=6  t_total=1.836  t_hwp=0.315  t_qwp=0.384  t_trig=0.723  attempts=1  flags=ok
   13.938  FRAME.START             frame=7  hwp=46  qwp=59
   13.939  ELL.TX                  addr=0  deg=46  hex=0000478E  cmd=0ma0000478E
   14.031  ELL.RX                  addr=0  line=0PO0000478D  raw=b'0PO0000478D\r\n'
   14.032  ELL.DONE                addr=0  pos=46.0  dt=0.092  lines=1  leftover=0
   14.033  ELL.TX                  addr=2  deg=59  hex=00005BC7  cmd=2ma00005BC7
   14.399  ELL.RX                  addr=2  line=2PO00005BC9  raw=b'2PO00005BC9\r\n'
   14.400  ELL.DONE                addr=2  pos=59.0  dt=0.366  lines=1  leftover=0
   14.810  ARD.TRIG                frame=7  attempt=1
   14.873  ARD.RX                  msg=TRIGGERED  raw=b'TRIGGERED\r\n'  t=0.0
   14.888  ARD.RX                  msg=ARMED  raw=b'ARMED\r\n'  t=0.015
   15.530  ARD.RX                  msg=FRAME_DONE  raw=b'FRAME_DONE\r\n'  t=0.657
   15.533  ARD.FRAME_DONE          frame=7  attempt=1  dt=0.659  leftover=0
   15.534  FRAME.END               frame=7  t_total=1.595  t_hwp=0.094  t_qwp=0.368  t_trig=0.723  attempts=1  flags=ok
   15.536  FRAME.START             frame=8  hwp=59  qwp=6
   15.537  ELL.TX                  addr=0  deg=59  hex=00005BC7  cmd=0ma00005BC7
   15.647  ELL.RX                  addr=0  line=0PO00005BC9  raw=b'0PO00005BC9\r\n'
   15.648  ELL.DONE                addr=0  pos=59.0  dt=0.11  lines=1  leftover=0
   15.649  ELL.TX                  addr=2  deg=6  hex=00000955  cmd=2ma00000955
   15.983  ELL.RX                  addr=2  line=2PO00000952  raw=b'2PO00000952\r\n'
   15.984  ELL.DONE                addr=2  pos=5.99  dt=0.333  lines=1  leftover=0
   16.393  ARD.TRIG                frame=8  attempt=1
   16.457  ARD.RX                  msg=TRIGGERED  raw=b'TRIGGERED\r\n'  t=0.0
   16.471  ARD.RX                  msg=ARMED  raw=b'ARMED\r\n'  t=0.015
   17.115  ARD.RX                  msg=FRAME_DONE  raw=b'FRAME_DONE\r\n'  t=0.659
   17.117  ARD.FRAME_DONE          frame=8  attempt=1  dt=0.66  leftover=0
   17.117  FRAME.END               frame=8  t_total=1.582  t_hwp=0.112  t_qwp=0.336  t_trig=0.724  attempts=1  flags=ok
   17.119  FRAME.START             frame=9  hwp=51  qwp=10
   17.120  ELL.TX                  addr=0  deg=51  hex=00004F55  cmd=0ma00004F55
   17.311  ELL.RX                  addr=0  line=0PO00004F54  raw=b'0PO00004F54\r\n'
   17.312  ELL.DONE                addr=0  pos=51.0  dt=0.192  lines=1  leftover=0
   17.313  ELL.TX                  addr=2  deg=10  hex=00000F8E  cmd=2ma00000F8E
   17.599  ELL.RX                  addr=2  line=2PO00000F8D  raw=b'2PO00000F8D\r\n'
   17.600  ELL.DONE                addr=2  pos=10.0  dt=0.285  lines=1  leftover=0
   18.007  ARD.TRIG                frame=9  attempt=1
   18.071  ARD.RX                  msg=TRIGGERED  raw=b'TRIGGERED\r\n'  t=0.0
   18.087  ARD.RX                  msg=ARMED  raw=b'ARMED\r\n'  t=0.016
   18.728  ARD.RX                  msg=FRAME_DONE  raw=b'FRAME_DONE\r\n'  t=0.657
   18.730  ARD.FRAME_DONE          frame=9  attempt=1  dt=0.659  leftover=0
   18.731  FRAME.END               frame=9  t_total=1.612  t_hwp=0.193  t_qwp=0.288  t_trig=0.724  attempts=1  flags=ok
   18.733  FRAME.START             frame=10  hwp=19  qwp=48
   18.735  ELL.TX                  addr=0  deg=19  hex=00001D8E  cmd=0ma00001D8E
   18.959  ELL.RX                  addr=0  line=0PO00001D8C  raw=b'0PO00001D8C\r\n'
   18.960  ELL.DONE                addr=0  pos=18.99  dt=0.224  lines=1  leftover=0
   18.961  ELL.TX                  addr=2  deg=48  hex=00004AAB  cmd=2ma00004AAB
   19.295  ELL.RX                  addr=2  line=2PO00004AAD  raw=b'2PO00004AAD\r\n'
   19.297  ELL.DONE                addr=2  pos=48.01  dt=0.335  lines=1  leftover=0
   19.710  ARD.TRIG                frame=10  attempt=1
   19.774  ARD.RX                  msg=TRIGGERED  raw=b'TRIGGERED\r\n'  t=0.0
   19.790  ARD.RX                  msg=ARMED  raw=b'ARMED\r\n'  t=0.016
   20.429  ARD.RX                  msg=FRAME_DONE  raw=b'FRAME_DONE\r\n'  t=0.654
   20.430  ARD.FRAME_DONE          frame=10  attempt=1  dt=0.656  leftover=0
   20.431  FRAME.END               frame=10  t_total=1.698  t_hwp=0.226  t_qwp=0.338  t_trig=0.721  attempts=1  flags=ok
   20.433  FRAME.START             frame=11  hwp=13  qwp=53
   20.434  ELL.TX                  addr=0  deg=13  hex=00001439  cmd=0ma00001439
   20.527  ELL.RX                  addr=0  line=0PO00001438  raw=b'0PO00001438\r\n'
   20.528  ELL.DONE                addr=0  pos=13.0  dt=0.093  lines=1  leftover=0
   20.529  ELL.TX                  addr=2  deg=53  hex=00005272  cmd=2ma00005272
   20.831  ELL.RX                  addr=2  line=2PO00005270  raw=b'2PO00005270\r\n'
   20.832  ELL.DONE                addr=2  pos=53.0  dt=0.302  lines=1  leftover=0
   21.238  ARD.TRIG                frame=11  attempt=1
   21.306  ARD.RX                  msg=TRIGGERED  raw=b'TRIGGERED\r\n'  t=0.0
   21.322  ARD.RX                  msg=ARMED  raw=b'ARMED\r\n'  t=0.015
   21.961  ARD.RX                  msg=FRAME_DONE  raw=b'FRAME_DONE\r\n'  t=0.655
   21.962  ARD.FRAME_DONE          frame=11  attempt=1  dt=0.656  leftover=0
   21.963  FRAME.END               frame=11  t_total=1.529  t_hwp=0.095  t_qwp=0.304  t_trig=0.725  attempts=1  flags=ok
   21.964  FRAME.START             frame=12  hwp=9  qwp=67
   21.965  ELL.TX                  addr=0  deg=9  hex=00000E00  cmd=0ma00000E00
   22.063  ELL.RX                  addr=0  line=0PO00000E02  raw=b'0PO00000E02\r\n'
   22.064  ELL.DONE                addr=0  pos=9.01  dt=0.098  lines=1  leftover=0
   22.065  ELL.TX                  addr=2  deg=67  hex=00006839  cmd=2ma00006839
   22.415  ELL.RX                  addr=2  line=2PO00006839  raw=b'2PO00006839\r\n'
   22.420  ELL.DONE                addr=2  pos=67.0  dt=0.354  lines=1  leftover=0
   22.829  ARD.TRIG                frame=12  attempt=1
   22.891  ARD.RX                  msg=TRIGGERED  raw=b'TRIGGERED\r\n'  t=0.0
   22.907  ARD.RX                  msg=ARMED  raw=b'ARMED\r\n'  t=0.016
   23.550  ARD.RX                  msg=FRAME_DONE  raw=b'FRAME_DONE\r\n'  t=0.659
   23.551  ARD.FRAME_DONE          frame=12  attempt=1  dt=0.66  leftover=0
   23.552  FRAME.END               frame=12  t_total=1.588  t_hwp=0.1  t_qwp=0.358  t_trig=0.723  attempts=1  flags=ok
   23.553  FRAME.START             frame=13  hwp=8  qwp=76
   23.554  ELL.TX                  addr=0  deg=8  hex=00000C72  cmd=0ma00000C72
   23.631  ELL.RX                  addr=0  line=0PO00000C75  raw=b'0PO00000C75\r\n'
   23.632  ELL.DONE                addr=0  pos=8.01  dt=0.077  lines=1  leftover=0
   23.633  ELL.TX                  addr=2  deg=76  hex=00007639  cmd=2ma00007639
   23.855  ELL.RX                  addr=2  line=2PO00007636  raw=b'2PO00007636\r\n'
   23.857  ELL.DONE                addr=2  pos=75.99  dt=0.223  lines=1  leftover=0
   24.265  ARD.TRIG                frame=13  attempt=1
   24.327  ARD.RX                  msg=TRIGGERED  raw=b'TRIGGERED\r\n'  t=0.0
   24.342  ARD.RX                  msg=ARMED  raw=b'ARMED\r\n'  t=0.016
   24.983  ARD.RX                  msg=FRAME_DONE  raw=b'FRAME_DONE\r\n'  t=0.657
   24.985  ARD.FRAME_DONE          frame=13  attempt=1  dt=0.658  leftover=0
   24.986  FRAME.END               frame=13  t_total=1.432  t_hwp=0.079  t_qwp=0.224  t_trig=0.721  attempts=1  flags=ok
   24.987  FRAME.START             frame=14  hwp=99  qwp=95
   24.988  ELL.TX                  addr=0  deg=99  hex=00009A00  cmd=0ma00009A00
   25.423  ELL.RX                  addr=0  line=0PO00009A00  raw=b'0PO00009A00\r\n'
   25.425  ELL.DONE                addr=0  pos=99.0  dt=0.435  lines=1  leftover=0
   25.425  ELL.TX                  addr=2  deg=95  hex=000093C7  cmd=2ma000093C7
   25.727  ELL.RX                  addr=2  line=2PO000093C4  raw=b'2PO000093C4\r\n'
   25.729  ELL.DONE                addr=2  pos=94.99  dt=0.303  lines=1  leftover=0
   26.134  ARD.TRIG                frame=14  attempt=1
   26.197  ARD.RX                  msg=TRIGGERED  raw=b'TRIGGERED\r\n'  t=0.0
   26.212  ARD.RX                  msg=ARMED  raw=b'ARMED\r\n'  t=0.015
   26.858  ARD.RX                  msg=FRAME_DONE  raw=b'FRAME_DONE\r\n'  t=0.661
   26.859  ARD.FRAME_DONE          frame=14  attempt=1  dt=0.662  leftover=0
   26.860  FRAME.END               frame=14  t_total=1.873  t_hwp=0.437  t_qwp=0.304  t_trig=0.726  attempts=1  flags=ok
   26.863  LOOP.END              
