    0.022  SESSION.START           log=D:\1_software\Experimental control software\Synthetic birefringence\0pt25 waves\pshg_diag_20260623_145816.log  csv=D:\1_software\Experimental control software\Synthetic birefringence\0pt25 waves\pshg_diag_20260623_145816.csv  file=delta_waves=0.250_fast_axis=100.xlsx  drain_stale=True
    0.066  ELL.QUERY               cmd=0in  reply='0IN0E1140051420211501016800023000\r\n'
    0.162  ELL.QUERY               cmd=2in  reply='2IN0E1140064920211501016800023000\r\n'
    0.466  ELL.QUERY               cmd=0ho  reply='0PO00000002\r\n'
    0.963  ELL.QUERY               cmd=2ho  reply='2POFFFFFFFE\r\n'
    0.995  ELL.QUERY               cmd=0gp  reply='0PO00000002\r\n'
    1.074  ELL.QUERY               cmd=2gp  reply='2POFFFFFFFA\r\n'
    2.088  LOOP.START            
    3.105  FRAME.START             frame=1  hwp=50  qwp=14
    3.110  ELL.TX                  addr=0  deg=50  hex=00004DC7  cmd=0ma00004DC7
    3.379  ELL.RX                  addr=0  line=0PO00004DC7  raw=b'0PO00004DC7\r\n'
    3.384  ELL.DONE                addr=0  pos=50.0  dt=0.27  lines=1  leftover=0
    3.388  ELL.TX                  addr=2  deg=14  hex=000015C7  cmd=2ma000015C7
    3.731  ELL.RX                  addr=2  line=2PO000015C4  raw=b'2PO000015C4\r\n'
    3.735  ELL.DONE                addr=2  pos=13.99  dt=0.341  lines=1  leftover=0
    4.150  ARD.TRIG                frame=1  attempt=1
    4.214  ARD.RX                  msg=TRIGGERED  raw=b'TRIGGERED\r\n'  t=0.0
    4.230  ARD.RX                  msg=ARMED  raw=b'ARMED\r\n'  t=0.016
    4.870  ARD.RX                  msg=FRAME_DONE  raw=b'FRAME_DONE\r\n'  t=0.656
    4.872  ARD.FRAME_DONE          frame=1  attempt=1  dt=0.658  leftover=0
    4.873  FRAME.END               frame=1  t_total=1.768  t_hwp=0.278  t_qwp=0.351  t_trig=0.724  attempts=1  flags=ok
    4.876  FRAME.START             frame=2  hwp=120  qwp=54
    4.877  ELL.TX                  addr=0  deg=120  hex=0000BAAB  cmd=0ma0000BAAB
    5.250  ELL.RX                  addr=0  line=0PO0000BAAB  raw=b'0PO0000BAAB\r\n'
    5.252  ELL.DONE                addr=0  pos=120.0  dt=0.374  lines=1  leftover=0
    5.254  ELL.TX                  addr=2  deg=54  hex=00005400  cmd=2ma00005400
    5.698  ELL.RX                  addr=2  line=2PO00005400  raw=b'2PO00005400\r\n'
    5.700  ELL.DONE                addr=2  pos=54.0  dt=0.446  lines=1  leftover=0
    6.107  ARD.TRIG                frame=2  attempt=1
    6.179  ARD.RX                  msg=TRIGGERED  raw=b'TRIGGERED\r\n'  t=0.001
    6.189  ARD.RX                  msg=ARMED  raw=b'ARMED\r\n'  t=0.012
    6.828  ARD.RX                  msg=FRAME_DONE  raw=b'FRAME_DONE\r\n'  t=0.65
    6.830  ARD.FRAME_DONE          frame=2  attempt=1  dt=0.651  leftover=0
    6.830  FRAME.END               frame=2  t_total=1.955  t_hwp=0.377  t_qwp=0.447  t_trig=0.724  attempts=1  flags=ok
    6.832  FRAME.START             frame=3  hwp=43  qwp=60
    6.833  ELL.TX                  addr=0  deg=43  hex=000042E4  cmd=0ma000042E4
    7.123  ELL.RX                  addr=0  line=0PO000042E6  raw=b'0PO000042E6\r\n'
    7.126  ELL.DONE                addr=0  pos=43.01  dt=0.292  lines=1  leftover=0
    7.127  ELL.TX                  addr=2  deg=60  hex=00005D55  cmd=2ma00005D55
    7.363  ELL.RX                  addr=2  line=2PO00005D52  raw=b'2PO00005D52\r\n'
    7.367  ELL.DONE                addr=2  pos=59.99  dt=0.238  lines=1  leftover=0
    7.777  ARD.TRIG                frame=3  attempt=1
    7.842  ARD.RX                  msg=TRIGGERED  raw=b'TRIGGERED\r\n'  t=0.001
    7.857  ARD.RX                  msg=ARMED  raw=b'ARMED\r\n'  t=0.016
    8.499  ARD.RX                  msg=FRAME_DONE  raw=b'FRAME_DONE\r\n'  t=0.659
    8.502  ARD.FRAME_DONE          frame=3  attempt=1  dt=0.661  leftover=0
    8.504  FRAME.END               frame=3  t_total=1.672  t_hwp=0.295  t_qwp=0.243  t_trig=0.727  attempts=1  flags=ok
    8.508  FRAME.START             frame=4  hwp=49  qwp=68
    8.510  ELL.TX                  addr=0  deg=49  hex=00004C39  cmd=0ma00004C39
    8.707  ELL.RX                  addr=0  line=0PO00004C3A  raw=b'0PO00004C3A\r\n'
    8.708  ELL.DONE                addr=0  pos=49.0  dt=0.196  lines=1  leftover=0
    8.709  ELL.TX                  addr=2  deg=68  hex=000069C7  cmd=2ma000069C7
    9.091  ELL.RX                  addr=2  line=2PO000069C8  raw=b'2PO000069C8\r\n'
    9.092  ELL.DONE                addr=2  pos=68.0  dt=0.381  lines=1  leftover=0
    9.498  ARD.TRIG                frame=4  attempt=1
    9.561  ARD.RX                  msg=TRIGGERED  raw=b'TRIGGERED\r\n'  t=0.0
    9.577  ARD.RX                  msg=ARMED  raw=b'ARMED\r\n'  t=0.016
   10.220  ARD.RX                  msg=FRAME_DONE  raw=b'FRAME_DONE\r\n'  t=0.658
   10.221  ARD.FRAME_DONE          frame=4  attempt=1  dt=0.66  leftover=0
   10.222  FRAME.END               frame=4  t_total=1.714  t_hwp=0.199  t_qwp=0.384  t_trig=0.724  attempts=1  flags=ok
   10.224  FRAME.START             frame=5  hwp=162  qwp=89
   10.225  ELL.TX                  addr=0  deg=162  hex=0000FC00  cmd=0ma0000FC00
   10.867  ELL.RX                  addr=0  line=0PO0000FBFE  raw=b'0PO0000FBFE\r\n'
   10.868  ELL.DONE                addr=0  pos=161.99  dt=0.642  lines=1  leftover=0
   10.869  ELL.TX                  addr=2  deg=89  hex=00008A72  cmd=2ma00008A72
   11.219  ELL.RX                  addr=2  line=2PO00008A73  raw=b'2PO00008A73\r\n'
   11.220  ELL.DONE                addr=2  pos=89.0  dt=0.35  lines=1  leftover=0
   11.625  ARD.TRIG                frame=5  attempt=1
   11.690  ARD.RX                  msg=TRIGGERED  raw=b'TRIGGERED\r\n'  t=0.0
   11.705  ARD.RX                  msg=ARMED  raw=b'ARMED\r\n'  t=0.015
   12.345  ARD.RX                  msg=FRAME_DONE  raw=b'FRAME_DONE\r\n'  t=0.655
   12.347  ARD.FRAME_DONE          frame=5  attempt=1  dt=0.657  leftover=0
   12.348  FRAME.END               frame=5  t_total=2.123  t_hwp=0.644  t_qwp=0.355  t_trig=0.722  attempts=1  flags=SLOW
   12.349  FRAME.START             frame=6  hwp=176  qwp=95
   12.350  ELL.TX                  addr=0  deg=176  hex=000111C7  cmd=0ma000111C7
   12.627  ELL.RX                  addr=0  line=0PO000111CA  raw=b'0PO000111CA\r\n'
   12.631  ELL.DONE                addr=0  pos=176.01  dt=0.28  lines=1  leftover=0
   12.639  ELL.TX                  addr=2  deg=95  hex=000093C7  cmd=2ma000093C7
   12.883  ELL.RX                  addr=2  line=2PO000093C7  raw=b'2PO000093C7\r\n'
   12.885  ELL.DONE                addr=2  pos=95.0  dt=0.239  lines=1  leftover=0
   13.294  ARD.TRIG                frame=6  attempt=1
   13.356  ARD.RX                  msg=TRIGGERED  raw=b'TRIGGERED\r\n'  t=0.0
   13.372  ARD.RX                  msg=ARMED  raw=b'ARMED\r\n'  t=0.016
   14.016  ARD.RX                  msg=FRAME_DONE  raw=b'FRAME_DONE\r\n'  t=0.661
   14.018  ARD.FRAME_DONE          frame=6  attempt=1  dt=0.662  leftover=0
   14.019  FRAME.END               frame=6  t_total=1.669  t_hwp=0.289  t_qwp=0.247  t_trig=0.724  attempts=1  flags=ok
   14.021  FRAME.START             frame=7  hwp=1  qwp=93
   14.022  ELL.TX                  addr=0  deg=1  hex=0000018E  cmd=0ma0000018E
   14.500  ELL.RX                  addr=0  line=0PO0000018D  raw=b'0PO0000018D\r\n'
   14.502  ELL.DONE                addr=0  pos=1.0  dt=0.478  lines=1  leftover=0
   14.505  ELL.TX                  addr=2  deg=93  hex=000090AB  cmd=2ma000090AB
   14.707  ELL.RX                  addr=2  line=2PO000090A8  raw=b'2PO000090A8\r\n'
   14.709  ELL.DONE                addr=2  pos=92.99  dt=0.202  lines=1  leftover=0
   15.121  ARD.TRIG                frame=7  attempt=1
   15.185  ARD.RX                  msg=TRIGGERED  raw=b'TRIGGERED\r\n'  t=0.0
   15.201  ARD.RX                  msg=ARMED  raw=b'ARMED\r\n'  t=0.016
   15.839  ARD.RX                  msg=FRAME_DONE  raw=b'FRAME_DONE\r\n'  t=0.654
   15.843  ARD.FRAME_DONE          frame=7  attempt=1  dt=0.658  leftover=0
   15.845  FRAME.END               frame=7  t_total=1.823  t_hwp=0.482  t_qwp=0.205  t_trig=0.724  attempts=1  flags=ok
   15.849  FRAME.START             frame=8  hwp=95  qwp=95
   15.850  ELL.TX                  addr=0  deg=95  hex=000093C7  cmd=0ma000093C7
   16.387  ELL.RX                  addr=0  line=0PO000093C5  raw=b'0PO000093C5\r\n'
   16.389  ELL.DONE                addr=0  pos=94.99  dt=0.537  lines=1  leftover=0
   16.391  ELL.TX                  addr=2  deg=95  hex=000093C7  cmd=2ma000093C7
   16.628  ELL.RX                  addr=2  line=2PO000093C7  raw=b'2PO000093C7\r\n'
   16.633  ELL.DONE                addr=2  pos=95.0  dt=0.239  lines=1  leftover=0
   17.041  ARD.TRIG                frame=8  attempt=1
   17.105  ARD.RX                  msg=TRIGGERED  raw=b'TRIGGERED\r\n'  t=0.0
   17.121  ARD.RX                  msg=ARMED  raw=b'ARMED\r\n'  t=0.016
   17.760  ARD.RX                  msg=FRAME_DONE  raw=b'FRAME_DONE\r\n'  t=0.654
   17.761  ARD.FRAME_DONE          frame=8  attempt=1  dt=0.656  leftover=0
   17.762  FRAME.END               frame=8  t_total=1.914  t_hwp=0.541  t_qwp=0.246  t_trig=0.721  attempts=1  flags=ok
   17.764  FRAME.START             frame=9  hwp=4  qwp=75
   17.765  ELL.TX                  addr=0  deg=4  hex=00000639  cmd=0ma00000639
   18.020  ELL.RX                  addr=0  line=0PO0000063C  raw=b'0PO0000063C\r\n'
   18.024  ELL.DONE                addr=0  pos=4.01  dt=0.258  lines=1  leftover=0
   18.026  ELL.TX                  addr=2  deg=75  hex=000074AB  cmd=2ma000074AB
   18.292  ELL.RX                  addr=2  line=2PO000074A9  raw=b'2PO000074A9\r\n'
   18.294  ELL.DONE                addr=2  pos=75.0  dt=0.266  lines=1  leftover=0
   18.706  ARD.TRIG                frame=9  attempt=1
   18.770  ARD.RX                  msg=TRIGGERED  raw=b'TRIGGERED\r\n'  t=0.0
   18.785  ARD.RX                  msg=ARMED  raw=b'ARMED\r\n'  t=0.016
   19.431  ARD.RX                  msg=FRAME_DONE  raw=b'FRAME_DONE\r\n'  t=0.662
   19.433  ARD.FRAME_DONE          frame=9  attempt=1  dt=0.664  leftover=0
   19.434  FRAME.END               frame=9  t_total=1.67  t_hwp=0.261  t_qwp=0.271  t_trig=0.729  attempts=1  flags=ok
   19.438  FRAME.START             frame=10  hwp=100  qwp=82
   19.440  ELL.TX                  addr=0  deg=100  hex=00009B8E  cmd=0ma00009B8E
   19.860  ELL.RX                  addr=0  line=0PO00009B91  raw=b'0PO00009B91\r\n'
   19.862  ELL.DONE                addr=0  pos=100.01  dt=0.421  lines=1  leftover=0
   19.865  ELL.TX                  addr=2  deg=82  hex=00007F8E  cmd=2ma00007F8E
   20.196  ELL.RX                  addr=2  line=2PO00007F8C  raw=b'2PO00007F8C\r\n'
   20.198  ELL.DONE                addr=2  pos=81.99  dt=0.331  lines=1  leftover=0
   20.610  ARD.TRIG                frame=10  attempt=1
   20.674  ARD.RX                  msg=TRIGGERED  raw=b'TRIGGERED\r\n'  t=0.0
   20.690  ARD.RX                  msg=ARMED  raw=b'ARMED\r\n'  t=0.016
   21.332  ARD.RX                  msg=FRAME_DONE  raw=b'FRAME_DONE\r\n'  t=0.657
   21.333  ARD.FRAME_DONE          frame=10  attempt=1  dt=0.659  leftover=0
   21.334  FRAME.END               frame=10  t_total=1.896  t_hwp=0.426  t_qwp=0.335  t_trig=0.725  attempts=1  flags=ok
   21.337  FRAME.START             frame=11  hwp=100  qwp=62
   21.338  ELL.TX                  addr=0  deg=100  hex=00009B8E  cmd=0ma00009B8E
   21.380  ELL.RX                  addr=0  line=0PO00009B8E  raw=b'0PO00009B8E\r\n'
   21.381  ELL.DONE                addr=0  pos=100.0  dt=0.042  lines=1  leftover=0
   21.382  ELL.TX                  addr=2  deg=62  hex=00006072  cmd=2ma00006072
   21.637  ELL.RX                  addr=2  line=2PO00006073  raw=b'2PO00006073\r\n'
   21.643  ELL.DONE                addr=2  pos=62.0  dt=0.261  lines=1  leftover=0
   22.061  ARD.TRIG                frame=11  attempt=1
   22.126  ARD.RX                  msg=TRIGGERED  raw=b'TRIGGERED\r\n'  t=0.0
   22.141  ARD.RX                  msg=ARMED  raw=b'ARMED\r\n'  t=0.016
   22.786  ARD.RX                  msg=FRAME_DONE  raw=b'FRAME_DONE\r\n'  t=0.66
   22.788  ARD.FRAME_DONE          frame=11  attempt=1  dt=0.662  leftover=0
   22.789  FRAME.END               frame=11  t_total=1.452  t_hwp=0.044  t_qwp=0.264  t_trig=0.728  attempts=1  flags=ok
   22.791  FRAME.START             frame=12  hwp=39  qwp=13
   22.793  ELL.TX                  addr=0  deg=39  hex=00003CAB  cmd=0ma00003CAB
   23.060  ELL.RX                  addr=0  line=0PO00003CAC  raw=b'0PO00003CAC\r\n'
   23.063  ELL.DONE                addr=0  pos=39.0  dt=0.27  lines=1  leftover=0
   23.066  ELL.TX                  addr=2  deg=13  hex=00001439  cmd=2ma00001439
   23.524  ELL.RX                  addr=2  line=2PO0000143B  raw=b'2PO0000143B\r\n'
   23.526  ELL.DONE                addr=2  pos=13.01  dt=0.456  lines=1  leftover=0
   23.934  ARD.TRIG                frame=12  attempt=1
   23.998  ARD.RX                  msg=TRIGGERED  raw=b'TRIGGERED\r\n'  t=0.0
   24.014  ARD.RX                  msg=ARMED  raw=b'ARMED\r\n'  t=0.016
   24.658  ARD.RX                  msg=FRAME_DONE  raw=b'FRAME_DONE\r\n'  t=0.66
   24.659  ARD.FRAME_DONE          frame=12  attempt=1  dt=0.662  leftover=0
   24.661  FRAME.END               frame=12  t_total=1.869  t_hwp=0.273  t_qwp=0.462  t_trig=0.727  attempts=1  flags=ok
   24.663  FRAME.START             frame=13  hwp=23  qwp=44
   24.664  ELL.TX                  addr=0  deg=23  hex=000023C7  cmd=0ma000023C7
   24.788  ELL.RX                  addr=0  line=0PO000023C7  raw=b'0PO000023C7\r\n'
   24.789  ELL.DONE                addr=0  pos=23.0  dt=0.124  lines=1  leftover=0
   24.790  ELL.TX                  addr=2  deg=44  hex=00004472  cmd=2ma00004472
   25.060  ELL.RX                  addr=2  line=2PO00004475  raw=b'2PO00004475\r\n'
   25.063  ELL.DONE                addr=2  pos=44.01  dt=0.273  lines=1  leftover=0
   25.474  ARD.TRIG                frame=13  attempt=1
   25.539  ARD.RX                  msg=TRIGGERED  raw=b'TRIGGERED\r\n'  t=0.0
   25.555  ARD.RX                  msg=ARMED  raw=b'ARMED\r\n'  t=0.016
   26.194  ARD.RX                  msg=FRAME_DONE  raw=b'FRAME_DONE\r\n'  t=0.655
   26.196  ARD.FRAME_DONE          frame=13  attempt=1  dt=0.657  leftover=0
   26.198  FRAME.END               frame=13  t_total=1.535  t_hwp=0.126  t_qwp=0.275  t_trig=0.724  attempts=1  flags=ok
   26.206  FRAME.START             frame=14  hwp=119  qwp=54
   26.209  ELL.TX                  addr=0  deg=119  hex=0000B91C  cmd=0ma0000B91C
   26.661  ELL.RX                  addr=0  line=0PO0000B91E  raw=b'0PO0000B91E\r\n'
   26.663  ELL.DONE                addr=0  pos=119.0  dt=0.451  lines=1  leftover=0
   26.666  ELL.TX                  addr=2  deg=54  hex=00005400  cmd=2ma00005400
   27.044  ELL.RX                  addr=2  line=2PO00005401  raw=b'2PO00005401\r\n'
   27.046  ELL.DONE                addr=2  pos=54.0  dt=0.374  lines=1  leftover=0
   27.457  ARD.TRIG                frame=14  attempt=1
   27.521  ARD.RX                  msg=TRIGGERED  raw=b'TRIGGERED\r\n'  t=0.0
   27.537  ARD.RX                  msg=ARMED  raw=b'ARMED\r\n'  t=0.016
   28.180  ARD.RX                  msg=FRAME_DONE  raw=b'FRAME_DONE\r\n'  t=0.659
   28.181  ARD.FRAME_DONE          frame=14  attempt=1  dt=0.66  leftover=0
   28.182  FRAME.END               frame=14  t_total=1.976  t_hwp=0.457  t_qwp=0.382  t_trig=0.726  attempts=1  flags=ok
   28.186  LOOP.END              
