    0.020  SESSION.START           log=D:\1_software\Experimental control software\Synthetic birefringence\0pt25 waves\pshg_diag_20260623_142542.log  csv=D:\1_software\Experimental control software\Synthetic birefringence\0pt25 waves\pshg_diag_20260623_142542.csv  file=delta_waves=0.250_fast_axis=70.xlsx  drain_stale=True
    0.066  ELL.QUERY               cmd=0in  reply='0IN0E1140051420211501016800023000\r\n'
    0.162  ELL.QUERY               cmd=2in  reply='2IN0E1140064920211501016800023000\r\n'
    0.450  ELL.QUERY               cmd=0ho  reply='0POFFFFFFFE\r\n'
    0.882  ELL.QUERY               cmd=2ho  reply='2PO00000001\r\n'
    0.914  ELL.QUERY               cmd=0gp  reply='0POFFFFFFFE\r\n'
    0.994  ELL.QUERY               cmd=2gp  reply='2PO0000000A\r\n'
    2.011  LOOP.START            
    3.036  FRAME.START             frame=1  hwp=37  qwp=64
    3.042  ELL.TX                  addr=0  deg=37  hex=0000398E  cmd=0ma0000398E
    3.266  ELL.RX                  addr=0  line=0PO0000398B  raw=b'0PO0000398B\r\n'
    3.269  ELL.DONE                addr=0  pos=36.99  dt=0.222  lines=1  leftover=0
    3.271  ELL.TX                  addr=2  deg=64  hex=0000638E  cmd=2ma0000638E
    3.650  ELL.RX                  addr=2  line=2PO0000638D  raw=b'2PO0000638D\r\n'
    3.652  ELL.DONE                addr=2  pos=64.0  dt=0.38  lines=1  leftover=0
    4.064  ARD.TRIG                frame=1  attempt=1
    4.129  ARD.RX                  msg=TRIGGERED  raw=b'TRIGGERED\r\n'  t=0.001
    4.144  ARD.RX                  msg=ARMED  raw=b'ARMED\r\n'  t=0.016
    4.786  ARD.RX                  msg=FRAME_DONE  raw=b'FRAME_DONE\r\n'  t=0.658
    4.789  ARD.FRAME_DONE          frame=1  attempt=1  dt=0.661  leftover=0
    4.792  FRAME.END               frame=1  t_total=1.756  t_hwp=0.229  t_qwp=0.384  t_trig=0.728  attempts=1  flags=ok
    4.798  FRAME.START             frame=2  hwp=40  qwp=73
    4.802  ELL.TX                  addr=0  deg=40  hex=00003E39  cmd=0ma00003E39
    5.010  ELL.RX                  addr=0  line=0PO00003E3C  raw=b'0PO00003E3C\r\n'
    5.012  ELL.DONE                addr=0  pos=40.01  dt=0.204  lines=1  leftover=0
    5.013  ELL.TX                  addr=2  deg=73  hex=0000718E  cmd=2ma0000718E
    5.394  ELL.RX                  addr=2  line=2PO00007190  raw=b'2PO00007190\r\n'
    5.396  ELL.DONE                addr=2  pos=73.0  dt=0.382  lines=1  leftover=0
    5.812  ARD.TRIG                frame=2  attempt=1
    5.877  ARD.RX                  msg=TRIGGERED  raw=b'TRIGGERED\r\n'  t=0.001
    5.892  ARD.RX                  msg=ARMED  raw=b'ARMED\r\n'  t=0.016
    6.535  ARD.RX                  msg=FRAME_DONE  raw=b'FRAME_DONE\r\n'  t=0.659
    6.536  ARD.FRAME_DONE          frame=2  attempt=1  dt=0.66  leftover=0
    6.538  FRAME.END               frame=2  t_total=1.74  t_hwp=0.212  t_qwp=0.384  t_trig=0.726  attempts=1  flags=ok
    6.541  FRAME.START             frame=3  hwp=50  qwp=100
    6.542  ELL.TX                  addr=0  deg=50  hex=00004DC7  cmd=0ma00004DC7
    6.707  ELL.RX                  addr=0  line=0PO00004DC4  raw=b'0PO00004DC4\r\n'
    6.708  ELL.DONE                addr=0  pos=49.99  dt=0.164  lines=1  leftover=0
    6.709  ELL.TX                  addr=2  deg=100  hex=00009B8E  cmd=2ma00009B8E
    7.011  ELL.RX                  addr=2  line=2PO00009B90  raw=b'2PO00009B90\r\n'
    7.016  ELL.DONE                addr=2  pos=100.0  dt=0.306  lines=1  leftover=0
    7.429  ARD.TRIG                frame=3  attempt=1
    7.493  ARD.RX                  msg=TRIGGERED  raw=b'TRIGGERED\r\n'  t=0.001
    7.509  ARD.RX                  msg=ARMED  raw=b'ARMED\r\n'  t=0.016
    8.156  ARD.RX                  msg=FRAME_DONE  raw=b'FRAME_DONE\r\n'  t=0.663
    8.158  ARD.FRAME_DONE          frame=3  attempt=1  dt=0.666  leftover=0
    8.160  FRAME.END               frame=3  t_total=1.62  t_hwp=0.167  t_qwp=0.31  t_trig=0.731  attempts=1  flags=ok
    8.165  FRAME.START             frame=4  hwp=160  qwp=130
    8.167  ELL.TX                  addr=0  deg=160  hex=0000F8E4  cmd=0ma0000F8E4
    8.611  ELL.RX                  addr=0  line=0PO0000F8E2  raw=b'0PO0000F8E2\r\n'
    8.612  ELL.DONE                addr=0  pos=160.0  dt=0.443  lines=1  leftover=0
    8.613  ELL.TX                  addr=2  deg=130  hex=0000CA39  cmd=2ma0000CA39
    8.787  ELL.RX                  addr=2  line=2PO0000CA38  raw=b'2PO0000CA38\r\n'
    8.793  ELL.DONE                addr=2  pos=130.0  dt=0.179  lines=1  leftover=0
    9.205  ARD.TRIG                frame=4  attempt=1
    9.269  ARD.RX                  msg=TRIGGERED  raw=b'TRIGGERED\r\n'  t=0.0
    9.285  ARD.RX                  msg=ARMED  raw=b'ARMED\r\n'  t=0.016
    9.930  ARD.RX                  msg=FRAME_DONE  raw=b'FRAME_DONE\r\n'  t=0.66
    9.931  ARD.FRAME_DONE          frame=4  attempt=1  dt=0.661  leftover=0
    9.932  FRAME.END               frame=4  t_total=1.767  t_hwp=0.446  t_qwp=0.184  t_trig=0.727  attempts=1  flags=ok
    9.934  FRAME.START             frame=5  hwp=14  qwp=99
    9.935  ELL.TX                  addr=0  deg=14  hex=000015C7  cmd=0ma000015C7
   10.323  ELL.RX                  addr=0  line=0PO000015C9  raw=b'0PO000015C9\r\n'
   10.324  ELL.DONE                addr=0  pos=14.0  dt=0.388  lines=1  leftover=0
   10.325  ELL.TX                  addr=2  deg=99  hex=00009A00  cmd=2ma00009A00
   10.740  ELL.RX                  addr=2  line=2PO00009A03  raw=b'2PO00009A03\r\n'
   10.745  ELL.DONE                addr=2  pos=99.01  dt=0.419  lines=1  leftover=0
   11.163  ARD.TRIG                frame=5  attempt=1
   11.227  ARD.RX                  msg=TRIGGERED  raw=b'TRIGGERED\r\n'  t=0.001
   11.241  ARD.RX                  msg=ARMED  raw=b'ARMED\r\n'  t=0.015
   11.891  ARD.RX                  msg=FRAME_DONE  raw=b'FRAME_DONE\r\n'  t=0.665
   11.892  ARD.FRAME_DONE          frame=5  attempt=1  dt=0.666  leftover=0
   11.893  FRAME.END               frame=5  t_total=1.959  t_hwp=0.39  t_qwp=0.424  t_trig=0.731  attempts=1  flags=ok
   11.895  FRAME.START             frame=6  hwp=93  qwp=93
   11.896  ELL.TX                  addr=0  deg=93  hex=000090AB  cmd=0ma000090AB
   12.291  ELL.RX                  addr=0  line=0PO000090A9  raw=b'0PO000090A9\r\n'
   12.293  ELL.DONE                addr=0  pos=93.0  dt=0.395  lines=1  leftover=0
   12.295  ELL.TX                  addr=2  deg=93  hex=000090AB  cmd=2ma000090AB
   12.580  ELL.RX                  addr=2  line=2PO000090AC  raw=b'2PO000090AC\r\n'
   12.584  ELL.DONE                addr=2  pos=93.0  dt=0.287  lines=1  leftover=0
   12.988  ARD.TRIG                frame=6  attempt=1
   13.052  ARD.RX                  msg=TRIGGERED  raw=b'TRIGGERED\r\n'  t=0.001
   13.068  ARD.RX                  msg=ARMED  raw=b'ARMED\r\n'  t=0.016
   13.711  ARD.RX                  msg=FRAME_DONE  raw=b'FRAME_DONE\r\n'  t=0.659
   13.712  ARD.FRAME_DONE          frame=6  attempt=1  dt=0.661  leftover=0
   13.715  FRAME.END               frame=6  t_total=1.819  t_hwp=0.399  t_qwp=0.292  t_trig=0.727  attempts=1  flags=ok
   13.718  FRAME.START             frame=7  hwp=89  qwp=82
   13.719  ELL.TX                  addr=0  deg=89  hex=00008A72  cmd=0ma00008A72
   13.940  ELL.RX                  addr=0  line=0PO00008A70  raw=b'0PO00008A70\r\n'
   13.944  ELL.DONE                addr=0  pos=89.0  dt=0.223  lines=1  leftover=0
   13.948  ELL.TX                  addr=2  deg=82  hex=00007F8E  cmd=2ma00007F8E
   14.372  ELL.RX                  addr=2  line=2PO00007F90  raw=b'2PO00007F90\r\n'
   14.376  ELL.DONE                addr=2  pos=82.0  dt=0.423  lines=1  leftover=0
   14.793  ARD.TRIG                frame=7  attempt=1
   14.858  ARD.RX                  msg=TRIGGERED  raw=b'TRIGGERED\r\n'  t=0.001
   14.874  ARD.RX                  msg=ARMED  raw=b'ARMED\r\n'  t=0.016
   15.517  ARD.RX                  msg=FRAME_DONE  raw=b'FRAME_DONE\r\n'  t=0.66
   15.522  ARD.FRAME_DONE          frame=7  attempt=1  dt=0.665  leftover=0
   15.526  FRAME.END               frame=7  t_total=1.808  t_hwp=0.229  t_qwp=0.432  t_trig=0.732  attempts=1  flags=ok
   15.533  FRAME.START             frame=8  hwp=85  qwp=72
   15.538  ELL.TX                  addr=0  deg=85  hex=00008439  cmd=0ma00008439
   15.779  ELL.RX                  addr=0  line=0PO00008437  raw=b'0PO00008437\r\n'
   15.780  ELL.DONE                addr=0  pos=85.0  dt=0.238  lines=1  leftover=0
   15.781  ELL.TX                  addr=2  deg=72  hex=00007000  cmd=2ma00007000
   15.988  ELL.RX                  addr=2  line=2PO00007002  raw=b'2PO00007002\r\n'
   15.992  ELL.DONE                addr=2  pos=72.01  dt=0.21  lines=1  leftover=0
   16.408  ARD.TRIG                frame=8  attempt=1
   16.473  ARD.RX                  msg=TRIGGERED  raw=b'TRIGGERED\r\n'  t=0.0
   16.489  ARD.RX                  msg=ARMED  raw=b'ARMED\r\n'  t=0.016
   17.131  ARD.RX                  msg=FRAME_DONE  raw=b'FRAME_DONE\r\n'  t=0.657
   17.132  ARD.FRAME_DONE          frame=8  attempt=1  dt=0.659  leftover=0
   17.133  FRAME.END               frame=8  t_total=1.6  t_hwp=0.244  t_qwp=0.214  t_trig=0.724  attempts=1  flags=ok
   17.134  FRAME.START             frame=9  hwp=157  qwp=32
   17.135  ELL.TX                  addr=0  deg=157  hex=0000F439  cmd=0ma0000F439
   17.571  ELL.RX                  addr=0  line=0PO0000F432  raw=b'0PO0000F432\r\n'
   17.574  ELL.DONE                addr=0  pos=156.98  dt=0.437  lines=1  leftover=0
   17.576  ELL.TX                  addr=2  deg=32  hex=000031C7  cmd=2ma000031C7
   17.940  ELL.RX                  addr=2  line=2PO000031C8  raw=b'2PO000031C8\r\n'
   17.944  ELL.DONE                addr=2  pos=32.0  dt=0.365  lines=1  leftover=0
   18.358  ARD.TRIG                frame=9  attempt=1
   18.422  ARD.RX                  msg=TRIGGERED  raw=b'TRIGGERED\r\n'  t=0.0
   18.437  ARD.RX                  msg=ARMED  raw=b'ARMED\r\n'  t=0.015
   19.080  ARD.RX                  msg=FRAME_DONE  raw=b'FRAME_DONE\r\n'  t=0.658
   19.082  ARD.FRAME_DONE          frame=9  attempt=1  dt=0.66  leftover=0
   19.084  FRAME.END               frame=9  t_total=1.95  t_hwp=0.441  t_qwp=0.372  t_trig=0.726  attempts=1  flags=ok
   19.087  FRAME.START             frame=10  hwp=64  qwp=33
   19.089  ELL.TX                  addr=0  deg=64  hex=0000638E  cmd=0ma0000638E
   19.332  ELL.RX                  addr=0  line=0PO0000638E  raw=b'0PO0000638E\r\n'
   19.333  ELL.DONE                addr=0  pos=64.0  dt=0.243  lines=1  leftover=0
   19.335  ELL.TX                  addr=2  deg=33  hex=00003355  cmd=2ma00003355
   19.636  ELL.RX                  addr=2  line=2PO00003356  raw=b'2PO00003356\r\n'
   19.641  ELL.DONE                addr=2  pos=33.0  dt=0.305  lines=1  leftover=0
   20.059  ARD.TRIG                frame=10  attempt=1
   20.123  ARD.RX                  msg=TRIGGERED  raw=b'TRIGGERED\r\n'  t=0.001
   20.139  ARD.RX                  msg=ARMED  raw=b'ARMED\r\n'  t=0.016
   20.784  ARD.RX                  msg=FRAME_DONE  raw=b'FRAME_DONE\r\n'  t=0.661
   20.787  ARD.FRAME_DONE          frame=10  attempt=1  dt=0.664  leftover=0
   20.789  FRAME.END               frame=10  t_total=1.702  t_hwp=0.245  t_qwp=0.312  t_trig=0.73  attempts=1  flags=ok
   20.795  FRAME.START             frame=11  hwp=106  qwp=39
   20.797  ELL.TX                  addr=0  deg=106  hex=0000A4E4  cmd=0ma0000A4E4
   21.124  ELL.RX                  addr=0  line=0PO0000A4E4  raw=b'0PO0000A4E4\r\n'
   21.125  ELL.DONE                addr=0  pos=106.0  dt=0.325  lines=1  leftover=0
   21.126  ELL.TX                  addr=2  deg=39  hex=00003CAB  cmd=2ma00003CAB
   21.412  ELL.RX                  addr=2  line=2PO00003CAA  raw=b'2PO00003CAA\r\n'
   21.413  ELL.DONE                addr=2  pos=39.0  dt=0.285  lines=1  leftover=0
   21.824  ARD.TRIG                frame=11  attempt=1
   21.889  ARD.RX                  msg=TRIGGERED  raw=b'TRIGGERED\r\n'  t=0.0
   21.905  ARD.RX                  msg=ARMED  raw=b'ARMED\r\n'  t=0.016
   22.545  ARD.RX                  msg=FRAME_DONE  raw=b'FRAME_DONE\r\n'  t=0.657
   22.547  ARD.FRAME_DONE          frame=11  attempt=1  dt=0.658  leftover=0
   22.547  FRAME.END               frame=11  t_total=1.753  t_hwp=0.33  t_qwp=0.288  t_trig=0.723  attempts=1  flags=ok
   22.549  FRAME.START             frame=12  hwp=119  qwp=55
   22.550  ELL.TX                  addr=0  deg=119  hex=0000B91C  cmd=0ma0000B91C
   22.756  ELL.RX                  addr=0  line=0PO0000B91F  raw=b'0PO0000B91F\r\n'
   22.757  ELL.DONE                addr=0  pos=119.01  dt=0.206  lines=1  leftover=0
   22.758  ELL.TX                  addr=2  deg=55  hex=0000558E  cmd=2ma0000558E
   22.980  ELL.RX                  addr=2  line=2PO0000558B  raw=b'2PO0000558B\r\n'
   22.981  ELL.DONE                addr=2  pos=54.99  dt=0.223  lines=1  leftover=0
   23.396  ARD.TRIG                frame=12  attempt=1
   23.461  ARD.RX                  msg=TRIGGERED  raw=b'TRIGGERED\r\n'  t=0.001
   23.476  ARD.RX                  msg=ARMED  raw=b'ARMED\r\n'  t=0.016
   24.118  ARD.RX                  msg=FRAME_DONE  raw=b'FRAME_DONE\r\n'  t=0.659
   24.119  ARD.FRAME_DONE          frame=12  attempt=1  dt=0.66  leftover=0
   24.120  FRAME.END               frame=12  t_total=1.571  t_hwp=0.208  t_qwp=0.224  t_trig=0.724  attempts=1  flags=ok
   24.122  FRAME.START             frame=13  hwp=129  qwp=70
   24.123  ELL.TX                  addr=0  deg=129  hex=0000C8AB  cmd=0ma0000C8AB
   24.436  ELL.RX                  addr=0  line=0PO0000C8A8  raw=b'0PO0000C8A8\r\n'
   24.440  ELL.DONE                addr=0  pos=128.99  dt=0.315  lines=1  leftover=0
   24.442  ELL.TX                  addr=2  deg=70  hex=00006CE4  cmd=2ma00006CE4
   24.676  ELL.RX                  addr=2  line=2PO00006CE5  raw=b'2PO00006CE5\r\n'
   24.677  ELL.DONE                addr=2  pos=70.0  dt=0.232  lines=1  leftover=0
   25.094  ARD.TRIG                frame=13  attempt=1
   25.158  ARD.RX                  msg=TRIGGERED  raw=b'TRIGGERED\r\n'  t=0.001
   25.174  ARD.RX                  msg=ARMED  raw=b'ARMED\r\n'  t=0.016
   25.814  ARD.RX                  msg=FRAME_DONE  raw=b'FRAME_DONE\r\n'  t=0.656
   25.816  ARD.FRAME_DONE          frame=13  attempt=1  dt=0.658  leftover=0
   25.818  FRAME.END               frame=13  t_total=1.696  t_hwp=0.319  t_qwp=0.236  t_trig=0.724  attempts=1  flags=ok
   25.821  FRAME.START             frame=14  hwp=40  qwp=72
   25.822  ELL.TX                  addr=0  deg=40  hex=00003E39  cmd=0ma00003E39
   26.052  ELL.RX                  addr=0  line=0PO00003E36  raw=b'0PO00003E36\r\n'
   26.054  ELL.DONE                addr=0  pos=39.99  dt=0.229  lines=1  leftover=0
   26.054  ELL.TX                  addr=2  deg=72  hex=00007000  cmd=2ma00007000
   26.244  ELL.RX                  addr=2  line=2PO00006FFD  raw=b'2PO00006FFD\r\n'
   26.245  ELL.DONE                addr=2  pos=71.99  dt=0.19  lines=1  leftover=0
   26.652  ARD.TRIG                frame=14  attempt=1
   26.717  ARD.RX                  msg=TRIGGERED  raw=b'TRIGGERED\r\n'  t=0.001
   26.733  ARD.RX                  msg=ARMED  raw=b'ARMED\r\n'  t=0.016
   27.381  ARD.RX                  msg=FRAME_DONE  raw=b'FRAME_DONE\r\n'  t=0.664
   27.383  ARD.FRAME_DONE          frame=14  attempt=1  dt=0.666  leftover=0
   27.387  FRAME.END               frame=14  t_total=1.567  t_hwp=0.232  t_qwp=0.192  t_trig=0.735  attempts=1  flags=ok
   27.396  LOOP.END              
