    0.022  SESSION.START           log=D:\1_software\Experimental control software\Synthetic birefringence\0pt25 waves\pshg_diag_20260622_185645.log  csv=D:\1_software\Experimental control software\Synthetic birefringence\0pt25 waves\pshg_diag_20260622_185645.csv  file=delta_waves=0.250_fast_axis=60.xlsx  drain_stale=True
    0.066  ELL.QUERY               cmd=0in  reply='0IN0E1140051420211501016800023000\r\n'
    0.162  ELL.QUERY               cmd=2in  reply='2IN0E1140064920211501016800023000\r\n'
    0.514  ELL.QUERY               cmd=0ho  reply='0PO00000002\r\n'
    1.170  ELL.QUERY               cmd=2ho  reply='2PO00000002\r\n'
    1.202  ELL.QUERY               cmd=0gp  reply='0PO00000000\r\n'
    1.266  ELL.QUERY               cmd=2gp  reply='2PO00000005\r\n'
    2.277  LOOP.START            
    3.297  FRAME.START             frame=1  hwp=35  qwp=69
    3.302  ELL.TX                  addr=0  deg=35  hex=00003672  cmd=0ma00003672
    3.554  ELL.RX                  addr=0  line=0PO00003675  raw=b'0PO00003675\r\n'
    3.555  ELL.DONE                addr=0  pos=35.01  dt=0.248  lines=1  leftover=0
    3.556  ELL.TX                  addr=2  deg=69  hex=00006B55  cmd=2ma00006B55
    3.970  ELL.RX                  addr=2  line=2PO00006B52  raw=b'2PO00006B52\r\n'
    3.971  ELL.DONE                addr=2  pos=68.99  dt=0.414  lines=1  leftover=0
    4.377  ARD.TRIG                frame=1  attempt=1
    4.441  ARD.RX                  msg=TRIGGERED  raw=b'TRIGGERED\r\n'  t=0.001
    4.457  ARD.RX                  msg=ARMED  raw=b'ARMED\r\n'  t=0.016
    5.102  ARD.RX                  msg=FRAME_DONE  raw=b'FRAME_DONE\r\n'  t=0.662
    5.103  ARD.FRAME_DONE          frame=1  attempt=1  dt=0.663  leftover=0
    5.104  FRAME.END               frame=1  t_total=1.808  t_hwp=0.255  t_qwp=0.416  t_trig=0.727  attempts=1  flags=ok
    5.106  FRAME.START             frame=2  hwp=137  qwp=95
    5.107  ELL.TX                  addr=0  deg=137  hex=0000D51C  cmd=0ma0000D51C
    5.522  ELL.RX                  addr=0  line=0PO0000D51F  raw=b'0PO0000D51F\r\n'
    5.523  ELL.DONE                addr=0  pos=137.01  dt=0.415  lines=1  leftover=0
    5.524  ELL.TX                  addr=2  deg=95  hex=000093C7  cmd=2ma000093C7
    5.826  ELL.RX                  addr=2  line=2PO000093C5  raw=b'2PO000093C5\r\n'
    5.827  ELL.DONE                addr=2  pos=94.99  dt=0.302  lines=1  leftover=0
    6.238  ARD.TRIG                frame=2  attempt=1
    6.301  ARD.RX                  msg=TRIGGERED  raw=b'TRIGGERED\r\n'  t=0.0
    6.317  ARD.RX                  msg=ARMED  raw=b'ARMED\r\n'  t=0.016
    6.961  ARD.RX                  msg=FRAME_DONE  raw=b'FRAME_DONE\r\n'  t=0.66
    6.963  ARD.FRAME_DONE          frame=2  attempt=1  dt=0.661  leftover=0
    6.963  FRAME.END               frame=2  t_total=1.857  t_hwp=0.417  t_qwp=0.304  t_trig=0.725  attempts=1  flags=ok
    6.965  FRAME.START             frame=3  hwp=35  qwp=101
    6.966  ELL.TX                  addr=0  deg=35  hex=00003672  cmd=0ma00003672
    7.298  ELL.RX                  addr=0  line=0PO00003675  raw=b'0PO00003675\r\n'
    7.300  ELL.DONE                addr=0  pos=35.01  dt=0.333  lines=1  leftover=0
    7.301  ELL.TX                  addr=2  deg=101  hex=00009D1C  cmd=2ma00009D1C
    7.570  ELL.RX                  addr=2  line=2PO00009D1A  raw=b'2PO00009D1A\r\n'
    7.571  ELL.DONE                addr=2  pos=100.99  dt=0.269  lines=1  leftover=0
    7.975  ARD.TRIG                frame=3  attempt=1
    8.039  ARD.RX                  msg=TRIGGERED  raw=b'TRIGGERED\r\n'  t=0.0
    8.055  ARD.RX                  msg=ARMED  raw=b'ARMED\r\n'  t=0.016
    8.694  ARD.RX                  msg=FRAME_DONE  raw=b'FRAME_DONE\r\n'  t=0.655
    8.695  ARD.FRAME_DONE          frame=3  attempt=1  dt=0.656  leftover=0
    8.696  FRAME.END               frame=3  t_total=1.731  t_hwp=0.335  t_qwp=0.271  t_trig=0.721  attempts=1  flags=ok
    8.697  FRAME.START             frame=4  hwp=77  qwp=121
    8.698  ELL.TX                  addr=0  deg=77  hex=000077C7  cmd=0ma000077C7
    8.931  ELL.RX                  addr=0  line=0PO000077C4  raw=b'0PO000077C4\r\n'
    8.936  ELL.DONE                addr=0  pos=76.99  dt=0.237  lines=1  leftover=0
    8.941  ELL.TX                  addr=2  deg=121  hex=0000BC39  cmd=2ma0000BC39
    9.282  ELL.RX                  addr=2  line=2PO0000BC36  raw=b'2PO0000BC36\r\n'
    9.283  ELL.DONE                addr=2  pos=120.99  dt=0.338  lines=1  leftover=0
    9.696  ARD.TRIG                frame=4  attempt=1
    9.761  ARD.RX                  msg=TRIGGERED  raw=b'TRIGGERED\r\n'  t=0.0
    9.775  ARD.RX                  msg=ARMED  raw=b'ARMED\r\n'  t=0.014
   10.414  ARD.RX                  msg=FRAME_DONE  raw=b'FRAME_DONE\r\n'  t=0.653
   10.415  ARD.FRAME_DONE          frame=4  attempt=1  dt=0.655  leftover=0
   10.416  FRAME.END               frame=4  t_total=1.719  t_hwp=0.243  t_qwp=0.343  t_trig=0.721  attempts=1  flags=ok
   10.418  FRAME.START             frame=5  hwp=71  qwp=133
   10.419  ELL.TX                  addr=0  deg=71  hex=00006E72  cmd=0ma00006E72
   10.643  ELL.RX                  addr=0  line=0PO00006E71  raw=b'0PO00006E71\r\n'
   10.647  ELL.DONE                addr=0  pos=71.0  dt=0.227  lines=1  leftover=0
   10.651  ELL.TX                  addr=2  deg=133  hex=0000CEE4  cmd=2ma0000CEE4
   10.898  ELL.RX                  addr=2  line=2PO0000CEE6  raw=b'2PO0000CEE6\r\n'
   10.900  ELL.DONE                addr=2  pos=133.01  dt=0.243  lines=1  leftover=0
   11.311  ARD.TRIG                frame=5  attempt=1
   11.373  ARD.RX                  msg=TRIGGERED  raw=b'TRIGGERED\r\n'  t=0.001
   11.388  ARD.RX                  msg=ARMED  raw=b'ARMED\r\n'  t=0.016
   12.036  ARD.RX                  msg=FRAME_DONE  raw=b'FRAME_DONE\r\n'  t=0.664
   12.037  ARD.FRAME_DONE          frame=5  attempt=1  dt=0.665  leftover=0
   12.038  FRAME.END               frame=5  t_total=1.621  t_hwp=0.232  t_qwp=0.25  t_trig=0.728  attempts=1  flags=ok
   12.040  FRAME.START             frame=6  hwp=88  qwp=85
   12.041  ELL.TX                  addr=0  deg=88  hex=000088E4  cmd=0ma000088E4
   12.531  ELL.RX                  addr=0  line=0PO000088E5  raw=b'0PO000088E5\r\n'
   12.532  ELL.DONE                addr=0  pos=88.0  dt=0.49  lines=1  leftover=0
   12.532  ELL.TX                  addr=2  deg=85  hex=00008439  cmd=2ma00008439
   13.075  ELL.RX                  addr=2  line=2PO00008439  raw=b'2PO00008439\r\n'
   13.076  ELL.DONE                addr=2  pos=85.0  dt=0.543  lines=1  leftover=0
   13.492  ARD.TRIG                frame=6  attempt=1
   13.555  ARD.RX                  msg=TRIGGERED  raw=b'TRIGGERED\r\n'  t=0.0
   13.570  ARD.RX                  msg=ARMED  raw=b'ARMED\r\n'  t=0.016
   14.216  ARD.RX                  msg=FRAME_DONE  raw=b'FRAME_DONE\r\n'  t=0.662
   14.218  ARD.FRAME_DONE          frame=6  attempt=1  dt=0.663  leftover=0
   14.218  FRAME.END               frame=6  t_total=2.178  t_hwp=0.492  t_qwp=0.545  t_trig=0.726  attempts=1  flags=SLOW
   14.220  FRAME.START             frame=7  hwp=83  qwp=76
   14.221  ELL.TX                  addr=0  deg=83  hex=0000811C  cmd=0ma0000811C
   14.467  ELL.RX                  addr=0  line=0PO0000811D  raw=b'0PO0000811D\r\n'
   14.468  ELL.DONE                addr=0  pos=83.0  dt=0.246  lines=1  leftover=0
   14.469  ELL.TX                  addr=2  deg=76  hex=00007639  cmd=2ma00007639
   14.787  ELL.RX                  addr=2  line=2PO0000763B  raw=b'2PO0000763B\r\n'
   14.792  ELL.DONE                addr=2  pos=76.01  dt=0.321  lines=1  leftover=0
   15.196  ARD.TRIG                frame=7  attempt=1
   15.256  ARD.RX                  msg=TRIGGERED  raw=b'TRIGGERED\r\n'  t=0.0
   15.272  ARD.RX                  msg=ARMED  raw=b'ARMED\r\n'  t=0.016
   15.917  ARD.RX                  msg=FRAME_DONE  raw=b'FRAME_DONE\r\n'  t=0.661
   15.918  ARD.FRAME_DONE          frame=7  attempt=1  dt=0.662  leftover=0
   15.920  FRAME.END               frame=7  t_total=1.7  t_hwp=0.248  t_qwp=0.327  t_trig=0.725  attempts=1  flags=ok
   15.923  FRAME.START             frame=8  hwp=157  qwp=49
   15.924  ELL.TX                  addr=0  deg=157  hex=0000F439  cmd=0ma0000F439
   16.355  ELL.RX                  addr=0  line=0PO0000F43C  raw=b'0PO0000F43C\r\n'
   16.357  ELL.DONE                addr=0  pos=157.01  dt=0.432  lines=1  leftover=0
   16.360  ELL.TX                  addr=2  deg=49  hex=00004C39  cmd=2ma00004C39
   16.595  ELL.RX                  addr=2  line=2PO00004C36  raw=b'2PO00004C36\r\n'
   16.596  ELL.DONE                addr=2  pos=48.99  dt=0.231  lines=1  leftover=0
   17.011  ARD.TRIG                frame=8  attempt=1
   17.073  ARD.RX                  msg=TRIGGERED  raw=b'TRIGGERED\r\n'  t=0.0
   17.089  ARD.RX                  msg=ARMED  raw=b'ARMED\r\n'  t=0.016
   17.729  ARD.RX                  msg=FRAME_DONE  raw=b'FRAME_DONE\r\n'  t=0.657
   17.730  ARD.FRAME_DONE          frame=8  attempt=1  dt=0.658  leftover=0
   17.731  FRAME.END               frame=8  t_total=1.809  t_hwp=0.435  t_qwp=0.237  t_trig=0.72  attempts=1  flags=ok
   17.733  FRAME.START             frame=9  hwp=157  qwp=15
   17.734  ELL.TX                  addr=0  deg=157  hex=0000F439  cmd=0ma0000F439
   17.843  ELL.RX                  addr=0  line=0PO0000F43A  raw=b'0PO0000F43A\r\n'
   17.844  ELL.DONE                addr=0  pos=157.0  dt=0.109  lines=1  leftover=0
   17.845  ELL.TX                  addr=2  deg=15  hex=00001755  cmd=2ma00001755
   18.019  ELL.RX                  addr=2  line=2PO00001756  raw=b'2PO00001756\r\n'
   18.020  ELL.DONE                addr=2  pos=15.0  dt=0.175  lines=1  leftover=0
   18.427  ARD.TRIG                frame=9  attempt=1
   18.489  ARD.RX                  msg=TRIGGERED  raw=b'TRIGGERED\r\n'  t=0.0
   18.505  ARD.RX                  msg=ARMED  raw=b'ARMED\r\n'  t=0.016
   19.147  ARD.RX                  msg=FRAME_DONE  raw=b'FRAME_DONE\r\n'  t=0.656
   19.148  ARD.FRAME_DONE          frame=9  attempt=1  dt=0.658  leftover=0
   19.148  FRAME.END               frame=9  t_total=1.416  t_hwp=0.111  t_qwp=0.176  t_trig=0.721  attempts=1  flags=ok
   19.150  FRAME.START             frame=10  hwp=74  qwp=22
   19.151  ELL.TX                  addr=0  deg=74  hex=0000731C  cmd=0ma0000731C
   19.379  ELL.RX                  addr=0  line=0PO0000731E  raw=b'0PO0000731E\r\n'
   19.381  ELL.DONE                addr=0  pos=74.0  dt=0.229  lines=1  leftover=0
   19.381  ELL.TX                  addr=2  deg=22  hex=00002239  cmd=2ma00002239
   19.699  ELL.RX                  addr=2  line=2PO0000223B  raw=b'2PO0000223B\r\n'
   19.700  ELL.DONE                addr=2  pos=22.01  dt=0.318  lines=1  leftover=0
   20.102  ARD.TRIG                frame=10  attempt=1
   20.167  ARD.RX                  msg=TRIGGERED  raw=b'TRIGGERED\r\n'  t=0.0
   20.183  ARD.RX                  msg=ARMED  raw=b'ARMED\r\n'  t=0.016
   20.822  ARD.RX                  msg=FRAME_DONE  raw=b'FRAME_DONE\r\n'  t=0.655
   20.823  ARD.FRAME_DONE          frame=10  attempt=1  dt=0.656  leftover=0
   20.824  FRAME.END               frame=10  t_total=1.674  t_hwp=0.231  t_qwp=0.32  t_trig=0.721  attempts=1  flags=ok
   20.826  FRAME.START             frame=11  hwp=58  qwp=12
   20.827  ELL.TX                  addr=0  deg=58  hex=00005A39  cmd=0ma00005A39
   20.979  ELL.RX                  addr=0  line=0PO00005A38  raw=b'0PO00005A38\r\n'
   20.980  ELL.DONE                addr=0  pos=58.0  dt=0.153  lines=1  leftover=0
   20.981  ELL.TX                  addr=2  deg=12  hex=000012AB  cmd=2ma000012AB
   21.267  ELL.RX                  addr=2  line=2PO000012AC  raw=b'2PO000012AC\r\n'
   21.268  ELL.DONE                addr=2  pos=12.0  dt=0.287  lines=1  leftover=0
   21.683  ARD.TRIG                frame=11  attempt=1
   21.747  ARD.RX                  msg=TRIGGERED  raw=b'TRIGGERED\r\n'  t=0.0
   21.763  ARD.RX                  msg=ARMED  raw=b'ARMED\r\n'  t=0.016
   22.403  ARD.RX                  msg=FRAME_DONE  raw=b'FRAME_DONE\r\n'  t=0.655
   22.404  ARD.FRAME_DONE          frame=11  attempt=1  dt=0.657  leftover=0
   22.405  FRAME.END               frame=11  t_total=1.579  t_hwp=0.154  t_qwp=0.288  t_trig=0.722  attempts=1  flags=ok
   22.406  FRAME.START             frame=12  hwp=124  qwp=66
   22.407  ELL.TX                  addr=0  deg=124  hex=0000C0E4  cmd=0ma0000C0E4
   22.803  ELL.RX                  addr=0  line=0PO0000C0E4  raw=b'0PO0000C0E4\r\n'
   22.804  ELL.DONE                addr=0  pos=124.0  dt=0.396  lines=1  leftover=0
   22.805  ELL.TX                  addr=2  deg=66  hex=000066AB  cmd=2ma000066AB
   23.235  ELL.RX                  addr=2  line=2PO000066AB  raw=b'2PO000066AB\r\n'
   23.237  ELL.DONE                addr=2  pos=66.0  dt=0.431  lines=1  leftover=0
   23.644  ARD.TRIG                frame=12  attempt=1
   23.707  ARD.RX                  msg=TRIGGERED  raw=b'TRIGGERED\r\n'  t=0.0
   23.722  ARD.RX                  msg=ARMED  raw=b'ARMED\r\n'  t=0.016
   24.364  ARD.RX                  msg=FRAME_DONE  raw=b'FRAME_DONE\r\n'  t=0.658
   24.366  ARD.FRAME_DONE          frame=12  attempt=1  dt=0.66  leftover=0
   24.367  FRAME.END               frame=12  t_total=1.961  t_hwp=0.398  t_qwp=0.433  t_trig=0.723  attempts=1  flags=ok
   24.369  FRAME.START             frame=13  hwp=130  qwp=78
   24.370  ELL.TX                  addr=0  deg=130  hex=0000CA39  cmd=0ma0000CA39
   24.675  ELL.RX                  addr=0  line=0PO0000CA3B  raw=b'0PO0000CA3B\r\n'
   24.676  ELL.DONE                addr=0  pos=130.01  dt=0.306  lines=1  leftover=0
   24.677  ELL.TX                  addr=2  deg=78  hex=00007955  cmd=2ma00007955
   24.947  ELL.RX                  addr=2  line=2PO00007953  raw=b'2PO00007953\r\n'
   24.948  ELL.DONE                addr=2  pos=77.99  dt=0.27  lines=1  leftover=0
   25.363  ARD.TRIG                frame=13  attempt=1
   25.427  ARD.RX                  msg=TRIGGERED  raw=b'TRIGGERED\r\n'  t=0.0
   25.443  ARD.RX                  msg=ARMED  raw=b'ARMED\r\n'  t=0.016
   26.087  ARD.RX                  msg=FRAME_DONE  raw=b'FRAME_DONE\r\n'  t=0.661
   26.093  ARD.FRAME_DONE          frame=13  attempt=1  dt=0.666  leftover=0
   26.097  FRAME.END               frame=13  t_total=1.728  t_hwp=0.307  t_qwp=0.272  t_trig=0.734  attempts=1  flags=ok
   26.101  FRAME.START             frame=14  hwp=37  qwp=79
   26.103  ELL.TX                  addr=0  deg=37  hex=0000398E  cmd=0ma0000398E
   26.387  ELL.RX                  addr=0  line=0PO0000398F  raw=b'0PO0000398F\r\n'
   26.388  ELL.DONE                addr=0  pos=37.0  dt=0.284  lines=1  leftover=0
   26.389  ELL.TX                  addr=2  deg=79  hex=00007AE4  cmd=2ma00007AE4
   26.563  ELL.RX                  addr=2  line=2PO00007AE4  raw=b'2PO00007AE4\r\n'
   26.565  ELL.DONE                addr=2  pos=79.0  dt=0.175  lines=1  leftover=0
   26.973  ARD.TRIG                frame=14  attempt=1
   27.037  ARD.RX                  msg=TRIGGERED  raw=b'TRIGGERED\r\n'  t=0.0
   27.053  ARD.RX                  msg=ARMED  raw=b'ARMED\r\n'  t=0.016
   27.695  ARD.RX                  msg=FRAME_DONE  raw=b'FRAME_DONE\r\n'  t=0.658
   27.696  ARD.FRAME_DONE          frame=14  attempt=1  dt=0.659  leftover=0
   27.697  FRAME.END               frame=14  t_total=1.595  t_hwp=0.286  t_qwp=0.177  t_trig=0.724  attempts=1  flags=ok
   27.699  LOOP.END              
