    0.041  SESSION.START           log=D:\1_software\Experimental control software\2023_06_22 new pSHG sequence MIRA\pshg_diag_20260622_163928.log  csv=D:\1_software\Experimental control software\2023_06_22 new pSHG sequence MIRA\pshg_diag_20260622_163928.csv  file=2023_06_22 new pSHG sequence MIRA.xlsx  drain_stale=True
    0.098  ELL.QUERY               cmd=0in  reply='0IN0E1140051420211501016800023000\r\n'
    0.194  ELL.QUERY               cmd=2in  reply='2IN0E1140064920211501016800023000\r\n'
    0.658  ELL.QUERY               cmd=0ho  reply='0PO00000002\r\n'
    1.314  ELL.QUERY               cmd=2ho  reply='2PO00000003\r\n'
    1.346  ELL.QUERY               cmd=0gp  reply='0PO00000003\r\n'
    1.426  ELL.QUERY               cmd=2gp  reply='2PO00000004\r\n'
    2.438  LOOP.START            
    3.451  FRAME.START             frame=1  hwp=20  qwp=155
    3.453  ELL.TX                  addr=0  deg=20  hex=00001F1C  cmd=0ma00001F1C
    3.586  ELL.RX                  addr=0  line=0PO00001F1F  raw=b'0PO00001F1F\r\n'
    3.587  ELL.DONE                addr=0  pos=20.01  dt=0.134  lines=1  leftover=0
    3.588  ELL.TX                  addr=2  deg=155  hex=0000F11C  cmd=2ma0000F11C
    4.226  ELL.RX                  addr=2  line=2PO0000F11B  raw=b'2PO0000F11B\r\n'
    4.227  ELL.DONE                addr=2  pos=155.0  dt=0.638  lines=1  leftover=0
    4.629  ARD.TRIG                frame=1  attempt=1
    4.695  ARD.RX                  msg=TRIGGERED  raw=b'TRIGGERED\r\n'  t=0.001
    4.709  ARD.RX                  msg=ARMED  raw=b'ARMED\r\n'  t=0.015
    5.347  ARD.RX                  msg=FRAME_DONE  raw=b'FRAME_DONE\r\n'  t=0.654
    5.349  ARD.FRAME_DONE          frame=1  attempt=1  dt=0.655  leftover=0
    5.350  FRAME.END               frame=1  t_total=1.899  t_hwp=0.135  t_qwp=0.64  t_trig=0.722  attempts=1  flags=ok
    5.353  FRAME.START             frame=2  hwp=18  qwp=143
    5.354  ELL.TX                  addr=0  deg=18  hex=00001C00  cmd=0ma00001C00
    5.490  ELL.RX                  addr=0  line=0PO00001BFD  raw=b'0PO00001BFD\r\n'
    5.491  ELL.DONE                addr=0  pos=17.99  dt=0.136  lines=1  leftover=0
    5.492  ELL.TX                  addr=2  deg=143  hex=0000DE72  cmd=2ma0000DE72
    5.858  ELL.RX                  addr=2  line=2PO0000DE73  raw=b'2PO0000DE73\r\n'
    5.859  ELL.DONE                addr=2  pos=143.0  dt=0.366  lines=1  leftover=0
    6.260  ARD.TRIG                frame=2  attempt=1
    6.325  ARD.RX                  msg=TRIGGERED  raw=b'TRIGGERED\r\n'  t=0.0
    6.340  ARD.RX                  msg=ARMED  raw=b'ARMED\r\n'  t=0.016
    6.983  ARD.RX                  msg=FRAME_DONE  raw=b'FRAME_DONE\r\n'  t=0.659
    6.985  ARD.FRAME_DONE          frame=2  attempt=1  dt=0.66  leftover=0
    6.985  FRAME.END               frame=2  t_total=1.633  t_hwp=0.138  t_qwp=0.368  t_trig=0.725  attempts=1  flags=ok
    6.987  FRAME.START             frame=3  hwp=27  qwp=138
    6.988  ELL.TX                  addr=0  deg=27  hex=00002A00  cmd=0ma00002A00
    7.106  ELL.RX                  addr=0  line=0PO00002A00  raw=b'0PO00002A00\r\n'
    7.107  ELL.DONE                addr=0  pos=27.0  dt=0.119  lines=1  leftover=0
    7.108  ELL.TX                  addr=2  deg=138  hex=0000D6AB  cmd=2ma0000D6AB
    7.426  ELL.RX                  addr=2  line=2PO0000D6AD  raw=b'2PO0000D6AD\r\n'
    7.428  ELL.DONE                addr=2  pos=138.01  dt=0.319  lines=1  leftover=0
    7.838  ARD.TRIG                frame=3  attempt=1
    7.901  ARD.RX                  msg=TRIGGERED  raw=b'TRIGGERED\r\n'  t=0.0
    7.916  ARD.RX                  msg=ARMED  raw=b'ARMED\r\n'  t=0.015
    8.558  ARD.RX                  msg=FRAME_DONE  raw=b'FRAME_DONE\r\n'  t=0.657
    8.559  ARD.FRAME_DONE          frame=3  attempt=1  dt=0.659  leftover=0
    8.560  FRAME.END               frame=3  t_total=1.573  t_hwp=0.12  t_qwp=0.322  t_trig=0.723  attempts=1  flags=ok
    8.562  FRAME.START             frame=4  hwp=40  qwp=143
    8.563  ELL.TX                  addr=0  deg=40  hex=00003E39  cmd=0ma00003E39
    8.723  ELL.RX                  addr=0  line=0PO00003E3A  raw=b'0PO00003E3A\r\n'
    8.724  ELL.DONE                addr=0  pos=40.0  dt=0.16  lines=1  leftover=0
    8.725  ELL.TX                  addr=2  deg=143  hex=0000DE72  cmd=2ma0000DE72
    9.011  ELL.RX                  addr=2  line=2PO0000DE75  raw=b'2PO0000DE75\r\n'
    9.012  ELL.DONE                addr=2  pos=143.01  dt=0.286  lines=1  leftover=0
    9.420  ARD.TRIG                frame=4  attempt=1
    9.484  ARD.RX                  msg=TRIGGERED  raw=b'TRIGGERED\r\n'  t=0.0
    9.500  ARD.RX                  msg=ARMED  raw=b'ARMED\r\n'  t=0.016
   10.143  ARD.RX                  msg=FRAME_DONE  raw=b'FRAME_DONE\r\n'  t=0.66
   10.145  ARD.FRAME_DONE          frame=4  attempt=1  dt=0.661  leftover=0
   10.146  FRAME.END               frame=4  t_total=1.584  t_hwp=0.162  t_qwp=0.288  t_trig=0.726  attempts=1  flags=ok
   10.147  FRAME.START             frame=5  hwp=55  qwp=155
   10.148  ELL.TX                  addr=0  deg=55  hex=0000558E  cmd=0ma0000558E
   10.307  ELL.RX                  addr=0  line=0PO00005590  raw=b'0PO00005590\r\n'
   10.308  ELL.DONE                addr=0  pos=55.0  dt=0.158  lines=1  leftover=0
   10.308  ELL.TX                  addr=2  deg=155  hex=0000F11C  cmd=2ma0000F11C
   10.562  ELL.RX                  addr=2  line=2PO0000F119  raw=b'2PO0000F119\r\n'
   10.564  ELL.DONE                addr=2  pos=154.99  dt=0.254  lines=1  leftover=0
   10.973  ARD.TRIG                frame=5  attempt=1
   11.036  ARD.RX                  msg=TRIGGERED  raw=b'TRIGGERED\r\n'  t=0.0
   11.051  ARD.RX                  msg=ARMED  raw=b'ARMED\r\n'  t=0.015
   11.692  ARD.RX                  msg=FRAME_DONE  raw=b'FRAME_DONE\r\n'  t=0.656
   11.693  ARD.FRAME_DONE          frame=5  attempt=1  dt=0.657  leftover=0
   11.694  FRAME.END               frame=5  t_total=1.547  t_hwp=0.16  t_qwp=0.256  t_trig=0.721  attempts=1  flags=ok
   11.696  FRAME.START             frame=6  hwp=67  qwp=168
   11.696  ELL.TX                  addr=0  deg=67  hex=00006839  cmd=0ma00006839
   11.907  ELL.RX                  addr=0  line=0PO0000683B  raw=b'0PO0000683B\r\n'
   11.908  ELL.DONE                addr=0  pos=67.01  dt=0.211  lines=1  leftover=0
   11.909  ELL.TX                  addr=2  deg=168  hex=00010555  cmd=2ma00010555
   12.211  ELL.RX                  addr=2  line=2PO00010552  raw=b'2PO00010552\r\n'
   12.212  ELL.DONE                addr=2  pos=167.99  dt=0.303  lines=1  leftover=0
   12.620  ARD.TRIG                frame=6  attempt=1
   12.684  ARD.RX                  msg=TRIGGERED  raw=b'TRIGGERED\r\n'  t=0.0
   12.700  ARD.RX                  msg=ARMED  raw=b'ARMED\r\n'  t=0.016
   13.338  ARD.RX                  msg=FRAME_DONE  raw=b'FRAME_DONE\r\n'  t=0.654
   13.339  ARD.FRAME_DONE          frame=6  attempt=1  dt=0.656  leftover=0
   13.340  FRAME.END               frame=6  t_total=1.645  t_hwp=0.212  t_qwp=0.304  t_trig=0.721  attempts=1  flags=ok
   13.342  FRAME.START             frame=7  hwp=78  qwp=178
   13.343  ELL.TX                  addr=0  deg=78  hex=00007955  cmd=0ma00007955
   13.523  ELL.RX                  addr=0  line=0PO00007954  raw=b'0PO00007954\r\n'
   13.524  ELL.DONE                addr=0  pos=78.0  dt=0.18  lines=1  leftover=0
   13.525  ELL.TX                  addr=2  deg=178  hex=000114E4  cmd=2ma000114E4
   13.715  ELL.RX                  addr=2  line=2PO000114E6  raw=b'2PO000114E6\r\n'
   13.716  ELL.DONE                addr=2  pos=178.01  dt=0.19  lines=1  leftover=0
   14.126  ARD.TRIG                frame=7  attempt=1
   14.190  ARD.RX                  msg=TRIGGERED  raw=b'TRIGGERED\r\n'  t=0.0
   14.206  ARD.RX                  msg=ARMED  raw=b'ARMED\r\n'  t=0.016
   14.845  ARD.RX                  msg=FRAME_DONE  raw=b'FRAME_DONE\r\n'  t=0.655
   14.847  ARD.FRAME_DONE          frame=7  attempt=1  dt=0.657  leftover=0
   14.848  FRAME.END               frame=7  t_total=1.506  t_hwp=0.182  t_qwp=0.192  t_trig=0.722  attempts=1  flags=ok
   14.849  FRAME.START             frame=8  hwp=91  qwp=186
   14.850  ELL.TX                  addr=0  deg=91  hex=00008D8E  cmd=0ma00008D8E
   15.107  ELL.RX                  addr=0  line=0PO00008D90  raw=b'0PO00008D90\r\n'
   15.108  ELL.DONE                addr=0  pos=91.0  dt=0.257  lines=1  leftover=0
   15.109  ELL.TX                  addr=2  deg=186  hex=00012155  cmd=2ma00012155
   15.411  ELL.RX                  addr=2  line=2PO00012154  raw=b'2PO00012154\r\n'
   15.412  ELL.DONE                addr=2  pos=186.0  dt=0.302  lines=1  leftover=0
   15.822  ARD.TRIG                frame=8  attempt=1
   15.885  ARD.RX                  msg=TRIGGERED  raw=b'TRIGGERED\r\n'  t=0.0
   15.901  ARD.RX                  msg=ARMED  raw=b'ARMED\r\n'  t=0.016
   16.541  ARD.RX                  msg=FRAME_DONE  raw=b'FRAME_DONE\r\n'  t=0.656
   16.542  ARD.FRAME_DONE          frame=8  attempt=1  dt=0.657  leftover=0
   16.543  FRAME.END               frame=8  t_total=1.694  t_hwp=0.259  t_qwp=0.304  t_trig=0.721  attempts=1  flags=ok
   16.545  FRAME.START             frame=9  hwp=102  qwp=186
   16.546  ELL.TX                  addr=0  deg=102  hex=00009EAB  cmd=0ma00009EAB
   16.771  ELL.RX                  addr=0  line=0PO00009EA9  raw=b'0PO00009EA9\r\n'
   16.772  ELL.DONE                addr=0  pos=102.0  dt=0.226  lines=1  leftover=0
   16.773  ELL.TX                  addr=2  deg=186  hex=00012155  cmd=2ma00012155
   16.867  ELL.RX                  addr=2  line=2PO00012158  raw=b'2PO00012158\r\n'
   16.868  ELL.DONE                addr=2  pos=186.01  dt=0.094  lines=1  leftover=0
   17.270  ARD.TRIG                frame=9  attempt=1
   17.332  ARD.RX                  msg=TRIGGERED  raw=b'TRIGGERED\r\n'  t=0.0
   17.347  ARD.RX                  msg=ARMED  raw=b'ARMED\r\n'  t=0.015
   17.991  ARD.RX                  msg=FRAME_DONE  raw=b'FRAME_DONE\r\n'  t=0.659
   17.992  ARD.FRAME_DONE          frame=9  attempt=1  dt=0.661  leftover=0
   17.993  FRAME.END               frame=9  t_total=1.448  t_hwp=0.227  t_qwp=0.096  t_trig=0.724  attempts=1  flags=ok
   17.995  FRAME.START             frame=10  hwp=106  qwp=178
   17.995  ELL.TX                  addr=0  deg=106  hex=0000A4E4  cmd=0ma0000A4E4
   18.227  ELL.RX                  addr=0  line=0PO0000A4E3  raw=b'0PO0000A4E3\r\n'
   18.228  ELL.DONE                addr=0  pos=106.0  dt=0.231  lines=1  leftover=0
   18.229  ELL.TX                  addr=2  deg=178  hex=000114E4  cmd=2ma000114E4
   18.435  ELL.RX                  addr=2  line=2PO000114E7  raw=b'2PO000114E7\r\n'
   18.436  ELL.DONE                addr=2  pos=178.01  dt=0.207  lines=1  leftover=0
   18.837  ARD.TRIG                frame=10  attempt=1
   18.902  ARD.RX                  msg=TRIGGERED  raw=b'TRIGGERED\r\n'  t=0.0
   18.917  ARD.RX                  msg=ARMED  raw=b'ARMED\r\n'  t=0.016
   19.556  ARD.RX                  msg=FRAME_DONE  raw=b'FRAME_DONE\r\n'  t=0.654
   19.557  ARD.FRAME_DONE          frame=10  attempt=1  dt=0.655  leftover=0
   19.558  FRAME.END               frame=10  t_total=1.563  t_hwp=0.233  t_qwp=0.209  t_trig=0.721  attempts=1  flags=ok
   19.560  FRAME.START             frame=11  hwp=106  qwp=167
   19.561  ELL.TX                  addr=0  deg=106  hex=0000A4E4  cmd=0ma0000A4E4
   19.635  ELL.RX                  addr=0  line=0PO0000A4E2  raw=b'0PO0000A4E2\r\n'
   19.636  ELL.DONE                addr=0  pos=106.0  dt=0.074  lines=1  leftover=0
   19.637  ELL.TX                  addr=2  deg=167  hex=000103C7  cmd=2ma000103C7
   19.859  ELL.RX                  addr=2  line=2PO000103C9  raw=b'2PO000103C9\r\n'
   19.860  ELL.DONE                addr=2  pos=167.0  dt=0.223  lines=1  leftover=0
   20.274  ARD.TRIG                frame=11  attempt=1
   20.336  ARD.RX                  msg=TRIGGERED  raw=b'TRIGGERED\r\n'  t=0.0
   20.352  ARD.RX                  msg=ARMED  raw=b'ARMED\r\n'  t=0.016
   20.993  ARD.RX                  msg=FRAME_DONE  raw=b'FRAME_DONE\r\n'  t=0.657
   20.995  ARD.FRAME_DONE          frame=11  attempt=1  dt=0.659  leftover=0
   20.995  FRAME.END               frame=11  t_total=1.435  t_hwp=0.076  t_qwp=0.225  t_trig=0.722  attempts=1  flags=ok
   20.997  FRAME.START             frame=12  hwp=105  qwp=155
   20.998  ELL.TX                  addr=0  deg=105  hex=0000A355  cmd=0ma0000A355
   21.203  ELL.RX                  addr=0  line=0PO0000A356  raw=b'0PO0000A356\r\n'
   21.204  ELL.DONE                addr=0  pos=105.0  dt=0.205  lines=1  leftover=0
   21.205  ELL.TX                  addr=2  deg=155  hex=0000F11C  cmd=2ma0000F11C
   21.523  ELL.RX                  addr=2  line=2PO0000F119  raw=b'2PO0000F119\r\n'
   21.524  ELL.DONE                addr=2  pos=154.99  dt=0.318  lines=1  leftover=0
   21.939  ARD.TRIG                frame=12  attempt=1
   22.002  ARD.RX                  msg=TRIGGERED  raw=b'TRIGGERED\r\n'  t=0.0
   22.018  ARD.RX                  msg=ARMED  raw=b'ARMED\r\n'  t=0.016
   22.661  ARD.RX                  msg=FRAME_DONE  raw=b'FRAME_DONE\r\n'  t=0.659
   22.664  ARD.FRAME_DONE          frame=12  attempt=1  dt=0.662  leftover=0
   22.665  FRAME.END               frame=12  t_total=1.668  t_hwp=0.207  t_qwp=0.32  t_trig=0.726  attempts=1  flags=ok
   22.667  FRAME.START             frame=13  hwp=104  qwp=143
   22.667  ELL.TX                  addr=0  deg=104  hex=0000A1C7  cmd=0ma0000A1C7
   22.851  ELL.RX                  addr=0  line=0PO0000A1CA  raw=b'0PO0000A1CA\r\n'
   22.852  ELL.DONE                addr=0  pos=104.01  dt=0.184  lines=1  leftover=0
   22.853  ELL.TX                  addr=2  deg=143  hex=0000DE72  cmd=2ma0000DE72
   23.139  ELL.RX                  addr=2  line=2PO0000DE6F  raw=b'2PO0000DE6F\r\n'
   23.144  ELL.DONE                addr=2  pos=142.99  dt=0.29  lines=1  leftover=0
   23.561  ARD.TRIG                frame=13  attempt=1
   23.623  ARD.RX                  msg=TRIGGERED  raw=b'TRIGGERED\r\n'  t=0.0
   23.639  ARD.RX                  msg=ARMED  raw=b'ARMED\r\n'  t=0.016
   24.282  ARD.RX                  msg=FRAME_DONE  raw=b'FRAME_DONE\r\n'  t=0.659
   24.284  ARD.FRAME_DONE          frame=13  attempt=1  dt=0.66  leftover=0
   24.285  FRAME.END               frame=13  t_total=1.618  t_hwp=0.186  t_qwp=0.293  t_trig=0.724  attempts=1  flags=ok
   24.286  FRAME.START             frame=14  hwp=112  qwp=137
   24.287  ELL.TX                  addr=0  deg=112  hex=0000AE39  cmd=0ma0000AE39
   24.531  ELL.RX                  addr=0  line=0PO0000AE3A  raw=b'0PO0000AE3A\r\n'
   24.532  ELL.DONE                addr=0  pos=112.0  dt=0.244  lines=1  leftover=0
   24.533  ELL.TX                  addr=2  deg=137  hex=0000D51C  cmd=2ma0000D51C
   24.787  ELL.RX                  addr=2  line=2PO0000D51F  raw=b'2PO0000D51F\r\n'
   24.788  ELL.DONE                addr=2  pos=137.01  dt=0.254  lines=1  leftover=0
   25.199  ARD.TRIG                frame=14  attempt=1
   25.263  ARD.RX                  msg=TRIGGERED  raw=b'TRIGGERED\r\n'  t=0.0
   25.279  ARD.RX                  msg=ARMED  raw=b'ARMED\r\n'  t=0.016
   25.919  ARD.RX                  msg=FRAME_DONE  raw=b'FRAME_DONE\r\n'  t=0.656
   25.920  ARD.FRAME_DONE          frame=14  attempt=1  dt=0.657  leftover=0
   25.921  FRAME.END               frame=14  t_total=1.635  t_hwp=0.246  t_qwp=0.256  t_trig=0.722  attempts=1  flags=ok
   25.924  LOOP.END              
