    0.021  SESSION.START           log=D:\1_software\Experimental control software\2023_06_22 new pSHG sequence MIRA\pshg_diag_20260622_155432.log  csv=D:\1_software\Experimental control software\2023_06_22 new pSHG sequence MIRA\pshg_diag_20260622_155432.csv  file=2023_06_22 new pSHG sequence MIRA.xlsx  drain_stale=True
    0.066  ELL.QUERY               cmd=0in  reply='0IN0E1140051420211501016800023000\r\n'
    0.162  ELL.QUERY               cmd=2in  reply='2IN0E1140064920211501016800023000\r\n'
    0.818  ELL.QUERY               cmd=0ho  reply='0POFFFFFFFF\r\n'
    1.314  ELL.QUERY               cmd=2ho  reply='2PO00000000\r\n'
    1.346  ELL.QUERY               cmd=0gp  reply='0PO00000000\r\n'
    1.426  ELL.QUERY               cmd=2gp  reply='2PO0000003B\r\n'
    2.429  LOOP.START            
    3.431  FRAME.START             frame=1  hwp=20  qwp=155
    3.432  ELL.TX                  addr=0  deg=20  hex=00001F1C  cmd=0ma00001F1C
    3.602  ELL.RX                  addr=0  line=0PO00001F1D  raw=b'0PO00001F1D\r\n'
    3.603  ELL.DONE                addr=0  pos=20.0  dt=0.17  lines=1  leftover=0
    3.604  ELL.TX                  addr=2  deg=155  hex=0000F11C  cmd=2ma0000F11C
    4.194  ELL.RX                  addr=2  line=2PO0000F11F  raw=b'2PO0000F11F\r\n'
    4.196  ELL.DONE                addr=2  pos=155.01  dt=0.591  lines=1  leftover=0
    4.609  ARD.TRIG                frame=1  attempt=1
    4.671  ARD.RX                  msg=TRIGGERED  raw=b'TRIGGERED\r\n'  t=0.0
    4.687  ARD.RX                  msg=ARMED  raw=b'ARMED\r\n'  t=0.016
   14.676  ARD.TIMEOUT             waited=10.005
   14.677  ARD.DROP                frame=1  attempt=1
   15.086  ARD.TRIG                frame=1  attempt=2
   15.150  ARD.RX                  msg=TRIGGERED  raw=b'TRIGGERED\r\n'  t=0.0
   15.166  ARD.RX                  msg=ARMED  raw=b'ARMED\r\n'  t=0.016
   15.804  ARD.RX                  msg=FRAME_DONE  raw=b'FRAME_DONE\r\n'  t=0.655
   15.806  ARD.FRAME_DONE          frame=1  attempt=2  dt=0.656  leftover=0
   15.807  FRAME.END               frame=1  t_total=12.376  t_hwp=0.172  t_qwp=0.592  t_trig=11.198  attempts=2  flags=SLOW,RETRY2
   15.809  FRAME.START             frame=2  hwp=18  qwp=143
   15.810  ELL.TX                  addr=0  deg=18  hex=00001C00  cmd=0ma00001C00
   15.923  ELL.RX                  addr=0  line=0PO00001BFD  raw=b'0PO00001BFD\r\n'
   15.924  ELL.DONE                addr=0  pos=17.99  dt=0.113  lines=1  leftover=0
   15.925  ELL.TX                  addr=2  deg=143  hex=0000DE72  cmd=2ma0000DE72
   16.227  ELL.RX                  addr=2  line=2PO0000DE74  raw=b'2PO0000DE74\r\n'
   16.228  ELL.DONE                addr=2  pos=143.01  dt=0.303  lines=1  leftover=0
   16.638  ARD.TRIG                frame=2  attempt=1
   16.701  ARD.RX                  msg=TRIGGERED  raw=b'TRIGGERED\r\n'  t=0.0
   16.717  ARD.RX                  msg=ARMED  raw=b'ARMED\r\n'  t=0.016
   17.361  ARD.RX                  msg=FRAME_DONE  raw=b'FRAME_DONE\r\n'  t=0.66
   17.362  ARD.FRAME_DONE          frame=2  attempt=1  dt=0.661  leftover=0
   17.362  FRAME.END               frame=2  t_total=1.553  t_hwp=0.115  t_qwp=0.304  t_trig=0.724  attempts=1  flags=ok
   17.364  FRAME.START             frame=3  hwp=27  qwp=138
   17.365  ELL.TX                  addr=0  deg=27  hex=00002A00  cmd=0ma00002A00
   17.475  ELL.RX                  addr=0  line=0PO000029FF  raw=b'0PO000029FF\r\n'
   17.476  ELL.DONE                addr=0  pos=27.0  dt=0.11  lines=1  leftover=0
   17.477  ELL.TX                  addr=2  deg=138  hex=0000D6AB  cmd=2ma0000D6AB
   17.779  ELL.RX                  addr=2  line=2PO0000D6AB  raw=b'2PO0000D6AB\r\n'
   17.780  ELL.DONE                addr=2  pos=138.0  dt=0.302  lines=1  leftover=0
   18.188  ARD.TRIG                frame=3  attempt=1
   18.251  ARD.RX                  msg=TRIGGERED  raw=b'TRIGGERED\r\n'  t=0.0
   18.265  ARD.RX                  msg=ARMED  raw=b'ARMED\r\n'  t=0.015
   18.909  ARD.RX                  msg=FRAME_DONE  raw=b'FRAME_DONE\r\n'  t=0.659
   18.911  ARD.FRAME_DONE          frame=3  attempt=1  dt=0.66  leftover=0
   18.911  FRAME.END               frame=3  t_total=1.547  t_hwp=0.112  t_qwp=0.304  t_trig=0.723  attempts=1  flags=ok
   18.914  FRAME.START             frame=4  hwp=40  qwp=143
   18.915  ELL.TX                  addr=0  deg=40  hex=00003E39  cmd=0ma00003E39
   19.139  ELL.RX                  addr=0  line=0PO00003E3B  raw=b'0PO00003E3B\r\n'
   19.140  ELL.DONE                addr=0  pos=40.01  dt=0.225  lines=1  leftover=0
   19.141  ELL.TX                  addr=2  deg=143  hex=0000DE72  cmd=2ma0000DE72
   19.411  ELL.RX                  addr=2  line=2PO0000DE70  raw=b'2PO0000DE70\r\n'
   19.412  ELL.DONE                addr=2  pos=143.0  dt=0.27  lines=1  leftover=0
   19.825  ARD.TRIG                frame=4  attempt=1
   19.889  ARD.RX                  msg=TRIGGERED  raw=b'TRIGGERED\r\n'  t=0.0
   19.904  ARD.RX                  msg=ARMED  raw=b'ARMED\r\n'  t=0.016
   20.550  ARD.RX                  msg=FRAME_DONE  raw=b'FRAME_DONE\r\n'  t=0.661
   20.551  ARD.FRAME_DONE          frame=4  attempt=1  dt=0.662  leftover=0
   20.552  FRAME.END               frame=4  t_total=1.638  t_hwp=0.226  t_qwp=0.272  t_trig=0.727  attempts=1  flags=ok
   20.553  FRAME.START             frame=5  hwp=55  qwp=155
   20.554  ELL.TX                  addr=0  deg=55  hex=0000558E  cmd=0ma0000558E
   20.723  ELL.RX                  addr=0  line=0PO00005590  raw=b'0PO00005590\r\n'
   20.724  ELL.DONE                addr=0  pos=55.0  dt=0.169  lines=1  leftover=0
   20.725  ELL.TX                  addr=2  deg=155  hex=0000F11C  cmd=2ma0000F11C
   20.963  ELL.RX                  addr=2  line=2PO0000F11E  raw=b'2PO0000F11E\r\n'
   20.964  ELL.DONE                addr=2  pos=155.0  dt=0.238  lines=1  leftover=0
   21.372  ARD.TRIG                frame=5  attempt=1
   21.437  ARD.RX                  msg=TRIGGERED  raw=b'TRIGGERED\r\n'  t=0.0
   21.453  ARD.RX                  msg=ARMED  raw=b'ARMED\r\n'  t=0.016
   22.092  ARD.RX                  msg=FRAME_DONE  raw=b'FRAME_DONE\r\n'  t=0.655
   22.093  ARD.FRAME_DONE          frame=5  attempt=1  dt=0.656  leftover=0
   22.094  FRAME.END               frame=5  t_total=1.541  t_hwp=0.171  t_qwp=0.24  t_trig=0.722  attempts=1  flags=ok
   22.096  FRAME.START             frame=6  hwp=67  qwp=168
   22.097  ELL.TX                  addr=0  deg=67  hex=00006839  cmd=0ma00006839
   22.419  ELL.RX                  addr=0  line=0PO00006839  raw=b'0PO00006839\r\n'
   22.420  ELL.DONE                addr=0  pos=67.0  dt=0.322  lines=1  leftover=0
   22.421  ELL.TX                  addr=2  deg=168  hex=00010555  cmd=2ma00010555
   22.819  ELL.RX                  addr=2  line=2PO00010558  raw=b'2PO00010558\r\n'
   22.820  ELL.DONE                addr=2  pos=168.01  dt=0.398  lines=1  leftover=0
   23.222  ARD.TRIG                frame=6  attempt=1
   23.287  ARD.RX                  msg=TRIGGERED  raw=b'TRIGGERED\r\n'  t=0.001
   23.301  ARD.RX                  msg=ARMED  raw=b'ARMED\r\n'  t=0.015
   23.943  ARD.RX                  msg=FRAME_DONE  raw=b'FRAME_DONE\r\n'  t=0.657
   23.944  ARD.FRAME_DONE          frame=6  attempt=1  dt=0.658  leftover=0
   23.945  FRAME.END               frame=6  t_total=1.849  t_hwp=0.324  t_qwp=0.4  t_trig=0.723  attempts=1  flags=ok
   23.947  FRAME.START             frame=7  hwp=78  qwp=178
   23.948  ELL.TX                  addr=0  deg=78  hex=00007955  cmd=0ma00007955
   24.163  ELL.RX                  addr=0  line=0PO00007952  raw=b'0PO00007952\r\n'
   24.164  ELL.DONE                addr=0  pos=77.99  dt=0.216  lines=1  leftover=0
   24.165  ELL.TX                  addr=2  deg=178  hex=000114E4  cmd=2ma000114E4
   24.339  ELL.RX                  addr=2  line=2PO000114E1  raw=b'2PO000114E1\r\n'
   24.340  ELL.DONE                addr=2  pos=177.99  dt=0.174  lines=1  leftover=0
   24.745  ARD.TRIG                frame=7  attempt=1
   24.810  ARD.RX                  msg=TRIGGERED  raw=b'TRIGGERED\r\n'  t=0.0
   24.825  ARD.RX                  msg=ARMED  raw=b'ARMED\r\n'  t=0.016
   25.467  ARD.RX                  msg=FRAME_DONE  raw=b'FRAME_DONE\r\n'  t=0.658
   25.468  ARD.FRAME_DONE          frame=7  attempt=1  dt=0.659  leftover=0
   25.470  FRAME.END               frame=7  t_total=1.523  t_hwp=0.218  t_qwp=0.176  t_trig=0.725  attempts=1  flags=ok
   25.472  FRAME.START             frame=8  hwp=91  qwp=186
   25.473  ELL.TX                  addr=0  deg=91  hex=00008D8E  cmd=0ma00008D8E
   25.731  ELL.RX                  addr=0  line=0PO00008D8C  raw=b'0PO00008D8C\r\n'
   25.733  ELL.DONE                addr=0  pos=90.99  dt=0.259  lines=1  leftover=0
   25.733  ELL.TX                  addr=2  deg=186  hex=00012155  cmd=2ma00012155
   26.083  ELL.RX                  addr=2  line=2PO00012151  raw=b'2PO00012151\r\n'
   26.085  ELL.DONE                addr=2  pos=185.99  dt=0.349  lines=1  leftover=0
   26.498  ARD.TRIG                frame=8  attempt=1
   26.561  ARD.RX                  msg=TRIGGERED  raw=b'TRIGGERED\r\n'  t=0.0
   26.575  ARD.RX                  msg=ARMED  raw=b'ARMED\r\n'  t=0.015
   27.220  ARD.RX                  msg=FRAME_DONE  raw=b'FRAME_DONE\r\n'  t=0.659
   27.221  ARD.FRAME_DONE          frame=8  attempt=1  dt=0.66  leftover=0
   27.222  FRAME.END               frame=8  t_total=1.75  t_hwp=0.261  t_qwp=0.352  t_trig=0.724  attempts=1  flags=ok
   27.223  FRAME.START             frame=9  hwp=102  qwp=186
   27.224  ELL.TX                  addr=0  deg=102  hex=00009EAB  cmd=0ma00009EAB
   27.475  ELL.RX                  addr=0  line=0PO00009EA9  raw=b'0PO00009EA9\r\n'
   27.476  ELL.DONE                addr=0  pos=102.0  dt=0.252  lines=1  leftover=0
   27.477  ELL.TX                  addr=2  deg=186  hex=00012155  cmd=2ma00012155
   27.587  ELL.RX                  addr=2  line=2PO00012153  raw=b'2PO00012153\r\n'
   27.589  ELL.DONE                addr=2  pos=185.99  dt=0.11  lines=1  leftover=0
   27.994  ARD.TRIG                frame=9  attempt=1
   28.056  ARD.RX                  msg=TRIGGERED  raw=b'TRIGGERED\r\n'  t=0.0
   28.072  ARD.RX                  msg=ARMED  raw=b'ARMED\r\n'  t=0.016
   28.715  ARD.RX                  msg=FRAME_DONE  raw=b'FRAME_DONE\r\n'  t=0.658
   28.717  ARD.FRAME_DONE          frame=9  attempt=1  dt=0.66  leftover=0
   28.718  FRAME.END               frame=9  t_total=1.495  t_hwp=0.253  t_qwp=0.113  t_trig=0.724  attempts=1  flags=ok
   28.722  FRAME.START             frame=10  hwp=106  qwp=178
   28.724  ELL.TX                  addr=0  deg=106  hex=0000A4E4  cmd=0ma0000A4E4
   28.948  ELL.RX                  addr=0  line=0PO0000A4E6  raw=b'0PO0000A4E6\r\n'
   28.949  ELL.DONE                addr=0  pos=106.01  dt=0.223  lines=1  leftover=0
   28.949  ELL.TX                  addr=2  deg=178  hex=000114E4  cmd=2ma000114E4
   29.348  ELL.RX                  addr=2  line=2PO000114E5  raw=b'2PO000114E5\r\n'
   29.352  ELL.DONE                addr=2  pos=178.0  dt=0.402  lines=1  leftover=0
   29.761  ARD.TRIG                frame=10  attempt=1
   29.823  ARD.RX                  msg=TRIGGERED  raw=b'TRIGGERED\r\n'  t=0.0
   29.839  ARD.RX                  msg=ARMED  raw=b'ARMED\r\n'  t=0.016
   30.480  ARD.RX                  msg=FRAME_DONE  raw=b'FRAME_DONE\r\n'  t=0.656
   30.481  ARD.FRAME_DONE          frame=10  attempt=1  dt=0.658  leftover=0
   30.482  FRAME.END               frame=10  t_total=1.76  t_hwp=0.226  t_qwp=0.406  t_trig=0.721  attempts=1  flags=ok
   30.484  FRAME.START             frame=11  hwp=106  qwp=167
   30.485  ELL.TX                  addr=0  deg=106  hex=0000A4E4  cmd=0ma0000A4E4
   30.532  ELL.RX                  addr=0  line=0PO0000A4E2  raw=b'0PO0000A4E2\r\n'
   30.533  ELL.DONE                addr=0  pos=106.0  dt=0.047  lines=1  leftover=0
   30.534  ELL.TX                  addr=2  deg=167  hex=000103C7  cmd=2ma000103C7
   30.964  ELL.RX                  addr=2  line=2PO000103C8  raw=b'2PO000103C8\r\n'
   30.965  ELL.DONE                addr=2  pos=167.0  dt=0.43  lines=1  leftover=0
   31.366  ARD.TRIG                frame=11  attempt=1
   31.430  ARD.RX                  msg=TRIGGERED  raw=b'TRIGGERED\r\n'  t=0.0
   31.446  ARD.RX                  msg=ARMED  raw=b'ARMED\r\n'  t=0.016
   32.085  ARD.RX                  msg=FRAME_DONE  raw=b'FRAME_DONE\r\n'  t=0.655
   32.086  ARD.FRAME_DONE          frame=11  attempt=1  dt=0.656  leftover=0
   32.087  FRAME.END               frame=11  t_total=1.603  t_hwp=0.049  t_qwp=0.432  t_trig=0.721  attempts=1  flags=ok
   32.089  FRAME.START             frame=12  hwp=105  qwp=155
   32.090  ELL.TX                  addr=0  deg=105  hex=0000A355  cmd=0ma0000A355
   32.196  ELL.RX                  addr=0  line=0PO0000A355  raw=b'0PO0000A355\r\n'
   32.197  ELL.DONE                addr=0  pos=105.0  dt=0.106  lines=1  leftover=0
   32.198  ELL.TX                  addr=2  deg=155  hex=0000F11C  cmd=2ma0000F11C
   32.579  ELL.RX                  addr=2  line=2PO0000F11B  raw=b'2PO0000F11B\r\n'
   32.581  ELL.DONE                addr=2  pos=155.0  dt=0.383  lines=1  leftover=0
   32.994  ARD.TRIG                frame=12  attempt=1
   33.056  ARD.RX                  msg=TRIGGERED  raw=b'TRIGGERED\r\n'  t=0.0
   33.071  ARD.RX                  msg=ARMED  raw=b'ARMED\r\n'  t=0.015
   33.716  ARD.RX                  msg=FRAME_DONE  raw=b'FRAME_DONE\r\n'  t=0.66
   33.717  ARD.FRAME_DONE          frame=12  attempt=1  dt=0.661  leftover=0
   33.717  FRAME.END               frame=12  t_total=1.628  t_hwp=0.107  t_qwp=0.384  t_trig=0.724  attempts=1  flags=ok
   33.719  FRAME.START             frame=13  hwp=104  qwp=143
   33.720  ELL.TX                  addr=0  deg=104  hex=0000A1C7  cmd=0ma0000A1C7
   33.972  ELL.RX                  addr=0  line=0PO0000A1C9  raw=b'0PO0000A1C9\r\n'
   33.974  ELL.DONE                addr=0  pos=104.0  dt=0.254  lines=1  leftover=0
   33.977  ELL.TX                  addr=2  deg=143  hex=0000DE72  cmd=2ma0000DE72
   34.324  ELL.RX                  addr=2  line=2PO0000DE71  raw=b'2PO0000DE71\r\n'
   34.325  ELL.DONE                addr=2  pos=143.0  dt=0.347  lines=1  leftover=0
   34.732  ARD.TRIG                frame=13  attempt=1
   34.796  ARD.RX                  msg=TRIGGERED  raw=b'TRIGGERED\r\n'  t=0.0
   34.812  ARD.RX                  msg=ARMED  raw=b'ARMED\r\n'  t=0.016
   35.452  ARD.RX                  msg=FRAME_DONE  raw=b'FRAME_DONE\r\n'  t=0.656
   35.453  ARD.FRAME_DONE          frame=13  attempt=1  dt=0.657  leftover=0
   35.454  FRAME.END               frame=13  t_total=1.735  t_hwp=0.257  t_qwp=0.35  t_trig=0.723  attempts=1  flags=ok
   35.456  FRAME.START             frame=14  hwp=112  qwp=137
   35.457  ELL.TX                  addr=0  deg=112  hex=0000AE39  cmd=0ma0000AE39
   35.748  ELL.RX                  addr=0  line=0PO0000AE39  raw=b'0PO0000AE39\r\n'
   35.749  ELL.DONE                addr=0  pos=112.0  dt=0.292  lines=1  leftover=0
   35.750  ELL.TX                  addr=2  deg=137  hex=0000D51C  cmd=2ma0000D51C
   36.052  ELL.RX                  addr=2  line=2PO0000D51E  raw=b'2PO0000D51E\r\n'
   36.053  ELL.DONE                addr=2  pos=137.0  dt=0.302  lines=1  leftover=0
   36.460  ARD.TRIG                frame=14  attempt=1
   36.525  ARD.RX                  msg=TRIGGERED  raw=b'TRIGGERED\r\n'  t=0.0
   36.540  ARD.RX                  msg=ARMED  raw=b'ARMED\r\n'  t=0.016
   37.181  ARD.RX                  msg=FRAME_DONE  raw=b'FRAME_DONE\r\n'  t=0.656
   37.182  ARD.FRAME_DONE          frame=14  attempt=1  dt=0.657  leftover=0
   37.183  FRAME.END               frame=14  t_total=1.727  t_hwp=0.293  t_qwp=0.304  t_trig=0.722  attempts=1  flags=ok
   37.186  LOOP.END              
