    0.021  SESSION.START           log=D:\1_software\Experimental control software\2023_06_22 new pSHG sequence MIRA\pshg_diag_20260622_161358.log  csv=D:\1_software\Experimental control software\2023_06_22 new pSHG sequence MIRA\pshg_diag_20260622_161358.csv  file=2023_06_22 new pSHG sequence MIRA.xlsx  drain_stale=True
    0.066  ELL.QUERY               cmd=0in  reply='0IN0E1140051420211501016800023000\r\n'
    0.162  ELL.QUERY               cmd=2in  reply='2IN0E1140064920211501016800023000\r\n'
    0.642  ELL.QUERY               cmd=0ho  reply='0PO00000002\r\n'
    1.171  ELL.QUERY               cmd=2ho  reply='2PO00000000\r\n'
    1.202  ELL.QUERY               cmd=0gp  reply='0PO00000002\r\n'
    1.267  ELL.QUERY               cmd=2gp  reply='2PO00000019\r\n'
    2.271  LOOP.START            
    3.284  FRAME.START             frame=1  hwp=20  qwp=155
    3.286  ELL.TX                  addr=0  deg=20  hex=00001F1C  cmd=0ma00001F1C
    3.443  ELL.RX                  addr=0  line=0PO00001F19  raw=b'0PO00001F19\r\n'
    3.445  ELL.DONE                addr=0  pos=19.99  dt=0.158  lines=1  leftover=0
    3.446  ELL.TX                  addr=2  deg=155  hex=0000F11C  cmd=2ma0000F11C
    4.163  ELL.RX                  addr=2  line=2PO0000F11D  raw=b'2PO0000F11D\r\n'
    4.164  ELL.DONE                addr=2  pos=155.0  dt=0.716  lines=1  leftover=0
    4.578  ARD.STALE_PRE_TRIG      frame=1  attempt=1  n=78  data=b'FRAME_DONE\r\nFRAME_DONE\r\nFRAME_DONE\r\nFRAME_DONE\r\nFRAME_DONE\r\nFRAME_DONE\r\nFRAME_'
    4.579  ARD.TRIG                frame=1  attempt=1
    4.642  ARD.RX                  msg=DONE  raw=b'DONE\r\n'  t=0.0
    4.658  ARD.RX                  msg=TRIGGERED  raw=b'TRIGGERED\r\n'  t=0.016
    4.674  ARD.RX                  msg=ARMED  raw=b'ARMED\r\n'  t=0.032
    4.790  ARD.RX                  msg=FRAME_DONE  raw=b'FRAME_DONE\r\n'  t=0.148
    4.791  ARD.FRAME_DONE          frame=1  attempt=1  dt=0.149  leftover=0
    4.792  FRAME.END               frame=1  t_total=1.508  t_hwp=0.16  t_qwp=0.719  t_trig=0.214  attempts=1  flags=ok
    4.795  FRAME.START             frame=2  hwp=18  qwp=143
    4.796  ELL.TX                  addr=0  deg=18  hex=00001C00  cmd=0ma00001C00
    4.867  ELL.RX                  addr=0  line=0PO00001BFE  raw=b'0PO00001BFE\r\n'
    4.868  ELL.DONE                addr=0  pos=17.99  dt=0.071  lines=1  leftover=0
    4.869  ELL.TX                  addr=2  deg=143  hex=0000DE72  cmd=2ma0000DE72
    5.187  ELL.RX                  addr=2  line=2PO0000DE73  raw=b'2PO0000DE73\r\n'
    5.188  ELL.DONE                addr=2  pos=143.0  dt=0.319  lines=1  leftover=0
    5.592  ARD.STALE_PRE_TRIG      frame=2  attempt=1  n=48  data=b'FRAME_DONE\r\nFRAME_DONE\r\nFRAME_DONE\r\nFRAME_DONE\r\n'
    5.593  ARD.TRIG                frame=2  attempt=1
    5.656  ARD.RX                  msg=TRIGGERED  raw=b'TRIGGERED\r\n'  t=0.0
    5.672  ARD.RX                  msg=FRAME_DONE  raw=b'FRAME_DONE\r\n'  t=0.016
    5.673  ARD.FRAME_DONE          frame=2  attempt=1  dt=0.017  leftover=7
    5.674  ARD.EXTRA_DONE          frame=2  n=7
    5.675  FRAME.END               frame=2  t_total=0.88  t_hwp=0.073  t_qwp=0.32  t_trig=0.084  attempts=1  flags=ok
    5.677  FRAME.START             frame=3  hwp=27  qwp=138
    5.677  ELL.TX                  addr=0  deg=27  hex=00002A00  cmd=0ma00002A00
    5.827  ELL.RX                  addr=0  line=0PO00002A01  raw=b'0PO00002A01\r\n'
    5.828  ELL.DONE                addr=0  pos=27.0  dt=0.15  lines=1  leftover=0
    5.829  ELL.TX                  addr=2  deg=138  hex=0000D6AB  cmd=2ma0000D6AB
    6.243  ELL.RX                  addr=2  line=2PO0000D6AE  raw=b'2PO0000D6AE\r\n'
    6.244  ELL.DONE                addr=2  pos=138.01  dt=0.414  lines=1  leftover=0
    6.654  ARD.STALE_PRE_TRIG      frame=3  attempt=1  n=67  data=b'ARMED\r\nFRAME_DONE\r\nFRAME_DONE\r\nFRAME_DONE\r\nFRAME_DONE\r\nFRAME_DONE\r\n'
    6.655  ARD.TRIG                frame=3  attempt=1
    6.718  ARD.RX                  msg=TRIGGERED  raw=b'TRIGGERED\r\n'  t=0.0
    6.734  ARD.RX                  msg=ARMED  raw=b'ARMED\r\n'  t=0.016
    6.750  ARD.RX                  msg=FRAME_DONE  raw=b'FRAME_DONE\r\n'  t=0.032
    6.752  ARD.FRAME_DONE          frame=3  attempt=1  dt=0.033  leftover=0
    6.753  FRAME.END               frame=3  t_total=1.076  t_hwp=0.151  t_qwp=0.416  t_trig=0.099  attempts=1  flags=ok
    6.755  FRAME.START             frame=4  hwp=40  qwp=143
    6.756  ELL.TX                  addr=0  deg=40  hex=00003E39  cmd=0ma00003E39
    6.915  ELL.RX                  addr=0  line=0PO00003E36  raw=b'0PO00003E36\r\n'
    6.916  ELL.DONE                addr=0  pos=39.99  dt=0.159  lines=1  leftover=0
    6.917  ELL.TX                  addr=2  deg=143  hex=0000DE72  cmd=2ma0000DE72
    7.203  ELL.RX                  addr=2  line=2PO0000DE70  raw=b'2PO0000DE70\r\n'
    7.204  ELL.DONE                addr=2  pos=143.0  dt=0.286  lines=1  leftover=0
    7.616  ARD.STALE_PRE_TRIG      frame=4  attempt=1  n=72  data=b'FRAME_DONE\r\nFRAME_DONE\r\nFRAME_DONE\r\nFRAME_DONE\r\nFRAME_DONE\r\nFRAME_DONE\r\n'
    7.617  ARD.TRIG                frame=4  attempt=1
    7.680  ARD.RX                  msg=TRIGGERED  raw=b'TRIGGERED\r\n'  t=0.0
    7.695  ARD.RX                  msg=ARMED  raw=b'ARMED\r\n'  t=0.015
    7.710  ARD.RX                  msg=FRAME_DONE  raw=b'FRAME_DONE\r\n'  t=0.03
    7.711  ARD.FRAME_DONE          frame=4  attempt=1  dt=0.031  leftover=0
    7.712  FRAME.END               frame=4  t_total=0.957  t_hwp=0.161  t_qwp=0.288  t_trig=0.097  attempts=1  flags=ok
    7.714  FRAME.START             frame=5  hwp=55  qwp=155
    7.714  ELL.TX                  addr=0  deg=55  hex=0000558E  cmd=0ma0000558E
    7.875  ELL.RX                  addr=0  line=0PO0000558E  raw=b'0PO0000558E\r\n'
    7.877  ELL.DONE                addr=0  pos=55.0  dt=0.162  lines=1  leftover=0
    7.877  ELL.TX                  addr=2  deg=155  hex=0000F11C  cmd=2ma0000F11C
    8.211  ELL.RX                  addr=2  line=2PO0000F11B  raw=b'2PO0000F11B\r\n'
    8.213  ELL.DONE                addr=2  pos=155.0  dt=0.334  lines=1  leftover=0
    8.621  ARD.STALE_PRE_TRIG      frame=5  attempt=1  n=60  data=b'FRAME_DONE\r\nFRAME_DONE\r\nFRAME_DONE\r\nFRAME_DONE\r\nFRAME_DONE\r\n'
    8.623  ARD.TRIG                frame=5  attempt=1
    8.685  ARD.RX                  msg=TRIGGERED  raw=b'TRIGGERED\r\n'  t=0.0
    8.700  ARD.RX                  msg=ARMED  raw=b'ARMED\r\n'  t=0.015
    9.336  ARD.RX                  msg=FRAME_DONE  raw=b'FRAME_DONE\r\n'  t=0.651
    9.337  ARD.FRAME_DONE          frame=5  attempt=1  dt=0.652  leftover=1
    9.338  ARD.EXTRA_DONE          frame=5  n=1
    9.339  FRAME.END               frame=5  t_total=1.625  t_hwp=0.163  t_qwp=0.336  t_trig=0.718  attempts=1  flags=ok
    9.341  FRAME.START             frame=6  hwp=67  qwp=168
    9.341  ELL.TX                  addr=0  deg=67  hex=00006839  cmd=0ma00006839
    9.539  ELL.RX                  addr=0  line=0PO0000683A  raw=b'0PO0000683A\r\n'
    9.540  ELL.DONE                addr=0  pos=67.0  dt=0.199  lines=1  leftover=0
    9.541  ELL.TX                  addr=2  deg=168  hex=00010555  cmd=2ma00010555
    9.763  ELL.RX                  addr=2  line=2PO00010557  raw=b'2PO00010557\r\n'
    9.765  ELL.DONE                addr=2  pos=168.0  dt=0.223  lines=1  leftover=0
   10.167  ARD.STALE_PRE_TRIG      frame=6  attempt=1  n=36  data=b'FRAME_DONE\r\nFRAME_DONE\r\nFRAME_DONE\r\n'
   10.169  ARD.TRIG                frame=6  attempt=1
   10.232  ARD.RX                  msg=TRIGGERED  raw=b'TRIGGERED\r\n'  t=0.0
   10.247  ARD.RX                  msg=ARMED  raw=b'ARMED\r\n'  t=0.016
   10.264  ARD.RX                  msg=FRAME_DONE  raw=b'FRAME_DONE\r\n'  t=0.032
   10.265  ARD.FRAME_DONE          frame=6  attempt=1  dt=0.033  leftover=0
   10.266  FRAME.END               frame=6  t_total=0.925  t_hwp=0.2  t_qwp=0.225  t_trig=0.098  attempts=1  flags=ok
   10.268  FRAME.START             frame=7  hwp=78  qwp=178
   10.269  ELL.TX                  addr=0  deg=78  hex=00007955  cmd=0ma00007955
   10.419  ELL.RX                  addr=0  line=0PO00007953  raw=b'0PO00007953\r\n'
   10.421  ELL.DONE                addr=0  pos=77.99  dt=0.15  lines=1  leftover=0
   10.422  ELL.TX                  addr=2  deg=178  hex=000114E4  cmd=2ma000114E4
   10.691  ELL.RX                  addr=2  line=2PO000114E6  raw=b'2PO000114E6\r\n'
   10.692  ELL.DONE                addr=2  pos=178.01  dt=0.268  lines=1  leftover=0
   11.094  ARD.STALE_PRE_TRIG      frame=7  attempt=1  n=36  data=b'FRAME_DONE\r\nFRAME_DONE\r\nFRAME_DONE\r\n'
   11.096  ARD.TRIG                frame=7  attempt=1
   11.157  ARD.RX                  msg=TRIGGERED  raw=b'TRIGGERED\r\n'  t=0.0
   11.172  ARD.RX                  msg=ARMED  raw=b'ARMED\r\n'  t=0.015
   11.515  ARD.RX                  msg=FRAME_DONE  raw=b'FRAME_DONE\r\n'  t=0.358
   11.517  ARD.FRAME_DONE          frame=7  attempt=1  dt=0.359  leftover=0
   11.517  FRAME.END               frame=7  t_total=1.25  t_hwp=0.153  t_qwp=0.271  t_trig=0.423  attempts=1  flags=ok
   11.519  FRAME.START             frame=8  hwp=91  qwp=186
   11.520  ELL.TX                  addr=0  deg=91  hex=00008D8E  cmd=0ma00008D8E
   11.731  ELL.RX                  addr=0  line=0PO00008D8B  raw=b'0PO00008D8B\r\n'
   11.732  ELL.DONE                addr=0  pos=90.99  dt=0.211  lines=1  leftover=0
   11.733  ELL.TX                  addr=2  deg=186  hex=00012155  cmd=2ma00012155
   11.971  ELL.RX                  addr=2  line=2PO00012155  raw=b'2PO00012155\r\n'
   11.972  ELL.DONE                addr=2  pos=186.0  dt=0.239  lines=1  leftover=0
   12.386  ARD.STALE_PRE_TRIG      frame=8  attempt=1  n=36  data=b'FRAME_DONE\r\nFRAME_DONE\r\nFRAME_DONE\r\n'
   12.387  ARD.TRIG                frame=8  attempt=1
   12.450  ARD.RX                  msg=TRIGGERED  raw=b'TRIGGERED\r\n'  t=0.0
   12.466  ARD.RX                  msg=FRAME_DONE  raw=b'FRAME_DONE\r\n'  t=0.016
   12.468  ARD.FRAME_DONE          frame=8  attempt=1  dt=0.017  leftover=7
   12.469  ARD.EXTRA_DONE          frame=8  n=7
   12.470  FRAME.END               frame=8  t_total=0.95  t_hwp=0.213  t_qwp=0.24  t_trig=0.084  attempts=1  flags=ok
   12.472  FRAME.START             frame=9  hwp=102  qwp=186
   12.473  ELL.TX                  addr=0  deg=102  hex=00009EAB  cmd=0ma00009EAB
   12.691  ELL.RX                  addr=0  line=0PO00009EAB  raw=b'0PO00009EAB\r\n'
   12.692  ELL.DONE                addr=0  pos=102.0  dt=0.219  lines=1  leftover=0
   12.693  ELL.TX                  addr=2  deg=186  hex=00012155  cmd=2ma00012155
   12.787  ELL.RX                  addr=2  line=2PO00012154  raw=b'2PO00012154\r\n'
   12.789  ELL.DONE                addr=2  pos=186.0  dt=0.094  lines=1  leftover=0
   13.192  ARD.STALE_PRE_TRIG      frame=9  attempt=1  n=31  data=b'ARMED\r\nFRAME_DONE\r\nFRAME_DONE\r\n'
   13.193  ARD.TRIG                frame=9  attempt=1
   13.256  ARD.RX                  msg=TRIGGERED  raw=b'TRIGGERED\r\n'  t=0.0
   13.272  ARD.RX                  msg=ARMED  raw=b'ARMED\r\n'  t=0.016
   13.510  ARD.RX                  msg=FRAME_DONE  raw=b'FRAME_DONE\r\n'  t=0.254
   13.511  ARD.FRAME_DONE          frame=9  attempt=1  dt=0.255  leftover=0
   13.512  FRAME.END               frame=9  t_total=1.04  t_hwp=0.22  t_qwp=0.097  t_trig=0.32  attempts=1  flags=ok
   13.513  FRAME.START             frame=10  hwp=106  qwp=178
   13.514  ELL.TX                  addr=0  deg=106  hex=0000A4E4  cmd=0ma0000A4E4
   13.715  ELL.RX                  addr=0  line=0PO0000A4E4  raw=b'0PO0000A4E4\r\n'
   13.717  ELL.DONE                addr=0  pos=106.0  dt=0.202  lines=1  leftover=0
   13.718  ELL.TX                  addr=2  deg=178  hex=000114E4  cmd=2ma000114E4
   13.955  ELL.RX                  addr=2  line=2PO000114E6  raw=b'2PO000114E6\r\n'
   13.956  ELL.DONE                addr=2  pos=178.01  dt=0.237  lines=1  leftover=0
   14.359  ARD.STALE_PRE_TRIG      frame=10  attempt=1  n=72  data=b'FRAME_DONE\r\nFRAME_DONE\r\nFRAME_DONE\r\nFRAME_DONE\r\nFRAME_DONE\r\nFRAME_DONE\r\n'
   14.361  ARD.TRIG                frame=10  attempt=1
   14.421  ARD.RX                  msg=TRIGGERED  raw=b'TRIGGERED\r\n'  t=0.0
   14.436  ARD.RX                  msg=ARMED  raw=b'ARMED\r\n'  t=0.016
   14.498  ARD.RX                  msg=FRAME_DONE  raw=b'FRAME_DONE\r\n'  t=0.078
   14.500  ARD.FRAME_DONE          frame=10  attempt=1  dt=0.079  leftover=0
   14.500  FRAME.END               frame=10  t_total=0.987  t_hwp=0.204  t_qwp=0.239  t_trig=0.141  attempts=1  flags=ok
   14.502  FRAME.START             frame=11  hwp=106  qwp=167
   14.503  ELL.TX                  addr=0  deg=106  hex=0000A4E4  cmd=0ma0000A4E4
   14.563  ELL.RX                  addr=0  line=0PO0000A4E1  raw=b'0PO0000A4E1\r\n'
   14.565  ELL.DONE                addr=0  pos=105.99  dt=0.061  lines=1  leftover=0
   14.565  ELL.TX                  addr=2  deg=167  hex=000103C7  cmd=2ma000103C7
   14.915  ELL.RX                  addr=2  line=2PO000103C4  raw=b'2PO000103C4\r\n'
   14.916  ELL.DONE                addr=2  pos=166.99  dt=0.35  lines=1  leftover=0
   15.330  ARD.STALE_PRE_TRIG      frame=11  attempt=1  n=36  data=b'FRAME_DONE\r\nFRAME_DONE\r\nFRAME_DONE\r\n'
   15.331  ARD.TRIG                frame=11  attempt=1
   15.393  ARD.RX                  msg=TRIGGERED  raw=b'TRIGGERED\r\n'  t=0.0
   15.409  ARD.RX                  msg=ARMED  raw=b'ARMED\r\n'  t=0.016
   15.991  ARD.RX                  msg=FRAME_DONE  raw=b'FRAME_DONE\r\n'  t=0.598
   15.992  ARD.FRAME_DONE          frame=11  attempt=1  dt=0.599  leftover=0
   15.993  FRAME.END               frame=11  t_total=1.491  t_hwp=0.062  t_qwp=0.352  t_trig=0.663  attempts=1  flags=ok
   15.994  FRAME.START             frame=12  hwp=105  qwp=155
   15.995  ELL.TX                  addr=0  deg=105  hex=0000A355  cmd=0ma0000A355
   16.211  ELL.RX                  addr=0  line=0PO0000A353  raw=b'0PO0000A353\r\n'
   16.212  ELL.DONE                addr=0  pos=104.99  dt=0.217  lines=1  leftover=0
   16.213  ELL.TX                  addr=2  deg=155  hex=0000F11C  cmd=2ma0000F11C
   16.467  ELL.RX                  addr=2  line=2PO0000F119  raw=b'2PO0000F119\r\n'
   16.469  ELL.DONE                addr=2  pos=154.99  dt=0.254  lines=1  leftover=0
   16.876  ARD.STALE_PRE_TRIG      frame=12  attempt=1  n=24  data=b'FRAME_DONE\r\nFRAME_DONE\r\n'
   16.878  ARD.TRIG                frame=12  attempt=1
   16.940  ARD.RX                  msg=TRIGGERED  raw=b'TRIGGERED\r\n'  t=0.0
   16.956  ARD.RX                  msg=ARMED  raw=b'ARMED\r\n'  t=0.016
   17.233  ARD.RX                  msg=FRAME_DONE  raw=b'FRAME_DONE\r\n'  t=0.293
   17.234  ARD.FRAME_DONE          frame=12  attempt=1  dt=0.294  leftover=0
   17.235  FRAME.END               frame=12  t_total=1.241  t_hwp=0.218  t_qwp=0.256  t_trig=0.36  attempts=1  flags=ok
   17.237  FRAME.START             frame=13  hwp=104  qwp=143
   17.238  ELL.TX                  addr=0  deg=104  hex=0000A1C7  cmd=0ma0000A1C7
   17.444  ELL.RX                  addr=0  line=0PO0000A1C5  raw=b'0PO0000A1C5\r\n'
   17.446  ELL.DONE                addr=0  pos=103.99  dt=0.207  lines=1  leftover=0
   17.449  ELL.TX                  addr=2  deg=143  hex=0000DE72  cmd=2ma0000DE72
   17.683  ELL.RX                  addr=2  line=2PO0000DE71  raw=b'2PO0000DE71\r\n'
   17.684  ELL.DONE                addr=2  pos=143.0  dt=0.235  lines=1  leftover=0
   18.100  ARD.STALE_PRE_TRIG      frame=13  attempt=1  n=72  data=b'FRAME_DONE\r\nFRAME_DONE\r\nFRAME_DONE\r\nFRAME_DONE\r\nFRAME_DONE\r\nFRAME_DONE\r\n'
   18.101  ARD.TRIG                frame=13  attempt=1
   18.163  ARD.RX                  msg=TRIGGERED  raw=b'TRIGGERED\r\n'  t=0.0
   18.179  ARD.RX                  msg=ARMED  raw=b'ARMED\r\n'  t=0.016
   18.399  ARD.RX                  msg=FRAME_DONE  raw=b'FRAME_DONE\r\n'  t=0.236
   18.401  ARD.FRAME_DONE          frame=13  attempt=1  dt=0.237  leftover=0
   18.401  FRAME.END               frame=13  t_total=1.164  t_hwp=0.21  t_qwp=0.237  t_trig=0.301  attempts=1  flags=ok
   18.403  FRAME.START             frame=14  hwp=112  qwp=137
   18.404  ELL.TX                  addr=0  deg=112  hex=0000AE39  cmd=0ma0000AE39
   18.659  ELL.RX                  addr=0  line=0PO0000AE3A  raw=b'0PO0000AE3A\r\n'
   18.660  ELL.DONE                addr=0  pos=112.0  dt=0.255  lines=1  leftover=0
   18.661  ELL.TX                  addr=2  deg=137  hex=0000D51C  cmd=2ma0000D51C
   18.979  ELL.RX                  addr=2  line=2PO0000D51A  raw=b'2PO0000D51A\r\n'
   18.980  ELL.DONE                addr=2  pos=136.99  dt=0.318  lines=1  leftover=0
   19.386  ARD.TRIG                frame=14  attempt=1
   19.451  ARD.RX                  msg=TRIGGERED  raw=b'TRIGGERED\r\n'  t=0.0
   19.467  ARD.RX                  msg=ARMED  raw=b'ARMED\r\n'  t=0.016
   19.666  ARD.RX                  msg=FRAME_DONE  raw=b'FRAME_DONE\r\n'  t=0.215
   19.667  ARD.FRAME_DONE          frame=14  attempt=1  dt=0.216  leftover=0
   19.668  FRAME.END               frame=14  t_total=1.265  t_hwp=0.257  t_qwp=0.32  t_trig=0.282  attempts=1  flags=ok
   19.671  LOOP.END              
