    0.021  SESSION.START           log=D:\1_software\Experimental control software\2023_06_22 new pSHG sequence MIRA\pshg_diag_20260623_141116.log  csv=D:\1_software\Experimental control software\2023_06_22 new pSHG sequence MIRA\pshg_diag_20260623_141116.csv  file=2023_06_22 new pSHG sequence MIRA.xlsx  drain_stale=True
    0.066  ELL.QUERY               cmd=0in  reply='0IN0E1140051420211501016800023000\r\n'
    0.162  ELL.QUERY               cmd=2in  reply='2IN0E1140064920211501016800023000\r\n'
    0.578  ELL.QUERY               cmd=0ho  reply='0POFFFFFFFD\r\n'
    1.074  ELL.QUERY               cmd=2ho  reply='2POFFFFFFFF\r\n'
    1.106  ELL.QUERY               cmd=0gp  reply='0POFFFFFFFD\r\n'
    1.186  ELL.QUERY               cmd=2gp  reply='2PO0000003F\r\n'
    2.202  LOOP.START            
    3.223  FRAME.START             frame=1  hwp=20  qwp=155
    3.227  ELL.TX                  addr=0  deg=20  hex=00001F1C  cmd=0ma00001F1C
    3.379  ELL.RX                  addr=0  line=0PO00001F1C  raw=b'0PO00001F1C\r\n'
    3.385  ELL.DONE                addr=0  pos=20.0  dt=0.153  lines=1  leftover=0
    3.388  ELL.TX                  addr=2  deg=155  hex=0000F11C  cmd=2ma0000F11C
    3.970  ELL.RX                  addr=2  line=2PO0000F11A  raw=b'2PO0000F11A\r\n'
    3.975  ELL.DONE                addr=2  pos=154.99  dt=0.58  lines=1  leftover=0
    4.390  ARD.TRIG                frame=1  attempt=1
    4.455  ARD.RX                  msg=TRIGGERED  raw=b'TRIGGERED\r\n'  t=0.0
    4.470  ARD.RX                  msg=ARMED  raw=b'ARMED\r\n'  t=0.015
    5.112  ARD.RX                  msg=FRAME_DONE  raw=b'FRAME_DONE\r\n'  t=0.657
    5.114  ARD.FRAME_DONE          frame=1  attempt=1  dt=0.659  leftover=0
    5.117  FRAME.END               frame=1  t_total=1.894  t_hwp=0.161  t_qwp=0.59  t_trig=0.727  attempts=1  flags=ok
    5.121  FRAME.START             frame=2  hwp=18  qwp=143
    5.123  ELL.TX                  addr=0  deg=18  hex=00001C00  cmd=0ma00001C00
    5.234  ELL.RX                  addr=0  line=0PO00001C02  raw=b'0PO00001C02\r\n'
    5.236  ELL.DONE                addr=0  pos=18.01  dt=0.111  lines=1  leftover=0
    5.236  ELL.TX                  addr=2  deg=143  hex=0000DE72  cmd=2ma0000DE72
    5.522  ELL.RX                  addr=2  line=2PO0000DE72  raw=b'2PO0000DE72\r\n'
    5.524  ELL.DONE                addr=2  pos=143.0  dt=0.287  lines=1  leftover=0
    5.935  ARD.TRIG                frame=2  attempt=1
    6.000  ARD.RX                  msg=TRIGGERED  raw=b'TRIGGERED\r\n'  t=0.0
    6.015  ARD.RX                  msg=ARMED  raw=b'ARMED\r\n'  t=0.016
    6.656  ARD.RX                  msg=FRAME_DONE  raw=b'FRAME_DONE\r\n'  t=0.656
    6.658  ARD.FRAME_DONE          frame=2  attempt=1  dt=0.658  leftover=0
    6.659  FRAME.END               frame=2  t_total=1.538  t_hwp=0.114  t_qwp=0.289  t_trig=0.724  attempts=1  flags=ok
    6.660  FRAME.START             frame=3  hwp=27  qwp=138
    6.661  ELL.TX                  addr=0  deg=27  hex=00002A00  cmd=0ma00002A00
    6.802  ELL.RX                  addr=0  line=0PO00002A01  raw=b'0PO00002A01\r\n'
    6.804  ELL.DONE                addr=0  pos=27.0  dt=0.142  lines=1  leftover=0
    6.805  ELL.TX                  addr=2  deg=138  hex=0000D6AB  cmd=2ma0000D6AB
    7.107  ELL.RX                  addr=2  line=2PO0000D6AD  raw=b'2PO0000D6AD\r\n'
    7.111  ELL.DONE                addr=2  pos=138.01  dt=0.304  lines=1  leftover=0
    7.528  ARD.TRIG                frame=3  attempt=1
    7.592  ARD.RX                  msg=TRIGGERED  raw=b'TRIGGERED\r\n'  t=0.0
    7.607  ARD.RX                  msg=ARMED  raw=b'ARMED\r\n'  t=0.016
    8.249  ARD.RX                  msg=FRAME_DONE  raw=b'FRAME_DONE\r\n'  t=0.658
    8.251  ARD.FRAME_DONE          frame=3  attempt=1  dt=0.659  leftover=0
    8.251  FRAME.END               frame=3  t_total=1.591  t_hwp=0.144  t_qwp=0.309  t_trig=0.724  attempts=1  flags=ok
    8.253  FRAME.START             frame=4  hwp=40  qwp=143
    8.254  ELL.TX                  addr=0  deg=40  hex=00003E39  cmd=0ma00003E39
    8.418  ELL.RX                  addr=0  line=0PO00003E39  raw=b'0PO00003E39\r\n'
    8.420  ELL.DONE                addr=0  pos=40.0  dt=0.165  lines=1  leftover=0
    8.421  ELL.TX                  addr=2  deg=143  hex=0000DE72  cmd=2ma0000DE72
    8.787  ELL.RX                  addr=2  line=2PO0000DE74  raw=b'2PO0000DE74\r\n'
    8.790  ELL.DONE                addr=2  pos=143.01  dt=0.369  lines=1  leftover=0
    9.200  ARD.TRIG                frame=4  attempt=1
    9.264  ARD.RX                  msg=TRIGGERED  raw=b'TRIGGERED\r\n'  t=0.001
    9.279  ARD.RX                  msg=ARMED  raw=b'ARMED\r\n'  t=0.016
    9.920  ARD.RX                  msg=FRAME_DONE  raw=b'FRAME_DONE\r\n'  t=0.657
    9.922  ARD.FRAME_DONE          frame=4  attempt=1  dt=0.659  leftover=0
    9.924  FRAME.END               frame=4  t_total=1.671  t_hwp=0.167  t_qwp=0.372  t_trig=0.724  attempts=1  flags=ok
    9.927  FRAME.START             frame=5  hwp=55  qwp=155
    9.929  ELL.TX                  addr=0  deg=55  hex=0000558E  cmd=0ma0000558E
   10.082  ELL.RX                  addr=0  line=0PO0000558D  raw=b'0PO0000558D\r\n'
   10.084  ELL.DONE                addr=0  pos=55.0  dt=0.154  lines=1  leftover=0
   10.085  ELL.TX                  addr=2  deg=155  hex=0000F11C  cmd=2ma0000F11C
   10.435  ELL.RX                  addr=2  line=2PO0000F11E  raw=b'2PO0000F11E\r\n'
   10.441  ELL.DONE                addr=2  pos=155.0  dt=0.355  lines=1  leftover=0
   10.857  ARD.TRIG                frame=5  attempt=1
   10.921  ARD.RX                  msg=TRIGGERED  raw=b'TRIGGERED\r\n'  t=0.001
   10.936  ARD.RX                  msg=ARMED  raw=b'ARMED\r\n'  t=0.016
   11.579  ARD.RX                  msg=FRAME_DONE  raw=b'FRAME_DONE\r\n'  t=0.659
   11.581  ARD.FRAME_DONE          frame=5  attempt=1  dt=0.661  leftover=0
   11.583  FRAME.END               frame=5  t_total=1.656  t_hwp=0.156  t_qwp=0.36  t_trig=0.727  attempts=1  flags=ok
   11.586  FRAME.START             frame=6  hwp=67  qwp=168
   11.588  ELL.TX                  addr=0  deg=67  hex=00006839  cmd=0ma00006839
   11.891  ELL.RX                  addr=0  line=0PO00006838  raw=b'0PO00006838\r\n'
   11.896  ELL.DONE                addr=0  pos=67.0  dt=0.306  lines=1  leftover=0
   11.901  ELL.TX                  addr=2  deg=168  hex=00010555  cmd=2ma00010555
   12.291  ELL.RX                  addr=2  line=2PO00010557  raw=b'2PO00010557\r\n'
   12.295  ELL.DONE                addr=2  pos=168.0  dt=0.389  lines=1  leftover=0
   12.708  ARD.TRIG                frame=6  attempt=1
   12.773  ARD.RX                  msg=TRIGGERED  raw=b'TRIGGERED\r\n'  t=0.0
   12.788  ARD.RX                  msg=ARMED  raw=b'ARMED\r\n'  t=0.016
   13.430  ARD.RX                  msg=FRAME_DONE  raw=b'FRAME_DONE\r\n'  t=0.658
   13.433  ARD.FRAME_DONE          frame=6  attempt=1  dt=0.66  leftover=0
   13.435  FRAME.END               frame=6  t_total=1.848  t_hwp=0.313  t_qwp=0.396  t_trig=0.726  attempts=1  flags=ok
   13.438  FRAME.START             frame=7  hwp=78  qwp=178
   13.439  ELL.TX                  addr=0  deg=78  hex=00007955  cmd=0ma00007955
   13.763  ELL.RX                  addr=0  line=0PO00007952  raw=b'0PO00007952\r\n'
   13.768  ELL.DONE                addr=0  pos=77.99  dt=0.327  lines=1  leftover=0
   13.772  ELL.TX                  addr=2  deg=178  hex=000114E4  cmd=2ma000114E4
   13.939  ELL.RX                  addr=2  line=2PO000114E3  raw=b'2PO000114E3\r\n'
   13.944  ELL.DONE                addr=2  pos=178.0  dt=0.168  lines=1  leftover=0
   14.351  ARD.TRIG                frame=7  attempt=1
   14.416  ARD.RX                  msg=TRIGGERED  raw=b'TRIGGERED\r\n'  t=0.001
   14.432  ARD.RX                  msg=ARMED  raw=b'ARMED\r\n'  t=0.017
   15.073  ARD.RX                  msg=FRAME_DONE  raw=b'FRAME_DONE\r\n'  t=0.658
   15.077  ARD.FRAME_DONE          frame=7  attempt=1  dt=0.663  leftover=0
   15.083  FRAME.END               frame=7  t_total=1.646  t_hwp=0.333  t_qwp=0.177  t_trig=0.732  attempts=1  flags=ok
   15.091  FRAME.START             frame=8  hwp=91  qwp=186
   15.097  ELL.TX                  addr=0  deg=91  hex=00008D8E  cmd=0ma00008D8E
   15.331  ELL.RX                  addr=0  line=0PO00008D8F  raw=b'0PO00008D8F\r\n'
   15.334  ELL.DONE                addr=0  pos=91.0  dt=0.233  lines=1  leftover=0
   15.335  ELL.TX                  addr=2  deg=186  hex=00012155  cmd=2ma00012155
   15.652  ELL.RX                  addr=2  line=2PO00012158  raw=b'2PO00012158\r\n'
   15.656  ELL.DONE                addr=2  pos=186.01  dt=0.319  lines=1  leftover=0
   16.069  ARD.TRIG                frame=8  attempt=1
   16.134  ARD.RX                  msg=TRIGGERED  raw=b'TRIGGERED\r\n'  t=0.001
   16.151  ARD.RX                  msg=ARMED  raw=b'ARMED\r\n'  t=0.017
   16.797  ARD.RX                  msg=FRAME_DONE  raw=b'FRAME_DONE\r\n'  t=0.664
   16.799  ARD.FRAME_DONE          frame=8  attempt=1  dt=0.665  leftover=0
   16.799  FRAME.END               frame=8  t_total=1.708  t_hwp=0.238  t_qwp=0.326  t_trig=0.731  attempts=1  flags=ok
   16.802  FRAME.START             frame=9  hwp=102  qwp=186
   16.802  ELL.TX                  addr=0  deg=102  hex=00009EAB  cmd=0ma00009EAB
   17.011  ELL.RX                  addr=0  line=0PO00009EAB  raw=b'0PO00009EAB\r\n'
   17.013  ELL.DONE                addr=0  pos=102.0  dt=0.209  lines=1  leftover=0
   17.014  ELL.TX                  addr=2  deg=186  hex=00012155  cmd=2ma00012155
   17.107  ELL.RX                  addr=2  line=2PO00012152  raw=b'2PO00012152\r\n'
   17.108  ELL.DONE                addr=2  pos=185.99  dt=0.093  lines=1  leftover=0
   17.519  ARD.TRIG                frame=9  attempt=1
   17.584  ARD.RX                  msg=TRIGGERED  raw=b'TRIGGERED\r\n'  t=0.0
   17.600  ARD.RX                  msg=ARMED  raw=b'ARMED\r\n'  t=0.016
   18.239  ARD.RX                  msg=FRAME_DONE  raw=b'FRAME_DONE\r\n'  t=0.655
   18.241  ARD.FRAME_DONE          frame=9  attempt=1  dt=0.657  leftover=0
   18.243  FRAME.END               frame=9  t_total=1.441  t_hwp=0.212  t_qwp=0.095  t_trig=0.723  attempts=1  flags=ok
   18.247  FRAME.START             frame=10  hwp=106  qwp=178
   18.249  ELL.TX                  addr=0  deg=106  hex=0000A4E4  cmd=0ma0000A4E4
   18.467  ELL.RX                  addr=0  line=0PO0000A4E7  raw=b'0PO0000A4E7\r\n'
   18.469  ELL.DONE                addr=0  pos=106.01  dt=0.217  lines=1  leftover=0
   18.470  ELL.TX                  addr=2  deg=178  hex=000114E4  cmd=2ma000114E4
   18.803  ELL.RX                  addr=2  line=2PO000114E7  raw=b'2PO000114E7\r\n'
   18.805  ELL.DONE                addr=2  pos=178.01  dt=0.333  lines=1  leftover=0
   19.210  ARD.TRIG                frame=10  attempt=1
   19.275  ARD.RX                  msg=TRIGGERED  raw=b'TRIGGERED\r\n'  t=0.0
   19.290  ARD.RX                  msg=ARMED  raw=b'ARMED\r\n'  t=0.016
   19.931  ARD.RX                  msg=FRAME_DONE  raw=b'FRAME_DONE\r\n'  t=0.656
   19.936  ARD.FRAME_DONE          frame=10  attempt=1  dt=0.661  leftover=0
   19.939  FRAME.END               frame=10  t_total=1.692  t_hwp=0.221  t_qwp=0.335  t_trig=0.729  attempts=1  flags=ok
   19.949  FRAME.START             frame=11  hwp=106  qwp=167
   19.952  ELL.TX                  addr=0  deg=106  hex=0000A4E4  cmd=0ma0000A4E4
   20.051  ELL.RX                  addr=0  line=0PO0000A4E4  raw=b'0PO0000A4E4\r\n'
   20.053  ELL.DONE                addr=0  pos=106.0  dt=0.097  lines=1  leftover=0
   20.054  ELL.TX                  addr=2  deg=167  hex=000103C7  cmd=2ma000103C7
   20.180  ELL.RX                  addr=2  line=2PO000103C6  raw=b'2PO000103C6\r\n'
   20.181  ELL.DONE                addr=2  pos=167.0  dt=0.125  lines=1  leftover=0
   20.582  ARD.TRIG                frame=11  attempt=1
   20.646  ARD.RX                  msg=TRIGGERED  raw=b'TRIGGERED\r\n'  t=0.0
   20.661  ARD.RX                  msg=ARMED  raw=b'ARMED\r\n'  t=0.015
   21.303  ARD.RX                  msg=FRAME_DONE  raw=b'FRAME_DONE\r\n'  t=0.656
   21.304  ARD.FRAME_DONE          frame=11  attempt=1  dt=0.657  leftover=0
   21.305  FRAME.END               frame=11  t_total=1.356  t_hwp=0.102  t_qwp=0.127  t_trig=0.723  attempts=1  flags=ok
   21.307  FRAME.START             frame=12  hwp=105  qwp=155
   21.308  ELL.TX                  addr=0  deg=105  hex=0000A355  cmd=0ma0000A355
   21.491  ELL.RX                  addr=0  line=0PO0000A352  raw=b'0PO0000A352\r\n'
   21.494  ELL.DONE                addr=0  pos=104.99  dt=0.185  lines=1  leftover=0
   21.495  ELL.TX                  addr=2  deg=155  hex=0000F11C  cmd=2ma0000F11C
   21.780  ELL.RX                  addr=2  line=2PO0000F11A  raw=b'2PO0000F11A\r\n'
   21.783  ELL.DONE                addr=2  pos=154.99  dt=0.287  lines=1  leftover=0
   22.189  ARD.TRIG                frame=12  attempt=1
   22.254  ARD.RX                  msg=TRIGGERED  raw=b'TRIGGERED\r\n'  t=0.0
   22.270  ARD.RX                  msg=ARMED  raw=b'ARMED\r\n'  t=0.016
   22.913  ARD.RX                  msg=FRAME_DONE  raw=b'FRAME_DONE\r\n'  t=0.659
   22.917  ARD.FRAME_DONE          frame=12  attempt=1  dt=0.663  leftover=0
   22.920  FRAME.END               frame=12  t_total=1.613  t_hwp=0.187  t_qwp=0.291  t_trig=0.731  attempts=1  flags=ok
   22.930  FRAME.START             frame=13  hwp=104  qwp=143
   22.933  ELL.TX                  addr=0  deg=104  hex=0000A1C7  cmd=0ma0000A1C7
   23.140  ELL.RX                  addr=0  line=0PO0000A1C9  raw=b'0PO0000A1C9\r\n'
   23.141  ELL.DONE                addr=0  pos=104.0  dt=0.206  lines=1  leftover=0
   23.142  ELL.TX                  addr=2  deg=143  hex=0000DE72  cmd=2ma0000DE72
   23.428  ELL.RX                  addr=2  line=2PO0000DE72  raw=b'2PO0000DE72\r\n'
   23.433  ELL.DONE                addr=2  pos=143.0  dt=0.29  lines=1  leftover=0
   23.847  ARD.TRIG                frame=13  attempt=1
   23.911  ARD.RX                  msg=TRIGGERED  raw=b'TRIGGERED\r\n'  t=0.001
   23.926  ARD.RX                  msg=ARMED  raw=b'ARMED\r\n'  t=0.016
   24.571  ARD.RX                  msg=FRAME_DONE  raw=b'FRAME_DONE\r\n'  t=0.661
   24.573  ARD.FRAME_DONE          frame=13  attempt=1  dt=0.663  leftover=0
   24.574  FRAME.END               frame=13  t_total=1.644  t_hwp=0.209  t_qwp=0.295  t_trig=0.727  attempts=1  flags=ok
   24.576  FRAME.START             frame=14  hwp=112  qwp=137
   24.578  ELL.TX                  addr=0  deg=112  hex=0000AE39  cmd=0ma0000AE39
   24.836  ELL.RX                  addr=0  line=0PO0000AE3C  raw=b'0PO0000AE3C\r\n'
   24.842  ELL.DONE                addr=0  pos=112.01  dt=0.262  lines=1  leftover=0
   24.845  ELL.TX                  addr=2  deg=137  hex=0000D51C  cmd=2ma0000D51C
   25.060  ELL.RX                  addr=2  line=2PO0000D51F  raw=b'2PO0000D51F\r\n'
   25.064  ELL.DONE                addr=2  pos=137.01  dt=0.214  lines=1  leftover=0
   25.481  ARD.TRIG                frame=14  attempt=1
   25.545  ARD.RX                  msg=TRIGGERED  raw=b'TRIGGERED\r\n'  t=0.0
   25.561  ARD.RX                  msg=ARMED  raw=b'ARMED\r\n'  t=0.016
   26.201  ARD.RX                  msg=FRAME_DONE  raw=b'FRAME_DONE\r\n'  t=0.657
   26.203  ARD.FRAME_DONE          frame=14  attempt=1  dt=0.658  leftover=0
   26.203  FRAME.END               frame=14  t_total=1.627  t_hwp=0.267  t_qwp=0.224  t_trig=0.723  attempts=1  flags=ok
   26.207  LOOP.END              
