    0.021  SESSION.START           log=D:\1_software\Experimental control software\2023_06_22 new pSHG sequence MIRA\pshg_diag_20260622_155912.log  csv=D:\1_software\Experimental control software\2023_06_22 new pSHG sequence MIRA\pshg_diag_20260622_155912.csv  file=2023_06_22 new pSHG sequence MIRA.xlsx  drain_stale=True
    0.066  ELL.QUERY               cmd=0in  reply='0IN0E1140051420211501016800023000\r\n'
    0.162  ELL.QUERY               cmd=2in  reply='2IN0E1140064920211501016800023000\r\n'
    0.643  ELL.QUERY               cmd=0ho  reply='0POFFFFFFFE\r\n'
    1.234  ELL.QUERY               cmd=2ho  reply='2POFFFFFFFF\r\n'
    1.266  ELL.QUERY               cmd=0gp  reply='0POFFFFFFFE\r\n'
    1.346  ELL.QUERY               cmd=2gp  reply='2PO00000001\r\n'
    2.351  LOOP.START            
    3.364  FRAME.START             frame=1  hwp=20  qwp=155
    3.366  ELL.TX                  addr=0  deg=20  hex=00001F1C  cmd=0ma00001F1C
    3.538  ELL.RX                  addr=0  line=0PO00001F1A  raw=b'0PO00001F1A\r\n'
    3.539  ELL.DONE                addr=0  pos=19.99  dt=0.173  lines=1  leftover=0
    3.540  ELL.TX                  addr=2  deg=155  hex=0000F11C  cmd=2ma0000F11C
    4.098  ELL.RX                  addr=2  line=2PO0000F11E  raw=b'2PO0000F11E\r\n'
    4.100  ELL.DONE                addr=2  pos=155.0  dt=0.557  lines=1  leftover=0
    4.513  ARD.STALE_PRE_TRIG      frame=1  attempt=1  n=751  data=b'FRAME_DONE\r\nFRAME_DONE\r\nFRAME_DONE\r\nFRAME_DONE\r\nFRAME_DONE\r\nFRAME_DONE\r\nFRAME_DONE\r\nFRAME_DONE\r\nFRAME_DONE\r\nFRAME_DONE\r\nFRAME_DONE\r\nFRAME_DONE\r\nFRAME_DONE\r\nFRAME_DONE\r\nFRAME_DONE\r\nFRAME_DONE\r\nFRAME_DONE\r\nFRAME_DONE\r\nFRAME_DONE\r\nFRAME_DONE\r\nFRAME_DONE\r\nFRAME_DONE\r\nFRAME_DONE\r\nFRAME_DONE\r\nFRAME_DONE\r\nFRAME_DONE\r\nFRAME_DONE\r\nFRAME_DONE\r\nFRAME_DONE\r\nFRAME_DONE\r\nFRAME_DONE\r\nFRAME_DONE\r\nFRAME_DONE\r\nFRAME_DONE\r\nFRAME_DONE\r\nFRAME_DONE\r\nFRAME_DONE\r\nFRAME_DONE\r\nFRAME_DONE\r\nFRAME_DONE\r\nFRAME_DONE\r\nFRAME_DONE\r\nFRAME_DONE\r\nFRAME_DONE\r\nFRAME_DONE\r\nFRAME_DONE\r\nFRAME_DONE\r\nFRAME_DONE\r\nFRAME_DONE\r\nFRAME_DONE\r\nFRAME_DONE\r\nFRAME_DONE\r\nFRAME_DONE\r\nFRAME_DONE\r\nFRAME_DONE\r\nFRAME_DONE\r\nFRAME_DONE\r\nFRAME_DONE\r\nFRAME_DONE\r\nFRAME_DONE\r\nFRAME_DONE\r\nFRAME_DONE\r\nFRAME_D'
    4.514  ARD.TRIG                frame=1  attempt=1
    4.576  ARD.RX                  msg=ONE  raw=b'ONE\r\n'  t=0.0
    4.591  ARD.RX                  msg=FRAME_DONE  raw=b'FRAME_DONE\r\n'  t=0.015
    4.592  ARD.FRAME_DONE          frame=1  attempt=1  dt=0.016  leftover=62
    4.593  ARD.EXTRA_DONE          frame=1  n=62
    4.594  FRAME.END               frame=1  t_total=1.23  t_hwp=0.175  t_qwp=0.561  t_trig=0.081  attempts=1  flags=ok
    4.596  FRAME.START             frame=2  hwp=18  qwp=143
    4.597  ELL.TX                  addr=0  deg=18  hex=00001C00  cmd=0ma00001C00
    4.674  ELL.RX                  addr=0  line=0PO00001BFD  raw=b'0PO00001BFD\r\n'
    4.676  ELL.DONE                addr=0  pos=17.99  dt=0.077  lines=1  leftover=0
    4.677  ELL.TX                  addr=2  deg=143  hex=0000DE72  cmd=2ma0000DE72
    4.930  ELL.RX                  addr=2  line=2PO0000DE72  raw=b'2PO0000DE72\r\n'
    4.932  ELL.DONE                addr=2  pos=143.0  dt=0.253  lines=1  leftover=0
    5.338  ARD.STALE_PRE_TRIG      frame=2  attempt=1  n=612  data=b'TRIGGERED\r\nFRAME_DONE\r\nFRAME_DONE\r\nFRAME_DONE\r\nFRAME_DONE\r\nARMED\r\nFRAME_DONE\r\nFRAME_DONE\r\nFRAME_DONE\r\nFRAME_DONE\r\nFRAME_DONE\r\nFRAME_DONE\r\nFRAME_DONE\r\nFRAME_DONE\r\nFRAME_DONE\r\nFRAME_DONE\r\nFRAME_DONE\r\nFRAME_DONE\r\nFRAME_DONE\r\nFRAME_DONE\r\nFRAME_DONE\r\nFRAME_DONE\r\nFRAME_DONE\r\nFRAME_DONE\r\nFRAME_DONE\r\nFRAME_DONE\r\nFRAME_DONE\r\nFRAME_DONE\r\nFRAME_DONE\r\nFRAME_DONE\r\nFRAME_DONE\r\nFRAME_DONE\r\nFRAME_DONE\r\nFRAME_DONE\r\nFRAME_DONE\r\nFRAME_DONE\r\nFRAME_DONE\r\nFRAME_DONE\r\nFRAME_DONE\r\nFRAME_DONE\r\nFRAME_DONE\r\nFRAME_DONE\r\nFRAME_DONE\r\nFRAME_DONE\r\nFRAME_DONE\r\nFRAME_DONE\r\nFRAME_DONE\r\nFRAME_DONE\r\nFRAME_DONE\r\nFRAME_DONE\r\nFRAME_DONE\r\nFRAME_'
    5.340  ARD.TRIG                frame=2  attempt=1
    5.400  ARD.RX                  msg=DONE  raw=b'DONE\r\n'  t=0.0
    5.415  ARD.RX                  msg=TRIGGERED  raw=b'TRIGGERED\r\n'  t=0.015
    5.431  ARD.RX                  msg=FRAME_DONE  raw=b'FRAME_DONE\r\n'  t=0.031
    5.432  ARD.FRAME_DONE          frame=2  attempt=1  dt=0.032  leftover=59
    5.433  ARD.EXTRA_DONE          frame=2  n=59
    5.434  FRAME.END               frame=2  t_total=0.838  t_hwp=0.08  t_qwp=0.256  t_trig=0.096  attempts=1  flags=ok
    5.436  FRAME.START             frame=3  hwp=27  qwp=138
    5.436  ELL.TX                  addr=0  deg=27  hex=00002A00  cmd=0ma00002A00
    5.650  ELL.RX                  addr=0  line=0PO000029FD  raw=b'0PO000029FD\r\n'
    5.651  ELL.DONE                addr=0  pos=26.99  dt=0.214  lines=1  leftover=0
    5.652  ELL.TX                  addr=2  deg=138  hex=0000D6AB  cmd=2ma0000D6AB
    5.794  ELL.RX                  addr=2  line=2PO0000D6AD  raw=b'2PO0000D6AD\r\n'
    5.796  ELL.DONE                addr=2  pos=138.01  dt=0.141  lines=1  leftover=0
    6.205  ARD.STALE_PRE_TRIG      frame=3  attempt=1  n=656  data=b'FRAME_DONE\r\nFRAME_DONE\r\nFRAME_DONE\r\nARMED\r\nFRAME_DONE\r\nFRAME_DONE\r\nFRAME_DONE\r\nFRAME_DONE\r\nFRAME_DONE\r\nFRAME_DONE\r\nFRAME_DONE\r\nFRAME_DONE\r\nFRAME_DONE\r\nFRAME_DONE\r\nFRAME_DONE\r\nFRAME_DONE\r\nFRAME_DONE\r\nFRAME_DONE\r\nFRAME_DONE\r\nFRAME_DONE\r\nFRAME_DONE\r\nFRAME_DONE\r\nFRAME_DONE\r\nFRAME_DONE\r\nFRAME_DONE\r\nFRAME_DONE\r\nFRAME_DONE\r\nFRAME_DONE\r\nFRAME_DONE\r\nFRAME_DONE\r\nFRAME_DONE\r\nFRAME_DONE\r\nFRAME_DONE\r\nFRAME_DONE\r\nFRAME_DONE\r\nFRAME_DONE\r\nFRAME_DONE\r\nFRAME_DONE\r\nFRAME_DONE\r\nFRAME_DONE\r\nFRAME_DONE\r\nFRAME_DONE\r\nFRAME_DONE\r\nFRAME_DONE\r\nFRAME_DONE\r\nFRAME_DONE\r\nFRAME_DONE\r\nFRAME_DONE\r\nFRAME_DONE\r\nFRAME_DONE\r\nFRAME_DONE\r\nFRAME_DONE\r\nFRAME_DONE\r\nFRAME_DONE\r\nFRAME_DONE\r\nF'
    6.206  ARD.TRIG                frame=3  attempt=1
    6.269  ARD.RX                  msg=RAME_DONE  raw=b'RAME_DONE\r\n'  t=0.0
    6.285  ARD.RX                  msg=TRIGGERED  raw=b'TRIGGERED\r\n'  t=0.016
    6.301  ARD.RX                  msg=FRAME_DONE  raw=b'FRAME_DONE\r\n'  t=0.032
    6.302  ARD.FRAME_DONE          frame=3  attempt=1  dt=0.033  leftover=61
    6.303  ARD.EXTRA_DONE          frame=3  n=61
    6.303  FRAME.END               frame=3  t_total=0.868  t_hwp=0.216  t_qwp=0.144  t_trig=0.099  attempts=1  flags=ok
    6.305  FRAME.START             frame=4  hwp=40  qwp=143
    6.306  ELL.TX                  addr=0  deg=40  hex=00003E39  cmd=0ma00003E39
    6.498  ELL.RX                  addr=0  line=0PO00003E39  raw=b'0PO00003E39\r\n'
    6.500  ELL.DONE                addr=0  pos=40.0  dt=0.193  lines=1  leftover=0
    6.501  ELL.TX                  addr=2  deg=143  hex=0000DE72  cmd=2ma0000DE72
    6.674  ELL.RX                  addr=2  line=2PO0000DE75  raw=b'2PO0000DE75\r\n'
    6.676  ELL.DONE                addr=2  pos=143.01  dt=0.174  lines=1  leftover=0
    7.082  ARD.STALE_PRE_TRIG      frame=4  attempt=1  n=813  data=b'FRAME_DONE\r\nFRAME_DONE\r\nFRAME_DONE\r\nFRAME_DONE\r\nARMED\r\nFRAME_DONE\r\nFRAME_DONE\r\nFRAME_DONE\r\nFRAME_DONE\r\nFRAME_DONE\r\nFRAME_DONE\r\nFRAME_DONE\r\nFRAME_DONE\r\nFRAME_DONE\r\nFRAME_DONE\r\nFRAME_DONE\r\nFRAME_DONE\r\nFRAME_DONE\r\nFRAME_DONE\r\nFRAME_DONE\r\nFRAME_DONE\r\nFRAME_DONE\r\nFRAME_DONE\r\nFRAME_DONE\r\nFRAME_DONE\r\nFRAME_DONE\r\nFRAME_DONE\r\nFRAME_DONE\r\nFRAME_DONE\r\nFRAME_DONE\r\nFRAME_DONE\r\nFRAME_DONE\r\nFRAME_DONE\r\nFRAME_DONE\r\nFRAME_DONE\r\nFRAME_DONE\r\nFRAME_DONE\r\nFRAME_DONE\r\nFRAME_DONE\r\nFRAME_DONE\r\nFRAME_DONE\r\nFRAME_DONE\r\nFRAME_DONE\r\nFRAME_DONE\r\nFRAME_DONE\r\nFRAME_DONE\r\nFRAME_DONE\r\nFRAME_DONE\r\nFRAME_DONE\r\nFRAME_DONE\r\nFRAME_DONE\r\nFRAME_DONE\r\nFRAME_DONE\r\nFRAME_DONE\r\nFRAME_DONE\r\nFRAME_DONE\r\nFRAME_DONE\r\nFRAME_DONE\r\nFRAME_DONE\r\nFRAME_DONE\r\nFRAME_DONE\r\nFRAME_DONE\r\nFRAME_DONE\r\nFRAME_DONE\r\nFRAME_DONE\r\nFRAME_DONE\r\nFRAME_DONE\r\nFRAME_DONE\r\nFR'
    7.084  ARD.TRIG                frame=4  attempt=1
    7.143  ARD.RX                  msg=AME_DONE  raw=b'AME_DONE\r\n'  t=0.0
    7.158  ARD.RX                  msg=TRIGGERED  raw=b'TRIGGERED\r\n'  t=0.015
    7.173  ARD.RX                  msg=FRAME_DONE  raw=b'FRAME_DONE\r\n'  t=0.03
    7.174  ARD.FRAME_DONE          frame=4  attempt=1  dt=0.031  leftover=52
    7.175  ARD.EXTRA_DONE          frame=4  n=52
    7.176  FRAME.END               frame=4  t_total=0.871  t_hwp=0.196  t_qwp=0.176  t_trig=0.094  attempts=1  flags=ok
    7.177  FRAME.START             frame=5  hwp=55  qwp=155
    7.178  ELL.TX                  addr=0  deg=55  hex=0000558E  cmd=0ma0000558E
    7.411  ELL.RX                  addr=0  line=0PO0000558D  raw=b'0PO0000558D\r\n'
    7.412  ELL.DONE                addr=0  pos=55.0  dt=0.233  lines=1  leftover=0
    7.413  ELL.TX                  addr=2  deg=155  hex=0000F11C  cmd=2ma0000F11C
    7.618  ELL.RX                  addr=2  line=2PO0000F11A  raw=b'2PO0000F11A\r\n'
    7.620  ELL.DONE                addr=2  pos=154.99  dt=0.205  lines=1  leftover=0
    8.022  ARD.STALE_PRE_TRIG      frame=5  attempt=1  n=727  data=b'FRAME_DONE\r\nFRAME_DONE\r\nFRAME_DONE\r\nARMED\r\nFRAME_DONE\r\nFRAME_DONE\r\nFRAME_DONE\r\nFRAME_DONE\r\nFRAME_DONE\r\nFRAME_DONE\r\nFRAME_DONE\r\nFRAME_DONE\r\nFRAME_DONE\r\nFRAME_DONE\r\nFRAME_DONE\r\nFRAME_DONE\r\nFRAME_DONE\r\nFRAME_DONE\r\nFRAME_DONE\r\nFRAME_DONE\r\nFRAME_DONE\r\nFRAME_DONE\r\nFRAME_DONE\r\nFRAME_DONE\r\nFRAME_DONE\r\nFRAME_DONE\r\nFRAME_DONE\r\nFRAME_DONE\r\nFRAME_DONE\r\nFRAME_DONE\r\nFRAME_DONE\r\nFRAME_DONE\r\nFRAME_DONE\r\nFRAME_DONE\r\nFRAME_DONE\r\nFRAME_DONE\r\nFRAME_DONE\r\nFRAME_DONE\r\nFRAME_DONE\r\nFRAME_DONE\r\nFRAME_DONE\r\nFRAME_DONE\r\nFRAME_DONE\r\nFRAME_DONE\r\nFRAME_DONE\r\nFRAME_DONE\r\nFRAME_DONE\r\nFRAME_DONE\r\nFRAME_DONE\r\nFRAME_DONE\r\nFRAME_DONE\r\nFRAME_DONE\r\nFRAME_DONE\r\nFRAME_DONE\r\nFRAME_DONE\r\nFRAME_DONE\r\nFRAME_DONE\r\nFRAME_DONE\r\nFRAME_DONE\r\nFRAME_DONE\r\nFRAME_DONE\r\n'
    8.025  ARD.TRIG                frame=5  attempt=1
    8.084  ARD.RX                  msg=FRAME_DONE  raw=b'FRAME_DONE\r\n'  t=0.0
    8.085  ARD.FRAME_DONE          frame=5  attempt=1  dt=0.001  leftover=45
    8.085  ARD.EXTRA_DONE          frame=5  n=45
    8.086  FRAME.END               frame=5  t_total=0.909  t_hwp=0.235  t_qwp=0.208  t_trig=0.065  attempts=1  flags=ok
    8.088  FRAME.START             frame=6  hwp=67  qwp=168
    8.089  ELL.TX                  addr=0  deg=67  hex=00006839  cmd=0ma00006839
    8.290  ELL.RX                  addr=0  line=0PO0000683A  raw=b'0PO0000683A\r\n'
    8.292  ELL.DONE                addr=0  pos=67.0  dt=0.202  lines=1  leftover=0
    8.293  ELL.TX                  addr=2  deg=168  hex=00010555  cmd=2ma00010555
    8.499  ELL.RX                  addr=2  line=2PO00010554  raw=b'2PO00010554\r\n'
    8.500  ELL.DONE                addr=2  pos=168.0  dt=0.206  lines=1  leftover=0
    8.915  ARD.STALE_PRE_TRIG      frame=6  attempt=1  n=709  data=b'TRIGGERED\r\nFRAME_DONE\r\nFRAME_DONE\r\nFRAME_DONE\r\nFRAME_DONE\r\nARMED\r\nFRAME_DONE\r\nFRAME_DONE\r\nFRAME_DONE\r\nFRAME_DONE\r\nFRAME_DONE\r\nFRAME_DONE\r\nFRAME_DONE\r\nFRAME_DONE\r\nFRAME_DONE\r\nFRAME_DONE\r\nFRAME_DONE\r\nFRAME_DONE\r\nFRAME_DONE\r\nFRAME_DONE\r\nFRAME_DONE\r\nFRAME_DONE\r\nFRAME_DONE\r\nFRAME_DONE\r\nFRAME_DONE\r\nFRAME_DONE\r\nFRAME_DONE\r\nFRAME_DONE\r\nFRAME_DONE\r\nFRAME_DONE\r\nFRAME_DONE\r\nFRAME_DONE\r\nFRAME_DONE\r\nFRAME_DONE\r\nFRAME_DONE\r\nFRAME_DONE\r\nFRAME_DONE\r\nFRAME_DONE\r\nFRAME_DONE\r\nFRAME_DONE\r\nFRAME_DONE\r\nFRAME_DONE\r\nFRAME_DONE\r\nFRAME_DONE\r\nFRAME_DONE\r\nFRAME_DONE\r\nFRAME_DONE\r\nFRAME_DONE\r\nFRAME_DONE\r\nFRAME_DONE\r\nFRAME_DONE\r\nFRAME_DONE\r\nFRAME_DONE\r\nFRAME_DONE\r\nFRAME_DONE\r\nFRAME_DONE\r\nFRAME_DONE\r\nFRAME_DONE\r\nFRAME_DONE\r\nFRAME_D'
    8.916  ARD.TRIG                frame=6  attempt=1
    8.977  ARD.RX                  msg=ONE  raw=b'ONE\r\n'  t=0.0
    8.992  ARD.RX                  msg=TRIGGERED  raw=b'TRIGGERED\r\n'  t=0.015
    9.007  ARD.RX                  msg=FRAME_DONE  raw=b'FRAME_DONE\r\n'  t=0.03
    9.008  ARD.FRAME_DONE          frame=6  attempt=1  dt=0.031  leftover=57
    9.009  ARD.EXTRA_DONE          frame=6  n=57
    9.009  FRAME.END               frame=6  t_total=0.922  t_hwp=0.204  t_qwp=0.208  t_trig=0.095  attempts=1  flags=ok
    9.011  FRAME.START             frame=7  hwp=78  qwp=178
    9.012  ELL.TX                  addr=0  deg=78  hex=00007955  cmd=0ma00007955
    9.315  ELL.RX                  addr=0  line=0PO00007957  raw=b'0PO00007957\r\n'
    9.316  ELL.DONE                addr=0  pos=78.0  dt=0.301  lines=1  leftover=0
    9.316  ELL.TX                  addr=2  deg=178  hex=000114E4  cmd=2ma000114E4
    9.491  ELL.RX                  addr=2  line=2PO000114E6  raw=b'2PO000114E6\r\n'
    9.492  ELL.DONE                addr=2  pos=178.01  dt=0.175  lines=1  leftover=0
    9.898  ARD.STALE_PRE_TRIG      frame=7  attempt=1  n=772  data=b'FRAME_DONE\r\nFRAME_DONE\r\nFRAME_DONE\r\nARMED\r\nFRAME_DONE\r\nFRAME_DONE\r\nFRAME_DONE\r\nFRAME_DONE\r\nFRAME_DONE\r\nFRAME_DONE\r\nFRAME_DONE\r\nFRAME_DONE\r\nFRAME_DONE\r\nFRAME_DONE\r\nFRAME_DONE\r\nFRAME_DONE\r\nFRAME_DONE\r\nFRAME_DONE\r\nFRAME_DONE\r\nFRAME_DONE\r\nFRAME_DONE\r\nFRAME_DONE\r\nFRAME_DONE\r\nFRAME_DONE\r\nFRAME_DONE\r\nFRAME_DONE\r\nFRAME_DONE\r\nFRAME_DONE\r\nFRAME_DONE\r\nFRAME_DONE\r\nFRAME_DONE\r\nFRAME_DONE\r\nFRAME_DONE\r\nFRAME_DONE\r\nFRAME_DONE\r\nFRAME_DONE\r\nFRAME_DONE\r\nFRAME_DONE\r\nFRAME_DONE\r\nFRAME_DONE\r\nFRAME_DONE\r\nFRAME_DONE\r\nFRAME_DONE\r\nFRAME_DONE\r\nFRAME_DONE\r\nFRAME_DONE\r\nFRAME_DONE\r\nFRAME_DONE\r\nFRAME_DONE\r\nFRAME_DONE\r\nFRAME_DONE\r\nFRAME_DONE\r\nFRAME_DONE\r\nFRAME_DONE\r\nFRAME_DONE\r\nFRAME_DONE\r\nFRAME_DONE\r\nFRAME_DONE\r\nFRAME_DONE\r\nFRAME_DONE\r\nFRAME_DONE\r\nFRAME_DONE\r\nFRAME_DONE\r\nFRAME_DONE\r\nFRAME_DON'
    9.899  ARD.TRIG                frame=7  attempt=1
    9.963  ARD.RX                  msg=E  raw=b'E\r\n'  t=0.0
    9.979  ARD.RX                  msg=FRAME_DONE  raw=b'FRAME_DONE\r\n'  t=0.016
    9.980  ARD.FRAME_DONE          frame=7  attempt=1  dt=0.017  leftover=57
    9.980  ARD.EXTRA_DONE          frame=7  n=57
    9.981  FRAME.END               frame=7  t_total=0.97  t_hwp=0.305  t_qwp=0.177  t_trig=0.083  attempts=1  flags=ok
    9.983  FRAME.START             frame=8  hwp=91  qwp=186
    9.984  ELL.TX                  addr=0  deg=91  hex=00008D8E  cmd=0ma00008D8E
   10.307  ELL.RX                  addr=0  line=0PO00008D8C  raw=b'0PO00008D8C\r\n'
   10.308  ELL.DONE                addr=0  pos=90.99  dt=0.323  lines=1  leftover=0
   10.309  ELL.TX                  addr=2  deg=186  hex=00012155  cmd=2ma00012155
   10.563  ELL.RX                  addr=2  line=2PO00012154  raw=b'2PO00012154\r\n'
   10.564  ELL.DONE                addr=2  pos=186.0  dt=0.254  lines=1  leftover=0
   10.978  ARD.STALE_PRE_TRIG      frame=8  attempt=1  n=845  data=b'TRIGGERED\r\nFRAME_DONE\r\nFRAME_DONE\r\nFRAME_DONE\r\nARMED\r\nFRAME_DONE\r\nFRAME_DONE\r\nFRAME_DONE\r\nFRAME_DONE\r\nFRAME_DONE\r\nFRAME_DONE\r\nFRAME_DONE\r\nFRAME_DONE\r\nFRAME_DONE\r\nFRAME_DONE\r\nFRAME_DONE\r\nFRAME_DONE\r\nFRAME_DONE\r\nFRAME_DONE\r\nFRAME_DONE\r\nFRAME_DONE\r\nFRAME_DONE\r\nFRAME_DONE\r\nFRAME_DONE\r\nFRAME_DONE\r\nFRAME_DONE\r\nFRAME_DONE\r\nFRAME_DONE\r\nFRAME_DONE\r\nFRAME_DONE\r\nFRAME_DONE\r\nFRAME_DONE\r\nFRAME_DONE\r\nFRAME_DONE\r\nFRAME_DONE\r\nFRAME_DONE\r\nFRAME_DONE\r\nFRAME_DONE\r\nFRAME_DONE\r\nFRAME_DONE\r\nFRAME_DONE\r\nFRAME_DONE\r\nFRAME_DONE\r\nFRAME_DONE\r\nFRAME_DONE\r\nFRAME_DONE\r\nFRAME_DONE\r\nFRAME_DONE\r\nFRAME_DONE\r\nFRAME_DONE\r\nFRAME_DONE\r\nFRAME_DONE\r\nFRAME_DONE\r\nFRAME_DONE\r\nFRAME_DONE\r\nFRAME_DONE\r\nFRAME_DONE\r\nFRAME_DONE\r\nFRAME_DONE\r\nFRAME_DONE\r\nFRAME_DONE\r\nFRAME_DONE\r\nFRAME_DONE\r\nFRAME_DONE\r\nFRAME_DONE\r\nFRAME_DONE\r\nFRAME_DONE\r\nFRAME_DONE\r\nFRAME_DONE\r\nFRAME_DONE\r\nFRAME_DONE\r'
   10.980  ARD.TRIG                frame=8  attempt=1
   11.041  ARD.RX                  msg=  raw=b'\n'  t=0.0
   11.056  ARD.RX                  msg=TRIGGERED  raw=b'TRIGGERED\r\n'  t=0.015
   11.072  ARD.RX                  msg=FRAME_DONE  raw=b'FRAME_DONE\r\n'  t=0.031
   11.073  ARD.FRAME_DONE          frame=8  attempt=1  dt=0.032  leftover=55
   11.074  ARD.EXTRA_DONE          frame=8  n=55
   11.075  FRAME.END               frame=8  t_total=1.092  t_hwp=0.325  t_qwp=0.256  t_trig=0.097  attempts=1  flags=ok
   11.077  FRAME.START             frame=9  hwp=102  qwp=186
   11.077  ELL.TX                  addr=0  deg=102  hex=00009EAB  cmd=0ma00009EAB
   11.347  ELL.RX                  addr=0  line=0PO00009EAA  raw=b'0PO00009EAA\r\n'
   11.351  ELL.DONE                addr=0  pos=102.0  dt=0.273  lines=1  leftover=0
   11.355  ELL.TX                  addr=2  deg=186  hex=00012155  cmd=2ma00012155
   11.443  ELL.RX                  addr=2  line=2PO00012158  raw=b'2PO00012158\r\n'
   11.444  ELL.DONE                addr=2  pos=186.01  dt=0.085  lines=1  leftover=0
   11.852  ARD.STALE_PRE_TRIG      frame=9  attempt=1  n=585  data=b'FRAME_DONE\r\nFRAME_DONE\r\nFRAME_DONE\r\nARMED\r\nFRAME_DONE\r\nFRAME_DONE\r\nFRAME_DONE\r\nFRAME_DONE\r\nFRAME_DONE\r\nFRAME_DONE\r\nFRAME_DONE\r\nFRAME_DONE\r\nFRAME_DONE\r\nFRAME_DONE\r\nFRAME_DONE\r\nFRAME_DONE\r\nFRAME_DONE\r\nFRAME_DONE\r\nFRAME_DONE\r\nFRAME_DONE\r\nFRAME_DONE\r\nFRAME_DONE\r\nFRAME_DONE\r\nFRAME_DONE\r\nFRAME_DONE\r\nFRAME_DONE\r\nFRAME_DONE\r\nFRAME_DONE\r\nFRAME_DONE\r\nFRAME_DONE\r\nFRAME_DONE\r\nFRAME_DONE\r\nFRAME_DONE\r\nFRAME_DONE\r\nFRAME_DONE\r\nFRAME_DONE\r\nFRAME_DONE\r\nFRAME_DONE\r\nFRAME_DONE\r\nFRAME_DONE\r\nFRAME_DONE\r\nFRAME_DONE\r\nFRAME_DONE\r\nFRAME_DONE\r\nFRAME_DONE\r\nFRAME_DONE\r\nFRAME_DONE\r\nFRAME_DONE\r\nFRAME_DONE\r\nFR'
   11.853  ARD.TRIG                frame=9  attempt=1
   11.916  ARD.RX                  msg=AME_DONE  raw=b'AME_DONE\r\n'  t=0.0
   11.931  ARD.RX                  msg=TRIGGERED  raw=b'TRIGGERED\r\n'  t=0.015
   11.947  ARD.RX                  msg=FRAME_DONE  raw=b'FRAME_DONE\r\n'  t=0.031
   11.948  ARD.FRAME_DONE          frame=9  attempt=1  dt=0.032  leftover=43
   11.949  ARD.EXTRA_DONE          frame=9  n=43
   11.950  FRAME.END               frame=9  t_total=0.873  t_hwp=0.277  t_qwp=0.09  t_trig=0.098  attempts=1  flags=ok
   11.951  FRAME.START             frame=10  hwp=106  qwp=178
   11.952  ELL.TX                  addr=0  deg=106  hex=0000A4E4  cmd=0ma0000A4E4
   12.099  ELL.RX                  addr=0  line=0PO0000A4E7  raw=b'0PO0000A4E7\r\n'
   12.100  ELL.DONE                addr=0  pos=106.01  dt=0.147  lines=1  leftover=0
   12.101  ELL.TX                  addr=2  deg=178  hex=000114E4  cmd=2ma000114E4
   12.451  ELL.RX                  addr=2  line=2PO000114E5  raw=b'2PO000114E5\r\n'
   12.452  ELL.DONE                addr=2  pos=178.0  dt=0.349  lines=1  leftover=0
   12.868  ARD.STALE_PRE_TRIG      frame=10  attempt=1  n=656  data=b'FRAME_DONE\r\nFRAME_DONE\r\nARMED\r\nFRAME_DONE\r\nFRAME_DONE\r\nFRAME_DONE\r\nFRAME_DONE\r\nFRAME_DONE\r\nFRAME_DONE\r\nFRAME_DONE\r\nFRAME_DONE\r\nFRAME_DONE\r\nFRAME_DONE\r\nFRAME_DONE\r\nFRAME_DONE\r\nFRAME_DONE\r\nFRAME_DONE\r\nFRAME_DONE\r\nFRAME_DONE\r\nFRAME_DONE\r\nFRAME_DONE\r\nFRAME_DONE\r\nFRAME_DONE\r\nFRAME_DONE\r\nFRAME_DONE\r\nFRAME_DONE\r\nFRAME_DONE\r\nFRAME_DONE\r\nFRAME_DONE\r\nFRAME_DONE\r\nFRAME_DONE\r\nFRAME_DONE\r\nFRAME_DONE\r\nFRAME_DONE\r\nFRAME_DONE\r\nFRAME_DONE\r\nFRAME_DONE\r\nFRAME_DONE\r\nFRAME_DONE\r\nFRAME_DONE\r\nFRAME_DONE\r\nFRAME_DONE\r\nFRAME_DONE\r\nFRAME_DONE\r\nFRAME_DONE\r\nFRAME_DONE\r\nFRAME_DONE\r\nFRAME_DONE\r\nFRAME_DONE\r\nFRAME_DONE\r\nFRAME_DONE\r\nFRAME_DONE\r\nFRAME_DONE\r\nFRAME_DONE\r\nFRAME_DONE\r\nF'
   12.869  ARD.TRIG                frame=10  attempt=1
   12.932  ARD.RX                  msg=RAME_DONE  raw=b'RAME_DONE\r\n'  t=0.0
   12.948  ARD.RX                  msg=TRIGGERED  raw=b'TRIGGERED\r\n'  t=0.016
   12.964  ARD.RX                  msg=FRAME_DONE  raw=b'FRAME_DONE\r\n'  t=0.032
   12.965  ARD.FRAME_DONE          frame=10  attempt=1  dt=0.033  leftover=56
   12.966  ARD.EXTRA_DONE          frame=10  n=56
   12.966  FRAME.END               frame=10  t_total=1.015  t_hwp=0.149  t_qwp=0.352  t_trig=0.099  attempts=1  flags=ok
   12.968  FRAME.START             frame=11  hwp=106  qwp=167
   12.969  ELL.TX                  addr=0  deg=106  hex=0000A4E4  cmd=0ma0000A4E4
   13.011  ELL.RX                  addr=0  line=0PO0000A4E4  raw=b'0PO0000A4E4\r\n'
   13.012  ELL.DONE                addr=0  pos=106.0  dt=0.042  lines=1  leftover=0
   13.013  ELL.TX                  addr=2  deg=167  hex=000103C7  cmd=2ma000103C7
   13.219  ELL.RX                  addr=2  line=2PO000103C7  raw=b'2PO000103C7\r\n'
   13.220  ELL.DONE                addr=2  pos=167.0  dt=0.205  lines=1  leftover=0
   13.626  ARD.STALE_PRE_TRIG      frame=11  attempt=1  n=528  data=b'FRAME_DONE\r\nFRAME_DONE\r\nFRAME_DONE\r\nARMED\r\nFRAME_DONE\r\nFRAME_DONE\r\nFRAME_DONE\r\nFRAME_DONE\r\nFRAME_DONE\r\nFRAME_DONE\r\nFRAME_DONE\r\nFRAME_DONE\r\nFRAME_DONE\r\nFRAME_DONE\r\nFRAME_DONE\r\nFRAME_DONE\r\nFRAME_DONE\r\nFRAME_DONE\r\nFRAME_DONE\r\nFRAME_DONE\r\nFRAME_DONE\r\nFRAME_DONE\r\nFRAME_DONE\r\nFRAME_DONE\r\nFRAME_DONE\r\nFRAME_DONE\r\nFRAME_DONE\r\nFRAME_DONE\r\nFRAME_DONE\r\nFRAME_DONE\r\nFRAME_DONE\r\nFRAME_DONE\r\nFRAME_DONE\r\nFRAME_DONE\r\nFRAME_DONE\r\nFRAME_DONE\r\nFRAME_DONE\r\nFRAME_DONE\r\nFRAME_DONE\r\nFRAME_DONE\r\nFRAME_DONE\r\nFRAME_DONE\r\nFRAME_DONE\r\nFRAME_DONE\r\nFRAME'
   13.627  ARD.TRIG                frame=11  attempt=1
   13.690  ARD.RX                  msg=_DONE  raw=b'_DONE\r\n'  t=0.0
   13.706  ARD.RX                  msg=TRIGGERED  raw=b'TRIGGERED\r\n'  t=0.016
   13.722  ARD.RX                  msg=FRAME_DONE  raw=b'FRAME_DONE\r\n'  t=0.032
   13.723  ARD.FRAME_DONE          frame=11  attempt=1  dt=0.033  leftover=55
   13.724  ARD.EXTRA_DONE          frame=11  n=55
   13.724  FRAME.END               frame=11  t_total=0.756  t_hwp=0.044  t_qwp=0.208  t_trig=0.098  attempts=1  flags=ok
   13.726  FRAME.START             frame=12  hwp=105  qwp=155
   13.726  ELL.TX                  addr=0  deg=105  hex=0000A355  cmd=0ma0000A355
   13.827  ELL.RX                  addr=0  line=0PO0000A357  raw=b'0PO0000A357\r\n'
   13.828  ELL.DONE                addr=0  pos=105.0  dt=0.101  lines=1  leftover=0
   13.829  ELL.TX                  addr=2  deg=155  hex=0000F11C  cmd=2ma0000F11C
   14.067  ELL.RX                  addr=2  line=2PO0000F11D  raw=b'2PO0000F11D\r\n'
   14.068  ELL.DONE                addr=2  pos=155.0  dt=0.239  lines=1  leftover=0
   14.478  ARD.STALE_PRE_TRIG      frame=12  attempt=1  n=575  data=b'FRAME_DONE\r\nFRAME_DONE\r\nFRAME_DONE\r\nARMED\r\nFRAME_DONE\r\nFRAME_DONE\r\nFRAME_DONE\r\nFRAME_DONE\r\nFRAME_DONE\r\nFRAME_DONE\r\nFRAME_DONE\r\nFRAME_DONE\r\nFRAME_DONE\r\nFRAME_DONE\r\nFRAME_DONE\r\nFRAME_DONE\r\nFRAME_DONE\r\nFRAME_DONE\r\nFRAME_DONE\r\nFRAME_DONE\r\nFRAME_DONE\r\nFRAME_DONE\r\nFRAME_DONE\r\nFRAME_DONE\r\nFRAME_DONE\r\nFRAME_DONE\r\nFRAME_DONE\r\nFRAME_DONE\r\nFRAME_DONE\r\nFRAME_DONE\r\nFRAME_DONE\r\nFRAME_DONE\r\nFRAME_DONE\r\nFRAME_DONE\r\nFRAME_DONE\r\nFRAME_DONE\r\nFRAME_DONE\r\nFRAME_DONE\r\nFRAME_DONE\r\nFRAME_DONE\r\nFRAME_DONE\r\nFRAME_DONE\r\nFRAME_DONE\r\nFRAME_DONE\r\nFRAME_DONE\r\nFRAME_DONE\r\nFRAME_DONE\r\nFRAME_DONE\r\nFRAM'
   14.479  ARD.TRIG                frame=12  attempt=1
   14.540  ARD.RX                  msg=E_DONE  raw=b'E_DONE\r\n'  t=0.0
   14.556  ARD.RX                  msg=TRIGGERED  raw=b'TRIGGERED\r\n'  t=0.016
   14.572  ARD.RX                  msg=FRAME_DONE  raw=b'FRAME_DONE\r\n'  t=0.032
   14.573  ARD.FRAME_DONE          frame=12  attempt=1  dt=0.033  leftover=43
   14.574  ARD.EXTRA_DONE          frame=12  n=43
   14.575  FRAME.END               frame=12  t_total=0.849  t_hwp=0.102  t_qwp=0.24  t_trig=0.097  attempts=1  flags=ok
   14.576  FRAME.START             frame=13  hwp=104  qwp=143
   14.577  ELL.TX                  addr=0  deg=104  hex=0000A1C7  cmd=0ma0000A1C7
   14.675  ELL.RX                  addr=0  line=0PO0000A1C5  raw=b'0PO0000A1C5\r\n'
   14.676  ELL.DONE                addr=0  pos=103.99  dt=0.099  lines=1  leftover=0
   14.677  ELL.TX                  addr=2  deg=143  hex=0000DE72  cmd=2ma0000DE72
   14.915  ELL.RX                  addr=2  line=2PO0000DE70  raw=b'2PO0000DE70\r\n'
   14.916  ELL.DONE                addr=2  pos=143.0  dt=0.239  lines=1  leftover=0
   15.318  ARD.STALE_PRE_TRIG      frame=13  attempt=1  n=530  data=b'FRAME_DONE\r\nFRAME_DONE\r\nARMED\r\nFRAME_DONE\r\nFRAME_DONE\r\nFRAME_DONE\r\nFRAME_DONE\r\nFRAME_DONE\r\nFRAME_DONE\r\nFRAME_DONE\r\nFRAME_DONE\r\nFRAME_DONE\r\nFRAME_DONE\r\nFRAME_DONE\r\nFRAME_DONE\r\nFRAME_DONE\r\nFRAME_DONE\r\nFRAME_DONE\r\nFRAME_DONE\r\nFRAME_DONE\r\nFRAME_DONE\r\nFRAME_DONE\r\nFRAME_DONE\r\nFRAME_DONE\r\nFRAME_DONE\r\nFRAME_DONE\r\nFRAME_DONE\r\nFRAME_DONE\r\nFRAME_DONE\r\nFRAME_DONE\r\nFRAME_DONE\r\nFRAME_DONE\r\nFRAME_DONE\r\nFRAME_DONE\r\nFRAME_DONE\r\nFRAME_DONE\r\nFRAME_DONE\r\nFRAME_DONE\r\nFRAME_DONE\r\nFRAME_DONE\r\nFRAME_DONE\r\nFRAME_DONE\r\nFRAME_DONE\r\nFRAME_DONE\r\nFRAME_D'
   15.319  ARD.TRIG                frame=13  attempt=1
   15.382  ARD.RX                  msg=ONE  raw=b'ONE\r\n'  t=0.0
   15.398  ARD.RX                  msg=FRAME_DONE  raw=b'FRAME_DONE\r\n'  t=0.016
   15.399  ARD.FRAME_DONE          frame=13  attempt=1  dt=0.017  leftover=44
   15.400  ARD.EXTRA_DONE          frame=13  n=44
   15.400  FRAME.END               frame=13  t_total=0.824  t_hwp=0.1  t_qwp=0.24  t_trig=0.083  attempts=1  flags=ok
   15.402  FRAME.START             frame=14  hwp=112  qwp=137
   15.403  ELL.TX                  addr=0  deg=112  hex=0000AE39  cmd=0ma0000AE39
   15.587  ELL.RX                  addr=0  line=0PO0000AE3C  raw=b'0PO0000AE3C\r\n'
   15.588  ELL.DONE                addr=0  pos=112.01  dt=0.184  lines=1  leftover=0
   15.589  ELL.TX                  addr=2  deg=137  hex=0000D51C  cmd=2ma0000D51C
   15.731  ELL.RX                  addr=2  line=2PO0000D51A  raw=b'2PO0000D51A\r\n'
   15.732  ELL.DONE                addr=2  pos=136.99  dt=0.142  lines=1  leftover=0
   16.140  ARD.STALE_PRE_TRIG      frame=14  attempt=1  n=546  data=b'TRIGGERED\r\nFRAME_DONE\r\nFRAME_DONE\r\nARMED\r\nFRAME_DONE\r\nFRAME_DONE\r\nFRAME_DONE\r\nFRAME_DONE\r\nFRAME_DONE\r\nFRAME_DONE\r\nFRAME_DONE\r\nFRAME_DONE\r\nFRAME_DONE\r\nFRAME_DONE\r\nFRAME_DONE\r\nFRAME_DONE\r\nFRAME_DONE\r\nFRAME_DONE\r\nFRAME_DONE\r\nFRAME_DONE\r\nFRAME_DONE\r\nFRAME_DONE\r\nFRAME_DONE\r\nFRAME_DONE\r\nFRAME_DONE\r\nFRAME_DONE\r\nFRAME_DONE\r\nFRAME_DONE\r\nFRAME_DONE\r\nFRAME_DONE\r\nFRAME_DONE\r\nFRAME_DONE\r\nFRAME_DONE\r\nFRAME_DONE\r\nFRAME_DONE\r\nFRAME_DONE\r\nFRAME_DONE\r\nFRAME_DONE\r\nFRAME_DONE\r\nFRAME_DONE\r\nFRAME_DONE\r\nFRAME_DONE\r\nFRAME_DONE\r\nFRAME_DONE\r\nFRAME_DONE\r\nFRAME_DONE\r\n'
   16.142  ARD.TRIG                frame=14  attempt=1
   16.204  ARD.RX                  msg=FRAME_DONE  raw=b'FRAME_DONE\r\n'  t=0.0
   16.205  ARD.FRAME_DONE          frame=14  attempt=1  dt=0.001  leftover=35
   16.206  ARD.EXTRA_DONE          frame=14  n=35
   16.207  FRAME.END               frame=14  t_total=0.805  t_hwp=0.186  t_qwp=0.144  t_trig=0.067  attempts=1  flags=ok
   16.209  LOOP.END              
