    0.026  SESSION.START           log=D:\1_software\Experimental control software\2023_06_22 new pSHG sequence MIRA\pshg_diag_20260622_163204.log  csv=D:\1_software\Experimental control software\2023_06_22 new pSHG sequence MIRA\pshg_diag_20260622_163204.csv  file=2023_06_22 new pSHG sequence MIRA.xlsx  drain_stale=True
    0.071  ELL.QUERY               cmd=0in  reply='0IN0E1140051420211501016800023000\r\n'
    0.167  ELL.QUERY               cmd=2in  reply='2IN0E1140064920211501016800023000\r\n'
    0.663  ELL.QUERY               cmd=0ho  reply='0POFFFFFFFE\r\n'
    1.303  ELL.QUERY               cmd=2ho  reply='2PO00000002\r\n'
    1.335  ELL.QUERY               cmd=0gp  reply='0POFFFFFFFE\r\n'
    1.415  ELL.QUERY               cmd=2gp  reply='2PO00000003\r\n'
    2.422  LOOP.START            
    3.436  FRAME.START             frame=1  hwp=20  qwp=155
    3.437  ELL.TX                  addr=0  deg=20  hex=00001F1C  cmd=0ma00001F1C
    3.607  ELL.RX                  addr=0  line=0PO00001F19  raw=b'0PO00001F19\r\n'
    3.609  ELL.DONE                addr=0  pos=19.99  dt=0.17  lines=1  leftover=0
    3.609  ELL.TX                  addr=2  deg=155  hex=0000F11C  cmd=2ma0000F11C
    4.231  ELL.RX                  addr=2  line=2PO0000F11B  raw=b'2PO0000F11B\r\n'
    4.233  ELL.DONE                addr=2  pos=155.0  dt=0.623  lines=1  leftover=0
    4.642  ARD.TRIG                frame=1  attempt=1
    4.705  ARD.RX                  msg=TRIGGERED  raw=b'TRIGGERED\r\n'  t=0.0
    4.720  ARD.RX                  msg=ARMED  raw=b'ARMED\r\n'  t=0.015
    5.362  ARD.RX                  msg=FRAME_DONE  raw=b'FRAME_DONE\r\n'  t=0.657
    5.363  ARD.FRAME_DONE          frame=1  attempt=1  dt=0.658  leftover=0
    5.364  FRAME.END               frame=1  t_total=1.928  t_hwp=0.173  t_qwp=0.624  t_trig=0.722  attempts=1  flags=ok
    5.366  FRAME.START             frame=2  hwp=18  qwp=143
    5.367  ELL.TX                  addr=0  deg=18  hex=00001C00  cmd=0ma00001C00
    5.511  ELL.RX                  addr=0  line=0PO00001C02  raw=b'0PO00001C02\r\n'
    5.513  ELL.DONE                addr=0  pos=18.01  dt=0.144  lines=1  leftover=0
    5.514  ELL.TX                  addr=2  deg=143  hex=0000DE72  cmd=2ma0000DE72
    5.912  ELL.RX                  addr=2  line=2PO0000DE67  raw=b'2PO0000DE67\r\n'
    5.914  ELL.DONE                addr=2  pos=142.97  dt=0.399  lines=1  leftover=0
    6.322  ARD.TRIG                frame=2  attempt=1
    6.384  ARD.RX                  msg=TRIGGERED  raw=b'TRIGGERED\r\n'  t=0.0
    6.399  ARD.RX                  msg=ARMED  raw=b'ARMED\r\n'  t=0.015
    7.041  ARD.RX                  msg=FRAME_DONE  raw=b'FRAME_DONE\r\n'  t=0.657
    7.042  ARD.FRAME_DONE          frame=2  attempt=1  dt=0.658  leftover=0
    7.043  FRAME.END               frame=2  t_total=1.677  t_hwp=0.147  t_qwp=0.402  t_trig=0.722  attempts=1  flags=ok
    7.045  FRAME.START             frame=3  hwp=27  qwp=138
    7.046  ELL.TX                  addr=0  deg=27  hex=00002A00  cmd=0ma00002A00
    7.176  ELL.RX                  addr=0  line=0PO000029FD  raw=b'0PO000029FD\r\n'
    7.177  ELL.DONE                addr=0  pos=26.99  dt=0.131  lines=1  leftover=0
    7.179  ELL.TX                  addr=2  deg=138  hex=0000D6AB  cmd=2ma0000D6AB
    7.352  ELL.RX                  addr=2  line=2PO0000D6AE  raw=b'2PO0000D6AE\r\n'
    7.353  ELL.DONE                addr=2  pos=138.01  dt=0.173  lines=1  leftover=0
    7.758  ARD.TRIG                frame=3  attempt=1
    7.820  ARD.RX                  msg=TRIGGERED  raw=b'TRIGGERED\r\n'  t=0.0
    7.835  ARD.RX                  msg=ARMED  raw=b'ARMED\r\n'  t=0.015
    8.479  ARD.RX                  msg=FRAME_DONE  raw=b'FRAME_DONE\r\n'  t=0.659
    8.480  ARD.FRAME_DONE          frame=3  attempt=1  dt=0.66  leftover=0
    8.481  FRAME.END               frame=3  t_total=1.436  t_hwp=0.133  t_qwp=0.175  t_trig=0.723  attempts=1  flags=ok
    8.482  FRAME.START             frame=4  hwp=40  qwp=143
    8.483  ELL.TX                  addr=0  deg=40  hex=00003E39  cmd=0ma00003E39
    8.616  ELL.RX                  addr=0  line=0PO00003E36  raw=b'0PO00003E36\r\n'
    8.617  ELL.DONE                addr=0  pos=39.99  dt=0.133  lines=1  leftover=0
    8.617  ELL.TX                  addr=2  deg=143  hex=0000DE72  cmd=2ma0000DE72
    8.871  ELL.RX                  addr=2  line=2PO0000DE73  raw=b'2PO0000DE73\r\n'
    8.873  ELL.DONE                addr=2  pos=143.0  dt=0.255  lines=1  leftover=0
    9.287  ARD.TRIG                frame=4  attempt=1
    9.351  ARD.RX                  msg=TRIGGERED  raw=b'TRIGGERED\r\n'  t=0.0
    9.367  ARD.RX                  msg=ARMED  raw=b'ARMED\r\n'  t=0.016
   10.007  ARD.RX                  msg=FRAME_DONE  raw=b'FRAME_DONE\r\n'  t=0.655
   10.008  ARD.FRAME_DONE          frame=4  attempt=1  dt=0.657  leftover=0
   10.010  FRAME.END               frame=4  t_total=1.527  t_hwp=0.134  t_qwp=0.256  t_trig=0.723  attempts=1  flags=ok
   10.012  FRAME.START             frame=5  hwp=55  qwp=155
   10.013  ELL.TX                  addr=0  deg=55  hex=0000558E  cmd=0ma0000558E
   10.248  ELL.RX                  addr=0  line=0PO00005591  raw=b'0PO00005591\r\n'
   10.249  ELL.DONE                addr=0  pos=55.01  dt=0.234  lines=1  leftover=0
   10.249  ELL.TX                  addr=2  deg=155  hex=0000F11C  cmd=2ma0000F11C
   10.568  ELL.RX                  addr=2  line=2PO0000F11F  raw=b'2PO0000F11F\r\n'
   10.572  ELL.DONE                addr=2  pos=155.01  dt=0.321  lines=1  leftover=0
   10.979  ARD.TRIG                frame=5  attempt=1
   11.041  ARD.RX                  msg=TRIGGERED  raw=b'TRIGGERED\r\n'  t=0.0
   11.057  ARD.RX                  msg=ARMED  raw=b'ARMED\r\n'  t=0.016
   11.698  ARD.RX                  msg=FRAME_DONE  raw=b'FRAME_DONE\r\n'  t=0.657
   11.700  ARD.FRAME_DONE          frame=5  attempt=1  dt=0.658  leftover=0
   11.701  FRAME.END               frame=5  t_total=1.689  t_hwp=0.237  t_qwp=0.327  t_trig=0.722  attempts=1  flags=ok
   11.702  FRAME.START             frame=6  hwp=67  qwp=168
   11.703  ELL.TX                  addr=0  deg=67  hex=00006839  cmd=0ma00006839
   12.008  ELL.RX                  addr=0  line=0PO00006836  raw=b'0PO00006836\r\n'
   12.013  ELL.DONE                addr=0  pos=66.99  dt=0.308  lines=1  leftover=0
   12.018  ELL.TX                  addr=2  deg=168  hex=00010555  cmd=2ma00010555
   12.216  ELL.RX                  addr=2  line=2PO00010555  raw=b'2PO00010555\r\n'
   12.217  ELL.DONE                addr=2  pos=168.0  dt=0.195  lines=1  leftover=0
   12.620  ARD.TRIG                frame=6  attempt=1
   12.684  ARD.RX                  msg=TRIGGERED  raw=b'TRIGGERED\r\n'  t=0.0
   12.699  ARD.RX                  msg=ARMED  raw=b'ARMED\r\n'  t=0.015
   13.341  ARD.RX                  msg=FRAME_DONE  raw=b'FRAME_DONE\r\n'  t=0.656
   13.342  ARD.FRAME_DONE          frame=6  attempt=1  dt=0.657  leftover=0
   13.343  FRAME.END               frame=6  t_total=1.64  t_hwp=0.315  t_qwp=0.2  t_trig=0.723  attempts=1  flags=ok
   13.344  FRAME.START             frame=7  hwp=78  qwp=178
   13.345  ELL.TX                  addr=0  deg=78  hex=00007955  cmd=0ma00007955
   13.720  ELL.RX                  addr=0  line=0PO00007956  raw=b'0PO00007956\r\n'
   13.721  ELL.DONE                addr=0  pos=78.0  dt=0.375  lines=1  leftover=0
   13.722  ELL.TX                  addr=2  deg=178  hex=000114E4  cmd=2ma000114E4
   13.992  ELL.RX                  addr=2  line=2PO000114E2  raw=b'2PO000114E2\r\n'
   13.993  ELL.DONE                addr=2  pos=178.0  dt=0.269  lines=1  leftover=0
   14.397  ARD.TRIG                frame=7  attempt=1
   14.460  ARD.RX                  msg=TRIGGERED  raw=b'TRIGGERED\r\n'  t=0.0
   14.476  ARD.RX                  msg=ARMED  raw=b'ARMED\r\n'  t=0.016
   15.121  ARD.RX                  msg=FRAME_DONE  raw=b'FRAME_DONE\r\n'  t=0.66
   15.122  ARD.FRAME_DONE          frame=7  attempt=1  dt=0.661  leftover=0
   15.123  FRAME.END               frame=7  t_total=1.778  t_hwp=0.377  t_qwp=0.271  t_trig=0.726  attempts=1  flags=ok
   15.124  FRAME.START             frame=8  hwp=91  qwp=186
   15.125  ELL.TX                  addr=0  deg=91  hex=00008D8E  cmd=0ma00008D8E
   15.384  ELL.RX                  addr=0  line=0PO00008D8F  raw=b'0PO00008D8F\r\n'
   15.385  ELL.DONE                addr=0  pos=91.0  dt=0.259  lines=1  leftover=0
   15.386  ELL.TX                  addr=2  deg=186  hex=00012155  cmd=2ma00012155
   15.640  ELL.RX                  addr=2  line=2PO00012152  raw=b'2PO00012152\r\n'
   15.642  ELL.DONE                addr=2  pos=185.99  dt=0.255  lines=1  leftover=0
   16.044  ARD.TRIG                frame=8  attempt=1
   16.106  ARD.RX                  msg=TRIGGERED  raw=b'TRIGGERED\r\n'  t=0.0
   16.121  ARD.RX                  msg=ARMED  raw=b'ARMED\r\n'  t=0.015
   16.765  ARD.RX                  msg=FRAME_DONE  raw=b'FRAME_DONE\r\n'  t=0.658
   16.766  ARD.FRAME_DONE          frame=8  attempt=1  dt=0.659  leftover=0
   16.767  FRAME.END               frame=8  t_total=1.642  t_hwp=0.261  t_qwp=0.258  t_trig=0.723  attempts=1  flags=ok
   16.768  FRAME.START             frame=9  hwp=102  qwp=186
   16.769  ELL.TX                  addr=0  deg=102  hex=00009EAB  cmd=0ma00009EAB
   17.048  ELL.RX                  addr=0  line=0PO00009EAC  raw=b'0PO00009EAC\r\n'
   17.050  ELL.DONE                addr=0  pos=102.0  dt=0.28  lines=1  leftover=0
   17.050  ELL.TX                  addr=2  deg=186  hex=00012155  cmd=2ma00012155
   17.128  ELL.RX                  addr=2  line=2PO00012156  raw=b'2PO00012156\r\n'
   17.130  ELL.DONE                addr=2  pos=186.0  dt=0.078  lines=1  leftover=0
   17.545  ARD.TRIG                frame=9  attempt=1
   17.609  ARD.RX                  msg=TRIGGERED  raw=b'TRIGGERED\r\n'  t=0.0
   17.624  ARD.RX                  msg=ARMED  raw=b'ARMED\r\n'  t=0.015
   18.264  ARD.RX                  msg=FRAME_DONE  raw=b'FRAME_DONE\r\n'  t=0.655
   18.265  ARD.FRAME_DONE          frame=9  attempt=1  dt=0.657  leftover=0
   18.267  FRAME.END               frame=9  t_total=1.499  t_hwp=0.281  t_qwp=0.08  t_trig=0.722  attempts=1  flags=ok
   18.269  FRAME.START             frame=10  hwp=106  qwp=178
   18.270  ELL.TX                  addr=0  deg=106  hex=0000A4E4  cmd=0ma0000A4E4
   18.424  ELL.RX                  addr=0  line=0PO0000A4E6  raw=b'0PO0000A4E6\r\n'
   18.425  ELL.DONE                addr=0  pos=106.01  dt=0.155  lines=1  leftover=0
   18.426  ELL.TX                  addr=2  deg=178  hex=000114E4  cmd=2ma000114E4
   18.840  ELL.RX                  addr=2  line=2PO000114E5  raw=b'2PO000114E5\r\n'
   18.841  ELL.DONE                addr=2  pos=178.0  dt=0.415  lines=1  leftover=0
   19.247  ARD.TRIG                frame=10  attempt=1
   19.311  ARD.RX                  msg=TRIGGERED  raw=b'TRIGGERED\r\n'  t=0.0
   19.326  ARD.RX                  msg=ARMED  raw=b'ARMED\r\n'  t=0.015
   19.968  ARD.RX                  msg=FRAME_DONE  raw=b'FRAME_DONE\r\n'  t=0.656
   19.969  ARD.FRAME_DONE          frame=10  attempt=1  dt=0.657  leftover=0
   19.969  FRAME.END               frame=10  t_total=1.701  t_hwp=0.156  t_qwp=0.416  t_trig=0.723  attempts=1  flags=ok
   19.971  FRAME.START             frame=11  hwp=106  qwp=167
   19.972  ELL.TX                  addr=0  deg=106  hex=0000A4E4  cmd=0ma0000A4E4
   20.024  ELL.RX                  addr=0  line=0PO0000A4E7  raw=b'0PO0000A4E7\r\n'
   20.026  ELL.DONE                addr=0  pos=106.01  dt=0.053  lines=1  leftover=0
   20.026  ELL.TX                  addr=2  deg=167  hex=000103C7  cmd=2ma000103C7
   20.152  ELL.RX                  addr=2  line=2PO000103C8  raw=b'2PO000103C8\r\n'
   20.154  ELL.DONE                addr=2  pos=167.0  dt=0.126  lines=1  leftover=0
   20.564  ARD.TRIG                frame=11  attempt=1
   20.626  ARD.RX                  msg=TRIGGERED  raw=b'TRIGGERED\r\n'  t=0.0
   20.642  ARD.RX                  msg=ARMED  raw=b'ARMED\r\n'  t=0.016
   21.282  ARD.RX                  msg=FRAME_DONE  raw=b'FRAME_DONE\r\n'  t=0.656
   21.284  ARD.FRAME_DONE          frame=11  attempt=1  dt=0.657  leftover=0
   21.284  FRAME.END               frame=11  t_total=1.313  t_hwp=0.054  t_qwp=0.128  t_trig=0.721  attempts=1  flags=ok
   21.286  FRAME.START             frame=12  hwp=105  qwp=155
   21.287  ELL.TX                  addr=0  deg=105  hex=0000A355  cmd=0ma0000A355
   21.464  ELL.RX                  addr=0  line=0PO0000A355  raw=b'0PO0000A355\r\n'
   21.465  ELL.DONE                addr=0  pos=105.0  dt=0.178  lines=1  leftover=0
   21.466  ELL.TX                  addr=2  deg=155  hex=0000F11C  cmd=2ma0000F11C
   21.864  ELL.RX                  addr=2  line=2PO0000F11A  raw=b'2PO0000F11A\r\n'
   21.866  ELL.DONE                addr=2  pos=154.99  dt=0.399  lines=1  leftover=0
   22.276  ARD.TRIG                frame=12  attempt=1
   22.339  ARD.RX                  msg=TRIGGERED  raw=b'TRIGGERED\r\n'  t=0.0
   22.355  ARD.RX                  msg=ARMED  raw=b'ARMED\r\n'  t=0.016
   22.994  ARD.RX                  msg=FRAME_DONE  raw=b'FRAME_DONE\r\n'  t=0.656
   22.996  ARD.FRAME_DONE          frame=12  attempt=1  dt=0.657  leftover=0
   22.996  FRAME.END               frame=12  t_total=1.71  t_hwp=0.179  t_qwp=0.4  t_trig=0.721  attempts=1  flags=ok
   22.998  FRAME.START             frame=13  hwp=104  qwp=143
   22.999  ELL.TX                  addr=0  deg=104  hex=0000A1C7  cmd=0ma0000A1C7
   23.176  ELL.RX                  addr=0  line=0PO0000A1CA  raw=b'0PO0000A1CA\r\n'
   23.179  ELL.DONE                addr=0  pos=104.01  dt=0.179  lines=1  leftover=0
   23.181  ELL.TX                  addr=2  deg=143  hex=0000DE72  cmd=2ma0000DE72
   23.528  ELL.RX                  addr=2  line=2PO0000DE75  raw=b'2PO0000DE75\r\n'
   23.529  ELL.DONE                addr=2  pos=143.01  dt=0.346  lines=1  leftover=0
   23.940  ARD.TRIG                frame=13  attempt=1
   24.004  ARD.RX                  msg=TRIGGERED  raw=b'TRIGGERED\r\n'  t=0.0
   24.020  ARD.RX                  msg=ARMED  raw=b'ARMED\r\n'  t=0.016
   24.657  ARD.RX                  msg=FRAME_DONE  raw=b'FRAME_DONE\r\n'  t=0.653
   24.659  ARD.FRAME_DONE          frame=13  attempt=1  dt=0.654  leftover=0
   24.660  FRAME.END               frame=13  t_total=1.662  t_hwp=0.182  t_qwp=0.349  t_trig=0.72  attempts=1  flags=ok
   24.661  FRAME.START             frame=14  hwp=112  qwp=137
   24.662  ELL.TX                  addr=0  deg=112  hex=0000AE39  cmd=0ma0000AE39
   24.920  ELL.RX                  addr=0  line=0PO0000AE38  raw=b'0PO0000AE38\r\n'
   24.922  ELL.DONE                addr=0  pos=112.0  dt=0.258  lines=1  leftover=0
   24.922  ELL.TX                  addr=2  deg=137  hex=0000D51C  cmd=2ma0000D51C
   25.225  ELL.RX                  addr=2  line=2PO0000D51A  raw=b'2PO0000D51A\r\n'
   25.228  ELL.DONE                addr=2  pos=136.99  dt=0.305  lines=1  leftover=0
   25.643  ARD.TRIG                frame=14  attempt=1
   25.707  ARD.RX                  msg=TRIGGERED  raw=b'TRIGGERED\r\n'  t=0.0
   25.723  ARD.RX                  msg=ARMED  raw=b'ARMED\r\n'  t=0.016
   26.361  ARD.RX                  msg=FRAME_DONE  raw=b'FRAME_DONE\r\n'  t=0.653
   26.362  ARD.FRAME_DONE          frame=14  attempt=1  dt=0.655  leftover=0
   26.363  FRAME.END               frame=14  t_total=1.702  t_hwp=0.26  t_qwp=0.308  t_trig=0.72  attempts=1  flags=ok
   26.366  LOOP.END              
