    0.020  SESSION.START           log=D:\1_software\Experimental control software\2023_06_22 new pSHG sequence MIRA\pshg_diag_20260622_164120.log  csv=D:\1_software\Experimental control software\2023_06_22 new pSHG sequence MIRA\pshg_diag_20260622_164120.csv  file=2023_06_22 new pSHG sequence MIRA.xlsx  drain_stale=True
    0.066  ELL.QUERY               cmd=0in  reply='0IN0E1140051420211501016800023000\r\n'
    0.162  ELL.QUERY               cmd=2in  reply='2IN0E1140064920211501016800023000\r\n'
    0.610  ELL.QUERY               cmd=0ho  reply='0PO00000003\r\n'
    1.105  ELL.QUERY               cmd=2ho  reply='2PO00000001\r\n'
    1.137  ELL.QUERY               cmd=0gp  reply='0PO00000003\r\n'
    1.202  ELL.QUERY               cmd=2gp  reply='2PO00000005\r\n'
    2.221  LOOP.START            
    3.225  FRAME.START             frame=1  hwp=20  qwp=155
    3.226  ELL.TX                  addr=0  deg=20  hex=00001F1C  cmd=0ma00001F1C
    3.443  ELL.RX                  addr=0  line=0PO00001F1F  raw=b'0PO00001F1F\r\n'
    3.446  ELL.DONE                addr=0  pos=20.01  dt=0.22  lines=1  leftover=0
    3.449  ELL.TX                  addr=2  deg=155  hex=0000F11C  cmd=2ma0000F11C
    4.146  ELL.RX                  addr=2  line=2PO0000F11C  raw=b'2PO0000F11C\r\n'
    4.147  ELL.DONE                addr=2  pos=155.0  dt=0.694  lines=1  leftover=0
    4.558  ARD.TRIG                frame=1  attempt=1
    4.621  ARD.RX                  msg=TRIGGERED  raw=b'TRIGGERED\r\n'  t=0.0
    4.637  ARD.RX                  msg=ARMED  raw=b'ARMED\r\n'  t=0.016
    5.280  ARD.RX                  msg=FRAME_DONE  raw=b'FRAME_DONE\r\n'  t=0.659
    5.282  ARD.FRAME_DONE          frame=1  attempt=1  dt=0.661  leftover=0
    5.284  FRAME.END               frame=1  t_total=2.059  t_hwp=0.223  t_qwp=0.699  t_trig=0.726  attempts=1  flags=SLOW
    5.288  FRAME.START             frame=2  hwp=18  qwp=143
    5.290  ELL.TX                  addr=0  deg=18  hex=00001C00  cmd=0ma00001C00
    5.378  ELL.RX                  addr=0  line=0PO00001BFD  raw=b'0PO00001BFD\r\n'
    5.379  ELL.DONE                addr=0  pos=17.99  dt=0.086  lines=1  leftover=0
    5.380  ELL.TX                  addr=2  deg=143  hex=0000DE72  cmd=2ma0000DE72
    5.682  ELL.RX                  addr=2  line=2PO0000DE6F  raw=b'2PO0000DE6F\r\n'
    5.683  ELL.DONE                addr=2  pos=142.99  dt=0.302  lines=1  leftover=0
    6.087  ARD.TRIG                frame=2  attempt=1
    6.152  ARD.RX                  msg=TRIGGERED  raw=b'TRIGGERED\r\n'  t=0.0
    6.168  ARD.RX                  msg=ARMED  raw=b'ARMED\r\n'  t=0.016
    6.808  ARD.RX                  msg=FRAME_DONE  raw=b'FRAME_DONE\r\n'  t=0.657
    6.811  ARD.FRAME_DONE          frame=2  attempt=1  dt=0.659  leftover=0
    6.814  FRAME.END               frame=2  t_total=1.526  t_hwp=0.09  t_qwp=0.304  t_trig=0.727  attempts=1  flags=ok
    6.817  FRAME.START             frame=3  hwp=27  qwp=138
    6.819  ELL.TX                  addr=0  deg=27  hex=00002A00  cmd=0ma00002A00
    6.962  ELL.RX                  addr=0  line=0PO000029FD  raw=b'0PO000029FD\r\n'
    6.963  ELL.DONE                addr=0  pos=26.99  dt=0.143  lines=1  leftover=0
    6.964  ELL.TX                  addr=2  deg=138  hex=0000D6AB  cmd=2ma0000D6AB
    7.202  ELL.RX                  addr=2  line=2PO0000D6AB  raw=b'2PO0000D6AB\r\n'
    7.208  ELL.DONE                addr=2  pos=138.0  dt=0.242  lines=1  leftover=0
    7.612  ARD.TRIG                frame=3  attempt=1
    7.677  ARD.RX                  msg=TRIGGERED  raw=b'TRIGGERED\r\n'  t=0.0
    7.693  ARD.RX                  msg=ARMED  raw=b'ARMED\r\n'  t=0.016
    8.331  ARD.RX                  msg=FRAME_DONE  raw=b'FRAME_DONE\r\n'  t=0.655
    8.332  ARD.FRAME_DONE          frame=3  attempt=1  dt=0.656  leftover=0
    8.333  FRAME.END               frame=3  t_total=1.516  t_hwp=0.146  t_qwp=0.247  t_trig=0.721  attempts=1  flags=ok
    8.335  FRAME.START             frame=4  hwp=40  qwp=143
    8.336  ELL.TX                  addr=0  deg=40  hex=00003E39  cmd=0ma00003E39
    8.466  ELL.RX                  addr=0  line=0PO00003E3B  raw=b'0PO00003E3B\r\n'
    8.468  ELL.DONE                addr=0  pos=40.01  dt=0.131  lines=1  leftover=0
    8.468  ELL.TX                  addr=2  deg=143  hex=0000DE72  cmd=2ma0000DE72
    8.754  ELL.RX                  addr=2  line=2PO0000DE6E  raw=b'2PO0000DE6E\r\n'
    8.756  ELL.DONE                addr=2  pos=142.99  dt=0.287  lines=1  leftover=0
    9.157  ARD.TRIG                frame=4  attempt=1
    9.219  ARD.RX                  msg=TRIGGERED  raw=b'TRIGGERED\r\n'  t=0.0
    9.235  ARD.RX                  msg=ARMED  raw=b'ARMED\r\n'  t=0.016
    9.880  ARD.RX                  msg=FRAME_DONE  raw=b'FRAME_DONE\r\n'  t=0.66
    9.881  ARD.FRAME_DONE          frame=4  attempt=1  dt=0.661  leftover=0
    9.882  FRAME.END               frame=4  t_total=1.547  t_hwp=0.133  t_qwp=0.289  t_trig=0.725  attempts=1  flags=ok
    9.883  FRAME.START             frame=5  hwp=55  qwp=155
    9.884  ELL.TX                  addr=0  deg=55  hex=0000558E  cmd=0ma0000558E
   10.034  ELL.RX                  addr=0  line=0PO00005590  raw=b'0PO00005590\r\n'
   10.035  ELL.DONE                addr=0  pos=55.0  dt=0.151  lines=1  leftover=0
   10.036  ELL.TX                  addr=2  deg=155  hex=0000F11C  cmd=2ma0000F11C
   10.274  ELL.RX                  addr=2  line=2PO0000F119  raw=b'2PO0000F119\r\n'
   10.276  ELL.DONE                addr=2  pos=154.99  dt=0.239  lines=1  leftover=0
   10.686  ARD.TRIG                frame=5  attempt=1
   10.751  ARD.RX                  msg=TRIGGERED  raw=b'TRIGGERED\r\n'  t=0.0
   10.766  ARD.RX                  msg=ARMED  raw=b'ARMED\r\n'  t=0.015
   11.407  ARD.RX                  msg=FRAME_DONE  raw=b'FRAME_DONE\r\n'  t=0.656
   11.409  ARD.FRAME_DONE          frame=5  attempt=1  dt=0.658  leftover=0
   11.410  FRAME.END               frame=5  t_total=1.526  t_hwp=0.152  t_qwp=0.24  t_trig=0.723  attempts=1  flags=ok
   11.411  FRAME.START             frame=6  hwp=67  qwp=168
   11.412  ELL.TX                  addr=0  deg=67  hex=00006839  cmd=0ma00006839
   11.746  ELL.RX                  addr=0  line=0PO00006838  raw=b'0PO00006838\r\n'
   11.749  ELL.DONE                addr=0  pos=67.0  dt=0.335  lines=1  leftover=0
   11.750  ELL.TX                  addr=2  deg=168  hex=00010555  cmd=2ma00010555
   11.938  ELL.RX                  addr=2  line=2PO00010557  raw=b'2PO00010557\r\n'
   11.940  ELL.DONE                addr=2  pos=168.0  dt=0.187  lines=1  leftover=0
   12.341  ARD.TRIG                frame=6  attempt=1
   12.407  ARD.RX                  msg=TRIGGERED  raw=b'TRIGGERED\r\n'  t=0.0
   12.420  ARD.RX                  msg=ARMED  raw=b'ARMED\r\n'  t=0.014
   13.062  ARD.RX                  msg=FRAME_DONE  raw=b'FRAME_DONE\r\n'  t=0.655
   13.063  ARD.FRAME_DONE          frame=6  attempt=1  dt=0.656  leftover=0
   13.065  FRAME.END               frame=6  t_total=1.654  t_hwp=0.338  t_qwp=0.19  t_trig=0.724  attempts=1  flags=ok
   13.067  FRAME.START             frame=7  hwp=78  qwp=178
   13.068  ELL.TX                  addr=0  deg=78  hex=00007955  cmd=0ma00007955
   13.299  ELL.RX                  addr=0  line=0PO00007958  raw=b'0PO00007958\r\n'
   13.300  ELL.DONE                addr=0  pos=78.01  dt=0.231  lines=1  leftover=0
   13.301  ELL.TX                  addr=2  deg=178  hex=000114E4  cmd=2ma000114E4
   13.602  ELL.RX                  addr=2  line=2PO000114E3  raw=b'2PO000114E3\r\n'
   13.604  ELL.DONE                addr=2  pos=178.0  dt=0.302  lines=1  leftover=0
   14.010  ARD.TRIG                frame=7  attempt=1
   14.072  ARD.RX                  msg=TRIGGERED  raw=b'TRIGGERED\r\n'  t=0.0
   14.088  ARD.RX                  msg=ARMED  raw=b'ARMED\r\n'  t=0.016
   14.729  ARD.RX                  msg=FRAME_DONE  raw=b'FRAME_DONE\r\n'  t=0.657
   14.730  ARD.FRAME_DONE          frame=7  attempt=1  dt=0.658  leftover=0
   14.731  FRAME.END               frame=7  t_total=1.664  t_hwp=0.233  t_qwp=0.305  t_trig=0.721  attempts=1  flags=ok
   14.733  FRAME.START             frame=8  hwp=91  qwp=186
   14.733  ELL.TX                  addr=0  deg=91  hex=00008D8E  cmd=0ma00008D8E
   14.931  ELL.RX                  addr=0  line=0PO00008D8B  raw=b'0PO00008D8B\r\n'
   14.932  ELL.DONE                addr=0  pos=90.99  dt=0.197  lines=1  leftover=0
   14.933  ELL.TX                  addr=2  deg=186  hex=00012155  cmd=2ma00012155
   15.315  ELL.RX                  addr=2  line=2PO00012154  raw=b'2PO00012154\r\n'
   15.318  ELL.DONE                addr=2  pos=186.0  dt=0.384  lines=1  leftover=0
   15.728  ARD.TRIG                frame=8  attempt=1
   15.793  ARD.RX                  msg=TRIGGERED  raw=b'TRIGGERED\r\n'  t=0.001
   15.808  ARD.RX                  msg=ARMED  raw=b'ARMED\r\n'  t=0.016
   16.445  ARD.RX                  msg=FRAME_DONE  raw=b'FRAME_DONE\r\n'  t=0.653
   16.446  ARD.FRAME_DONE          frame=8  attempt=1  dt=0.655  leftover=0
   16.447  FRAME.END               frame=8  t_total=1.715  t_hwp=0.2  t_qwp=0.388  t_trig=0.72  attempts=1  flags=ok
   16.449  FRAME.START             frame=9  hwp=102  qwp=186
   16.450  ELL.TX                  addr=0  deg=102  hex=00009EAB  cmd=0ma00009EAB
   16.675  ELL.RX                  addr=0  line=0PO00009EA8  raw=b'0PO00009EA8\r\n'
   16.676  ELL.DONE                addr=0  pos=101.99  dt=0.226  lines=1  leftover=0
   16.677  ELL.TX                  addr=2  deg=186  hex=00012155  cmd=2ma00012155
   16.755  ELL.RX                  addr=2  line=2PO00012155  raw=b'2PO00012155\r\n'
   16.756  ELL.DONE                addr=2  pos=186.0  dt=0.079  lines=1  leftover=0
   17.157  ARD.TRIG                frame=9  attempt=1
   17.221  ARD.RX                  msg=TRIGGERED  raw=b'TRIGGERED\r\n'  t=0.001
   17.236  ARD.RX                  msg=ARMED  raw=b'ARMED\r\n'  t=0.015
   17.879  ARD.RX                  msg=FRAME_DONE  raw=b'FRAME_DONE\r\n'  t=0.658
   17.880  ARD.FRAME_DONE          frame=9  attempt=1  dt=0.659  leftover=0
   17.880  FRAME.END               frame=9  t_total=1.432  t_hwp=0.227  t_qwp=0.08  t_trig=0.723  attempts=1  flags=ok
   17.882  FRAME.START             frame=10  hwp=106  qwp=178
   17.883  ELL.TX                  addr=0  deg=106  hex=0000A4E4  cmd=0ma0000A4E4
   18.131  ELL.RX                  addr=0  line=0PO0000A4E1  raw=b'0PO0000A4E1\r\n'
   18.132  ELL.DONE                addr=0  pos=105.99  dt=0.249  lines=1  leftover=0
   18.133  ELL.TX                  addr=2  deg=178  hex=000114E4  cmd=2ma000114E4
   18.403  ELL.RX                  addr=2  line=2PO000114E7  raw=b'2PO000114E7\r\n'
   18.404  ELL.DONE                addr=2  pos=178.01  dt=0.269  lines=1  leftover=0
   18.818  ARD.TRIG                frame=10  attempt=1
   18.883  ARD.RX                  msg=TRIGGERED  raw=b'TRIGGERED\r\n'  t=0.0
   18.898  ARD.RX                  msg=ARMED  raw=b'ARMED\r\n'  t=0.016
   19.538  ARD.RX                  msg=FRAME_DONE  raw=b'FRAME_DONE\r\n'  t=0.654
   19.539  ARD.FRAME_DONE          frame=10  attempt=1  dt=0.656  leftover=0
   19.539  FRAME.END               frame=10  t_total=1.657  t_hwp=0.251  t_qwp=0.272  t_trig=0.721  attempts=1  flags=ok
   19.542  FRAME.START             frame=11  hwp=106  qwp=167
   19.542  ELL.TX                  addr=0  deg=106  hex=0000A4E4  cmd=0ma0000A4E4
   19.603  ELL.RX                  addr=0  line=0PO0000A4E2  raw=b'0PO0000A4E2\r\n'
   19.604  ELL.DONE                addr=0  pos=106.0  dt=0.061  lines=1  leftover=0
   19.605  ELL.TX                  addr=2  deg=167  hex=000103C7  cmd=2ma000103C7
   19.907  ELL.RX                  addr=2  line=2PO000103CA  raw=b'2PO000103CA\r\n'
   19.908  ELL.DONE                addr=2  pos=167.01  dt=0.302  lines=1  leftover=0
   20.320  ARD.TRIG                frame=11  attempt=1
   20.383  ARD.RX                  msg=TRIGGERED  raw=b'TRIGGERED\r\n'  t=0.0
   20.399  ARD.RX                  msg=ARMED  raw=b'ARMED\r\n'  t=0.016
   21.041  ARD.RX                  msg=FRAME_DONE  raw=b'FRAME_DONE\r\n'  t=0.658
   21.042  ARD.FRAME_DONE          frame=11  attempt=1  dt=0.659  leftover=0
   21.042  FRAME.END               frame=11  t_total=1.501  t_hwp=0.062  t_qwp=0.304  t_trig=0.723  attempts=1  flags=ok
   21.044  FRAME.START             frame=12  hwp=105  qwp=155
   21.045  ELL.TX                  addr=0  deg=105  hex=0000A355  cmd=0ma0000A355
   21.235  ELL.RX                  addr=0  line=0PO0000A354  raw=b'0PO0000A354\r\n'
   21.236  ELL.DONE                addr=0  pos=105.0  dt=0.19  lines=1  leftover=0
   21.237  ELL.TX                  addr=2  deg=155  hex=0000F11C  cmd=2ma0000F11C
   21.556  ELL.RX                  addr=2  line=2PO0000F11E  raw=b'2PO0000F11E\r\n'
   21.561  ELL.DONE                addr=2  pos=155.0  dt=0.323  lines=1  leftover=0
   21.976  ARD.TRIG                frame=12  attempt=1
   22.040  ARD.RX                  msg=TRIGGERED  raw=b'TRIGGERED\r\n'  t=0.0
   22.056  ARD.RX                  msg=ARMED  raw=b'ARMED\r\n'  t=0.016
   22.700  ARD.RX                  msg=FRAME_DONE  raw=b'FRAME_DONE\r\n'  t=0.66
   22.701  ARD.FRAME_DONE          frame=12  attempt=1  dt=0.661  leftover=0
   22.702  FRAME.END               frame=12  t_total=1.657  t_hwp=0.192  t_qwp=0.328  t_trig=0.726  attempts=1  flags=ok
   22.703  FRAME.START             frame=13  hwp=104  qwp=143
   22.704  ELL.TX                  addr=0  deg=104  hex=0000A1C7  cmd=0ma0000A1C7
   22.883  ELL.RX                  addr=0  line=0PO0000A1C5  raw=b'0PO0000A1C5\r\n'
   22.885  ELL.DONE                addr=0  pos=103.99  dt=0.18  lines=1  leftover=0
   22.886  ELL.TX                  addr=2  deg=143  hex=0000DE72  cmd=2ma0000DE72
   23.251  ELL.RX                  addr=2  line=2PO0000DE73  raw=b'2PO0000DE73\r\n'
   23.253  ELL.DONE                addr=2  pos=143.0  dt=0.366  lines=1  leftover=0
   23.664  ARD.TRIG                frame=13  attempt=1
   23.726  ARD.RX                  msg=TRIGGERED  raw=b'TRIGGERED\r\n'  t=0.0
   23.741  ARD.RX                  msg=ARMED  raw=b'ARMED\r\n'  t=0.015
   24.383  ARD.RX                  msg=FRAME_DONE  raw=b'FRAME_DONE\r\n'  t=0.657
   24.384  ARD.FRAME_DONE          frame=13  attempt=1  dt=0.658  leftover=0
   24.385  FRAME.END               frame=13  t_total=1.682  t_hwp=0.182  t_qwp=0.368  t_trig=0.721  attempts=1  flags=ok
   24.387  FRAME.START             frame=14  hwp=112  qwp=137
   24.388  ELL.TX                  addr=0  deg=112  hex=0000AE39  cmd=0ma0000AE39
   24.627  ELL.RX                  addr=0  line=0PO0000AE38  raw=b'0PO0000AE38\r\n'
   24.628  ELL.DONE                addr=0  pos=112.0  dt=0.24  lines=1  leftover=0
   24.629  ELL.TX                  addr=2  deg=137  hex=0000D51C  cmd=2ma0000D51C
   25.044  ELL.RX                  addr=2  line=2PO0000D519  raw=b'2PO0000D519\r\n'
   25.047  ELL.DONE                addr=2  pos=136.99  dt=0.416  lines=1  leftover=0
   25.458  ARD.TRIG                frame=14  attempt=1
   25.522  ARD.RX                  msg=TRIGGERED  raw=b'TRIGGERED\r\n'  t=0.0
   25.538  ARD.RX                  msg=ARMED  raw=b'ARMED\r\n'  t=0.016
   26.179  ARD.RX                  msg=FRAME_DONE  raw=b'FRAME_DONE\r\n'  t=0.657
   26.180  ARD.FRAME_DONE          frame=14  attempt=1  dt=0.659  leftover=0
   26.181  FRAME.END               frame=14  t_total=1.795  t_hwp=0.242  t_qwp=0.42  t_trig=0.723  attempts=1  flags=ok
   26.184  LOOP.END              
