    0.021  SESSION.START           log=D:\1_software\Experimental control software\2023_06_22 new pSHG sequence MIRA\pshg_diag_20260623_141613.log  csv=D:\1_software\Experimental control software\2023_06_22 new pSHG sequence MIRA\pshg_diag_20260623_141613.csv  file=2023_06_22 new pSHG sequence MIRA.xlsx  drain_stale=True
    0.066  ELL.QUERY               cmd=0in  reply='0IN0E1140051420211501016800023000\r\n'
    0.162  ELL.QUERY               cmd=2in  reply='2IN0E1140064920211501016800023000\r\n'
    0.562  ELL.QUERY               cmd=0ho  reply='0PO00000001\r\n'
    1.186  ELL.QUERY               cmd=2ho  reply='2PO00000001\r\n'
    1.218  ELL.QUERY               cmd=0gp  reply='0PO00000000\r\n'
    1.298  ELL.QUERY               cmd=2gp  reply='2POFFFFFFF6\r\n'
    2.308  LOOP.START            
    3.324  FRAME.START             frame=1  hwp=20  qwp=155
    3.325  ELL.TX                  addr=0  deg=20  hex=00001F1C  cmd=0ma00001F1C
    3.538  ELL.RX                  addr=0  line=0PO00001F1B  raw=b'0PO00001F1B\r\n'
    3.541  ELL.DONE                addr=0  pos=20.0  dt=0.215  lines=1  leftover=0
    3.542  ELL.TX                  addr=2  deg=155  hex=0000F11C  cmd=2ma0000F11C
    4.163  ELL.RX                  addr=2  line=2PO0000F11F  raw=b'2PO0000F11F\r\n'
    4.169  ELL.DONE                addr=2  pos=155.01  dt=0.626  lines=1  leftover=0
    4.579  ARD.TRIG                frame=1  attempt=1
    4.644  ARD.RX                  msg=TRIGGERED  raw=b'TRIGGERED\r\n'  t=0.001
    4.660  ARD.RX                  msg=ARMED  raw=b'ARMED\r\n'  t=0.016
    5.304  ARD.RX                  msg=FRAME_DONE  raw=b'FRAME_DONE\r\n'  t=0.66
    5.307  ARD.FRAME_DONE          frame=1  attempt=1  dt=0.664  leftover=0
    5.310  FRAME.END               frame=1  t_total=1.986  t_hwp=0.217  t_qwp=0.631  t_trig=0.731  attempts=1  flags=ok
    5.315  FRAME.START             frame=2  hwp=18  qwp=143
    5.319  ELL.TX                  addr=0  deg=18  hex=00001C00  cmd=0ma00001C00
    5.426  ELL.RX                  addr=0  line=0PO00001C03  raw=b'0PO00001C03\r\n'
    5.427  ELL.DONE                addr=0  pos=18.01  dt=0.104  lines=1  leftover=0
    5.428  ELL.TX                  addr=2  deg=143  hex=0000DE72  cmd=2ma0000DE72
    5.762  ELL.RX                  addr=2  line=2PO0000DE70  raw=b'2PO0000DE70\r\n'
    5.763  ELL.DONE                addr=2  pos=143.0  dt=0.334  lines=1  leftover=0
    6.174  ARD.TRIG                frame=2  attempt=1
    6.239  ARD.RX                  msg=TRIGGERED  raw=b'TRIGGERED\r\n'  t=0.0
    6.254  ARD.RX                  msg=ARMED  raw=b'ARMED\r\n'  t=0.015
    6.893  ARD.RX                  msg=FRAME_DONE  raw=b'FRAME_DONE\r\n'  t=0.654
    6.896  ARD.FRAME_DONE          frame=2  attempt=1  dt=0.657  leftover=0
    6.899  FRAME.END               frame=2  t_total=1.584  t_hwp=0.11  t_qwp=0.336  t_trig=0.725  attempts=1  flags=ok
    6.906  FRAME.START             frame=3  hwp=27  qwp=138
    6.909  ELL.TX                  addr=0  deg=27  hex=00002A00  cmd=0ma00002A00
    7.059  ELL.RX                  addr=0  line=0PO00002A00  raw=b'0PO00002A00\r\n'
    7.060  ELL.DONE                addr=0  pos=27.0  dt=0.148  lines=1  leftover=0
    7.061  ELL.TX                  addr=2  deg=138  hex=0000D6AB  cmd=2ma0000D6AB
    7.315  ELL.RX                  addr=2  line=2PO0000D6A9  raw=b'2PO0000D6A9\r\n'
    7.316  ELL.DONE                addr=2  pos=138.0  dt=0.254  lines=1  leftover=0
    7.718  ARD.TRIG                frame=3  attempt=1
    7.781  ARD.RX                  msg=TRIGGERED  raw=b'TRIGGERED\r\n'  t=0.0
    7.797  ARD.RX                  msg=ARMED  raw=b'ARMED\r\n'  t=0.016
    8.437  ARD.RX                  msg=FRAME_DONE  raw=b'FRAME_DONE\r\n'  t=0.656
    8.438  ARD.FRAME_DONE          frame=3  attempt=1  dt=0.657  leftover=0
    8.439  FRAME.END               frame=3  t_total=1.533  t_hwp=0.152  t_qwp=0.256  t_trig=0.721  attempts=1  flags=ok
    8.441  FRAME.START             frame=4  hwp=40  qwp=143
    8.441  ELL.TX                  addr=0  deg=40  hex=00003E39  cmd=0ma00003E39
    8.643  ELL.RX                  addr=0  line=0PO00003E37  raw=b'0PO00003E37\r\n'
    8.644  ELL.DONE                addr=0  pos=40.0  dt=0.202  lines=1  leftover=0
    8.645  ELL.TX                  addr=2  deg=143  hex=0000DE72  cmd=2ma0000DE72
    8.931  ELL.RX                  addr=2  line=2PO0000DE71  raw=b'2PO0000DE71\r\n'
    8.933  ELL.DONE                addr=2  pos=143.0  dt=0.288  lines=1  leftover=0
    9.343  ARD.TRIG                frame=4  attempt=1
    9.407  ARD.RX                  msg=TRIGGERED  raw=b'TRIGGERED\r\n'  t=0.0
    9.423  ARD.RX                  msg=ARMED  raw=b'ARMED\r\n'  t=0.016
   10.063  ARD.RX                  msg=FRAME_DONE  raw=b'FRAME_DONE\r\n'  t=0.656
   10.065  ARD.FRAME_DONE          frame=4  attempt=1  dt=0.657  leftover=0
   10.066  FRAME.END               frame=4  t_total=1.626  t_hwp=0.204  t_qwp=0.289  t_trig=0.723  attempts=1  flags=ok
   10.069  FRAME.START             frame=5  hwp=55  qwp=155
   10.070  ELL.TX                  addr=0  deg=55  hex=0000558E  cmd=0ma0000558E
   10.308  ELL.RX                  addr=0  line=0PO0000558D  raw=b'0PO0000558D\r\n'
   10.312  ELL.DONE                addr=0  pos=55.0  dt=0.24  lines=1  leftover=0
   10.315  ELL.TX                  addr=2  deg=155  hex=0000F11C  cmd=2ma0000F11C
   10.627  ELL.RX                  addr=2  line=2PO0000F11F  raw=b'2PO0000F11F\r\n'
   10.629  ELL.DONE                addr=2  pos=155.01  dt=0.31  lines=1  leftover=0
   11.032  ARD.TRIG                frame=5  attempt=1
   11.095  ARD.RX                  msg=TRIGGERED  raw=b'TRIGGERED\r\n'  t=0.0
   11.111  ARD.RX                  msg=ARMED  raw=b'ARMED\r\n'  t=0.016
   11.750  ARD.RX                  msg=FRAME_DONE  raw=b'FRAME_DONE\r\n'  t=0.655
   11.752  ARD.FRAME_DONE          frame=5  attempt=1  dt=0.656  leftover=0
   11.752  FRAME.END               frame=5  t_total=1.684  t_hwp=0.244  t_qwp=0.315  t_trig=0.721  attempts=1  flags=ok
   11.754  FRAME.START             frame=6  hwp=67  qwp=168
   11.755  ELL.TX                  addr=0  deg=67  hex=00006839  cmd=0ma00006839
   11.939  ELL.RX                  addr=0  line=0PO00006839  raw=b'0PO00006839\r\n'
   11.945  ELL.DONE                addr=0  pos=67.0  dt=0.189  lines=1  leftover=0
   11.949  ELL.TX                  addr=2  deg=168  hex=00010555  cmd=2ma00010555
   12.291  ELL.RX                  addr=2  line=2PO00010556  raw=b'2PO00010556\r\n'
   12.294  ELL.DONE                addr=2  pos=168.0  dt=0.339  lines=1  leftover=0
   12.700  ARD.TRIG                frame=6  attempt=1
   12.765  ARD.RX                  msg=TRIGGERED  raw=b'TRIGGERED\r\n'  t=0.001
   12.780  ARD.RX                  msg=ARMED  raw=b'ARMED\r\n'  t=0.016
   13.422  ARD.RX                  msg=FRAME_DONE  raw=b'FRAME_DONE\r\n'  t=0.657
   13.423  ARD.FRAME_DONE          frame=6  attempt=1  dt=0.658  leftover=0
   13.423  FRAME.END               frame=6  t_total=1.669  t_hwp=0.194  t_qwp=0.35  t_trig=0.724  attempts=1  flags=ok
   13.425  FRAME.START             frame=7  hwp=78  qwp=178
   13.426  ELL.TX                  addr=0  deg=78  hex=00007955  cmd=0ma00007955
   13.619  ELL.RX                  addr=0  line=0PO00007952  raw=b'0PO00007952\r\n'
   13.621  ELL.DONE                addr=0  pos=77.99  dt=0.193  lines=1  leftover=0
   13.622  ELL.TX                  addr=2  deg=178  hex=000114E4  cmd=2ma000114E4
   13.924  ELL.RX                  addr=2  line=2PO000114E4  raw=b'2PO000114E4\r\n'
   13.928  ELL.DONE                addr=2  pos=178.0  dt=0.304  lines=1  leftover=0
   14.337  ARD.TRIG                frame=7  attempt=1
   14.402  ARD.RX                  msg=TRIGGERED  raw=b'TRIGGERED\r\n'  t=0.001
   14.417  ARD.RX                  msg=ARMED  raw=b'ARMED\r\n'  t=0.016
   15.060  ARD.RX                  msg=FRAME_DONE  raw=b'FRAME_DONE\r\n'  t=0.659
   15.061  ARD.FRAME_DONE          frame=7  attempt=1  dt=0.66  leftover=0
   15.062  FRAME.END               frame=7  t_total=1.637  t_hwp=0.196  t_qwp=0.31  t_trig=0.725  attempts=1  flags=ok
   15.064  FRAME.START             frame=8  hwp=91  qwp=186
   15.065  ELL.TX                  addr=0  deg=91  hex=00008D8E  cmd=0ma00008D8E
   15.283  ELL.RX                  addr=0  line=0PO00008D8D  raw=b'0PO00008D8D\r\n'
   15.284  ELL.DONE                addr=0  pos=91.0  dt=0.218  lines=1  leftover=0
   15.285  ELL.TX                  addr=2  deg=186  hex=00012155  cmd=2ma00012155
   15.604  ELL.RX                  addr=2  line=2PO00012157  raw=b'2PO00012157\r\n'
   15.608  ELL.DONE                addr=2  pos=186.0  dt=0.322  lines=1  leftover=0
   16.023  ARD.TRIG                frame=8  attempt=1
   16.087  ARD.RX                  msg=TRIGGERED  raw=b'TRIGGERED\r\n'  t=0.001
   16.102  ARD.RX                  msg=ARMED  raw=b'ARMED\r\n'  t=0.016
   16.743  ARD.RX                  msg=FRAME_DONE  raw=b'FRAME_DONE\r\n'  t=0.658
   16.745  ARD.FRAME_DONE          frame=8  attempt=1  dt=0.659  leftover=0
   16.746  FRAME.END               frame=8  t_total=1.682  t_hwp=0.221  t_qwp=0.326  t_trig=0.723  attempts=1  flags=ok
   16.748  FRAME.START             frame=9  hwp=102  qwp=186
   16.748  ELL.TX                  addr=0  deg=102  hex=00009EAB  cmd=0ma00009EAB
   17.011  ELL.RX                  addr=0  line=0PO00009EAA  raw=b'0PO00009EAA\r\n'
   17.015  ELL.DONE                addr=0  pos=102.0  dt=0.265  lines=1  leftover=0
   17.017  ELL.TX                  addr=2  deg=186  hex=00012155  cmd=2ma00012155
   17.092  ELL.RX                  addr=2  line=2PO00012155  raw=b'2PO00012155\r\n'
   17.095  ELL.DONE                addr=2  pos=186.0  dt=0.075  lines=1  leftover=0
   17.499  ARD.TRIG                frame=9  attempt=1
   17.562  ARD.RX                  msg=TRIGGERED  raw=b'TRIGGERED\r\n'  t=0.0
   17.578  ARD.RX                  msg=ARMED  raw=b'ARMED\r\n'  t=0.016
   18.218  ARD.RX                  msg=FRAME_DONE  raw=b'FRAME_DONE\r\n'  t=0.657
   18.222  ARD.FRAME_DONE          frame=9  attempt=1  dt=0.661  leftover=0
   18.225  FRAME.END               frame=9  t_total=1.478  t_hwp=0.269  t_qwp=0.08  t_trig=0.726  attempts=1  flags=ok
   18.231  FRAME.START             frame=10  hwp=106  qwp=178
   18.233  ELL.TX                  addr=0  deg=106  hex=0000A4E4  cmd=0ma0000A4E4
   18.451  ELL.RX                  addr=0  line=0PO0000A4E1  raw=b'0PO0000A4E1\r\n'
   18.453  ELL.DONE                addr=0  pos=105.99  dt=0.217  lines=1  leftover=0
   18.453  ELL.TX                  addr=2  deg=178  hex=000114E4  cmd=2ma000114E4
   18.899  ELL.RX                  addr=2  line=2PO000114E5  raw=b'2PO000114E5\r\n'
   18.901  ELL.DONE                addr=2  pos=178.0  dt=0.446  lines=1  leftover=0
   19.304  ARD.TRIG                frame=10  attempt=1
   19.368  ARD.RX                  msg=TRIGGERED  raw=b'TRIGGERED\r\n'  t=0.001
   19.383  ARD.RX                  msg=ARMED  raw=b'ARMED\r\n'  t=0.016
   20.028  ARD.RX                  msg=FRAME_DONE  raw=b'FRAME_DONE\r\n'  t=0.662
   20.032  ARD.FRAME_DONE          frame=10  attempt=1  dt=0.665  leftover=0
   20.036  FRAME.END               frame=10  t_total=1.806  t_hwp=0.22  t_qwp=0.448  t_trig=0.732  attempts=1  flags=ok
   20.045  FRAME.START             frame=11  hwp=106  qwp=167
   20.049  ELL.TX                  addr=0  deg=106  hex=0000A4E4  cmd=0ma0000A4E4
   20.115  ELL.RX                  addr=0  line=0PO0000A4E7  raw=b'0PO0000A4E7\r\n'
   20.117  ELL.DONE                addr=0  pos=106.01  dt=0.063  lines=1  leftover=0
   20.117  ELL.TX                  addr=2  deg=167  hex=000103C7  cmd=2ma000103C7
   20.372  ELL.RX                  addr=2  line=2PO000103C8  raw=b'2PO000103C8\r\n'
   20.373  ELL.DONE                addr=2  pos=167.0  dt=0.255  lines=1  leftover=0
   20.776  ARD.TRIG                frame=11  attempt=1
   20.841  ARD.RX                  msg=TRIGGERED  raw=b'TRIGGERED\r\n'  t=0.0
   20.856  ARD.RX                  msg=ARMED  raw=b'ARMED\r\n'  t=0.016
   21.498  ARD.RX                  msg=FRAME_DONE  raw=b'FRAME_DONE\r\n'  t=0.658
   21.501  ARD.FRAME_DONE          frame=11  attempt=1  dt=0.661  leftover=0
   21.503  FRAME.END               frame=11  t_total=1.458  t_hwp=0.069  t_qwp=0.257  t_trig=0.727  attempts=1  flags=ok
   21.509  FRAME.START             frame=12  hwp=105  qwp=155
   21.511  ELL.TX                  addr=0  deg=105  hex=0000A355  cmd=0ma0000A355
   21.668  ELL.RX                  addr=0  line=0PO0000A352  raw=b'0PO0000A352\r\n'
   21.669  ELL.DONE                addr=0  pos=104.99  dt=0.156  lines=1  leftover=0
   21.670  ELL.TX                  addr=2  deg=155  hex=0000F11C  cmd=2ma0000F11C
   21.988  ELL.RX                  addr=2  line=2PO0000F11D  raw=b'2PO0000F11D\r\n'
   21.991  ELL.DONE                addr=2  pos=155.0  dt=0.32  lines=1  leftover=0
   22.401  ARD.TRIG                frame=12  attempt=1
   22.465  ARD.RX                  msg=TRIGGERED  raw=b'TRIGGERED\r\n'  t=0.0
   22.481  ARD.RX                  msg=ARMED  raw=b'ARMED\r\n'  t=0.016
   23.121  ARD.RX                  msg=FRAME_DONE  raw=b'FRAME_DONE\r\n'  t=0.656
   23.123  ARD.FRAME_DONE          frame=12  attempt=1  dt=0.658  leftover=0
   23.124  FRAME.END               frame=12  t_total=1.615  t_hwp=0.159  t_qwp=0.324  t_trig=0.724  attempts=1  flags=ok
   23.131  FRAME.START             frame=13  hwp=104  qwp=143
   23.132  ELL.TX                  addr=0  deg=104  hex=0000A1C7  cmd=0ma0000A1C7
   23.348  ELL.RX                  addr=0  line=0PO0000A1C8  raw=b'0PO0000A1C8\r\n'
   23.353  ELL.DONE                addr=0  pos=104.0  dt=0.219  lines=1  leftover=0
   23.356  ELL.TX                  addr=2  deg=143  hex=0000DE72  cmd=2ma0000DE72
   23.732  ELL.RX                  addr=2  line=2PO0000DE74  raw=b'2PO0000DE74\r\n'
   23.736  ELL.DONE                addr=2  pos=143.01  dt=0.374  lines=1  leftover=0
   24.152  ARD.TRIG                frame=13  attempt=1
   24.217  ARD.RX                  msg=TRIGGERED  raw=b'TRIGGERED\r\n'  t=0.001
   24.233  ARD.RX                  msg=ARMED  raw=b'ARMED\r\n'  t=0.016
   24.874  ARD.RX                  msg=FRAME_DONE  raw=b'FRAME_DONE\r\n'  t=0.657
   24.875  ARD.FRAME_DONE          frame=13  attempt=1  dt=0.658  leftover=0
   24.876  FRAME.END               frame=13  t_total=1.745  t_hwp=0.223  t_qwp=0.383  t_trig=0.723  attempts=1  flags=ok
   24.877  FRAME.START             frame=14  hwp=112  qwp=137
   24.878  ELL.TX                  addr=0  deg=112  hex=0000AE39  cmd=0ma0000AE39
   25.172  ELL.RX                  addr=0  line=0PO0000AE38  raw=b'0PO0000AE38\r\n'
   25.174  ELL.DONE                addr=0  pos=112.0  dt=0.296  lines=1  leftover=0
   25.175  ELL.TX                  addr=2  deg=137  hex=0000D51C  cmd=2ma0000D51C
   25.477  ELL.RX                  addr=2  line=2PO0000D51D  raw=b'2PO0000D51D\r\n'
   25.482  ELL.DONE                addr=2  pos=137.0  dt=0.305  lines=1  leftover=0
   25.891  ARD.TRIG                frame=14  attempt=1
   25.956  ARD.RX                  msg=TRIGGERED  raw=b'TRIGGERED\r\n'  t=0.0
   25.972  ARD.RX                  msg=ARMED  raw=b'ARMED\r\n'  t=0.016
   26.614  ARD.RX                  msg=FRAME_DONE  raw=b'FRAME_DONE\r\n'  t=0.658
   26.616  ARD.FRAME_DONE          frame=14  attempt=1  dt=0.66  leftover=0
   26.617  FRAME.END               frame=14  t_total=1.74  t_hwp=0.297  t_qwp=0.311  t_trig=0.726  attempts=1  flags=ok
   26.622  LOOP.END              
