    0.030  SESSION.START           log=D:\1_software\Experimental control software\2023_06_22 new pSHG sequence MIRA\pshg_diag_20260622_161012.log  csv=D:\1_software\Experimental control software\2023_06_22 new pSHG sequence MIRA\pshg_diag_20260622_161012.csv  file=2023_06_22 new pSHG sequence MIRA.xlsx  drain_stale=True
    0.074  ELL.QUERY               cmd=0in  reply='0IN0E1140051420211501016800023000\r\n'
    0.170  ELL.QUERY               cmd=2in  reply='2IN0E1140064920211501016800023000\r\n'
    0.634  ELL.QUERY               cmd=0ho  reply='0PO00000002\r\n'
    1.162  ELL.QUERY               cmd=2ho  reply='2PO00000003\r\n'
    1.194  ELL.QUERY               cmd=0gp  reply='0PO00000003\r\n'
    1.258  ELL.QUERY               cmd=2gp  reply='2PO0000001A\r\n'
    2.272  LOOP.START            
    3.278  FRAME.START             frame=1  hwp=20  qwp=155
    3.279  ELL.TX                  addr=0  deg=20  hex=00001F1C  cmd=0ma00001F1C
    3.434  ELL.RX                  addr=0  line=0PO00001F1A  raw=b'0PO00001F1A\r\n'
    3.436  ELL.DONE                addr=0  pos=19.99  dt=0.156  lines=1  leftover=0
    3.437  ELL.TX                  addr=2  deg=155  hex=0000F11C  cmd=2ma0000F11C
    3.898  ELL.RX                  addr=2  line=2PO0000F11C  raw=b'2PO0000F11C\r\n'
    3.900  ELL.DONE                addr=2  pos=155.0  dt=0.463  lines=1  leftover=0
    4.306  ARD.TRIG                frame=1  attempt=1
    4.370  ARD.RX                  msg=TRIGGERED  raw=b'TRIGGERED\r\n'  t=0.0
    4.386  ARD.RX                  msg=ARMED  raw=b'ARMED\r\n'  t=0.016
    4.665  ARD.RX                  msg=FRAME_DONE  raw=b'FRAME_DONE\r\n'  t=0.295
    4.667  ARD.FRAME_DONE          frame=1  attempt=1  dt=0.296  leftover=0
    4.668  FRAME.END               frame=1  t_total=1.39  t_hwp=0.158  t_qwp=0.464  t_trig=0.362  attempts=1  flags=ok
    4.670  FRAME.START             frame=2  hwp=18  qwp=143
    4.671  ELL.TX                  addr=0  deg=18  hex=00001C00  cmd=0ma00001C00
    4.763  ELL.RX                  addr=0  line=0PO00001BFF  raw=b'0PO00001BFF\r\n'
    4.766  ELL.DONE                addr=0  pos=18.0  dt=0.094  lines=1  leftover=0
    4.768  ELL.TX                  addr=2  deg=143  hex=0000DE72  cmd=2ma0000DE72
    5.226  ELL.RX                  addr=2  line=2PO0000DE67  raw=b'2PO0000DE67\r\n'
    5.228  ELL.DONE                addr=2  pos=142.97  dt=0.456  lines=1  leftover=0
    5.641  ARD.STALE_PRE_TRIG      frame=2  attempt=1  n=12  data=b'FRAME_DONE\r\n'
    5.642  ARD.TRIG                frame=2  attempt=1
    5.704  ARD.RX                  msg=TRIGGERED  raw=b'TRIGGERED\r\n'  t=0.0
    5.720  ARD.RX                  msg=ARMED  raw=b'ARMED\r\n'  t=0.016
    6.362  ARD.RX                  msg=FRAME_DONE  raw=b'FRAME_DONE\r\n'  t=0.658
    6.363  ARD.FRAME_DONE          frame=2  attempt=1  dt=0.659  leftover=0
    6.364  FRAME.END               frame=2  t_total=1.694  t_hwp=0.097  t_qwp=0.461  t_trig=0.723  attempts=1  flags=ok
    6.366  FRAME.START             frame=3  hwp=27  qwp=138
    6.367  ELL.TX                  addr=0  deg=27  hex=00002A00  cmd=0ma00002A00
    6.539  ELL.RX                  addr=0  line=0PO00002A01  raw=b'0PO00002A01\r\n'
    6.540  ELL.DONE                addr=0  pos=27.0  dt=0.173  lines=1  leftover=0
    6.541  ELL.TX                  addr=2  deg=138  hex=0000D6AB  cmd=2ma0000D6AB
    6.827  ELL.RX                  addr=2  line=2PO0000D6AA  raw=b'2PO0000D6AA\r\n'
    6.828  ELL.DONE                addr=2  pos=138.0  dt=0.287  lines=1  leftover=0
    7.233  ARD.TRIG                frame=3  attempt=1
    7.296  ARD.RX                  msg=TRIGGERED  raw=b'TRIGGERED\r\n'  t=0.0
    7.311  ARD.RX                  msg=ARMED  raw=b'ARMED\r\n'  t=0.015
    7.954  ARD.RX                  msg=FRAME_DONE  raw=b'FRAME_DONE\r\n'  t=0.658
    7.955  ARD.FRAME_DONE          frame=3  attempt=1  dt=0.659  leftover=0
    7.957  FRAME.END               frame=3  t_total=1.591  t_hwp=0.174  t_qwp=0.288  t_trig=0.724  attempts=1  flags=ok
    7.960  FRAME.START             frame=4  hwp=40  qwp=143
    7.961  ELL.TX                  addr=0  deg=40  hex=00003E39  cmd=0ma00003E39
    8.107  ELL.RX                  addr=0  line=0PO00003E3A  raw=b'0PO00003E3A\r\n'
    8.108  ELL.DONE                addr=0  pos=40.0  dt=0.145  lines=1  leftover=0
    8.108  ELL.TX                  addr=2  deg=143  hex=0000DE72  cmd=2ma0000DE72
    8.619  ELL.RX                  addr=2  line=2PO0000DE71  raw=b'2PO0000DE71\r\n'
    8.620  ELL.DONE                addr=2  pos=143.0  dt=0.51  lines=1  leftover=0
    9.032  ARD.TRIG                frame=4  attempt=1
    9.096  ARD.RX                  msg=TRIGGERED  raw=b'TRIGGERED\r\n'  t=0.0
    9.111  ARD.RX                  msg=ARMED  raw=b'ARMED\r\n'  t=0.015
    9.752  ARD.RX                  msg=FRAME_DONE  raw=b'FRAME_DONE\r\n'  t=0.657
    9.753  ARD.FRAME_DONE          frame=4  attempt=1  dt=0.658  leftover=0
    9.754  FRAME.END               frame=4  t_total=1.794  t_hwp=0.147  t_qwp=0.512  t_trig=0.722  attempts=1  flags=ok
    9.756  FRAME.START             frame=5  hwp=55  qwp=155
    9.756  ELL.TX                  addr=0  deg=55  hex=0000558E  cmd=0ma0000558E
    9.963  ELL.RX                  addr=0  line=0PO00005591  raw=b'0PO00005591\r\n'
    9.964  ELL.DONE                addr=0  pos=55.01  dt=0.206  lines=1  leftover=0
    9.965  ELL.TX                  addr=2  deg=155  hex=0000F11C  cmd=2ma0000F11C
   10.267  ELL.RX                  addr=2  line=2PO0000F11D  raw=b'2PO0000F11D\r\n'
   10.268  ELL.DONE                addr=2  pos=155.0  dt=0.302  lines=1  leftover=0
   10.684  ARD.TRIG                frame=5  attempt=1
   10.748  ARD.RX                  msg=TRIGGERED  raw=b'TRIGGERED\r\n'  t=0.0
   10.764  ARD.RX                  msg=ARMED  raw=b'ARMED\r\n'  t=0.016
   11.403  ARD.RX                  msg=FRAME_DONE  raw=b'FRAME_DONE\r\n'  t=0.654
   11.404  ARD.FRAME_DONE          frame=5  attempt=1  dt=0.655  leftover=0
   11.405  FRAME.END               frame=5  t_total=1.649  t_hwp=0.208  t_qwp=0.304  t_trig=0.721  attempts=1  flags=ok
   11.406  FRAME.START             frame=6  hwp=67  qwp=168
   11.407  ELL.TX                  addr=0  deg=67  hex=00006839  cmd=0ma00006839
   11.643  ELL.RX                  addr=0  line=0PO0000683C  raw=b'0PO0000683C\r\n'
   11.646  ELL.DONE                addr=0  pos=67.01  dt=0.238  lines=1  leftover=0
   11.649  ELL.TX                  addr=2  deg=168  hex=00010555  cmd=2ma00010555
   11.995  ELL.RX                  addr=2  line=2PO00010554  raw=b'2PO00010554\r\n'
   11.996  ELL.DONE                addr=2  pos=168.0  dt=0.341  lines=1  leftover=0
   12.396  ARD.TRIG                frame=6  attempt=1
   12.459  ARD.RX                  msg=TRIGGERED  raw=b'TRIGGERED\r\n'  t=0.0
   12.475  ARD.RX                  msg=ARMED  raw=b'ARMED\r\n'  t=0.016
   13.119  ARD.RX                  msg=FRAME_DONE  raw=b'FRAME_DONE\r\n'  t=0.659
   13.120  ARD.FRAME_DONE          frame=6  attempt=1  dt=0.661  leftover=0
   13.122  FRAME.END               frame=6  t_total=1.715  t_hwp=0.242  t_qwp=0.348  t_trig=0.725  attempts=1  flags=ok
   13.125  FRAME.START             frame=7  hwp=78  qwp=178
   13.126  ELL.TX                  addr=0  deg=78  hex=00007955  cmd=0ma00007955
   13.356  ELL.RX                  addr=0  line=0PO00007957  raw=b'0PO00007957\r\n'
   13.360  ELL.DONE                addr=0  pos=78.0  dt=0.232  lines=1  leftover=0
   13.363  ELL.TX                  addr=2  deg=178  hex=000114E4  cmd=2ma000114E4
   13.851  ELL.RX                  addr=2  line=2PO000114E2  raw=b'2PO000114E2\r\n'
   13.852  ELL.DONE                addr=2  pos=178.0  dt=0.487  lines=1  leftover=0
   14.255  ARD.TRIG                frame=7  attempt=1
   14.317  ARD.RX                  msg=TRIGGERED  raw=b'TRIGGERED\r\n'  t=0.0
   14.333  ARD.RX                  msg=ARMED  raw=b'ARMED\r\n'  t=0.016
   14.974  ARD.RX                  msg=FRAME_DONE  raw=b'FRAME_DONE\r\n'  t=0.657
   14.976  ARD.FRAME_DONE          frame=7  attempt=1  dt=0.659  leftover=0
   14.976  FRAME.END               frame=7  t_total=1.852  t_hwp=0.237  t_qwp=0.49  t_trig=0.721  attempts=1  flags=ok
   14.978  FRAME.START             frame=8  hwp=91  qwp=186
   14.979  ELL.TX                  addr=0  deg=91  hex=00008D8E  cmd=0ma00008D8E
   15.243  ELL.RX                  addr=0  line=0PO00008D8E  raw=b'0PO00008D8E\r\n'
   15.244  ELL.DONE                addr=0  pos=91.0  dt=0.264  lines=1  leftover=0
   15.245  ELL.TX                  addr=2  deg=186  hex=00012155  cmd=2ma00012155
   15.563  ELL.RX                  addr=2  line=2PO00012152  raw=b'2PO00012152\r\n'
   15.564  ELL.DONE                addr=2  pos=185.99  dt=0.319  lines=1  leftover=0
   15.978  ARD.TRIG                frame=8  attempt=1
   16.042  ARD.RX                  msg=TRIGGERED  raw=b'TRIGGERED\r\n'  t=0.0
   16.058  ARD.RX                  msg=ARMED  raw=b'ARMED\r\n'  t=0.016
   16.699  ARD.RX                  msg=FRAME_DONE  raw=b'FRAME_DONE\r\n'  t=0.656
   16.700  ARD.FRAME_DONE          frame=8  attempt=1  dt=0.658  leftover=0
   16.701  FRAME.END               frame=8  t_total=1.723  t_hwp=0.266  t_qwp=0.32  t_trig=0.723  attempts=1  flags=ok
   16.702  FRAME.START             frame=9  hwp=102  qwp=186
   16.703  ELL.TX                  addr=0  deg=102  hex=00009EAB  cmd=0ma00009EAB
   16.955  ELL.RX                  addr=0  line=0PO00009EAD  raw=b'0PO00009EAD\r\n'
   16.957  ELL.DONE                addr=0  pos=102.01  dt=0.253  lines=1  leftover=0
   16.958  ELL.TX                  addr=2  deg=186  hex=00012155  cmd=2ma00012155
   17.083  ELL.RX                  addr=2  line=2PO00012155  raw=b'2PO00012155\r\n'
   17.085  ELL.DONE                addr=2  pos=186.0  dt=0.126  lines=1  leftover=0
   17.495  ARD.TRIG                frame=9  attempt=1
   17.560  ARD.RX                  msg=TRIGGERED  raw=b'TRIGGERED\r\n'  t=0.0
   17.576  ARD.RX                  msg=ARMED  raw=b'ARMED\r\n'  t=0.016
   18.214  ARD.RX                  msg=FRAME_DONE  raw=b'FRAME_DONE\r\n'  t=0.655
   18.215  ARD.FRAME_DONE          frame=9  attempt=1  dt=0.656  leftover=0
   18.216  FRAME.END               frame=9  t_total=1.514  t_hwp=0.255  t_qwp=0.13  t_trig=0.721  attempts=1  flags=ok
   18.218  FRAME.START             frame=10  hwp=106  qwp=178
   18.218  ELL.TX                  addr=0  deg=106  hex=0000A4E4  cmd=0ma0000A4E4
   18.427  ELL.RX                  addr=0  line=0PO0000A4E5  raw=b'0PO0000A4E5\r\n'
   18.429  ELL.DONE                addr=0  pos=106.0  dt=0.21  lines=1  leftover=0
   18.430  ELL.TX                  addr=2  deg=178  hex=000114E4  cmd=2ma000114E4
   18.635  ELL.RX                  addr=2  line=2PO000114E6  raw=b'2PO000114E6\r\n'
   18.637  ELL.DONE                addr=2  pos=178.01  dt=0.205  lines=1  leftover=0
   19.040  ARD.TRIG                frame=10  attempt=1
   19.104  ARD.RX                  msg=TRIGGERED  raw=b'TRIGGERED\r\n'  t=0.001
   19.120  ARD.RX                  msg=ARMED  raw=b'ARMED\r\n'  t=0.016
   19.759  ARD.RX                  msg=FRAME_DONE  raw=b'FRAME_DONE\r\n'  t=0.656
   19.760  ARD.FRAME_DONE          frame=10  attempt=1  dt=0.657  leftover=0
   19.761  FRAME.END               frame=10  t_total=1.543  t_hwp=0.211  t_qwp=0.208  t_trig=0.721  attempts=1  flags=ok
   19.763  FRAME.START             frame=11  hwp=106  qwp=167
   19.764  ELL.TX                  addr=0  deg=106  hex=0000A4E4  cmd=0ma0000A4E4
   19.819  ELL.RX                  addr=0  line=0PO0000A4E1  raw=b'0PO0000A4E1\r\n'
   19.820  ELL.DONE                addr=0  pos=105.99  dt=0.054  lines=1  leftover=0
   19.821  ELL.TX                  addr=2  deg=167  hex=000103C7  cmd=2ma000103C7
   20.139  ELL.RX                  addr=2  line=2PO000103C7  raw=b'2PO000103C7\r\n'
   20.141  ELL.DONE                addr=2  pos=167.0  dt=0.319  lines=1  leftover=0
   20.549  ARD.TRIG                frame=11  attempt=1
   20.613  ARD.RX                  msg=TRIGGERED  raw=b'TRIGGERED\r\n'  t=0.0
   20.629  ARD.RX                  msg=ARMED  raw=b'ARMED\r\n'  t=0.016
   21.270  ARD.RX                  msg=FRAME_DONE  raw=b'FRAME_DONE\r\n'  t=0.656
   21.271  ARD.FRAME_DONE          frame=11  attempt=1  dt=0.658  leftover=0
   21.272  FRAME.END               frame=11  t_total=1.509  t_hwp=0.057  t_qwp=0.32  t_trig=0.723  attempts=1  flags=ok
   21.275  FRAME.START             frame=12  hwp=105  qwp=155
   21.276  ELL.TX                  addr=0  deg=105  hex=0000A355  cmd=0ma0000A355
   21.467  ELL.RX                  addr=0  line=0PO0000A354  raw=b'0PO0000A354\r\n'
   21.469  ELL.DONE                addr=0  pos=105.0  dt=0.192  lines=1  leftover=0
   21.470  ELL.TX                  addr=2  deg=155  hex=0000F11C  cmd=2ma0000F11C
   21.707  ELL.RX                  addr=2  line=2PO0000F119  raw=b'2PO0000F119\r\n'
   21.709  ELL.DONE                addr=2  pos=154.99  dt=0.238  lines=1  leftover=0
   22.120  ARD.TRIG                frame=12  attempt=1
   22.181  ARD.RX                  msg=TRIGGERED  raw=b'TRIGGERED\r\n'  t=0.0
   22.197  ARD.RX                  msg=ARMED  raw=b'ARMED\r\n'  t=0.016
   22.842  ARD.RX                  msg=FRAME_DONE  raw=b'FRAME_DONE\r\n'  t=0.661
   22.843  ARD.FRAME_DONE          frame=12  attempt=1  dt=0.662  leftover=0
   22.844  FRAME.END               frame=12  t_total=1.569  t_hwp=0.194  t_qwp=0.24  t_trig=0.724  attempts=1  flags=ok
   22.845  FRAME.START             frame=13  hwp=104  qwp=143
   22.846  ELL.TX                  addr=0  deg=104  hex=0000A1C7  cmd=0ma0000A1C7
   23.020  ELL.RX                  addr=0  line=0PO0000A1C9  raw=b'0PO0000A1C9\r\n'
   23.021  ELL.DONE                addr=0  pos=104.0  dt=0.173  lines=1  leftover=0
   23.021  ELL.TX                  addr=2  deg=143  hex=0000DE72  cmd=2ma0000DE72
   23.260  ELL.RX                  addr=2  line=2PO0000DE72  raw=b'2PO0000DE72\r\n'
   23.261  ELL.DONE                addr=2  pos=143.0  dt=0.239  lines=1  leftover=0
   23.670  ARD.TRIG                frame=13  attempt=1
   23.733  ARD.RX                  msg=TRIGGERED  raw=b'TRIGGERED\r\n'  t=0.0
   23.749  ARD.RX                  msg=ARMED  raw=b'ARMED\r\n'  t=0.016
   24.391  ARD.RX                  msg=FRAME_DONE  raw=b'FRAME_DONE\r\n'  t=0.658
   24.392  ARD.FRAME_DONE          frame=13  attempt=1  dt=0.659  leftover=0
   24.393  FRAME.END               frame=13  t_total=1.548  t_hwp=0.175  t_qwp=0.24  t_trig=0.724  attempts=1  flags=ok
   24.396  FRAME.START             frame=14  hwp=112  qwp=137
   24.397  ELL.TX                  addr=0  deg=112  hex=0000AE39  cmd=0ma0000AE39
   24.732  ELL.RX                  addr=0  line=0PO0000AE3A  raw=b'0PO0000AE3A\r\n'
   24.733  ELL.DONE                addr=0  pos=112.0  dt=0.334  lines=1  leftover=0
   24.737  ELL.TX                  addr=2  deg=137  hex=0000D51C  cmd=2ma0000D51C
   24.988  ELL.RX                  addr=2  line=2PO0000D519  raw=b'2PO0000D519\r\n'
   24.989  ELL.DONE                addr=2  pos=136.99  dt=0.248  lines=1  leftover=0
   25.399  ARD.TRIG                frame=14  attempt=1
   25.463  ARD.RX                  msg=TRIGGERED  raw=b'TRIGGERED\r\n'  t=0.0
   25.479  ARD.RX                  msg=ARMED  raw=b'ARMED\r\n'  t=0.016
   26.119  ARD.RX                  msg=FRAME_DONE  raw=b'FRAME_DONE\r\n'  t=0.656
   26.120  ARD.FRAME_DONE          frame=14  attempt=1  dt=0.657  leftover=0
   26.122  FRAME.END               frame=14  t_total=1.726  t_hwp=0.339  t_qwp=0.253  t_trig=0.724  attempts=1  flags=ok
   26.126  LOOP.END              
