    0.021  SESSION.START           log=D:\1_software\Experimental control software\2023_06_22 new pSHG sequence MIRA\pshg_diag_20260622_162055.log  csv=D:\1_software\Experimental control software\2023_06_22 new pSHG sequence MIRA\pshg_diag_20260622_162055.csv  file=2023_06_22 new pSHG sequence MIRA.xlsx  drain_stale=True
    0.066  ELL.QUERY               cmd=0in  reply='0IN0E1140051420211501016800023000\r\n'
    0.163  ELL.QUERY               cmd=2in  reply='2IN0E1140064920211501016800023000\r\n'
    0.419  ELL.QUERY               cmd=0ho  reply='0PO00000003\r\n'
    1.107  ELL.QUERY               cmd=2ho  reply='2POFFFFFFFE\r\n'
    1.138  ELL.QUERY               cmd=0gp  reply='0PO00000004\r\n'
    1.218  ELL.QUERY               cmd=2gp  reply='2POFFFFFFFC\r\n'
    2.229  LOOP.START            
    3.243  FRAME.START             frame=1  hwp=20  qwp=155
    3.245  ELL.TX                  addr=0  deg=20  hex=00001F1C  cmd=0ma00001F1C
    3.411  ELL.RX                  addr=0  line=0PO00001F1F  raw=b'0PO00001F1F\r\n'
    3.412  ELL.DONE                addr=0  pos=20.01  dt=0.166  lines=1  leftover=0
    3.413  ELL.TX                  addr=2  deg=155  hex=0000F11C  cmd=2ma0000F11C
    4.083  ELL.RX                  addr=2  line=2PO0000F11C  raw=b'2PO0000F11C\r\n'
    4.084  ELL.DONE                addr=2  pos=155.0  dt=0.67  lines=1  leftover=0
    4.492  ARD.TRIG                frame=1  attempt=1
    4.554  ARD.RX                  msg=TRIGGERED  raw=b'TRIGGERED\r\n'  t=0.0
    4.570  ARD.RX                  msg=ARMED  raw=b'ARMED\r\n'  t=0.016
    5.216  ARD.RX                  msg=FRAME_DONE  raw=b'FRAME_DONE\r\n'  t=0.662
    5.217  ARD.FRAME_DONE          frame=1  attempt=1  dt=0.663  leftover=0
    5.217  FRAME.END               frame=1  t_total=1.974  t_hwp=0.169  t_qwp=0.672  t_trig=0.726  attempts=1  flags=ok
    5.219  FRAME.START             frame=2  hwp=18  qwp=143
    5.220  ELL.TX                  addr=0  deg=18  hex=00001C00  cmd=0ma00001C00
    5.379  ELL.RX                  addr=0  line=0PO00001C02  raw=b'0PO00001C02\r\n'
    5.380  ELL.DONE                addr=0  pos=18.01  dt=0.159  lines=1  leftover=0
    5.380  ELL.TX                  addr=2  deg=143  hex=0000DE72  cmd=2ma0000DE72
    5.587  ELL.RX                  addr=2  line=2PO0000DE73  raw=b'2PO0000DE73\r\n'
    5.588  ELL.DONE                addr=2  pos=143.0  dt=0.206  lines=1  leftover=0
    5.995  ARD.TRIG                frame=2  attempt=1
    6.059  ARD.RX                  msg=TRIGGERED  raw=b'TRIGGERED\r\n'  t=0.0
    6.075  ARD.RX                  msg=ARMED  raw=b'ARMED\r\n'  t=0.016
    6.715  ARD.RX                  msg=FRAME_DONE  raw=b'FRAME_DONE\r\n'  t=0.656
    6.717  ARD.FRAME_DONE          frame=2  attempt=1  dt=0.657  leftover=0
    6.718  FRAME.END               frame=2  t_total=1.498  t_hwp=0.161  t_qwp=0.208  t_trig=0.723  attempts=1  flags=ok
    6.719  FRAME.START             frame=3  hwp=27  qwp=138
    6.720  ELL.TX                  addr=0  deg=27  hex=00002A00  cmd=0ma00002A00
    6.883  ELL.RX                  addr=0  line=0PO000029FE  raw=b'0PO000029FE\r\n'
    6.884  ELL.DONE                addr=0  pos=26.99  dt=0.164  lines=1  leftover=0
    6.885  ELL.TX                  addr=2  deg=138  hex=0000D6AB  cmd=2ma0000D6AB
    7.171  ELL.RX                  addr=2  line=2PO0000D6A9  raw=b'2PO0000D6A9\r\n'
    7.172  ELL.DONE                addr=2  pos=138.0  dt=0.286  lines=1  leftover=0
    7.587  ARD.TRIG                frame=3  attempt=1
    7.651  ARD.RX                  msg=TRIGGERED  raw=b'TRIGGERED\r\n'  t=0.0
    7.666  ARD.RX                  msg=ARMED  raw=b'ARMED\r\n'  t=0.015
    8.313  ARD.RX                  msg=FRAME_DONE  raw=b'FRAME_DONE\r\n'  t=0.662
    8.314  ARD.FRAME_DONE          frame=3  attempt=1  dt=0.663  leftover=0
    8.315  FRAME.END               frame=3  t_total=1.595  t_hwp=0.165  t_qwp=0.288  t_trig=0.727  attempts=1  flags=ok
    8.316  FRAME.START             frame=4  hwp=40  qwp=143
    8.317  ELL.TX                  addr=0  deg=40  hex=00003E39  cmd=0ma00003E39
    8.515  ELL.RX                  addr=0  line=0PO00003E38  raw=b'0PO00003E38\r\n'
    8.518  ELL.DONE                addr=0  pos=40.0  dt=0.201  lines=1  leftover=0
    8.521  ELL.TX                  addr=2  deg=143  hex=0000DE72  cmd=2ma0000DE72
    8.867  ELL.RX                  addr=2  line=2PO0000DE75  raw=b'2PO0000DE75\r\n'
    8.868  ELL.DONE                addr=2  pos=143.01  dt=0.345  lines=1  leftover=0
    9.280  ARD.TRIG                frame=4  attempt=1
    9.344  ARD.RX                  msg=TRIGGERED  raw=b'TRIGGERED\r\n'  t=0.0
    9.360  ARD.RX                  msg=ARMED  raw=b'ARMED\r\n'  t=0.016
   10.000  ARD.RX                  msg=FRAME_DONE  raw=b'FRAME_DONE\r\n'  t=0.656
   10.001  ARD.FRAME_DONE          frame=4  attempt=1  dt=0.657  leftover=0
   10.002  FRAME.END               frame=4  t_total=1.686  t_hwp=0.204  t_qwp=0.348  t_trig=0.722  attempts=1  flags=ok
   10.004  FRAME.START             frame=5  hwp=55  qwp=155
   10.005  ELL.TX                  addr=0  deg=55  hex=0000558E  cmd=0ma0000558E
   10.227  ELL.RX                  addr=0  line=0PO0000558D  raw=b'0PO0000558D\r\n'
   10.228  ELL.DONE                addr=0  pos=55.0  dt=0.223  lines=1  leftover=0
   10.230  ELL.TX                  addr=2  deg=155  hex=0000F11C  cmd=2ma0000F11C
   10.547  ELL.RX                  addr=2  line=2PO0000F11B  raw=b'2PO0000F11B\r\n'
   10.548  ELL.DONE                addr=2  pos=155.0  dt=0.318  lines=1  leftover=0
   10.955  ARD.TRIG                frame=5  attempt=1
   11.020  ARD.RX                  msg=TRIGGERED  raw=b'TRIGGERED\r\n'  t=0.0
   11.036  ARD.RX                  msg=ARMED  raw=b'ARMED\r\n'  t=0.016
   11.676  ARD.RX                  msg=FRAME_DONE  raw=b'FRAME_DONE\r\n'  t=0.656
   11.677  ARD.FRAME_DONE          frame=5  attempt=1  dt=0.657  leftover=0
   11.677  FRAME.END               frame=5  t_total=1.674  t_hwp=0.225  t_qwp=0.319  t_trig=0.722  attempts=1  flags=ok
   11.679  FRAME.START             frame=6  hwp=67  qwp=168
   11.680  ELL.TX                  addr=0  deg=67  hex=00006839  cmd=0ma00006839
   11.939  ELL.RX                  addr=0  line=0PO0000683A  raw=b'0PO0000683A\r\n'
   11.942  ELL.DONE                addr=0  pos=67.0  dt=0.261  lines=1  leftover=0
   11.943  ELL.TX                  addr=2  deg=168  hex=00010555  cmd=2ma00010555
   12.291  ELL.RX                  addr=2  line=2PO00010552  raw=b'2PO00010552\r\n'
   12.292  ELL.DONE                addr=2  pos=167.99  dt=0.346  lines=1  leftover=0
   12.701  ARD.TRIG                frame=6  attempt=1
   12.765  ARD.RX                  msg=TRIGGERED  raw=b'TRIGGERED\r\n'  t=0.0
   12.780  ARD.RX                  msg=ARMED  raw=b'ARMED\r\n'  t=0.015
   13.421  ARD.RX                  msg=FRAME_DONE  raw=b'FRAME_DONE\r\n'  t=0.656
   13.422  ARD.FRAME_DONE          frame=6  attempt=1  dt=0.657  leftover=0
   13.422  FRAME.END               frame=6  t_total=1.743  t_hwp=0.263  t_qwp=0.35  t_trig=0.721  attempts=1  flags=ok
   13.424  FRAME.START             frame=7  hwp=78  qwp=178
   13.425  ELL.TX                  addr=0  deg=78  hex=00007955  cmd=0ma00007955
   13.715  ELL.RX                  addr=0  line=0PO00007957  raw=b'0PO00007957\r\n'
   13.716  ELL.DONE                addr=0  pos=78.0  dt=0.29  lines=1  leftover=0
   13.717  ELL.TX                  addr=2  deg=178  hex=000114E4  cmd=2ma000114E4
   14.035  ELL.RX                  addr=2  line=2PO000114E2  raw=b'2PO000114E2\r\n'
   14.036  ELL.DONE                addr=2  pos=178.0  dt=0.318  lines=1  leftover=0
   14.447  ARD.TRIG                frame=7  attempt=1
   14.510  ARD.RX                  msg=TRIGGERED  raw=b'TRIGGERED\r\n'  t=0.001
   14.525  ARD.RX                  msg=ARMED  raw=b'ARMED\r\n'  t=0.016
   15.165  ARD.RX                  msg=FRAME_DONE  raw=b'FRAME_DONE\r\n'  t=0.657
   15.166  ARD.FRAME_DONE          frame=7  attempt=1  dt=0.658  leftover=0
   15.167  FRAME.END               frame=7  t_total=1.743  t_hwp=0.292  t_qwp=0.32  t_trig=0.72  attempts=1  flags=ok
   15.169  FRAME.START             frame=8  hwp=91  qwp=186
   15.169  ELL.TX                  addr=0  deg=91  hex=00008D8E  cmd=0ma00008D8E
   15.443  ELL.RX                  addr=0  line=0PO00008D8F  raw=b'0PO00008D8F\r\n'
   15.444  ELL.DONE                addr=0  pos=91.0  dt=0.273  lines=1  leftover=0
   15.445  ELL.TX                  addr=2  deg=186  hex=00012155  cmd=2ma00012155
   15.651  ELL.RX                  addr=2  line=2PO00012155  raw=b'2PO00012155\r\n'
   15.652  ELL.DONE                addr=2  pos=186.0  dt=0.206  lines=1  leftover=0
   16.061  ARD.TRIG                frame=8  attempt=1
   16.125  ARD.RX                  msg=TRIGGERED  raw=b'TRIGGERED\r\n'  t=0.0
   16.141  ARD.RX                  msg=ARMED  raw=b'ARMED\r\n'  t=0.016
   16.779  ARD.RX                  msg=FRAME_DONE  raw=b'FRAME_DONE\r\n'  t=0.654
   16.782  ARD.FRAME_DONE          frame=8  attempt=1  dt=0.657  leftover=0
   16.785  FRAME.END               frame=8  t_total=1.616  t_hwp=0.276  t_qwp=0.208  t_trig=0.724  attempts=1  flags=ok
   16.791  FRAME.START             frame=9  hwp=102  qwp=186
   16.793  ELL.TX                  addr=0  deg=102  hex=00009EAB  cmd=0ma00009EAB
   17.091  ELL.RX                  addr=0  line=0PO00009EAE  raw=b'0PO00009EAE\r\n'
   17.093  ELL.DONE                addr=0  pos=102.01  dt=0.297  lines=1  leftover=0
   17.094  ELL.TX                  addr=2  deg=186  hex=00012155  cmd=2ma00012155
   17.203  ELL.RX                  addr=2  line=2PO00012152  raw=b'2PO00012152\r\n'
   17.205  ELL.DONE                addr=2  pos=185.99  dt=0.109  lines=1  leftover=0
   17.612  ARD.TRIG                frame=9  attempt=1
   17.675  ARD.RX                  msg=TRIGGERED  raw=b'TRIGGERED\r\n'  t=0.001
   17.691  ARD.RX                  msg=ARMED  raw=b'ARMED\r\n'  t=0.016
   18.339  ARD.RX                  msg=FRAME_DONE  raw=b'FRAME_DONE\r\n'  t=0.664
   18.340  ARD.FRAME_DONE          frame=9  attempt=1  dt=0.665  leftover=0
   18.341  FRAME.END               frame=9  t_total=1.551  t_hwp=0.301  t_qwp=0.111  t_trig=0.729  attempts=1  flags=ok
   18.344  FRAME.START             frame=10  hwp=106  qwp=178
   18.345  ELL.TX                  addr=0  deg=106  hex=0000A4E4  cmd=0ma0000A4E4
   18.515  ELL.RX                  addr=0  line=0PO0000A4E3  raw=b'0PO0000A4E3\r\n'
   18.516  ELL.DONE                addr=0  pos=106.0  dt=0.17  lines=1  leftover=0
   18.517  ELL.TX                  addr=2  deg=178  hex=000114E4  cmd=2ma000114E4
   18.915  ELL.RX                  addr=2  line=2PO000114E2  raw=b'2PO000114E2\r\n'
   18.917  ELL.DONE                addr=2  pos=178.0  dt=0.399  lines=1  leftover=0
   19.318  ARD.TRIG                frame=10  attempt=1
   19.380  ARD.RX                  msg=TRIGGERED  raw=b'TRIGGERED\r\n'  t=0.0
   19.395  ARD.RX                  msg=ARMED  raw=b'ARMED\r\n'  t=0.015
   20.042  ARD.RX                  msg=FRAME_DONE  raw=b'FRAME_DONE\r\n'  t=0.662
   20.044  ARD.FRAME_DONE          frame=10  attempt=1  dt=0.665  leftover=0
   20.046  FRAME.END               frame=10  t_total=1.703  t_hwp=0.172  t_qwp=0.4  t_trig=0.728  attempts=1  flags=ok
   20.051  FRAME.START             frame=11  hwp=106  qwp=167
   20.054  ELL.TX                  addr=0  deg=106  hex=0000A4E4  cmd=0ma0000A4E4
   20.131  ELL.RX                  addr=0  line=0PO0000A4E7  raw=b'0PO0000A4E7\r\n'
   20.132  ELL.DONE                addr=0  pos=106.01  dt=0.077  lines=1  leftover=0
   20.133  ELL.TX                  addr=2  deg=167  hex=000103C7  cmd=2ma000103C7
   20.500  ELL.RX                  addr=2  line=2PO000103CA  raw=b'2PO000103CA\r\n'
   20.501  ELL.DONE                addr=2  pos=167.01  dt=0.367  lines=1  leftover=0
   20.908  ARD.TRIG                frame=11  attempt=1
   20.973  ARD.RX                  msg=TRIGGERED  raw=b'TRIGGERED\r\n'  t=0.0
   20.988  ARD.RX                  msg=ARMED  raw=b'ARMED\r\n'  t=0.016
   21.628  ARD.RX                  msg=FRAME_DONE  raw=b'FRAME_DONE\r\n'  t=0.656
   21.630  ARD.FRAME_DONE          frame=11  attempt=1  dt=0.657  leftover=0
   21.630  FRAME.END               frame=11  t_total=1.579  t_hwp=0.08  t_qwp=0.368  t_trig=0.722  attempts=1  flags=ok
   21.632  FRAME.START             frame=12  hwp=105  qwp=155
   21.633  ELL.TX                  addr=0  deg=105  hex=0000A355  cmd=0ma0000A355
   21.827  ELL.RX                  addr=0  line=0PO0000A354  raw=b'0PO0000A354\r\n'
   21.829  ELL.DONE                addr=0  pos=105.0  dt=0.196  lines=1  leftover=0
   21.830  ELL.TX                  addr=2  deg=155  hex=0000F11C  cmd=2ma0000F11C
   22.196  ELL.RX                  addr=2  line=2PO0000F11F  raw=b'2PO0000F11F\r\n'
   22.197  ELL.DONE                addr=2  pos=155.01  dt=0.365  lines=1  leftover=0
   22.606  ARD.TRIG                frame=12  attempt=1
   22.670  ARD.RX                  msg=TRIGGERED  raw=b'TRIGGERED\r\n'  t=0.0
   22.685  ARD.RX                  msg=ARMED  raw=b'ARMED\r\n'  t=0.016
   23.324  ARD.RX                  msg=FRAME_DONE  raw=b'FRAME_DONE\r\n'  t=0.655
   23.326  ARD.FRAME_DONE          frame=12  attempt=1  dt=0.656  leftover=0
   23.326  FRAME.END               frame=12  t_total=1.695  t_hwp=0.198  t_qwp=0.368  t_trig=0.72  attempts=1  flags=ok
   23.328  FRAME.START             frame=13  hwp=104  qwp=143
   23.329  ELL.TX                  addr=0  deg=104  hex=0000A1C7  cmd=0ma0000A1C7
   23.460  ELL.RX                  addr=0  line=0PO0000A1C9  raw=b'0PO0000A1C9\r\n'
   23.461  ELL.DONE                addr=0  pos=104.0  dt=0.132  lines=1  leftover=0
   23.462  ELL.TX                  addr=2  deg=143  hex=0000DE72  cmd=2ma0000DE72
   23.620  ELL.RX                  addr=2  line=2PO0000DE6F  raw=b'2PO0000DE6F\r\n'
   23.621  ELL.DONE                addr=2  pos=142.99  dt=0.159  lines=1  leftover=0
   24.027  ARD.TRIG                frame=13  attempt=1
   24.091  ARD.RX                  msg=TRIGGERED  raw=b'TRIGGERED\r\n'  t=0.0
   24.107  ARD.RX                  msg=ARMED  raw=b'ARMED\r\n'  t=0.016
   24.745  ARD.RX                  msg=FRAME_DONE  raw=b'FRAME_DONE\r\n'  t=0.654
   24.747  ARD.FRAME_DONE          frame=13  attempt=1  dt=0.656  leftover=0
   24.748  FRAME.END               frame=13  t_total=1.42  t_hwp=0.133  t_qwp=0.16  t_trig=0.721  attempts=1  flags=ok
   24.751  FRAME.START             frame=14  hwp=112  qwp=137
   24.752  ELL.TX                  addr=0  deg=112  hex=0000AE39  cmd=0ma0000AE39
   24.980  ELL.RX                  addr=0  line=0PO0000AE39  raw=b'0PO0000AE39\r\n'
   24.981  ELL.DONE                addr=0  pos=112.0  dt=0.228  lines=1  leftover=0
   24.982  ELL.TX                  addr=2  deg=137  hex=0000D51C  cmd=2ma0000D51C
   25.444  ELL.RX                  addr=2  line=2PO0000D51A  raw=b'2PO0000D51A\r\n'
   25.445  ELL.DONE                addr=2  pos=136.99  dt=0.462  lines=1  leftover=0
   25.857  ARD.TRIG                frame=14  attempt=1
   25.922  ARD.RX                  msg=TRIGGERED  raw=b'TRIGGERED\r\n'  t=0.0
   25.938  ARD.RX                  msg=ARMED  raw=b'ARMED\r\n'  t=0.016
   26.576  ARD.RX                  msg=FRAME_DONE  raw=b'FRAME_DONE\r\n'  t=0.654
   26.577  ARD.FRAME_DONE          frame=14  attempt=1  dt=0.655  leftover=0
   26.578  FRAME.END               frame=14  t_total=1.828  t_hwp=0.23  t_qwp=0.464  t_trig=0.721  attempts=1  flags=ok
   26.581  LOOP.END              
