    0.022  SESSION.START           log=D:\1_software\Experimental control software\2023_06_22 new pSHG sequence MIRA\pshg_diag_20260622_185229.log  csv=D:\1_software\Experimental control software\2023_06_22 new pSHG sequence MIRA\pshg_diag_20260622_185229.csv  file=2023_06_22 new pSHG sequence MIRA.xlsx  drain_stale=True
    0.068  ELL.QUERY               cmd=0in  reply='0IN0E1140051420211501016800023000\r\n'
    0.163  ELL.QUERY               cmd=2in  reply='2IN0E1140064920211501016800023000\r\n'
    0.628  ELL.QUERY               cmd=0ho  reply='0POFFFFFFFD\r\n'
    1.284  ELL.QUERY               cmd=2ho  reply='2POFFFFFFFF\r\n'
    1.315  ELL.QUERY               cmd=0gp  reply='0POFFFFFFFE\r\n'
    1.380  ELL.QUERY               cmd=2gp  reply='2POFFFFFFFA\r\n'
    2.388  LOOP.START            
    3.400  FRAME.START             frame=1  hwp=20  qwp=155
    3.401  ELL.TX                  addr=0  deg=20  hex=00001F1C  cmd=0ma00001F1C
    3.620  ELL.RX                  addr=0  line=0PO00001F1C  raw=b'0PO00001F1C\r\n'
    3.621  ELL.DONE                addr=0  pos=20.0  dt=0.218  lines=1  leftover=0
    3.622  ELL.TX                  addr=2  deg=155  hex=0000F11C  cmd=2ma0000F11C
    4.196  ELL.RX                  addr=2  line=2PO0000F11C  raw=b'2PO0000F11C\r\n'
    4.197  ELL.DONE                addr=2  pos=155.0  dt=0.573  lines=1  leftover=0
    4.601  ARD.TRIG                frame=1  attempt=1
    4.663  ARD.RX                  msg=TRIGGERED  raw=b'TRIGGERED\r\n'  t=0.0
    4.679  ARD.RX                  msg=ARMED  raw=b'ARMED\r\n'  t=0.016
    5.320  ARD.RX                  msg=FRAME_DONE  raw=b'FRAME_DONE\r\n'  t=0.656
    5.321  ARD.FRAME_DONE          frame=1  attempt=1  dt=0.657  leftover=0
    5.323  FRAME.END               frame=1  t_total=1.923  t_hwp=0.221  t_qwp=0.576  t_trig=0.722  attempts=1  flags=ok
    5.326  FRAME.START             frame=2  hwp=18  qwp=143
    5.327  ELL.TX                  addr=0  deg=18  hex=00001C00  cmd=0ma00001C00
    5.444  ELL.RX                  addr=0  line=0PO00001C03  raw=b'0PO00001C03\r\n'
    5.445  ELL.DONE                addr=0  pos=18.01  dt=0.117  lines=1  leftover=0
    5.447  ELL.TX                  addr=2  deg=143  hex=0000DE72  cmd=2ma0000DE72
    5.732  ELL.RX                  addr=2  line=2PO0000DE75  raw=b'2PO0000DE75\r\n'
    5.733  ELL.DONE                addr=2  pos=143.01  dt=0.285  lines=1  leftover=0
    6.144  ARD.TRIG                frame=2  attempt=1
    6.209  ARD.RX                  msg=TRIGGERED  raw=b'TRIGGERED\r\n'  t=0.0
    6.225  ARD.RX                  msg=ARMED  raw=b'ARMED\r\n'  t=0.016
    6.864  ARD.RX                  msg=FRAME_DONE  raw=b'FRAME_DONE\r\n'  t=0.655
    6.865  ARD.FRAME_DONE          frame=2  attempt=1  dt=0.656  leftover=0
    6.866  FRAME.END               frame=2  t_total=1.54  t_hwp=0.119  t_qwp=0.287  t_trig=0.721  attempts=1  flags=ok
    6.868  FRAME.START             frame=3  hwp=27  qwp=138
    6.869  ELL.TX                  addr=0  deg=27  hex=00002A00  cmd=0ma00002A00
    6.964  ELL.RX                  addr=0  line=0PO00002A00  raw=b'0PO00002A00\r\n'
    6.965  ELL.DONE                addr=0  pos=27.0  dt=0.096  lines=1  leftover=0
    6.966  ELL.TX                  addr=2  deg=138  hex=0000D6AB  cmd=2ma0000D6AB
    7.316  ELL.RX                  addr=2  line=2PO0000D6AE  raw=b'2PO0000D6AE\r\n'
    7.317  ELL.DONE                addr=2  pos=138.01  dt=0.349  lines=1  leftover=0
    7.722  ARD.TRIG                frame=3  attempt=1
    7.786  ARD.RX                  msg=TRIGGERED  raw=b'TRIGGERED\r\n'  t=0.0
    7.802  ARD.RX                  msg=ARMED  raw=b'ARMED\r\n'  t=0.016
    8.446  ARD.RX                  msg=FRAME_DONE  raw=b'FRAME_DONE\r\n'  t=0.66
    8.447  ARD.FRAME_DONE          frame=3  attempt=1  dt=0.661  leftover=0
    8.448  FRAME.END               frame=3  t_total=1.58  t_hwp=0.097  t_qwp=0.352  t_trig=0.726  attempts=1  flags=ok
    8.449  FRAME.START             frame=4  hwp=40  qwp=143
    8.451  ELL.TX                  addr=0  deg=40  hex=00003E39  cmd=0ma00003E39
    8.548  ELL.RX                  addr=0  line=0PO00003E38  raw=b'0PO00003E38\r\n'
    8.549  ELL.DONE                addr=0  pos=40.0  dt=0.097  lines=1  leftover=0
    8.550  ELL.TX                  addr=2  deg=143  hex=0000DE72  cmd=2ma0000DE72
    8.820  ELL.RX                  addr=2  line=2PO0000DE70  raw=b'2PO0000DE70\r\n'
    8.822  ELL.DONE                addr=2  pos=143.0  dt=0.27  lines=1  leftover=0
    9.236  ARD.TRIG                frame=4  attempt=1
    9.301  ARD.RX                  msg=TRIGGERED  raw=b'TRIGGERED\r\n'  t=0.0
    9.316  ARD.RX                  msg=ARMED  raw=b'ARMED\r\n'  t=0.016
    9.956  ARD.RX                  msg=FRAME_DONE  raw=b'FRAME_DONE\r\n'  t=0.655
    9.957  ARD.FRAME_DONE          frame=4  attempt=1  dt=0.656  leftover=0
    9.958  FRAME.END               frame=4  t_total=1.509  t_hwp=0.1  t_qwp=0.272  t_trig=0.722  attempts=1  flags=ok
    9.960  FRAME.START             frame=5  hwp=55  qwp=155
    9.961  ELL.TX                  addr=0  deg=55  hex=0000558E  cmd=0ma0000558E
   10.148  ELL.RX                  addr=0  line=0PO00005591  raw=b'0PO00005591\r\n'
   10.149  ELL.DONE                addr=0  pos=55.01  dt=0.187  lines=1  leftover=0
   10.150  ELL.TX                  addr=2  deg=155  hex=0000F11C  cmd=2ma0000F11C
   10.404  ELL.RX                  addr=2  line=2PO0000F11C  raw=b'2PO0000F11C\r\n'
   10.405  ELL.DONE                addr=2  pos=155.0  dt=0.254  lines=1  leftover=0
   10.806  ARD.TRIG                frame=5  attempt=1
   10.869  ARD.RX                  msg=TRIGGERED  raw=b'TRIGGERED\r\n'  t=0.001
   10.883  ARD.RX                  msg=ARMED  raw=b'ARMED\r\n'  t=0.015
   11.525  ARD.RX                  msg=FRAME_DONE  raw=b'FRAME_DONE\r\n'  t=0.657
   11.526  ARD.FRAME_DONE          frame=5  attempt=1  dt=0.658  leftover=0
   11.527  FRAME.END               frame=5  t_total=1.566  t_hwp=0.189  t_qwp=0.256  t_trig=0.721  attempts=1  flags=ok
   11.528  FRAME.START             frame=6  hwp=67  qwp=168
   11.529  ELL.TX                  addr=0  deg=67  hex=00006839  cmd=0ma00006839
   11.892  ELL.RX                  addr=0  line=0PO00006839  raw=b'0PO00006839\r\n'
   11.893  ELL.DONE                addr=0  pos=67.0  dt=0.363  lines=1  leftover=0
   11.894  ELL.TX                  addr=2  deg=168  hex=00010555  cmd=2ma00010555
   12.132  ELL.RX                  addr=2  line=2PO00010553  raw=b'2PO00010553\r\n'
   12.134  ELL.DONE                addr=2  pos=167.99  dt=0.238  lines=1  leftover=0
   12.539  ARD.TRIG                frame=6  attempt=1
   12.601  ARD.RX                  msg=TRIGGERED  raw=b'TRIGGERED\r\n'  t=0.0
   12.616  ARD.RX                  msg=ARMED  raw=b'ARMED\r\n'  t=0.015
   13.261  ARD.RX                  msg=FRAME_DONE  raw=b'FRAME_DONE\r\n'  t=0.66
   13.262  ARD.FRAME_DONE          frame=6  attempt=1  dt=0.661  leftover=0
   13.262  FRAME.END               frame=6  t_total=1.734  t_hwp=0.365  t_qwp=0.241  t_trig=0.723  attempts=1  flags=ok
   13.264  FRAME.START             frame=7  hwp=78  qwp=178
   13.265  ELL.TX                  addr=0  deg=78  hex=00007955  cmd=0ma00007955
   13.604  ELL.RX                  addr=0  line=0PO00007952  raw=b'0PO00007952\r\n'
   13.605  ELL.DONE                addr=0  pos=77.99  dt=0.339  lines=1  leftover=0
   13.606  ELL.TX                  addr=2  deg=178  hex=000114E4  cmd=2ma000114E4
   13.893  ELL.RX                  addr=2  line=2PO000114E5  raw=b'2PO000114E5\r\n'
   13.897  ELL.DONE                addr=2  pos=178.0  dt=0.29  lines=1  leftover=0
   14.313  ARD.TRIG                frame=7  attempt=1
   14.377  ARD.RX                  msg=TRIGGERED  raw=b'TRIGGERED\r\n'  t=0.0
   14.393  ARD.RX                  msg=ARMED  raw=b'ARMED\r\n'  t=0.016
   15.034  ARD.RX                  msg=FRAME_DONE  raw=b'FRAME_DONE\r\n'  t=0.657
   15.037  ARD.FRAME_DONE          frame=7  attempt=1  dt=0.66  leftover=0
   15.041  FRAME.END               frame=7  t_total=1.777  t_hwp=0.341  t_qwp=0.295  t_trig=0.728  attempts=1  flags=ok
   15.047  FRAME.START             frame=8  hwp=91  qwp=186
   15.049  ELL.TX                  addr=0  deg=91  hex=00008D8E  cmd=0ma00008D8E
   15.284  ELL.RX                  addr=0  line=0PO00008D8B  raw=b'0PO00008D8B\r\n'
   15.286  ELL.DONE                addr=0  pos=90.99  dt=0.234  lines=1  leftover=0
   15.286  ELL.TX                  addr=2  deg=186  hex=00012155  cmd=2ma00012155
   15.573  ELL.RX                  addr=2  line=2PO00012157  raw=b'2PO00012157\r\n'
   15.577  ELL.DONE                addr=2  pos=186.0  dt=0.29  lines=1  leftover=0
   15.982  ARD.TRIG                frame=8  attempt=1
   16.045  ARD.RX                  msg=TRIGGERED  raw=b'TRIGGERED\r\n'  t=0.0
   16.061  ARD.RX                  msg=ARMED  raw=b'ARMED\r\n'  t=0.016
   16.702  ARD.RX                  msg=FRAME_DONE  raw=b'FRAME_DONE\r\n'  t=0.656
   16.703  ARD.FRAME_DONE          frame=8  attempt=1  dt=0.658  leftover=0
   16.704  FRAME.END               frame=8  t_total=1.657  t_hwp=0.237  t_qwp=0.293  t_trig=0.722  attempts=1  flags=ok
   16.705  FRAME.START             frame=9  hwp=102  qwp=186
   16.706  ELL.TX                  addr=0  deg=102  hex=00009EAB  cmd=0ma00009EAB
   16.948  ELL.RX                  addr=0  line=0PO00009EAB  raw=b'0PO00009EAB\r\n'
   16.950  ELL.DONE                addr=0  pos=102.0  dt=0.242  lines=1  leftover=0
   16.951  ELL.TX                  addr=2  deg=186  hex=00012155  cmd=2ma00012155
   17.028  ELL.RX                  addr=2  line=2PO00012152  raw=b'2PO00012152\r\n'
   17.030  ELL.DONE                addr=2  pos=185.99  dt=0.078  lines=1  leftover=0
   17.444  ARD.TRIG                frame=9  attempt=1
   17.509  ARD.RX                  msg=TRIGGERED  raw=b'TRIGGERED\r\n'  t=0.0
   17.524  ARD.RX                  msg=ARMED  raw=b'ARMED\r\n'  t=0.016
   18.164  ARD.RX                  msg=FRAME_DONE  raw=b'FRAME_DONE\r\n'  t=0.656
   18.165  ARD.FRAME_DONE          frame=9  attempt=1  dt=0.657  leftover=0
   18.166  FRAME.END               frame=9  t_total=1.461  t_hwp=0.244  t_qwp=0.08  t_trig=0.722  attempts=1  flags=ok
   18.169  FRAME.START             frame=10  hwp=106  qwp=178
   18.170  ELL.TX                  addr=0  deg=106  hex=0000A4E4  cmd=0ma0000A4E4
   18.372  ELL.RX                  addr=0  line=0PO0000A4E1  raw=b'0PO0000A4E1\r\n'
   18.373  ELL.DONE                addr=0  pos=105.99  dt=0.202  lines=1  leftover=0
   18.374  ELL.TX                  addr=2  deg=178  hex=000114E4  cmd=2ma000114E4
   18.517  ELL.RX                  addr=2  line=2PO000114E7  raw=b'2PO000114E7\r\n'
   18.521  ELL.DONE                addr=2  pos=178.01  dt=0.146  lines=1  leftover=0
   18.926  ARD.TRIG                frame=10  attempt=1
   18.991  ARD.RX                  msg=TRIGGERED  raw=b'TRIGGERED\r\n'  t=0.0
   19.006  ARD.RX                  msg=ARMED  raw=b'ARMED\r\n'  t=0.016
   19.647  ARD.RX                  msg=FRAME_DONE  raw=b'FRAME_DONE\r\n'  t=0.656
   19.648  ARD.FRAME_DONE          frame=10  attempt=1  dt=0.658  leftover=0
   19.649  FRAME.END               frame=10  t_total=1.481  t_hwp=0.204  t_qwp=0.151  t_trig=0.723  attempts=1  flags=ok
   19.651  FRAME.START             frame=11  hwp=106  qwp=167
   19.652  ELL.TX                  addr=0  deg=106  hex=0000A4E4  cmd=0ma0000A4E4
   19.701  ELL.RX                  addr=0  line=0PO0000A4E5  raw=b'0PO0000A4E5\r\n'
   19.702  ELL.DONE                addr=0  pos=106.0  dt=0.049  lines=1  leftover=0
   19.703  ELL.TX                  addr=2  deg=167  hex=000103C7  cmd=2ma000103C7
   19.989  ELL.RX                  addr=2  line=2PO000103C4  raw=b'2PO000103C4\r\n'
   19.990  ELL.DONE                addr=2  pos=166.99  dt=0.285  lines=1  leftover=0
   20.405  ARD.TRIG                frame=11  attempt=1
   20.466  ARD.RX                  msg=TRIGGERED  raw=b'TRIGGERED\r\n'  t=0.0
   20.482  ARD.RX                  msg=ARMED  raw=b'ARMED\r\n'  t=0.016
   21.129  ARD.RX                  msg=FRAME_DONE  raw=b'FRAME_DONE\r\n'  t=0.663
   21.130  ARD.FRAME_DONE          frame=11  attempt=1  dt=0.664  leftover=0
   21.132  FRAME.END               frame=11  t_total=1.481  t_hwp=0.051  t_qwp=0.287  t_trig=0.727  attempts=1  flags=ok
   21.134  FRAME.START             frame=12  hwp=105  qwp=155
   21.136  ELL.TX                  addr=0  deg=105  hex=0000A355  cmd=0ma0000A355
   21.317  ELL.RX                  addr=0  line=0PO0000A356  raw=b'0PO0000A356\r\n'
   21.318  ELL.DONE                addr=0  pos=105.0  dt=0.181  lines=1  leftover=0
   21.318  ELL.TX                  addr=2  deg=155  hex=0000F11C  cmd=2ma0000F11C
   21.653  ELL.RX                  addr=2  line=2PO0000F11F  raw=b'2PO0000F11F\r\n'
   21.654  ELL.DONE                addr=2  pos=155.01  dt=0.335  lines=1  leftover=0
   22.061  ARD.TRIG                frame=12  attempt=1
   22.125  ARD.RX                  msg=TRIGGERED  raw=b'TRIGGERED\r\n'  t=0.001
   22.140  ARD.RX                  msg=ARMED  raw=b'ARMED\r\n'  t=0.016
   22.784  ARD.RX                  msg=FRAME_DONE  raw=b'FRAME_DONE\r\n'  t=0.66
   22.785  ARD.FRAME_DONE          frame=12  attempt=1  dt=0.661  leftover=0
   22.786  FRAME.END               frame=12  t_total=1.652  t_hwp=0.183  t_qwp=0.336  t_trig=0.725  attempts=1  flags=ok
   22.788  FRAME.START             frame=13  hwp=104  qwp=143
   22.789  ELL.TX                  addr=0  deg=104  hex=0000A1C7  cmd=0ma0000A1C7
   22.981  ELL.RX                  addr=0  line=0PO0000A1CA  raw=b'0PO0000A1CA\r\n'
   22.982  ELL.DONE                addr=0  pos=104.01  dt=0.193  lines=1  leftover=0
   22.983  ELL.TX                  addr=2  deg=143  hex=0000DE72  cmd=2ma0000DE72
   23.349  ELL.RX                  addr=2  line=2PO0000DE75  raw=b'2PO0000DE75\r\n'
   23.350  ELL.DONE                addr=2  pos=143.01  dt=0.366  lines=1  leftover=0
   23.766  ARD.TRIG                frame=13  attempt=1
   23.829  ARD.RX                  msg=TRIGGERED  raw=b'TRIGGERED\r\n'  t=0.0
   23.845  ARD.RX                  msg=ARMED  raw=b'ARMED\r\n'  t=0.016
   24.488  ARD.RX                  msg=FRAME_DONE  raw=b'FRAME_DONE\r\n'  t=0.659
   24.489  ARD.FRAME_DONE          frame=13  attempt=1  dt=0.66  leftover=0
   24.490  FRAME.END               frame=13  t_total=1.702  t_hwp=0.194  t_qwp=0.368  t_trig=0.724  attempts=1  flags=ok
   24.492  FRAME.START             frame=14  hwp=112  qwp=137
   24.493  ELL.TX                  addr=0  deg=112  hex=0000AE39  cmd=0ma0000AE39
   24.789  ELL.RX                  addr=0  line=0PO0000AE3A  raw=b'0PO0000AE3A\r\n'
   24.790  ELL.DONE                addr=0  pos=112.0  dt=0.297  lines=1  leftover=0
   24.791  ELL.TX                  addr=2  deg=137  hex=0000D51C  cmd=2ma0000D51C
   25.061  ELL.RX                  addr=2  line=2PO0000D51C  raw=b'2PO0000D51C\r\n'
   25.062  ELL.DONE                addr=2  pos=137.0  dt=0.269  lines=1  leftover=0
   25.473  ARD.TRIG                frame=14  attempt=1
   25.538  ARD.RX                  msg=TRIGGERED  raw=b'TRIGGERED\r\n'  t=0.001
   25.554  ARD.RX                  msg=ARMED  raw=b'ARMED\r\n'  t=0.016
   26.198  ARD.RX                  msg=FRAME_DONE  raw=b'FRAME_DONE\r\n'  t=0.66
   26.199  ARD.FRAME_DONE          frame=14  attempt=1  dt=0.662  leftover=0
   26.201  FRAME.END               frame=14  t_total=1.709  t_hwp=0.299  t_qwp=0.271  t_trig=0.727  attempts=1  flags=ok
   26.203  LOOP.END              
