    0.021  SESSION.START           log=D:\1_software\Experimental control software\2023_06_22 new pSHG sequence MIRA\pshg_diag_20260623_141245.log  csv=D:\1_software\Experimental control software\2023_06_22 new pSHG sequence MIRA\pshg_diag_20260623_141245.csv  file=2023_06_22 new pSHG sequence MIRA.xlsx  drain_stale=True
    0.067  ELL.QUERY               cmd=0in  reply='0IN0E1140051420211501016800023000\r\n'
    0.162  ELL.QUERY               cmd=2in  reply='2IN0E1140064920211501016800023000\r\n'
    0.547  ELL.QUERY               cmd=0ho  reply='0PO00000001\r\n'
    1.043  ELL.QUERY               cmd=2ho  reply='2POFFFFFFFF\r\n'
    1.075  ELL.QUERY               cmd=0gp  reply='0PO00000001\r\n'
    1.155  ELL.QUERY               cmd=2gp  reply='2POFFFFFFFA\r\n'
    2.161  LOOP.START            
    3.182  FRAME.START             frame=1  hwp=20  qwp=155
    3.186  ELL.TX                  addr=0  deg=20  hex=00001F1C  cmd=0ma00001F1C
    3.348  ELL.RX                  addr=0  line=0PO00001F1B  raw=b'0PO00001F1B\r\n'
    3.353  ELL.DONE                addr=0  pos=20.0  dt=0.162  lines=1  leftover=0
    3.358  ELL.TX                  addr=2  deg=155  hex=0000F11C  cmd=2ma0000F11C
    4.019  ELL.RX                  addr=2  line=2PO0000F11C  raw=b'2PO0000F11C\r\n'
    4.020  ELL.DONE                addr=2  pos=155.0  dt=0.658  lines=1  leftover=0
    4.432  ARD.TRIG                frame=1  attempt=1
    4.497  ARD.RX                  msg=TRIGGERED  raw=b'TRIGGERED\r\n'  t=0.001
    4.513  ARD.RX                  msg=ARMED  raw=b'ARMED\r\n'  t=0.017
    5.153  ARD.RX                  msg=FRAME_DONE  raw=b'FRAME_DONE\r\n'  t=0.657
    5.155  ARD.FRAME_DONE          frame=1  attempt=1  dt=0.659  leftover=0
    5.156  FRAME.END               frame=1  t_total=1.974  t_hwp=0.172  t_qwp=0.664  t_trig=0.724  attempts=1  flags=ok
    5.158  FRAME.START             frame=2  hwp=18  qwp=143
    5.159  ELL.TX                  addr=0  deg=18  hex=00001C00  cmd=0ma00001C00
    5.267  ELL.RX                  addr=0  line=0PO00001C00  raw=b'0PO00001C00\r\n'
    5.269  ELL.DONE                addr=0  pos=18.0  dt=0.108  lines=1  leftover=0
    5.270  ELL.TX                  addr=2  deg=143  hex=0000DE72  cmd=2ma0000DE72
    5.715  ELL.RX                  addr=2  line=2PO0000DE72  raw=b'2PO0000DE72\r\n'
    5.716  ELL.DONE                addr=2  pos=143.0  dt=0.444  lines=1  leftover=0
    6.120  ARD.TRIG                frame=2  attempt=1
    6.183  ARD.RX                  msg=TRIGGERED  raw=b'TRIGGERED\r\n'  t=0.0
    6.199  ARD.RX                  msg=ARMED  raw=b'ARMED\r\n'  t=0.015
    6.841  ARD.RX                  msg=FRAME_DONE  raw=b'FRAME_DONE\r\n'  t=0.657
    6.842  ARD.FRAME_DONE          frame=2  attempt=1  dt=0.658  leftover=0
    6.843  FRAME.END               frame=2  t_total=1.685  t_hwp=0.111  t_qwp=0.448  t_trig=0.723  attempts=1  flags=ok
    6.845  FRAME.START             frame=3  hwp=27  qwp=138
    6.846  ELL.TX                  addr=0  deg=27  hex=00002A00  cmd=0ma00002A00
    6.995  ELL.RX                  addr=0  line=0PO00002A01  raw=b'0PO00002A01\r\n'
    6.996  ELL.DONE                addr=0  pos=27.0  dt=0.15  lines=1  leftover=0
    6.997  ELL.TX                  addr=2  deg=138  hex=0000D6AB  cmd=2ma0000D6AB
    7.348  ELL.RX                  addr=2  line=2PO0000D6A8  raw=b'2PO0000D6A8\r\n'
    7.351  ELL.DONE                addr=2  pos=137.99  dt=0.353  lines=1  leftover=0
    7.757  ARD.TRIG                frame=3  attempt=1
    7.820  ARD.RX                  msg=TRIGGERED  raw=b'TRIGGERED\r\n'  t=0.0
    7.836  ARD.RX                  msg=ARMED  raw=b'ARMED\r\n'  t=0.016
    8.479  ARD.RX                  msg=FRAME_DONE  raw=b'FRAME_DONE\r\n'  t=0.659
    8.481  ARD.FRAME_DONE          frame=3  attempt=1  dt=0.66  leftover=0
    8.482  FRAME.END               frame=3  t_total=1.637  t_hwp=0.152  t_qwp=0.358  t_trig=0.725  attempts=1  flags=ok
    8.484  FRAME.START             frame=4  hwp=40  qwp=143
    8.485  ELL.TX                  addr=0  deg=40  hex=00003E39  cmd=0ma00003E39
    8.707  ELL.RX                  addr=0  line=0PO00003E3B  raw=b'0PO00003E3B\r\n'
    8.712  ELL.DONE                addr=0  pos=40.01  dt=0.226  lines=1  leftover=0
    8.716  ELL.TX                  addr=2  deg=143  hex=0000DE72  cmd=2ma0000DE72
    9.091  ELL.RX                  addr=2  line=2PO0000DE72  raw=b'2PO0000DE72\r\n'
    9.093  ELL.DONE                addr=2  pos=143.0  dt=0.373  lines=1  leftover=0
    9.494  ARD.TRIG                frame=4  attempt=1
    9.559  ARD.RX                  msg=TRIGGERED  raw=b'TRIGGERED\r\n'  t=0.0
    9.574  ARD.RX                  msg=ARMED  raw=b'ARMED\r\n'  t=0.016
   10.214  ARD.RX                  msg=FRAME_DONE  raw=b'FRAME_DONE\r\n'  t=0.656
   10.216  ARD.FRAME_DONE          frame=4  attempt=1  dt=0.658  leftover=0
   10.217  FRAME.END               frame=4  t_total=1.733  t_hwp=0.231  t_qwp=0.378  t_trig=0.722  attempts=1  flags=ok
   10.218  FRAME.START             frame=5  hwp=55  qwp=155
   10.219  ELL.TX                  addr=0  deg=55  hex=0000558E  cmd=0ma0000558E
   10.403  ELL.RX                  addr=0  line=0PO00005590  raw=b'0PO00005590\r\n'
   10.406  ELL.DONE                addr=0  pos=55.0  dt=0.186  lines=1  leftover=0
   10.408  ELL.TX                  addr=2  deg=155  hex=0000F11C  cmd=2ma0000F11C
   10.739  ELL.RX                  addr=2  line=2PO0000F11F  raw=b'2PO0000F11F\r\n'
   10.741  ELL.DONE                addr=2  pos=155.01  dt=0.332  lines=1  leftover=0
   11.155  ARD.TRIG                frame=5  attempt=1
   11.220  ARD.RX                  msg=TRIGGERED  raw=b'TRIGGERED\r\n'  t=0.0
   11.236  ARD.RX                  msg=ARMED  raw=b'ARMED\r\n'  t=0.016
   11.875  ARD.RX                  msg=FRAME_DONE  raw=b'FRAME_DONE\r\n'  t=0.655
   11.876  ARD.FRAME_DONE          frame=5  attempt=1  dt=0.657  leftover=0
   11.877  FRAME.END               frame=5  t_total=1.659  t_hwp=0.189  t_qwp=0.334  t_trig=0.722  attempts=1  flags=ok
   11.879  FRAME.START             frame=6  hwp=67  qwp=168
   11.880  ELL.TX                  addr=0  deg=67  hex=00006839  cmd=0ma00006839
   12.083  ELL.RX                  addr=0  line=0PO00006839  raw=b'0PO00006839\r\n'
   12.085  ELL.DONE                addr=0  pos=67.0  dt=0.204  lines=1  leftover=0
   12.086  ELL.TX                  addr=2  deg=168  hex=00010555  cmd=2ma00010555
   12.339  ELL.RX                  addr=2  line=2PO00010552  raw=b'2PO00010552\r\n'
   12.341  ELL.DONE                addr=2  pos=167.99  dt=0.254  lines=1  leftover=0
   12.752  ARD.TRIG                frame=6  attempt=1
   12.816  ARD.RX                  msg=TRIGGERED  raw=b'TRIGGERED\r\n'  t=0.0
   12.832  ARD.RX                  msg=ARMED  raw=b'ARMED\r\n'  t=0.016
   13.472  ARD.RX                  msg=FRAME_DONE  raw=b'FRAME_DONE\r\n'  t=0.657
   13.474  ARD.FRAME_DONE          frame=6  attempt=1  dt=0.658  leftover=0
   13.475  FRAME.END               frame=6  t_total=1.596  t_hwp=0.206  t_qwp=0.256  t_trig=0.723  attempts=1  flags=ok
   13.477  FRAME.START             frame=7  hwp=78  qwp=178
   13.477  ELL.TX                  addr=0  deg=78  hex=00007955  cmd=0ma00007955
   13.828  ELL.RX                  addr=0  line=0PO00007956  raw=b'0PO00007956\r\n'
   13.829  ELL.DONE                addr=0  pos=78.0  dt=0.351  lines=1  leftover=0
   13.830  ELL.TX                  addr=2  deg=178  hex=000114E4  cmd=2ma000114E4
   14.148  ELL.RX                  addr=2  line=2PO000114E2  raw=b'2PO000114E2\r\n'
   14.149  ELL.DONE                addr=2  pos=178.0  dt=0.318  lines=1  leftover=0
   14.554  ARD.TRIG                frame=7  attempt=1
   14.618  ARD.RX                  msg=TRIGGERED  raw=b'TRIGGERED\r\n'  t=0.0
   14.634  ARD.RX                  msg=ARMED  raw=b'ARMED\r\n'  t=0.016
   15.274  ARD.RX                  msg=FRAME_DONE  raw=b'FRAME_DONE\r\n'  t=0.657
   15.276  ARD.FRAME_DONE          frame=7  attempt=1  dt=0.658  leftover=0
   15.277  FRAME.END               frame=7  t_total=1.8  t_hwp=0.353  t_qwp=0.32  t_trig=0.723  attempts=1  flags=ok
   15.279  FRAME.START             frame=8  hwp=91  qwp=186
   15.280  ELL.TX                  addr=0  deg=91  hex=00008D8E  cmd=0ma00008D8E
   15.556  ELL.RX                  addr=0  line=0PO00008D8B  raw=b'0PO00008D8B\r\n'
   15.557  ELL.DONE                addr=0  pos=90.99  dt=0.277  lines=1  leftover=0
   15.559  ELL.TX                  addr=2  deg=186  hex=00012155  cmd=2ma00012155
   15.908  ELL.RX                  addr=2  line=2PO00012158  raw=b'2PO00012158\r\n'
   15.909  ELL.DONE                addr=2  pos=186.01  dt=0.349  lines=1  leftover=0
   16.310  ARD.TRIG                frame=8  attempt=1
   16.375  ARD.RX                  msg=TRIGGERED  raw=b'TRIGGERED\r\n'  t=0.0
   16.391  ARD.RX                  msg=ARMED  raw=b'ARMED\r\n'  t=0.016
   17.031  ARD.RX                  msg=FRAME_DONE  raw=b'FRAME_DONE\r\n'  t=0.657
   17.032  ARD.FRAME_DONE          frame=8  attempt=1  dt=0.658  leftover=0
   17.033  FRAME.END               frame=8  t_total=1.755  t_hwp=0.279  t_qwp=0.352  t_trig=0.723  attempts=1  flags=ok
   17.035  FRAME.START             frame=9  hwp=102  qwp=186
   17.036  ELL.TX                  addr=0  deg=102  hex=00009EAB  cmd=0ma00009EAB
   17.300  ELL.RX                  addr=0  line=0PO00009EAA  raw=b'0PO00009EAA\r\n'
   17.301  ELL.DONE                addr=0  pos=102.0  dt=0.264  lines=1  leftover=0
   17.301  ELL.TX                  addr=2  deg=186  hex=00012155  cmd=2ma00012155
   17.396  ELL.RX                  addr=2  line=2PO00012156  raw=b'2PO00012156\r\n'
   17.397  ELL.DONE                addr=2  pos=186.0  dt=0.095  lines=1  leftover=0
   17.811  ARD.TRIG                frame=9  attempt=1
   17.875  ARD.RX                  msg=TRIGGERED  raw=b'TRIGGERED\r\n'  t=0.0
   17.891  ARD.RX                  msg=ARMED  raw=b'ARMED\r\n'  t=0.016
   18.531  ARD.RX                  msg=FRAME_DONE  raw=b'FRAME_DONE\r\n'  t=0.656
   18.532  ARD.FRAME_DONE          frame=9  attempt=1  dt=0.657  leftover=0
   18.532  FRAME.END               frame=9  t_total=1.497  t_hwp=0.266  t_qwp=0.096  t_trig=0.722  attempts=1  flags=ok
   18.534  FRAME.START             frame=10  hwp=106  qwp=178
   18.535  ELL.TX                  addr=0  deg=106  hex=0000A4E4  cmd=0ma0000A4E4
   18.804  ELL.RX                  addr=0  line=0PO0000A4E3  raw=b'0PO0000A4E3\r\n'
   18.805  ELL.DONE                addr=0  pos=106.0  dt=0.269  lines=1  leftover=0
   18.806  ELL.TX                  addr=2  deg=178  hex=000114E4  cmd=2ma000114E4
   18.932  ELL.RX                  addr=2  line=2PO000114E7  raw=b'2PO000114E7\r\n'
   18.933  ELL.DONE                addr=2  pos=178.01  dt=0.126  lines=1  leftover=0
   19.342  ARD.TRIG                frame=10  attempt=1
   19.406  ARD.RX                  msg=TRIGGERED  raw=b'TRIGGERED\r\n'  t=0.0
   19.422  ARD.RX                  msg=ARMED  raw=b'ARMED\r\n'  t=0.016
   20.062  ARD.RX                  msg=FRAME_DONE  raw=b'FRAME_DONE\r\n'  t=0.657
   20.064  ARD.FRAME_DONE          frame=10  attempt=1  dt=0.658  leftover=0
   20.065  FRAME.END               frame=10  t_total=1.53  t_hwp=0.271  t_qwp=0.128  t_trig=0.723  attempts=1  flags=ok
   20.067  FRAME.START             frame=11  hwp=106  qwp=167
   20.067  ELL.TX                  addr=0  deg=106  hex=0000A4E4  cmd=0ma0000A4E4
   20.132  ELL.RX                  addr=0  line=0PO0000A4E3  raw=b'0PO0000A4E3\r\n'
   20.133  ELL.DONE                addr=0  pos=106.0  dt=0.064  lines=1  leftover=0
   20.134  ELL.TX                  addr=2  deg=167  hex=000103C7  cmd=2ma000103C7
   20.260  ELL.RX                  addr=2  line=2PO000103C7  raw=b'2PO000103C7\r\n'
   20.261  ELL.DONE                addr=2  pos=167.0  dt=0.127  lines=1  leftover=0
   20.665  ARD.TRIG                frame=11  attempt=1
   20.729  ARD.RX                  msg=TRIGGERED  raw=b'TRIGGERED\r\n'  t=0.0
   20.745  ARD.RX                  msg=ARMED  raw=b'ARMED\r\n'  t=0.016
   21.385  ARD.RX                  msg=FRAME_DONE  raw=b'FRAME_DONE\r\n'  t=0.656
   21.387  ARD.FRAME_DONE          frame=11  attempt=1  dt=0.658  leftover=0
   21.387  FRAME.END               frame=11  t_total=1.321  t_hwp=0.067  t_qwp=0.128  t_trig=0.723  attempts=1  flags=ok
   21.389  FRAME.START             frame=12  hwp=105  qwp=155
   21.390  ELL.TX                  addr=0  deg=105  hex=0000A355  cmd=0ma0000A355
   21.556  ELL.RX                  addr=0  line=0PO0000A357  raw=b'0PO0000A357\r\n'
   21.558  ELL.DONE                addr=0  pos=105.0  dt=0.167  lines=1  leftover=0
   21.559  ELL.TX                  addr=2  deg=155  hex=0000F11C  cmd=2ma0000F11C
   21.844  ELL.RX                  addr=2  line=2PO0000F11C  raw=b'2PO0000F11C\r\n'
   21.845  ELL.DONE                addr=2  pos=155.0  dt=0.286  lines=1  leftover=0
   22.247  ARD.TRIG                frame=12  attempt=1
   22.311  ARD.RX                  msg=TRIGGERED  raw=b'TRIGGERED\r\n'  t=0.0
   22.327  ARD.RX                  msg=ARMED  raw=b'ARMED\r\n'  t=0.016
   22.967  ARD.RX                  msg=FRAME_DONE  raw=b'FRAME_DONE\r\n'  t=0.656
   22.969  ARD.FRAME_DONE          frame=12  attempt=1  dt=0.657  leftover=0
   22.970  FRAME.END               frame=12  t_total=1.581  t_hwp=0.169  t_qwp=0.287  t_trig=0.723  attempts=1  flags=ok
   22.971  FRAME.START             frame=13  hwp=104  qwp=143
   22.972  ELL.TX                  addr=0  deg=104  hex=0000A1C7  cmd=0ma0000A1C7
   23.156  ELL.RX                  addr=0  line=0PO0000A1C4  raw=b'0PO0000A1C4\r\n'
   23.158  ELL.DONE                addr=0  pos=103.99  dt=0.185  lines=1  leftover=0
   23.159  ELL.TX                  addr=2  deg=143  hex=0000DE72  cmd=2ma0000DE72
   23.476  ELL.RX                  addr=2  line=2PO0000DE6F  raw=b'2PO0000DE6F\r\n'
   23.478  ELL.DONE                addr=2  pos=142.99  dt=0.318  lines=1  leftover=0
   23.893  ARD.TRIG                frame=13  attempt=1
   23.957  ARD.RX                  msg=TRIGGERED  raw=b'TRIGGERED\r\n'  t=0.0
   23.973  ARD.RX                  msg=ARMED  raw=b'ARMED\r\n'  t=0.016
   24.613  ARD.RX                  msg=FRAME_DONE  raw=b'FRAME_DONE\r\n'  t=0.656
   24.614  ARD.FRAME_DONE          frame=13  attempt=1  dt=0.657  leftover=0
   24.615  FRAME.END               frame=13  t_total=1.644  t_hwp=0.187  t_qwp=0.32  t_trig=0.722  attempts=1  flags=ok
   24.617  FRAME.START             frame=14  hwp=112  qwp=137
   24.618  ELL.TX                  addr=0  deg=112  hex=0000AE39  cmd=0ma0000AE39
   24.948  ELL.RX                  addr=0  line=0PO0000AE3A  raw=b'0PO0000AE3A\r\n'
   24.950  ELL.DONE                addr=0  pos=112.0  dt=0.331  lines=1  leftover=0
   24.951  ELL.TX                  addr=2  deg=137  hex=0000D51C  cmd=2ma0000D51C
   25.316  ELL.RX                  addr=2  line=2PO0000D51C  raw=b'2PO0000D51C\r\n'
   25.318  ELL.DONE                addr=2  pos=137.0  dt=0.365  lines=1  leftover=0
   25.728  ARD.TRIG                frame=14  attempt=1
   25.792  ARD.RX                  msg=TRIGGERED  raw=b'TRIGGERED\r\n'  t=0.0
   25.808  ARD.RX                  msg=ARMED  raw=b'ARMED\r\n'  t=0.016
   26.448  ARD.RX                  msg=FRAME_DONE  raw=b'FRAME_DONE\r\n'  t=0.656
   26.449  ARD.FRAME_DONE          frame=14  attempt=1  dt=0.657  leftover=0
   26.451  FRAME.END               frame=14  t_total=1.834  t_hwp=0.333  t_qwp=0.368  t_trig=0.723  attempts=1  flags=ok
   26.454  LOOP.END              
