    0.021  SESSION.START           log=D:\1_software\Experimental control software\2023_06_22 new pSHG sequence MIRA\pshg_diag_20260623_141904.log  csv=D:\1_software\Experimental control software\2023_06_22 new pSHG sequence MIRA\pshg_diag_20260623_141904.csv  file=2023_06_22 new pSHG sequence MIRA.xlsx  drain_stale=True
    0.066  ELL.QUERY               cmd=0in  reply='0IN0E1140051420211501016800023000\r\n'
    0.162  ELL.QUERY               cmd=2in  reply='2IN0E1140064920211501016800023000\r\n'
    0.562  ELL.QUERY               cmd=0ho  reply='0PO00000003\r\n'
    1.234  ELL.QUERY               cmd=2ho  reply='2PO00000001\r\n'
    1.266  ELL.QUERY               cmd=0gp  reply='0PO00000005\r\n'
    1.346  ELL.QUERY               cmd=2gp  reply='2PO00000008\r\n'
    2.367  LOOP.START            
    3.385  FRAME.START             frame=1  hwp=20  qwp=155
    3.390  ELL.TX                  addr=0  deg=20  hex=00001F1C  cmd=0ma00001F1C
    3.538  ELL.RX                  addr=0  line=0PO00001F1B  raw=b'0PO00001F1B\r\n'
    3.543  ELL.DONE                addr=0  pos=20.0  dt=0.149  lines=1  leftover=0
    3.546  ELL.TX                  addr=2  deg=155  hex=0000F11C  cmd=2ma0000F11C
    4.290  ELL.RX                  addr=2  line=2PO0000F119  raw=b'2PO0000F119\r\n'
    4.292  ELL.DONE                addr=2  pos=154.99  dt=0.741  lines=1  leftover=0
    4.697  ARD.TRIG                frame=1  attempt=1
    4.761  ARD.RX                  msg=TRIGGERED  raw=b'TRIGGERED\r\n'  t=0.0
    4.776  ARD.RX                  msg=ARMED  raw=b'ARMED\r\n'  t=0.016
    5.418  ARD.RX                  msg=FRAME_DONE  raw=b'FRAME_DONE\r\n'  t=0.658
    5.420  ARD.FRAME_DONE          frame=1  attempt=1  dt=0.659  leftover=0
    5.421  FRAME.END               frame=1  t_total=2.036  t_hwp=0.156  t_qwp=0.747  t_trig=0.725  attempts=1  flags=SLOW
    5.423  FRAME.START             frame=2  hwp=18  qwp=143
    5.424  ELL.TX                  addr=0  deg=18  hex=00001C00  cmd=0ma00001C00
    5.522  ELL.RX                  addr=0  line=0PO00001BFE  raw=b'0PO00001BFE\r\n'
    5.524  ELL.DONE                addr=0  pos=17.99  dt=0.099  lines=1  leftover=0
    5.525  ELL.TX                  addr=2  deg=143  hex=0000DE72  cmd=2ma0000DE72
    5.826  ELL.RX                  addr=2  line=2PO0000DE70  raw=b'2PO0000DE70\r\n'
    5.828  ELL.DONE                addr=2  pos=143.0  dt=0.301  lines=1  leftover=0
    6.229  ARD.TRIG                frame=2  attempt=1
    6.293  ARD.RX                  msg=TRIGGERED  raw=b'TRIGGERED\r\n'  t=0.001
    6.308  ARD.RX                  msg=ARMED  raw=b'ARMED\r\n'  t=0.016
    6.950  ARD.RX                  msg=FRAME_DONE  raw=b'FRAME_DONE\r\n'  t=0.658
    6.951  ARD.FRAME_DONE          frame=2  attempt=1  dt=0.659  leftover=0
    6.952  FRAME.END               frame=2  t_total=1.529  t_hwp=0.101  t_qwp=0.304  t_trig=0.724  attempts=1  flags=ok
    6.954  FRAME.START             frame=3  hwp=27  qwp=138
    6.955  ELL.TX                  addr=0  deg=27  hex=00002A00  cmd=0ma00002A00
    7.106  ELL.RX                  addr=0  line=0PO00002A03  raw=b'0PO00002A03\r\n'
    7.107  ELL.DONE                addr=0  pos=27.01  dt=0.151  lines=1  leftover=0
    7.108  ELL.TX                  addr=2  deg=138  hex=0000D6AB  cmd=2ma0000D6AB
    7.362  ELL.RX                  addr=2  line=2PO0000D6AC  raw=b'2PO0000D6AC\r\n'
    7.364  ELL.DONE                addr=2  pos=138.0  dt=0.255  lines=1  leftover=0
    7.775  ARD.TRIG                frame=3  attempt=1
    7.839  ARD.RX                  msg=TRIGGERED  raw=b'TRIGGERED\r\n'  t=0.0
    7.855  ARD.RX                  msg=ARMED  raw=b'ARMED\r\n'  t=0.016
    8.494  ARD.RX                  msg=FRAME_DONE  raw=b'FRAME_DONE\r\n'  t=0.655
    8.495  ARD.FRAME_DONE          frame=3  attempt=1  dt=0.656  leftover=0
    8.496  FRAME.END               frame=3  t_total=1.542  t_hwp=0.153  t_qwp=0.256  t_trig=0.721  attempts=1  flags=ok
    8.498  FRAME.START             frame=4  hwp=40  qwp=143
    8.499  ELL.TX                  addr=0  deg=40  hex=00003E39  cmd=0ma00003E39
    8.707  ELL.RX                  addr=0  line=0PO00003E36  raw=b'0PO00003E36\r\n'
    8.709  ELL.DONE                addr=0  pos=39.99  dt=0.21  lines=1  leftover=0
    8.711  ELL.TX                  addr=2  deg=143  hex=0000DE72  cmd=2ma0000DE72
    9.011  ELL.RX                  addr=2  line=2PO0000DE70  raw=b'2PO0000DE70\r\n'
    9.012  ELL.DONE                addr=2  pos=143.0  dt=0.299  lines=1  leftover=0
    9.415  ARD.TRIG                frame=4  attempt=1
    9.479  ARD.RX                  msg=TRIGGERED  raw=b'TRIGGERED\r\n'  t=0.001
    9.494  ARD.RX                  msg=ARMED  raw=b'ARMED\r\n'  t=0.016
   10.137  ARD.RX                  msg=FRAME_DONE  raw=b'FRAME_DONE\r\n'  t=0.659
   10.138  ARD.FRAME_DONE          frame=4  attempt=1  dt=0.66  leftover=0
   10.140  FRAME.END               frame=4  t_total=1.642  t_hwp=0.212  t_qwp=0.302  t_trig=0.725  attempts=1  flags=ok
   10.143  FRAME.START             frame=5  hwp=55  qwp=155
   10.145  ELL.TX                  addr=0  deg=55  hex=0000558E  cmd=0ma0000558E
   10.355  ELL.RX                  addr=0  line=0PO0000558D  raw=b'0PO0000558D\r\n'
   10.359  ELL.DONE                addr=0  pos=55.0  dt=0.212  lines=1  leftover=0
   10.363  ELL.TX                  addr=2  deg=155  hex=0000F11C  cmd=2ma0000F11C
   10.643  ELL.RX                  addr=2  line=2PO0000F119  raw=b'2PO0000F119\r\n'
   10.647  ELL.DONE                addr=2  pos=154.99  dt=0.276  lines=1  leftover=0
   11.063  ARD.TRIG                frame=5  attempt=1
   11.128  ARD.RX                  msg=TRIGGERED  raw=b'TRIGGERED\r\n'  t=0.001
   11.144  ARD.RX                  msg=ARMED  raw=b'ARMED\r\n'  t=0.016
   11.787  ARD.RX                  msg=FRAME_DONE  raw=b'FRAME_DONE\r\n'  t=0.659
   11.789  ARD.FRAME_DONE          frame=5  attempt=1  dt=0.661  leftover=0
   11.790  FRAME.END               frame=5  t_total=1.647  t_hwp=0.218  t_qwp=0.287  t_trig=0.727  attempts=1  flags=ok
   11.793  FRAME.START             frame=6  hwp=67  qwp=168
   11.794  ELL.TX                  addr=0  deg=67  hex=00006839  cmd=0ma00006839
   11.955  ELL.RX                  addr=0  line=0PO00006839  raw=b'0PO00006839\r\n'
   11.956  ELL.DONE                addr=0  pos=67.0  dt=0.161  lines=1  leftover=0
   11.957  ELL.TX                  addr=2  deg=168  hex=00010555  cmd=2ma00010555
   12.259  ELL.RX                  addr=2  line=2PO00010553  raw=b'2PO00010553\r\n'
   12.260  ELL.DONE                addr=2  pos=167.99  dt=0.302  lines=1  leftover=0
   12.671  ARD.TRIG                frame=6  attempt=1
   12.734  ARD.RX                  msg=TRIGGERED  raw=b'TRIGGERED\r\n'  t=0.0
   12.750  ARD.RX                  msg=ARMED  raw=b'ARMED\r\n'  t=0.016
   13.393  ARD.RX                  msg=FRAME_DONE  raw=b'FRAME_DONE\r\n'  t=0.659
   13.394  ARD.FRAME_DONE          frame=6  attempt=1  dt=0.66  leftover=0
   13.395  FRAME.END               frame=6  t_total=1.602  t_hwp=0.163  t_qwp=0.304  t_trig=0.724  attempts=1  flags=ok
   13.396  FRAME.START             frame=7  hwp=78  qwp=178
   13.397  ELL.TX                  addr=0  deg=78  hex=00007955  cmd=0ma00007955
   13.651  ELL.RX                  addr=0  line=0PO00007958  raw=b'0PO00007958\r\n'
   13.652  ELL.DONE                addr=0  pos=78.01  dt=0.255  lines=1  leftover=0
   13.653  ELL.TX                  addr=2  deg=178  hex=000114E4  cmd=2ma000114E4
   14.067  ELL.RX                  addr=2  line=2PO000114E4  raw=b'2PO000114E4\r\n'
   14.069  ELL.DONE                addr=2  pos=178.0  dt=0.416  lines=1  leftover=0
   14.484  ARD.TRIG                frame=7  attempt=1
   14.548  ARD.RX                  msg=TRIGGERED  raw=b'TRIGGERED\r\n'  t=0.001
   14.563  ARD.RX                  msg=ARMED  raw=b'ARMED\r\n'  t=0.016
   15.207  ARD.RX                  msg=FRAME_DONE  raw=b'FRAME_DONE\r\n'  t=0.661
   15.209  ARD.FRAME_DONE          frame=7  attempt=1  dt=0.662  leftover=0
   15.209  FRAME.END               frame=7  t_total=1.813  t_hwp=0.256  t_qwp=0.418  t_trig=0.726  attempts=1  flags=ok
   15.211  FRAME.START             frame=8  hwp=91  qwp=186
   15.212  ELL.TX                  addr=0  deg=91  hex=00008D8E  cmd=0ma00008D8E
   15.459  ELL.RX                  addr=0  line=0PO00008D8E  raw=b'0PO00008D8E\r\n'
   15.460  ELL.DONE                addr=0  pos=91.0  dt=0.248  lines=1  leftover=0
   15.462  ELL.TX                  addr=2  deg=186  hex=00012155  cmd=2ma00012155
   15.876  ELL.RX                  addr=2  line=2PO00012153  raw=b'2PO00012153\r\n'
   15.878  ELL.DONE                addr=2  pos=185.99  dt=0.415  lines=1  leftover=0
   16.285  ARD.TRIG                frame=8  attempt=1
   16.349  ARD.RX                  msg=TRIGGERED  raw=b'TRIGGERED\r\n'  t=0.0
   16.365  ARD.RX                  msg=ARMED  raw=b'ARMED\r\n'  t=0.016
   17.009  ARD.RX                  msg=FRAME_DONE  raw=b'FRAME_DONE\r\n'  t=0.661
   17.011  ARD.FRAME_DONE          frame=8  attempt=1  dt=0.662  leftover=0
   17.012  FRAME.END               frame=8  t_total=1.801  t_hwp=0.25  t_qwp=0.418  t_trig=0.727  attempts=1  flags=ok
   17.013  FRAME.START             frame=9  hwp=102  qwp=186
   17.014  ELL.TX                  addr=0  deg=102  hex=00009EAB  cmd=0ma00009EAB
   17.251  ELL.RX                  addr=0  line=0PO00009EAA  raw=b'0PO00009EAA\r\n'
   17.253  ELL.DONE                addr=0  pos=102.0  dt=0.237  lines=1  leftover=0
   17.254  ELL.TX                  addr=2  deg=186  hex=00012155  cmd=2ma00012155
   17.332  ELL.RX                  addr=2  line=2PO00012156  raw=b'2PO00012156\r\n'
   17.335  ELL.DONE                addr=2  pos=186.0  dt=0.08  lines=1  leftover=0
   17.750  ARD.TRIG                frame=9  attempt=1
   17.815  ARD.RX                  msg=TRIGGERED  raw=b'TRIGGERED\r\n'  t=0.001
   17.830  ARD.RX                  msg=ARMED  raw=b'ARMED\r\n'  t=0.016
   18.472  ARD.RX                  msg=FRAME_DONE  raw=b'FRAME_DONE\r\n'  t=0.658
   18.477  ARD.FRAME_DONE          frame=9  attempt=1  dt=0.663  leftover=0
   18.480  FRAME.END               frame=9  t_total=1.466  t_hwp=0.239  t_qwp=0.083  t_trig=0.73  attempts=1  flags=ok
   18.486  FRAME.START             frame=10  hwp=106  qwp=178
   18.488  ELL.TX                  addr=0  deg=106  hex=0000A4E4  cmd=0ma0000A4E4
   18.691  ELL.RX                  addr=0  line=0PO0000A4E1  raw=b'0PO0000A4E1\r\n'
   18.693  ELL.DONE                addr=0  pos=105.99  dt=0.203  lines=1  leftover=0
   18.694  ELL.TX                  addr=2  deg=178  hex=000114E4  cmd=2ma000114E4
   18.931  ELL.RX                  addr=2  line=2PO000114E6  raw=b'2PO000114E6\r\n'
   18.933  ELL.DONE                addr=2  pos=178.01  dt=0.237  lines=1  leftover=0
   19.343  ARD.TRIG                frame=10  attempt=1
   19.408  ARD.RX                  msg=TRIGGERED  raw=b'TRIGGERED\r\n'  t=0.001
   19.423  ARD.RX                  msg=ARMED  raw=b'ARMED\r\n'  t=0.016
   20.065  ARD.RX                  msg=FRAME_DONE  raw=b'FRAME_DONE\r\n'  t=0.658
   20.068  ARD.FRAME_DONE          frame=10  attempt=1  dt=0.661  leftover=0
   20.070  FRAME.END               frame=10  t_total=1.584  t_hwp=0.206  t_qwp=0.24  t_trig=0.727  attempts=1  flags=ok
   20.075  FRAME.START             frame=11  hwp=106  qwp=167
   20.077  ELL.TX                  addr=0  deg=106  hex=0000A4E4  cmd=0ma0000A4E4
   20.148  ELL.RX                  addr=0  line=0PO0000A4E3  raw=b'0PO0000A4E3\r\n'
   20.149  ELL.DONE                addr=0  pos=106.0  dt=0.069  lines=1  leftover=0
   20.149  ELL.TX                  addr=2  deg=167  hex=000103C7  cmd=2ma000103C7
   20.452  ELL.RX                  addr=2  line=2PO000103C5  raw=b'2PO000103C5\r\n'
   20.454  ELL.DONE                addr=2  pos=166.99  dt=0.304  lines=1  leftover=0
   20.865  ARD.TRIG                frame=11  attempt=1
   20.928  ARD.RX                  msg=TRIGGERED  raw=b'TRIGGERED\r\n'  t=0.001
   20.944  ARD.RX                  msg=ARMED  raw=b'ARMED\r\n'  t=0.016
   21.585  ARD.RX                  msg=FRAME_DONE  raw=b'FRAME_DONE\r\n'  t=0.657
   21.589  ARD.FRAME_DONE          frame=11  attempt=1  dt=0.661  leftover=0
   21.594  FRAME.END               frame=11  t_total=1.519  t_hwp=0.072  t_qwp=0.307  t_trig=0.729  attempts=1  flags=ok
   21.600  FRAME.START             frame=12  hwp=105  qwp=155
   21.602  ELL.TX                  addr=0  deg=105  hex=0000A355  cmd=0ma0000A355
   21.812  ELL.RX                  addr=0  line=0PO0000A356  raw=b'0PO0000A356\r\n'
   21.813  ELL.DONE                addr=0  pos=105.0  dt=0.209  lines=1  leftover=0
   21.814  ELL.TX                  addr=2  deg=155  hex=0000F11C  cmd=2ma0000F11C
   22.180  ELL.RX                  addr=2  line=2PO0000F11A  raw=b'2PO0000F11A\r\n'
   22.186  ELL.DONE                addr=2  pos=154.99  dt=0.372  lines=1  leftover=0
   22.598  ARD.TRIG                frame=12  attempt=1
   22.662  ARD.RX                  msg=TRIGGERED  raw=b'TRIGGERED\r\n'  t=0.0
   22.678  ARD.RX                  msg=ARMED  raw=b'ARMED\r\n'  t=0.016
   23.321  ARD.RX                  msg=FRAME_DONE  raw=b'FRAME_DONE\r\n'  t=0.659
   23.323  ARD.FRAME_DONE          frame=12  attempt=1  dt=0.661  leftover=0
   23.324  FRAME.END               frame=12  t_total=1.724  t_hwp=0.212  t_qwp=0.377  t_trig=0.726  attempts=1  flags=ok
   23.327  FRAME.START             frame=13  hwp=104  qwp=143
   23.328  ELL.TX                  addr=0  deg=104  hex=0000A1C7  cmd=0ma0000A1C7
   23.540  ELL.RX                  addr=0  line=0PO0000A1C4  raw=b'0PO0000A1C4\r\n'
   23.541  ELL.DONE                addr=0  pos=103.99  dt=0.212  lines=1  leftover=0
   23.542  ELL.TX                  addr=2  deg=143  hex=0000DE72  cmd=2ma0000DE72
   23.924  ELL.RX                  addr=2  line=2PO0000DE72  raw=b'2PO0000DE72\r\n'
   23.927  ELL.DONE                addr=2  pos=143.0  dt=0.384  lines=1  leftover=0
   24.331  ARD.TRIG                frame=13  attempt=1
   24.395  ARD.RX                  msg=TRIGGERED  raw=b'TRIGGERED\r\n'  t=0.001
   24.410  ARD.RX                  msg=ARMED  raw=b'ARMED\r\n'  t=0.016
   25.054  ARD.RX                  msg=FRAME_DONE  raw=b'FRAME_DONE\r\n'  t=0.66
   25.055  ARD.FRAME_DONE          frame=13  attempt=1  dt=0.661  leftover=0
   25.056  FRAME.END               frame=13  t_total=1.729  t_hwp=0.214  t_qwp=0.389  t_trig=0.725  attempts=1  flags=ok
   25.057  FRAME.START             frame=14  hwp=112  qwp=137
   25.058  ELL.TX                  addr=0  deg=112  hex=0000AE39  cmd=0ma0000AE39
   25.316  ELL.RX                  addr=0  line=0PO0000AE38  raw=b'0PO0000AE38\r\n'
   25.317  ELL.DONE                addr=0  pos=112.0  dt=0.258  lines=1  leftover=0
   25.318  ELL.TX                  addr=2  deg=137  hex=0000D51C  cmd=2ma0000D51C
   25.652  ELL.RX                  addr=2  line=2PO0000D51B  raw=b'2PO0000D51B\r\n'
   25.658  ELL.DONE                addr=2  pos=137.0  dt=0.339  lines=1  leftover=0
   26.069  ARD.TRIG                frame=14  attempt=1
   26.133  ARD.RX                  msg=TRIGGERED  raw=b'TRIGGERED\r\n'  t=0.0
   26.148  ARD.RX                  msg=ARMED  raw=b'ARMED\r\n'  t=0.016
   26.796  ARD.RX                  msg=FRAME_DONE  raw=b'FRAME_DONE\r\n'  t=0.663
   26.798  ARD.FRAME_DONE          frame=14  attempt=1  dt=0.666  leftover=0
   26.800  FRAME.END               frame=14  t_total=1.743  t_hwp=0.26  t_qwp=0.343  t_trig=0.732  attempts=1  flags=ok
   26.808  LOOP.END              
