    0.046  SESSION.START           log=D:\1_software\Experimental control software\2023_06_22 new pSHG sequence MIRA\pshg_diag_20260623_140913.log  csv=D:\1_software\Experimental control software\2023_06_22 new pSHG sequence MIRA\pshg_diag_20260623_140913.csv  file=2023_06_22 new pSHG sequence MIRA.xlsx  drain_stale=True
    0.091  ELL.QUERY               cmd=0in  reply='0IN0E1140051420211501016800023000\r\n'
    0.187  ELL.QUERY               cmd=2in  reply='2IN0E1140064920211501016800023000\r\n'
    0.411  ELL.QUERY               cmd=0ho  reply='0POFFFFFFFD\r\n'
    1.131  ELL.QUERY               cmd=2ho  reply='2PO00000000\r\n'
    1.163  ELL.QUERY               cmd=0gp  reply='0POFFFFFFFD\r\n'
    1.227  ELL.QUERY               cmd=2gp  reply='2POFFFFFFF7\r\n'
    2.241  LOOP.START            
    3.252  FRAME.START             frame=1  hwp=20  qwp=155
    3.253  ELL.TX                  addr=0  deg=20  hex=00001F1C  cmd=0ma00001F1C
    3.451  ELL.RX                  addr=0  line=0PO00001F1F  raw=b'0PO00001F1F\r\n'
    3.455  ELL.DONE                addr=0  pos=20.01  dt=0.199  lines=1  leftover=0
    3.459  ELL.TX                  addr=2  deg=155  hex=0000F11C  cmd=2ma0000F11C
    4.091  ELL.RX                  addr=2  line=2PO0000F11F  raw=b'2PO0000F11F\r\n'
    4.095  ELL.DONE                addr=2  pos=155.01  dt=0.631  lines=1  leftover=0
    4.503  ARD.TRIG                frame=1  attempt=1
    4.568  ARD.RX                  msg=TRIGGERED  raw=b'TRIGGERED\r\n'  t=0.001
    4.583  ARD.RX                  msg=ARMED  raw=b'ARMED\r\n'  t=0.016
    5.227  ARD.RX                  msg=FRAME_DONE  raw=b'FRAME_DONE\r\n'  t=0.66
    5.229  ARD.FRAME_DONE          frame=1  attempt=1  dt=0.662  leftover=0
    5.229  FRAME.END               frame=1  t_total=1.978  t_hwp=0.206  t_qwp=0.64  t_trig=0.726  attempts=1  flags=ok
    5.234  FRAME.START             frame=2  hwp=18  qwp=143
    5.235  ELL.TX                  addr=0  deg=18  hex=00001C00  cmd=0ma00001C00
    5.339  ELL.RX                  addr=0  line=0PO00001C00  raw=b'0PO00001C00\r\n'
    5.341  ELL.DONE                addr=0  pos=18.0  dt=0.105  lines=1  leftover=0
    5.342  ELL.TX                  addr=2  deg=143  hex=0000DE72  cmd=2ma0000DE72
    5.675  ELL.RX                  addr=2  line=2PO0000DE72  raw=b'2PO0000DE72\r\n'
    5.676  ELL.DONE                addr=2  pos=143.0  dt=0.333  lines=1  leftover=0
    6.078  ARD.TRIG                frame=2  attempt=1
    6.143  ARD.RX                  msg=TRIGGERED  raw=b'TRIGGERED\r\n'  t=0.001
    6.158  ARD.RX                  msg=ARMED  raw=b'ARMED\r\n'  t=0.016
    6.807  ARD.RX                  msg=FRAME_DONE  raw=b'FRAME_DONE\r\n'  t=0.666
    6.809  ARD.FRAME_DONE          frame=2  attempt=1  dt=0.667  leftover=0
    6.810  FRAME.END               frame=2  t_total=1.576  t_hwp=0.107  t_qwp=0.335  t_trig=0.731  attempts=1  flags=ok
    6.812  FRAME.START             frame=3  hwp=27  qwp=138
    6.813  ELL.TX                  addr=0  deg=27  hex=00002A00  cmd=0ma00002A00
    6.971  ELL.RX                  addr=0  line=0PO000029FF  raw=b'0PO000029FF\r\n'
    6.972  ELL.DONE                addr=0  pos=27.0  dt=0.158  lines=1  leftover=0
    6.973  ELL.TX                  addr=2  deg=138  hex=0000D6AB  cmd=2ma0000D6AB
    7.179  ELL.RX                  addr=2  line=2PO0000D6A9  raw=b'2PO0000D6A9\r\n'
    7.182  ELL.DONE                addr=2  pos=138.0  dt=0.208  lines=1  leftover=0
    7.599  ARD.TRIG                frame=3  attempt=1
    7.663  ARD.RX                  msg=TRIGGERED  raw=b'TRIGGERED\r\n'  t=0.0
    7.679  ARD.RX                  msg=ARMED  raw=b'ARMED\r\n'  t=0.016
    8.320  ARD.RX                  msg=FRAME_DONE  raw=b'FRAME_DONE\r\n'  t=0.657
    8.323  ARD.FRAME_DONE          frame=3  attempt=1  dt=0.661  leftover=0
    8.327  FRAME.END               frame=3  t_total=1.515  t_hwp=0.16  t_qwp=0.211  t_trig=0.728  attempts=1  flags=ok
    8.332  FRAME.START             frame=4  hwp=40  qwp=143
    8.334  ELL.TX                  addr=0  deg=40  hex=00003E39  cmd=0ma00003E39
    8.491  ELL.RX                  addr=0  line=0PO00003E38  raw=b'0PO00003E38\r\n'
    8.493  ELL.DONE                addr=0  pos=40.0  dt=0.157  lines=1  leftover=0
    8.494  ELL.TX                  addr=2  deg=143  hex=0000DE72  cmd=2ma0000DE72
    8.700  ELL.RX                  addr=2  line=2PO0000DE72  raw=b'2PO0000DE72\r\n'
    8.702  ELL.DONE                addr=2  pos=143.0  dt=0.208  lines=1  leftover=0
    9.107  ARD.TRIG                frame=4  attempt=1
    9.170  ARD.RX                  msg=TRIGGERED  raw=b'TRIGGERED\r\n'  t=0.0
    9.186  ARD.RX                  msg=ARMED  raw=b'ARMED\r\n'  t=0.016
    9.827  ARD.RX                  msg=FRAME_DONE  raw=b'FRAME_DONE\r\n'  t=0.657
    9.830  ARD.FRAME_DONE          frame=4  attempt=1  dt=0.66  leftover=0
    9.832  FRAME.END               frame=4  t_total=1.5  t_hwp=0.159  t_qwp=0.211  t_trig=0.726  attempts=1  flags=ok
    9.837  FRAME.START             frame=5  hwp=55  qwp=155
    9.840  ELL.TX                  addr=0  deg=55  hex=0000558E  cmd=0ma0000558E
   10.011  ELL.RX                  addr=0  line=0PO00005591  raw=b'0PO00005591\r\n'
   10.013  ELL.DONE                addr=0  pos=55.01  dt=0.171  lines=1  leftover=0
   10.014  ELL.TX                  addr=2  deg=155  hex=0000F11C  cmd=2ma0000F11C
   10.316  ELL.RX                  addr=2  line=2PO0000F11F  raw=b'2PO0000F11F\r\n'
   10.320  ELL.DONE                addr=2  pos=155.01  dt=0.305  lines=1  leftover=0
   10.739  ARD.TRIG                frame=5  attempt=1
   10.803  ARD.RX                  msg=TRIGGERED  raw=b'TRIGGERED\r\n'  t=0.0
   10.818  ARD.RX                  msg=ARMED  raw=b'ARMED\r\n'  t=0.015
   11.461  ARD.RX                  msg=FRAME_DONE  raw=b'FRAME_DONE\r\n'  t=0.658
   11.463  ARD.FRAME_DONE          frame=5  attempt=1  dt=0.661  leftover=0
   11.465  FRAME.END               frame=5  t_total=1.628  t_hwp=0.174  t_qwp=0.312  t_trig=0.726  attempts=1  flags=ok
   11.469  FRAME.START             frame=6  hwp=67  qwp=168
   11.470  ELL.TX                  addr=0  deg=67  hex=00006839  cmd=0ma00006839
   11.756  ELL.RX                  addr=0  line=0PO00006837  raw=b'0PO00006837\r\n'
   11.761  ELL.DONE                addr=0  pos=67.0  dt=0.288  lines=1  leftover=0
   11.765  ELL.TX                  addr=2  deg=168  hex=00010555  cmd=2ma00010555
   12.172  ELL.RX                  addr=2  line=2PO00010555  raw=b'2PO00010555\r\n'
   12.176  ELL.DONE                addr=2  pos=168.0  dt=0.404  lines=1  leftover=0
   12.584  ARD.TRIG                frame=6  attempt=1
   12.648  ARD.RX                  msg=TRIGGERED  raw=b'TRIGGERED\r\n'  t=0.0
   12.664  ARD.RX                  msg=ARMED  raw=b'ARMED\r\n'  t=0.016
   13.308  ARD.RX                  msg=FRAME_DONE  raw=b'FRAME_DONE\r\n'  t=0.661
   13.309  ARD.FRAME_DONE          frame=6  attempt=1  dt=0.662  leftover=0
   13.310  FRAME.END               frame=6  t_total=1.842  t_hwp=0.294  t_qwp=0.414  t_trig=0.727  attempts=1  flags=ok
   13.312  FRAME.START             frame=7  hwp=78  qwp=178
   13.312  ELL.TX                  addr=0  deg=78  hex=00007955  cmd=0ma00007955
   13.484  ELL.RX                  addr=0  line=0PO00007952  raw=b'0PO00007952\r\n'
   13.485  ELL.DONE                addr=0  pos=77.99  dt=0.172  lines=1  leftover=0
   13.486  ELL.TX                  addr=2  deg=178  hex=000114E4  cmd=2ma000114E4
   13.724  ELL.RX                  addr=2  line=2PO000114E3  raw=b'2PO000114E3\r\n'
   13.728  ELL.DONE                addr=2  pos=178.0  dt=0.24  lines=1  leftover=0
   14.141  ARD.TRIG                frame=7  attempt=1
   14.205  ARD.RX                  msg=TRIGGERED  raw=b'TRIGGERED\r\n'  t=0.0
   14.221  ARD.RX                  msg=ARMED  raw=b'ARMED\r\n'  t=0.016
   14.865  ARD.RX                  msg=FRAME_DONE  raw=b'FRAME_DONE\r\n'  t=0.66
   14.870  ARD.FRAME_DONE          frame=7  attempt=1  dt=0.665  leftover=0
   14.874  FRAME.END               frame=7  t_total=1.562  t_hwp=0.174  t_qwp=0.244  t_trig=0.733  attempts=1  flags=ok
   14.882  FRAME.START             frame=8  hwp=91  qwp=186
   14.885  ELL.TX                  addr=0  deg=91  hex=00008D8E  cmd=0ma00008D8E
   15.132  ELL.RX                  addr=0  line=0PO00008D8F  raw=b'0PO00008D8F\r\n'
   15.133  ELL.DONE                addr=0  pos=91.0  dt=0.244  lines=1  leftover=0
   15.134  ELL.TX                  addr=2  deg=186  hex=00012155  cmd=2ma00012155
   15.404  ELL.RX                  addr=2  line=2PO00012153  raw=b'2PO00012153\r\n'
   15.407  ELL.DONE                addr=2  pos=185.99  dt=0.272  lines=1  leftover=0
   15.814  ARD.TRIG                frame=8  attempt=1
   15.879  ARD.RX                  msg=TRIGGERED  raw=b'TRIGGERED\r\n'  t=0.001
   15.895  ARD.RX                  msg=ARMED  raw=b'ARMED\r\n'  t=0.016
   16.536  ARD.RX                  msg=FRAME_DONE  raw=b'FRAME_DONE\r\n'  t=0.658
   16.541  ARD.FRAME_DONE          frame=8  attempt=1  dt=0.663  leftover=0
   16.546  FRAME.END               frame=8  t_total=1.664  t_hwp=0.249  t_qwp=0.277  t_trig=0.731  attempts=1  flags=ok
   16.551  FRAME.START             frame=9  hwp=102  qwp=186
   16.552  ELL.TX                  addr=0  deg=102  hex=00009EAB  cmd=0ma00009EAB
   16.764  ELL.RX                  addr=0  line=0PO00009EAD  raw=b'0PO00009EAD\r\n'
   16.769  ELL.DONE                addr=0  pos=102.01  dt=0.215  lines=1  leftover=0
   16.773  ELL.TX                  addr=2  deg=186  hex=00012155  cmd=2ma00012155
   16.877  ELL.RX                  addr=2  line=2PO00012158  raw=b'2PO00012158\r\n'
   16.880  ELL.DONE                addr=2  pos=186.01  dt=0.103  lines=1  leftover=0
   17.297  ARD.TRIG                frame=9  attempt=1
   17.361  ARD.RX                  msg=TRIGGERED  raw=b'TRIGGERED\r\n'  t=0.0
   17.376  ARD.RX                  msg=ARMED  raw=b'ARMED\r\n'  t=0.016
   18.018  ARD.RX                  msg=FRAME_DONE  raw=b'FRAME_DONE\r\n'  t=0.658
   18.020  ARD.FRAME_DONE          frame=9  attempt=1  dt=0.659  leftover=0
   18.021  FRAME.END               frame=9  t_total=1.47  t_hwp=0.22  t_qwp=0.111  t_trig=0.724  attempts=1  flags=ok
   18.023  FRAME.START             frame=10  hwp=106  qwp=178
   18.024  ELL.TX                  addr=0  deg=106  hex=0000A4E4  cmd=0ma0000A4E4
   18.236  ELL.RX                  addr=0  line=0PO0000A4E7  raw=b'0PO0000A4E7\r\n'
   18.239  ELL.DONE                addr=0  pos=106.01  dt=0.215  lines=1  leftover=0
   18.241  ELL.TX                  addr=2  deg=178  hex=000114E4  cmd=2ma000114E4
   18.669  ELL.RX                  addr=2  line=2PO000114E7  raw=b'2PO000114E7\r\n'
   18.674  ELL.DONE                addr=2  pos=178.01  dt=0.43  lines=1  leftover=0
   19.080  ARD.TRIG                frame=10  attempt=1
   19.144  ARD.RX                  msg=TRIGGERED  raw=b'TRIGGERED\r\n'  t=0.0
   19.160  ARD.RX                  msg=ARMED  raw=b'ARMED\r\n'  t=0.016
   19.804  ARD.RX                  msg=FRAME_DONE  raw=b'FRAME_DONE\r\n'  t=0.661
   19.807  ARD.FRAME_DONE          frame=10  attempt=1  dt=0.663  leftover=0
   19.809  FRAME.END               frame=10  t_total=1.786  t_hwp=0.217  t_qwp=0.436  t_trig=0.729  attempts=1  flags=ok
   19.814  FRAME.START             frame=11  hwp=106  qwp=167
   19.817  ELL.TX                  addr=0  deg=106  hex=0000A4E4  cmd=0ma0000A4E4
   19.852  ELL.RX                  addr=0  line=0PO0000A4E4  raw=b'0PO0000A4E4\r\n'
   19.853  ELL.DONE                addr=0  pos=106.0  dt=0.035  lines=1  leftover=0
   19.854  ELL.TX                  addr=2  deg=167  hex=000103C7  cmd=2ma000103C7
   19.980  ELL.RX                  addr=2  line=2PO000103C7  raw=b'2PO000103C7\r\n'
   19.981  ELL.DONE                addr=2  pos=167.0  dt=0.126  lines=1  leftover=0
   20.395  ARD.TRIG                frame=11  attempt=1
   20.460  ARD.RX                  msg=TRIGGERED  raw=b'TRIGGERED\r\n'  t=0.0
   20.475  ARD.RX                  msg=ARMED  raw=b'ARMED\r\n'  t=0.016
   21.119  ARD.RX                  msg=FRAME_DONE  raw=b'FRAME_DONE\r\n'  t=0.66
   21.125  ARD.FRAME_DONE          frame=11  attempt=1  dt=0.665  leftover=0
   21.129  FRAME.END               frame=11  t_total=1.314  t_hwp=0.038  t_qwp=0.128  t_trig=0.733  attempts=1  flags=ok
   21.139  FRAME.START             frame=12  hwp=105  qwp=155
   21.141  ELL.TX                  addr=0  deg=105  hex=0000A355  cmd=0ma0000A355
   21.324  ELL.RX                  addr=0  line=0PO0000A353  raw=b'0PO0000A353\r\n'
   21.325  ELL.DONE                addr=0  pos=104.99  dt=0.183  lines=1  leftover=0
   21.326  ELL.TX                  addr=2  deg=155  hex=0000F11C  cmd=2ma0000F11C
   21.581  ELL.RX                  addr=2  line=2PO0000F11C  raw=b'2PO0000F11C\r\n'
   21.585  ELL.DONE                addr=2  pos=155.0  dt=0.257  lines=1  leftover=0
   22.003  ARD.TRIG                frame=12  attempt=1
   22.067  ARD.RX                  msg=TRIGGERED  raw=b'TRIGGERED\r\n'  t=0.001
   22.083  ARD.RX                  msg=ARMED  raw=b'ARMED\r\n'  t=0.016
   22.728  ARD.RX                  msg=FRAME_DONE  raw=b'FRAME_DONE\r\n'  t=0.661
   22.731  ARD.FRAME_DONE          frame=12  attempt=1  dt=0.664  leftover=0
   22.732  FRAME.END               frame=12  t_total=1.593  t_hwp=0.186  t_qwp=0.264  t_trig=0.729  attempts=1  flags=ok
   22.735  FRAME.START             frame=13  hwp=104  qwp=143
   22.737  ELL.TX                  addr=0  deg=104  hex=0000A1C7  cmd=0ma0000A1C7
   22.893  ELL.RX                  addr=0  line=0PO0000A1C7  raw=b'0PO0000A1C7\r\n'
   22.894  ELL.DONE                addr=0  pos=104.0  dt=0.155  lines=1  leftover=0
   22.895  ELL.TX                  addr=2  deg=143  hex=0000DE72  cmd=2ma0000DE72
   23.213  ELL.RX                  addr=2  line=2PO0000DE6F  raw=b'2PO0000DE6F\r\n'
   23.214  ELL.DONE                addr=2  pos=142.99  dt=0.317  lines=1  leftover=0
   23.624  ARD.TRIG                frame=13  attempt=1
   23.689  ARD.RX                  msg=TRIGGERED  raw=b'TRIGGERED\r\n'  t=0.001
   23.704  ARD.RX                  msg=ARMED  raw=b'ARMED\r\n'  t=0.016
   24.346  ARD.RX                  msg=FRAME_DONE  raw=b'FRAME_DONE\r\n'  t=0.659
   24.348  ARD.FRAME_DONE          frame=13  attempt=1  dt=0.66  leftover=0
   24.350  FRAME.END               frame=13  t_total=1.615  t_hwp=0.158  t_qwp=0.321  t_trig=0.727  attempts=1  flags=ok
   24.353  FRAME.START             frame=14  hwp=112  qwp=137
   24.354  ELL.TX                  addr=0  deg=112  hex=0000AE39  cmd=0ma0000AE39
   24.589  ELL.RX                  addr=0  line=0PO0000AE3B  raw=b'0PO0000AE3B\r\n'
   24.590  ELL.DONE                addr=0  pos=112.01  dt=0.234  lines=1  leftover=0
   24.591  ELL.TX                  addr=2  deg=137  hex=0000D51C  cmd=2ma0000D51C
   24.845  ELL.RX                  addr=2  line=2PO0000D51F  raw=b'2PO0000D51F\r\n'
   24.849  ELL.DONE                addr=2  pos=137.01  dt=0.258  lines=1  leftover=0
   25.265  ARD.TRIG                frame=14  attempt=1
   25.330  ARD.RX                  msg=TRIGGERED  raw=b'TRIGGERED\r\n'  t=0.0
   25.345  ARD.RX                  msg=ARMED  raw=b'ARMED\r\n'  t=0.016
   25.985  ARD.RX                  msg=FRAME_DONE  raw=b'FRAME_DONE\r\n'  t=0.655
   25.987  ARD.FRAME_DONE          frame=14  attempt=1  dt=0.657  leftover=0
   25.989  FRAME.END               frame=14  t_total=1.636  t_hwp=0.237  t_qwp=0.262  t_trig=0.724  attempts=1  flags=ok
   25.996  LOOP.END              
