    0.213  SESSION.START           log=D:\1_software\Experimental control software\2023_06_22 new pSHG sequence MIRA\pshg_diag_20260622_185127.log  csv=D:\1_software\Experimental control software\2023_06_22 new pSHG sequence MIRA\pshg_diag_20260622_185127.csv  file=2023_06_22 new pSHG sequence MIRA.xlsx  drain_stale=True
    0.259  ELL.QUERY               cmd=0in  reply='0IN0E1140051420211501016800023000\r\n'
    0.355  ELL.QUERY               cmd=2in  reply='2IN0E1140064920211501016800023000\r\n'
    0.819  ELL.QUERY               cmd=0ho  reply='0PO00000000\r\n'
    1.315  ELL.QUERY               cmd=2ho  reply='2POFFFFFFFF\r\n'
    1.347  ELL.QUERY               cmd=0gp  reply='0PO00000001\r\n'
    1.411  ELL.QUERY               cmd=2gp  reply='2PO00000007\r\n'
    2.428  LOOP.START            
    3.444  FRAME.START             frame=1  hwp=20  qwp=155
    3.446  ELL.TX                  addr=0  deg=20  hex=00001F1C  cmd=0ma00001F1C
    3.603  ELL.RX                  addr=0  line=0PO00001F1C  raw=b'0PO00001F1C\r\n'
    3.604  ELL.DONE                addr=0  pos=20.0  dt=0.156  lines=1  leftover=0
    3.605  ELL.TX                  addr=2  deg=155  hex=0000F11C  cmd=2ma0000F11C
    4.179  ELL.RX                  addr=2  line=2PO0000F11E  raw=b'2PO0000F11E\r\n'
    4.181  ELL.DONE                addr=2  pos=155.0  dt=0.574  lines=1  leftover=0
    4.594  ARD.TRIG                frame=1  attempt=1
    4.658  ARD.RX                  msg=TRIGGERED  raw=b'TRIGGERED\r\n'  t=0.0
    4.674  ARD.RX                  msg=ARMED  raw=b'ARMED\r\n'  t=0.016
    5.312  ARD.RX                  msg=FRAME_DONE  raw=b'FRAME_DONE\r\n'  t=0.654
    5.313  ARD.FRAME_DONE          frame=1  attempt=1  dt=0.655  leftover=0
    5.313  FRAME.END               frame=1  t_total=1.87  t_hwp=0.159  t_qwp=0.576  t_trig=0.72  attempts=1  flags=ok
    5.315  FRAME.START             frame=2  hwp=18  qwp=143
    5.316  ELL.TX                  addr=0  deg=18  hex=00001C00  cmd=0ma00001C00
    5.395  ELL.RX                  addr=0  line=0PO00001C03  raw=b'0PO00001C03\r\n'
    5.397  ELL.DONE                addr=0  pos=18.01  dt=0.08  lines=1  leftover=0
    5.397  ELL.TX                  addr=2  deg=143  hex=0000DE72  cmd=2ma0000DE72
    5.683  ELL.RX                  addr=2  line=2PO0000DE6F  raw=b'2PO0000DE6F\r\n'
    5.685  ELL.DONE                addr=2  pos=142.99  dt=0.286  lines=1  leftover=0
    6.100  ARD.TRIG                frame=2  attempt=1
    6.164  ARD.RX                  msg=TRIGGERED  raw=b'TRIGGERED\r\n'  t=0.001
    6.179  ARD.RX                  msg=ARMED  raw=b'ARMED\r\n'  t=0.016
    6.822  ARD.RX                  msg=FRAME_DONE  raw=b'FRAME_DONE\r\n'  t=0.659
    6.826  ARD.FRAME_DONE          frame=2  attempt=1  dt=0.662  leftover=0
    6.827  FRAME.END               frame=2  t_total=1.512  t_hwp=0.081  t_qwp=0.288  t_trig=0.727  attempts=1  flags=ok
    6.831  FRAME.START             frame=3  hwp=27  qwp=138
    6.833  ELL.TX                  addr=0  deg=27  hex=00002A00  cmd=0ma00002A00
    6.995  ELL.RX                  addr=0  line=0PO00002A00  raw=b'0PO00002A00\r\n'
    6.997  ELL.DONE                addr=0  pos=27.0  dt=0.161  lines=1  leftover=0
    6.998  ELL.TX                  addr=2  deg=138  hex=0000D6AB  cmd=2ma0000D6AB
    7.123  ELL.RX                  addr=2  line=2PO0000D6AC  raw=b'2PO0000D6AC\r\n'
    7.125  ELL.DONE                addr=2  pos=138.0  dt=0.125  lines=1  leftover=0
    7.532  ARD.TRIG                frame=3  attempt=1
    7.595  ARD.RX                  msg=TRIGGERED  raw=b'TRIGGERED\r\n'  t=0.001
    7.610  ARD.RX                  msg=ARMED  raw=b'ARMED\r\n'  t=0.016
    8.256  ARD.RX                  msg=FRAME_DONE  raw=b'FRAME_DONE\r\n'  t=0.662
    8.258  ARD.FRAME_DONE          frame=3  attempt=1  dt=0.664  leftover=0
    8.259  FRAME.END               frame=3  t_total=1.428  t_hwp=0.165  t_qwp=0.127  t_trig=0.728  attempts=1  flags=ok
    8.261  FRAME.START             frame=4  hwp=40  qwp=143
    8.262  ELL.TX                  addr=0  deg=40  hex=00003E39  cmd=0ma00003E39
    8.468  ELL.RX                  addr=0  line=0PO00003E38  raw=b'0PO00003E38\r\n'
    8.473  ELL.DONE                addr=0  pos=40.0  dt=0.209  lines=1  leftover=0
    8.476  ELL.TX                  addr=2  deg=143  hex=0000DE72  cmd=2ma0000DE72
    8.596  ELL.RX                  addr=2  line=2PO0000DE75  raw=b'2PO0000DE75\r\n'
    8.597  ELL.DONE                addr=2  pos=143.01  dt=0.116  lines=1  leftover=0
    9.012  ARD.TRIG                frame=4  attempt=1
    9.077  ARD.RX                  msg=TRIGGERED  raw=b'TRIGGERED\r\n'  t=0.001
    9.092  ARD.RX                  msg=ARMED  raw=b'ARMED\r\n'  t=0.016
    9.731  ARD.RX                  msg=FRAME_DONE  raw=b'FRAME_DONE\r\n'  t=0.655
    9.733  ARD.FRAME_DONE          frame=4  attempt=1  dt=0.656  leftover=0
    9.734  FRAME.END               frame=4  t_total=1.473  t_hwp=0.214  t_qwp=0.122  t_trig=0.722  attempts=1  flags=ok
    9.736  FRAME.START             frame=5  hwp=55  qwp=155
    9.736  ELL.TX                  addr=0  deg=55  hex=0000558E  cmd=0ma0000558E
    9.988  ELL.RX                  addr=0  line=0PO0000558E  raw=b'0PO0000558E\r\n'
    9.989  ELL.DONE                addr=0  pos=55.0  dt=0.251  lines=1  leftover=0
    9.990  ELL.TX                  addr=2  deg=155  hex=0000F11C  cmd=2ma0000F11C
   10.356  ELL.RX                  addr=2  line=2PO0000F11A  raw=b'2PO0000F11A\r\n'
   10.357  ELL.DONE                addr=2  pos=154.99  dt=0.366  lines=1  leftover=0
   10.765  ARD.TRIG                frame=5  attempt=1
   10.828  ARD.RX                  msg=TRIGGERED  raw=b'TRIGGERED\r\n'  t=0.001
   10.842  ARD.RX                  msg=ARMED  raw=b'ARMED\r\n'  t=0.015
   11.488  ARD.RX                  msg=FRAME_DONE  raw=b'FRAME_DONE\r\n'  t=0.661
   11.489  ARD.FRAME_DONE          frame=5  attempt=1  dt=0.662  leftover=0
   11.490  FRAME.END               frame=5  t_total=1.755  t_hwp=0.253  t_qwp=0.368  t_trig=0.725  attempts=1  flags=ok
   11.492  FRAME.START             frame=6  hwp=67  qwp=168
   11.493  ELL.TX                  addr=0  deg=67  hex=00006839  cmd=0ma00006839
   11.764  ELL.RX                  addr=0  line=0PO0000683C  raw=b'0PO0000683C\r\n'
   11.765  ELL.DONE                addr=0  pos=67.01  dt=0.271  lines=1  leftover=0
   11.766  ELL.TX                  addr=2  deg=168  hex=00010555  cmd=2ma00010555
   12.148  ELL.RX                  addr=2  line=2PO00010558  raw=b'2PO00010558\r\n'
   12.149  ELL.DONE                addr=2  pos=168.01  dt=0.383  lines=1  leftover=0
   12.562  ARD.TRIG                frame=6  attempt=1
   12.626  ARD.RX                  msg=TRIGGERED  raw=b'TRIGGERED\r\n'  t=0.0
   12.642  ARD.RX                  msg=ARMED  raw=b'ARMED\r\n'  t=0.016
   13.282  ARD.RX                  msg=FRAME_DONE  raw=b'FRAME_DONE\r\n'  t=0.656
   13.284  ARD.FRAME_DONE          frame=6  attempt=1  dt=0.658  leftover=0
   13.285  FRAME.END               frame=6  t_total=1.793  t_hwp=0.273  t_qwp=0.385  t_trig=0.722  attempts=1  flags=ok
   13.287  FRAME.START             frame=7  hwp=78  qwp=178
   13.289  ELL.TX                  addr=0  deg=78  hex=00007955  cmd=0ma00007955
   13.492  ELL.RX                  addr=0  line=0PO00007954  raw=b'0PO00007954\r\n'
   13.493  ELL.DONE                addr=0  pos=78.0  dt=0.203  lines=1  leftover=0
   13.494  ELL.TX                  addr=2  deg=178  hex=000114E4  cmd=2ma000114E4
   13.796  ELL.RX                  addr=2  line=2PO000114E7  raw=b'2PO000114E7\r\n'
   13.797  ELL.DONE                addr=2  pos=178.01  dt=0.301  lines=1  leftover=0
   14.198  ARD.TRIG                frame=7  attempt=1
   14.262  ARD.RX                  msg=TRIGGERED  raw=b'TRIGGERED\r\n'  t=0.0
   14.278  ARD.RX                  msg=ARMED  raw=b'ARMED\r\n'  t=0.016
   14.916  ARD.RX                  msg=FRAME_DONE  raw=b'FRAME_DONE\r\n'  t=0.654
   14.918  ARD.FRAME_DONE          frame=7  attempt=1  dt=0.655  leftover=0
   14.918  FRAME.END               frame=7  t_total=1.631  t_hwp=0.206  t_qwp=0.304  t_trig=0.721  attempts=1  flags=ok
   14.920  FRAME.START             frame=8  hwp=91  qwp=186
   14.921  ELL.TX                  addr=0  deg=91  hex=00008D8E  cmd=0ma00008D8E
   15.268  ELL.RX                  addr=0  line=0PO00008D8D  raw=b'0PO00008D8D\r\n'
   15.269  ELL.DONE                addr=0  pos=91.0  dt=0.348  lines=1  leftover=0
   15.270  ELL.TX                  addr=2  deg=186  hex=00012155  cmd=2ma00012155
   15.476  ELL.RX                  addr=2  line=2PO00012153  raw=b'2PO00012153\r\n'
   15.477  ELL.DONE                addr=2  pos=185.99  dt=0.206  lines=1  leftover=0
   15.894  ARD.TRIG                frame=8  attempt=1
   15.958  ARD.RX                  msg=TRIGGERED  raw=b'TRIGGERED\r\n'  t=0.0
   15.974  ARD.RX                  msg=ARMED  raw=b'ARMED\r\n'  t=0.016
   16.614  ARD.RX                  msg=FRAME_DONE  raw=b'FRAME_DONE\r\n'  t=0.656
   16.615  ARD.FRAME_DONE          frame=8  attempt=1  dt=0.657  leftover=0
   16.617  FRAME.END               frame=8  t_total=1.697  t_hwp=0.349  t_qwp=0.208  t_trig=0.724  attempts=1  flags=ok
   16.619  FRAME.START             frame=9  hwp=102  qwp=186
   16.620  ELL.TX                  addr=0  deg=102  hex=00009EAB  cmd=0ma00009EAB
   16.916  ELL.RX                  addr=0  line=0PO00009EA8  raw=b'0PO00009EA8\r\n'
   16.917  ELL.DONE                addr=0  pos=101.99  dt=0.296  lines=1  leftover=0
   16.918  ELL.TX                  addr=2  deg=186  hex=00012155  cmd=2ma00012155
   17.012  ELL.RX                  addr=2  line=2PO00012157  raw=b'2PO00012157\r\n'
   17.017  ELL.DONE                addr=2  pos=186.0  dt=0.098  lines=1  leftover=0
   17.426  ARD.TRIG                frame=9  attempt=1
   17.490  ARD.RX                  msg=TRIGGERED  raw=b'TRIGGERED\r\n'  t=0.0
   17.506  ARD.RX                  msg=ARMED  raw=b'ARMED\r\n'  t=0.016
   18.144  ARD.RX                  msg=FRAME_DONE  raw=b'FRAME_DONE\r\n'  t=0.654
   18.145  ARD.FRAME_DONE          frame=9  attempt=1  dt=0.655  leftover=0
   18.146  FRAME.END               frame=9  t_total=1.527  t_hwp=0.298  t_qwp=0.102  t_trig=0.72  attempts=1  flags=ok
   18.148  FRAME.START             frame=10  hwp=106  qwp=178
   18.149  ELL.TX                  addr=0  deg=106  hex=0000A4E4  cmd=0ma0000A4E4
   18.324  ELL.RX                  addr=0  line=0PO0000A4E7  raw=b'0PO0000A4E7\r\n'
   18.325  ELL.DONE                addr=0  pos=106.01  dt=0.175  lines=1  leftover=0
   18.326  ELL.TX                  addr=2  deg=178  hex=000114E4  cmd=2ma000114E4
   18.484  ELL.RX                  addr=2  line=2PO000114E6  raw=b'2PO000114E6\r\n'
   18.485  ELL.DONE                addr=2  pos=178.01  dt=0.158  lines=1  leftover=0
   18.898  ARD.TRIG                frame=10  attempt=1
   18.962  ARD.RX                  msg=TRIGGERED  raw=b'TRIGGERED\r\n'  t=0.0
   18.978  ARD.RX                  msg=ARMED  raw=b'ARMED\r\n'  t=0.016
   19.618  ARD.RX                  msg=FRAME_DONE  raw=b'FRAME_DONE\r\n'  t=0.656
   19.620  ARD.FRAME_DONE          frame=10  attempt=1  dt=0.657  leftover=0
   19.621  FRAME.END               frame=10  t_total=1.473  t_hwp=0.178  t_qwp=0.16  t_trig=0.723  attempts=1  flags=ok
   19.623  FRAME.START             frame=11  hwp=106  qwp=167
   19.624  ELL.TX                  addr=0  deg=106  hex=0000A4E4  cmd=0ma0000A4E4
   19.684  ELL.RX                  addr=0  line=0PO0000A4E6  raw=b'0PO0000A4E6\r\n'
   19.685  ELL.DONE                addr=0  pos=106.01  dt=0.06  lines=1  leftover=0
   19.686  ELL.TX                  addr=2  deg=167  hex=000103C7  cmd=2ma000103C7
   19.972  ELL.RX                  addr=2  line=2PO000103C7  raw=b'2PO000103C7\r\n'
   19.974  ELL.DONE                addr=2  pos=167.0  dt=0.286  lines=1  leftover=0
   20.383  ARD.TRIG                frame=11  attempt=1
   20.446  ARD.RX                  msg=TRIGGERED  raw=b'TRIGGERED\r\n'  t=0.0
   20.462  ARD.RX                  msg=ARMED  raw=b'ARMED\r\n'  t=0.016
   21.109  ARD.RX                  msg=FRAME_DONE  raw=b'FRAME_DONE\r\n'  t=0.663
   21.110  ARD.FRAME_DONE          frame=11  attempt=1  dt=0.664  leftover=0
   21.112  FRAME.END               frame=11  t_total=1.489  t_hwp=0.062  t_qwp=0.288  t_trig=0.729  attempts=1  flags=ok
   21.114  FRAME.START             frame=12  hwp=105  qwp=155
   21.116  ELL.TX                  addr=0  deg=105  hex=0000A355  cmd=0ma0000A355
   21.316  ELL.RX                  addr=0  line=0PO0000A356  raw=b'0PO0000A356\r\n'
   21.318  ELL.DONE                addr=0  pos=105.0  dt=0.201  lines=1  leftover=0
   21.318  ELL.TX                  addr=2  deg=155  hex=0000F11C  cmd=2ma0000F11C
   21.620  ELL.RX                  addr=2  line=2PO0000F11D  raw=b'2PO0000F11D\r\n'
   21.622  ELL.DONE                addr=2  pos=155.0  dt=0.302  lines=1  leftover=0
   22.023  ARD.TRIG                frame=12  attempt=1
   22.088  ARD.RX                  msg=TRIGGERED  raw=b'TRIGGERED\r\n'  t=0.0
   22.103  ARD.RX                  msg=ARMED  raw=b'ARMED\r\n'  t=0.016
   22.743  ARD.RX                  msg=FRAME_DONE  raw=b'FRAME_DONE\r\n'  t=0.656
   22.746  ARD.FRAME_DONE          frame=12  attempt=1  dt=0.659  leftover=0
   22.750  FRAME.END               frame=12  t_total=1.635  t_hwp=0.203  t_qwp=0.304  t_trig=0.726  attempts=1  flags=ok
   22.754  FRAME.START             frame=13  hwp=104  qwp=143
   22.756  ELL.TX                  addr=0  deg=104  hex=0000A1C7  cmd=0ma0000A1C7
   22.964  ELL.RX                  addr=0  line=0PO0000A1C7  raw=b'0PO0000A1C7\r\n'
   22.965  ELL.DONE                addr=0  pos=104.0  dt=0.206  lines=1  leftover=0
   22.966  ELL.TX                  addr=2  deg=143  hex=0000DE72  cmd=2ma0000DE72
   23.108  ELL.RX                  addr=2  line=2PO0000DE72  raw=b'2PO0000DE72\r\n'
   23.109  ELL.DONE                addr=2  pos=143.0  dt=0.142  lines=1  leftover=0
   23.511  ARD.TRIG                frame=13  attempt=1
   23.576  ARD.RX                  msg=TRIGGERED  raw=b'TRIGGERED\r\n'  t=0.0
   23.592  ARD.RX                  msg=ARMED  raw=b'ARMED\r\n'  t=0.016
   24.230  ARD.RX                  msg=FRAME_DONE  raw=b'FRAME_DONE\r\n'  t=0.655
   24.231  ARD.FRAME_DONE          frame=13  attempt=1  dt=0.656  leftover=0
   24.232  FRAME.END               frame=13  t_total=1.478  t_hwp=0.21  t_qwp=0.144  t_trig=0.721  attempts=1  flags=ok
   24.234  FRAME.START             frame=14  hwp=112  qwp=137
   24.235  ELL.TX                  addr=0  deg=112  hex=0000AE39  cmd=0ma0000AE39
   24.485  ELL.RX                  addr=0  line=0PO0000AE39  raw=b'0PO0000AE39\r\n'
   24.489  ELL.DONE                addr=0  pos=112.0  dt=0.253  lines=1  leftover=0
   24.493  ELL.TX                  addr=2  deg=137  hex=0000D51C  cmd=2ma0000D51C
   24.821  ELL.RX                  addr=2  line=2PO0000D519  raw=b'2PO0000D519\r\n'
   24.823  ELL.DONE                addr=2  pos=136.99  dt=0.324  lines=1  leftover=0
   25.226  ARD.TRIG                frame=14  attempt=1
   25.291  ARD.RX                  msg=TRIGGERED  raw=b'TRIGGERED\r\n'  t=0.0
   25.306  ARD.RX                  msg=ARMED  raw=b'ARMED\r\n'  t=0.016
   25.946  ARD.RX                  msg=FRAME_DONE  raw=b'FRAME_DONE\r\n'  t=0.656
   25.948  ARD.FRAME_DONE          frame=14  attempt=1  dt=0.657  leftover=0
   25.949  FRAME.END               frame=14  t_total=1.715  t_hwp=0.258  t_qwp=0.334  t_trig=0.722  attempts=1  flags=ok
   25.951  LOOP.END              
