    0.028  SESSION.START           log=D:\1_software\Experimental control software\2023_06_22 new pSHG sequence MIRA\pshg_diag_20260623_141737.log  csv=D:\1_software\Experimental control software\2023_06_22 new pSHG sequence MIRA\pshg_diag_20260623_141737.csv  file=2023_06_22 new pSHG sequence MIRA.xlsx  drain_stale=True
    0.082  ELL.QUERY               cmd=0in  reply='0IN0E1140051420211501016800023000\r\n'
    0.178  ELL.QUERY               cmd=2in  reply='2IN0E1140064920211501016800023000\r\n'
    0.674  ELL.QUERY               cmd=0ho  reply='0PO00000003\r\n'
    1.170  ELL.QUERY               cmd=2ho  reply='2PO00000001\r\n'
    1.202  ELL.QUERY               cmd=0gp  reply='0PO00000003\r\n'
    1.282  ELL.QUERY               cmd=2gp  reply='2PO00000004\r\n'
    2.288  LOOP.START            
    3.311  FRAME.START             frame=1  hwp=20  qwp=155
    3.316  ELL.TX                  addr=0  deg=20  hex=00001F1C  cmd=0ma00001F1C
    3.587  ELL.RX                  addr=0  line=0PO00001F1A  raw=b'0PO00001F1A\r\n'
    3.591  ELL.DONE                addr=0  pos=19.99  dt=0.27  lines=1  leftover=0
    3.595  ELL.TX                  addr=2  deg=155  hex=0000F11C  cmd=2ma0000F11C
    4.275  ELL.RX                  addr=2  line=2PO0000F11E  raw=b'2PO0000F11E\r\n'
    4.278  ELL.DONE                addr=2  pos=155.0  dt=0.679  lines=1  leftover=0
    4.685  ARD.TRIG                frame=1  attempt=1
    4.749  ARD.RX                  msg=TRIGGERED  raw=b'TRIGGERED\r\n'  t=0.0
    4.765  ARD.RX                  msg=ARMED  raw=b'ARMED\r\n'  t=0.016
    5.415  ARD.RX                  msg=FRAME_DONE  raw=b'FRAME_DONE\r\n'  t=0.666
    5.418  ARD.FRAME_DONE          frame=1  attempt=1  dt=0.669  leftover=0
    5.420  FRAME.END               frame=1  t_total=2.109  t_hwp=0.279  t_qwp=0.686  t_trig=0.736  attempts=1  flags=SLOW
    5.425  FRAME.START             frame=2  hwp=18  qwp=143
    5.427  ELL.TX                  addr=0  deg=18  hex=00001C00  cmd=0ma00001C00
    5.587  ELL.RX                  addr=0  line=0PO00001C03  raw=b'0PO00001C03\r\n'
    5.588  ELL.DONE                addr=0  pos=18.01  dt=0.16  lines=1  leftover=0
    5.590  ELL.TX                  addr=2  deg=143  hex=0000DE72  cmd=2ma0000DE72
    5.891  ELL.RX                  addr=2  line=2PO0000DE72  raw=b'2PO0000DE72\r\n'
    5.892  ELL.DONE                addr=2  pos=143.0  dt=0.301  lines=1  leftover=0
    6.307  ARD.TRIG                frame=2  attempt=1
    6.372  ARD.RX                  msg=TRIGGERED  raw=b'TRIGGERED\r\n'  t=0.001
    6.388  ARD.RX                  msg=ARMED  raw=b'ARMED\r\n'  t=0.016
    7.026  ARD.RX                  msg=FRAME_DONE  raw=b'FRAME_DONE\r\n'  t=0.655
    7.029  ARD.FRAME_DONE          frame=2  attempt=1  dt=0.658  leftover=0
    7.031  FRAME.END               frame=2  t_total=1.607  t_hwp=0.163  t_qwp=0.303  t_trig=0.724  attempts=1  flags=ok
    7.036  FRAME.START             frame=3  hwp=27  qwp=138
    7.039  ELL.TX                  addr=0  deg=27  hex=00002A00  cmd=0ma00002A00
    7.187  ELL.RX                  addr=0  line=0PO00002A02  raw=b'0PO00002A02\r\n'
    7.188  ELL.DONE                addr=0  pos=27.01  dt=0.147  lines=1  leftover=0
    7.189  ELL.TX                  addr=2  deg=138  hex=0000D6AB  cmd=2ma0000D6AB
    7.539  ELL.RX                  addr=2  line=2PO0000D6AC  raw=b'2PO0000D6AC\r\n'
    7.544  ELL.DONE                addr=2  pos=138.0  dt=0.353  lines=1  leftover=0
    7.959  ARD.TRIG                frame=3  attempt=1
    8.023  ARD.RX                  msg=TRIGGERED  raw=b'TRIGGERED\r\n'  t=0.0
    8.039  ARD.RX                  msg=ARMED  raw=b'ARMED\r\n'  t=0.016
    8.679  ARD.RX                  msg=FRAME_DONE  raw=b'FRAME_DONE\r\n'  t=0.656
    8.681  ARD.FRAME_DONE          frame=3  attempt=1  dt=0.658  leftover=0
    8.684  FRAME.END               frame=3  t_total=1.648  t_hwp=0.151  t_qwp=0.361  t_trig=0.725  attempts=1  flags=ok
    8.690  FRAME.START             frame=4  hwp=40  qwp=143
    8.693  ELL.TX                  addr=0  deg=40  hex=00003E39  cmd=0ma00003E39
    8.835  ELL.RX                  addr=0  line=0PO00003E3A  raw=b'0PO00003E3A\r\n'
    8.836  ELL.DONE                addr=0  pos=40.0  dt=0.14  lines=1  leftover=0
    8.837  ELL.TX                  addr=2  deg=143  hex=0000DE72  cmd=2ma0000DE72
    9.139  ELL.RX                  addr=2  line=2PO0000DE70  raw=b'2PO0000DE70\r\n'
    9.145  ELL.DONE                addr=2  pos=143.0  dt=0.307  lines=1  leftover=0
    9.552  ARD.TRIG                frame=4  attempt=1
    9.617  ARD.RX                  msg=TRIGGERED  raw=b'TRIGGERED\r\n'  t=0.0
    9.632  ARD.RX                  msg=ARMED  raw=b'ARMED\r\n'  t=0.016
   10.274  ARD.RX                  msg=FRAME_DONE  raw=b'FRAME_DONE\r\n'  t=0.657
   10.276  ARD.FRAME_DONE          frame=4  attempt=1  dt=0.659  leftover=0
   10.278  FRAME.END               frame=4  t_total=1.588  t_hwp=0.145  t_qwp=0.313  t_trig=0.726  attempts=1  flags=ok
   10.281  FRAME.START             frame=5  hwp=55  qwp=155
   10.282  ELL.TX                  addr=0  deg=55  hex=0000558E  cmd=0ma0000558E
   10.548  ELL.RX                  addr=0  line=0PO0000558B  raw=b'0PO0000558B\r\n'
   10.552  ELL.DONE                addr=0  pos=54.99  dt=0.269  lines=1  leftover=0
   10.557  ELL.TX                  addr=2  deg=155  hex=0000F11C  cmd=2ma0000F11C
   11.011  ELL.RX                  addr=2  line=2PO0000F11D  raw=b'2PO0000F11D\r\n'
   11.015  ELL.DONE                addr=2  pos=155.0  dt=0.452  lines=1  leftover=0
   11.433  ARD.TRIG                frame=5  attempt=1
   11.497  ARD.RX                  msg=TRIGGERED  raw=b'TRIGGERED\r\n'  t=0.001
   11.513  ARD.RX                  msg=ARMED  raw=b'ARMED\r\n'  t=0.016
   12.154  ARD.RX                  msg=FRAME_DONE  raw=b'FRAME_DONE\r\n'  t=0.657
   12.157  ARD.FRAME_DONE          frame=5  attempt=1  dt=0.659  leftover=0
   12.158  FRAME.END               frame=5  t_total=1.878  t_hwp=0.275  t_qwp=0.461  t_trig=0.726  attempts=1  flags=ok
   12.162  FRAME.START             frame=6  hwp=67  qwp=168
   12.164  ELL.TX                  addr=0  deg=67  hex=00006839  cmd=0ma00006839
   12.371  ELL.RX                  addr=0  line=0PO00006837  raw=b'0PO00006837\r\n'
   12.373  ELL.DONE                addr=0  pos=67.0  dt=0.207  lines=1  leftover=0
   12.374  ELL.TX                  addr=2  deg=168  hex=00010555  cmd=2ma00010555
   12.692  ELL.RX                  addr=2  line=2PO00010557  raw=b'2PO00010557\r\n'
   12.696  ELL.DONE                addr=2  pos=168.0  dt=0.321  lines=1  leftover=0
   13.103  ARD.TRIG                frame=6  attempt=1
   13.167  ARD.RX                  msg=TRIGGERED  raw=b'TRIGGERED\r\n'  t=0.0
   13.183  ARD.RX                  msg=ARMED  raw=b'ARMED\r\n'  t=0.016
   13.825  ARD.RX                  msg=FRAME_DONE  raw=b'FRAME_DONE\r\n'  t=0.659
   13.831  ARD.FRAME_DONE          frame=6  attempt=1  dt=0.664  leftover=0
   13.834  FRAME.END               frame=6  t_total=1.672  t_hwp=0.209  t_qwp=0.326  t_trig=0.731  attempts=1  flags=ok
   13.839  FRAME.START             frame=7  hwp=78  qwp=178
   13.841  ELL.TX                  addr=0  deg=78  hex=00007955  cmd=0ma00007955
   14.052  ELL.RX                  addr=0  line=0PO00007957  raw=b'0PO00007957\r\n'
   14.057  ELL.DONE                addr=0  pos=78.0  dt=0.215  lines=1  leftover=0
   14.061  ELL.TX                  addr=2  deg=178  hex=000114E4  cmd=2ma000114E4
   14.340  ELL.RX                  addr=2  line=2PO000114E7  raw=b'2PO000114E7\r\n'
   14.344  ELL.DONE                addr=2  pos=178.01  dt=0.277  lines=1  leftover=0
   14.762  ARD.TRIG                frame=7  attempt=1
   14.827  ARD.RX                  msg=TRIGGERED  raw=b'TRIGGERED\r\n'  t=0.001
   14.843  ARD.RX                  msg=ARMED  raw=b'ARMED\r\n'  t=0.016
   15.484  ARD.RX                  msg=FRAME_DONE  raw=b'FRAME_DONE\r\n'  t=0.658
   15.485  ARD.FRAME_DONE          frame=7  attempt=1  dt=0.659  leftover=0
   15.486  FRAME.END               frame=7  t_total=1.647  t_hwp=0.22  t_qwp=0.288  t_trig=0.724  attempts=1  flags=ok
   15.489  FRAME.START             frame=8  hwp=91  qwp=186
   15.489  ELL.TX                  addr=0  deg=91  hex=00008D8E  cmd=0ma00008D8E
   15.732  ELL.RX                  addr=0  line=0PO00008D8F  raw=b'0PO00008D8F\r\n'
   15.733  ELL.DONE                addr=0  pos=91.0  dt=0.243  lines=1  leftover=0
   15.735  ELL.TX                  addr=2  deg=186  hex=00012155  cmd=2ma00012155
   16.052  ELL.RX                  addr=2  line=2PO00012157  raw=b'2PO00012157\r\n'
   16.056  ELL.DONE                addr=2  pos=186.0  dt=0.319  lines=1  leftover=0
   16.467  ARD.TRIG                frame=8  attempt=1
   16.532  ARD.RX                  msg=TRIGGERED  raw=b'TRIGGERED\r\n'  t=0.001
   16.547  ARD.RX                  msg=ARMED  raw=b'ARMED\r\n'  t=0.016
   17.192  ARD.RX                  msg=FRAME_DONE  raw=b'FRAME_DONE\r\n'  t=0.661
   17.196  ARD.FRAME_DONE          frame=8  attempt=1  dt=0.665  leftover=0
   17.199  FRAME.END               frame=8  t_total=1.711  t_hwp=0.245  t_qwp=0.327  t_trig=0.733  attempts=1  flags=ok
   17.207  FRAME.START             frame=9  hwp=102  qwp=186
   17.211  ELL.TX                  addr=0  deg=102  hex=00009EAB  cmd=0ma00009EAB
   17.476  ELL.RX                  addr=0  line=0PO00009EA9  raw=b'0PO00009EA9\r\n'
   17.477  ELL.DONE                addr=0  pos=102.0  dt=0.262  lines=1  leftover=0
   17.479  ELL.TX                  addr=2  deg=186  hex=00012155  cmd=2ma00012155
   17.571  ELL.RX                  addr=2  line=2PO00012154  raw=b'2PO00012154\r\n'
   17.574  ELL.DONE                addr=2  pos=186.0  dt=0.094  lines=1  leftover=0
   17.979  ARD.TRIG                frame=9  attempt=1
   18.044  ARD.RX                  msg=TRIGGERED  raw=b'TRIGGERED\r\n'  t=0.0
   18.059  ARD.RX                  msg=ARMED  raw=b'ARMED\r\n'  t=0.016
   18.699  ARD.RX                  msg=FRAME_DONE  raw=b'FRAME_DONE\r\n'  t=0.656
   18.701  ARD.FRAME_DONE          frame=9  attempt=1  dt=0.657  leftover=0
   18.702  FRAME.END               frame=9  t_total=1.494  t_hwp=0.268  t_qwp=0.098  t_trig=0.723  attempts=1  flags=ok
   18.703  FRAME.START             frame=10  hwp=106  qwp=178
   18.704  ELL.TX                  addr=0  deg=106  hex=0000A4E4  cmd=0ma0000A4E4
   18.996  ELL.RX                  addr=0  line=0PO0000A4E6  raw=b'0PO0000A4E6\r\n'
   18.997  ELL.DONE                addr=0  pos=106.01  dt=0.292  lines=1  leftover=0
   18.998  ELL.TX                  addr=2  deg=178  hex=000114E4  cmd=2ma000114E4
   19.284  ELL.RX                  addr=2  line=2PO000114E5  raw=b'2PO000114E5\r\n'
   19.287  ELL.DONE                addr=2  pos=178.0  dt=0.288  lines=1  leftover=0
   19.701  ARD.TRIG                frame=10  attempt=1
   19.765  ARD.RX                  msg=TRIGGERED  raw=b'TRIGGERED\r\n'  t=0.0
   19.781  ARD.RX                  msg=ARMED  raw=b'ARMED\r\n'  t=0.016
   20.424  ARD.RX                  msg=FRAME_DONE  raw=b'FRAME_DONE\r\n'  t=0.659
   20.425  ARD.FRAME_DONE          frame=10  attempt=1  dt=0.661  leftover=0
   20.426  FRAME.END               frame=10  t_total=1.722  t_hwp=0.294  t_qwp=0.291  t_trig=0.725  attempts=1  flags=ok
   20.428  FRAME.START             frame=11  hwp=106  qwp=167
   20.429  ELL.TX                  addr=0  deg=106  hex=0000A4E4  cmd=0ma0000A4E4
   20.468  ELL.RX                  addr=0  line=0PO0000A4E1  raw=b'0PO0000A4E1\r\n'
   20.469  ELL.DONE                addr=0  pos=105.99  dt=0.04  lines=1  leftover=0
   20.470  ELL.TX                  addr=2  deg=167  hex=000103C7  cmd=2ma000103C7
   20.836  ELL.RX                  addr=2  line=2PO000103CA  raw=b'2PO000103CA\r\n'
   20.841  ELL.DONE                addr=2  pos=167.01  dt=0.369  lines=1  leftover=0
   21.250  ARD.TRIG                frame=11  attempt=1
   21.315  ARD.RX                  msg=TRIGGERED  raw=b'TRIGGERED\r\n'  t=0.001
   21.330  ARD.RX                  msg=ARMED  raw=b'ARMED\r\n'  t=0.016
   21.972  ARD.RX                  msg=FRAME_DONE  raw=b'FRAME_DONE\r\n'  t=0.657
   21.974  ARD.FRAME_DONE          frame=11  attempt=1  dt=0.659  leftover=0
   21.975  FRAME.END               frame=11  t_total=1.547  t_hwp=0.041  t_qwp=0.375  t_trig=0.725  attempts=1  flags=ok
   21.977  FRAME.START             frame=12  hwp=105  qwp=155
   21.979  ELL.TX                  addr=0  deg=105  hex=0000A355  cmd=0ma0000A355
   22.164  ELL.RX                  addr=0  line=0PO0000A352  raw=b'0PO0000A352\r\n'
   22.165  ELL.DONE                addr=0  pos=104.99  dt=0.185  lines=1  leftover=0
   22.166  ELL.TX                  addr=2  deg=155  hex=0000F11C  cmd=2ma0000F11C
   22.469  ELL.RX                  addr=2  line=2PO0000F11C  raw=b'2PO0000F11C\r\n'
   22.473  ELL.DONE                addr=2  pos=155.0  dt=0.305  lines=1  leftover=0
   22.890  ARD.TRIG                frame=12  attempt=1
   22.954  ARD.RX                  msg=TRIGGERED  raw=b'TRIGGERED\r\n'  t=0.0
   22.969  ARD.RX                  msg=ARMED  raw=b'ARMED\r\n'  t=0.016
   23.614  ARD.RX                  msg=FRAME_DONE  raw=b'FRAME_DONE\r\n'  t=0.661
   23.617  ARD.FRAME_DONE          frame=12  attempt=1  dt=0.664  leftover=0
   23.621  FRAME.END               frame=12  t_total=1.643  t_hwp=0.187  t_qwp=0.312  t_trig=0.731  attempts=1  flags=ok
   23.626  FRAME.START             frame=13  hwp=104  qwp=143
   23.628  ELL.TX                  addr=0  deg=104  hex=0000A1C7  cmd=0ma0000A1C7
   23.844  ELL.RX                  addr=0  line=0PO0000A1CA  raw=b'0PO0000A1CA\r\n'
   23.845  ELL.DONE                addr=0  pos=104.01  dt=0.216  lines=1  leftover=0
   23.846  ELL.TX                  addr=2  deg=143  hex=0000DE72  cmd=2ma0000DE72
   24.148  ELL.RX                  addr=2  line=2PO0000DE70  raw=b'2PO0000DE70\r\n'
   24.150  ELL.DONE                addr=2  pos=143.0  dt=0.302  lines=1  leftover=0
   24.565  ARD.TRIG                frame=13  attempt=1
   24.629  ARD.RX                  msg=TRIGGERED  raw=b'TRIGGERED\r\n'  t=0.001
   24.645  ARD.RX                  msg=ARMED  raw=b'ARMED\r\n'  t=0.016
   25.286  ARD.RX                  msg=FRAME_DONE  raw=b'FRAME_DONE\r\n'  t=0.657
   25.288  ARD.FRAME_DONE          frame=13  attempt=1  dt=0.66  leftover=0
   25.290  FRAME.END               frame=13  t_total=1.665  t_hwp=0.219  t_qwp=0.304  t_trig=0.726  attempts=1  flags=ok
   25.296  FRAME.START             frame=14  hwp=112  qwp=137
   25.298  ELL.TX                  addr=0  deg=112  hex=0000AE39  cmd=0ma0000AE39
   25.557  ELL.RX                  addr=0  line=0PO0000AE37  raw=b'0PO0000AE37\r\n'
   25.561  ELL.DONE                addr=0  pos=112.0  dt=0.261  lines=1  leftover=0
   25.566  ELL.TX                  addr=2  deg=137  hex=0000D51C  cmd=2ma0000D51C
   25.876  ELL.RX                  addr=2  line=2PO0000D51B  raw=b'2PO0000D51B\r\n'
   25.879  ELL.DONE                addr=2  pos=137.0  dt=0.31  lines=1  leftover=0
   26.283  ARD.TRIG                frame=14  attempt=1
   26.348  ARD.RX                  msg=TRIGGERED  raw=b'TRIGGERED\r\n'  t=0.001
   26.363  ARD.RX                  msg=ARMED  raw=b'ARMED\r\n'  t=0.016
   27.006  ARD.RX                  msg=FRAME_DONE  raw=b'FRAME_DONE\r\n'  t=0.658
   27.007  ARD.FRAME_DONE          frame=14  attempt=1  dt=0.659  leftover=0
   27.008  FRAME.END               frame=14  t_total=1.712  t_hwp=0.268  t_qwp=0.316  t_trig=0.725  attempts=1  flags=ok
   27.010  LOOP.END              
