    0.120  SESSION.START           log=D:\1_software\Experimental control software\2023_06_22 new pSHG sequence MIRA\pshg_diag_20260622_163412.log  csv=D:\1_software\Experimental control software\2023_06_22 new pSHG sequence MIRA\pshg_diag_20260622_163412.csv  file=2023_06_22 new pSHG sequence MIRA.xlsx  drain_stale=True
    0.174  ELL.QUERY               cmd=0in  reply='0IN0E1140051420211501016800023000\r\n'
    0.270  ELL.QUERY               cmd=2in  reply='2IN0E1140064920211501016800023000\r\n'
    0.798  ELL.QUERY               cmd=0ho  reply='0PO00000001\r\n'
    1.470  ELL.QUERY               cmd=2ho  reply='2POFFFFFFFF\r\n'
    1.502  ELL.QUERY               cmd=0gp  reply='0PO00000001\r\n'
    1.566  ELL.QUERY               cmd=2gp  reply='2POFFFFFFFA\r\n'
    2.584  LOOP.START            
    3.592  FRAME.START             frame=1  hwp=20  qwp=155
    3.593  ELL.TX                  addr=0  deg=20  hex=00001F1C  cmd=0ma00001F1C
    3.790  ELL.RX                  addr=0  line=0PO00001F19  raw=b'0PO00001F19\r\n'
    3.791  ELL.DONE                addr=0  pos=19.99  dt=0.197  lines=1  leftover=0
    3.792  ELL.TX                  addr=2  deg=155  hex=0000F11C  cmd=2ma0000F11C
    4.462  ELL.RX                  addr=2  line=2PO0000F11D  raw=b'2PO0000F11D\r\n'
    4.463  ELL.DONE                addr=2  pos=155.0  dt=0.67  lines=1  leftover=0
    4.867  ARD.TRIG                frame=1  attempt=1
    4.931  ARD.RX                  msg=TRIGGERED  raw=b'TRIGGERED\r\n'  t=0.0
    4.947  ARD.RX                  msg=ARMED  raw=b'ARMED\r\n'  t=0.016
    5.587  ARD.RX                  msg=FRAME_DONE  raw=b'FRAME_DONE\r\n'  t=0.657
    5.588  ARD.FRAME_DONE          frame=1  attempt=1  dt=0.658  leftover=0
    5.589  FRAME.END               frame=1  t_total=1.998  t_hwp=0.199  t_qwp=0.672  t_trig=0.723  attempts=1  flags=ok
    5.592  FRAME.START             frame=2  hwp=18  qwp=143
    5.593  ELL.TX                  addr=0  deg=18  hex=00001C00  cmd=0ma00001C00
    5.678  ELL.RX                  addr=0  line=0PO00001C02  raw=b'0PO00001C02\r\n'
    5.679  ELL.DONE                addr=0  pos=18.01  dt=0.086  lines=1  leftover=0
    5.680  ELL.TX                  addr=2  deg=143  hex=0000DE72  cmd=2ma0000DE72
    5.950  ELL.RX                  addr=2  line=2PO0000DE73  raw=b'2PO0000DE73\r\n'
    5.951  ELL.DONE                addr=2  pos=143.0  dt=0.271  lines=1  leftover=0
    6.357  ARD.TRIG                frame=2  attempt=1
    6.420  ARD.RX                  msg=TRIGGERED  raw=b'TRIGGERED\r\n'  t=0.0
    6.436  ARD.RX                  msg=ARMED  raw=b'ARMED\r\n'  t=0.016
    7.078  ARD.RX                  msg=FRAME_DONE  raw=b'FRAME_DONE\r\n'  t=0.658
    7.079  ARD.FRAME_DONE          frame=2  attempt=1  dt=0.659  leftover=0
    7.079  FRAME.END               frame=2  t_total=1.488  t_hwp=0.087  t_qwp=0.272  t_trig=0.723  attempts=1  flags=ok
    7.081  FRAME.START             frame=3  hwp=27  qwp=138
    7.082  ELL.TX                  addr=0  deg=27  hex=00002A00  cmd=0ma00002A00
    7.182  ELL.RX                  addr=0  line=0PO000029FD  raw=b'0PO000029FD\r\n'
    7.184  ELL.DONE                addr=0  pos=26.99  dt=0.101  lines=1  leftover=0
    7.184  ELL.TX                  addr=2  deg=138  hex=0000D6AB  cmd=2ma0000D6AB
    7.438  ELL.RX                  addr=2  line=2PO0000D6AC  raw=b'2PO0000D6AC\r\n'
    7.439  ELL.DONE                addr=2  pos=138.0  dt=0.254  lines=1  leftover=0
    7.851  ARD.TRIG                frame=3  attempt=1
    7.915  ARD.RX                  msg=TRIGGERED  raw=b'TRIGGERED\r\n'  t=0.0
    7.931  ARD.RX                  msg=ARMED  raw=b'ARMED\r\n'  t=0.016
    8.571  ARD.RX                  msg=FRAME_DONE  raw=b'FRAME_DONE\r\n'  t=0.656
    8.572  ARD.FRAME_DONE          frame=3  attempt=1  dt=0.657  leftover=0
    8.573  FRAME.END               frame=3  t_total=1.492  t_hwp=0.102  t_qwp=0.256  t_trig=0.722  attempts=1  flags=ok
    8.575  FRAME.START             frame=4  hwp=40  qwp=143
    8.575  ELL.TX                  addr=0  deg=40  hex=00003E39  cmd=0ma00003E39
    8.718  ELL.RX                  addr=0  line=0PO00003E37  raw=b'0PO00003E37\r\n'
    8.719  ELL.DONE                addr=0  pos=40.0  dt=0.143  lines=1  leftover=0
    8.720  ELL.TX                  addr=2  deg=143  hex=0000DE72  cmd=2ma0000DE72
    8.974  ELL.RX                  addr=2  line=2PO0000DE70  raw=b'2PO0000DE70\r\n'
    8.975  ELL.DONE                addr=2  pos=143.0  dt=0.254  lines=1  leftover=0
    9.377  ARD.TRIG                frame=4  attempt=1
    9.439  ARD.RX                  msg=TRIGGERED  raw=b'TRIGGERED\r\n'  t=0.0
    9.455  ARD.RX                  msg=ARMED  raw=b'ARMED\r\n'  t=0.016
   10.098  ARD.RX                  msg=FRAME_DONE  raw=b'FRAME_DONE\r\n'  t=0.659
   10.099  ARD.FRAME_DONE          frame=4  attempt=1  dt=0.66  leftover=0
   10.100  FRAME.END               frame=4  t_total=1.525  t_hwp=0.144  t_qwp=0.256  t_trig=0.723  attempts=1  flags=ok
   10.102  FRAME.START             frame=5  hwp=55  qwp=155
   10.102  ELL.TX                  addr=0  deg=55  hex=0000558E  cmd=0ma0000558E
   10.302  ELL.RX                  addr=0  line=0PO0000558F  raw=b'0PO0000558F\r\n'
   10.303  ELL.DONE                addr=0  pos=55.0  dt=0.201  lines=1  leftover=0
   10.304  ELL.TX                  addr=2  deg=155  hex=0000F11C  cmd=2ma0000F11C
   10.638  ELL.RX                  addr=2  line=2PO0000F11A  raw=b'2PO0000F11A\r\n'
   10.639  ELL.DONE                addr=2  pos=154.99  dt=0.335  lines=1  leftover=0
   11.047  ARD.TRIG                frame=5  attempt=1
   11.108  ARD.RX                  msg=TRIGGERED  raw=b'TRIGGERED\r\n'  t=0.0
   11.123  ARD.RX                  msg=ARMED  raw=b'ARMED\r\n'  t=0.015
   11.766  ARD.RX                  msg=FRAME_DONE  raw=b'FRAME_DONE\r\n'  t=0.658
   11.767  ARD.FRAME_DONE          frame=5  attempt=1  dt=0.659  leftover=0
   11.768  FRAME.END               frame=5  t_total=1.667  t_hwp=0.202  t_qwp=0.336  t_trig=0.721  attempts=1  flags=ok
   11.770  FRAME.START             frame=6  hwp=67  qwp=168
   11.771  ELL.TX                  addr=0  deg=67  hex=00006839  cmd=0ma00006839
   12.014  ELL.RX                  addr=0  line=0PO00006838  raw=b'0PO00006838\r\n'
   12.016  ELL.DONE                addr=0  pos=67.0  dt=0.245  lines=1  leftover=0
   12.017  ELL.TX                  addr=2  deg=168  hex=00010555  cmd=2ma00010555
   12.558  ELL.RX                  addr=2  line=2PO00010555  raw=b'2PO00010555\r\n'
   12.560  ELL.DONE                addr=2  pos=168.0  dt=0.542  lines=1  leftover=0
   12.976  ARD.TRIG                frame=6  attempt=1
   13.040  ARD.RX                  msg=TRIGGERED  raw=b'TRIGGERED\r\n'  t=0.0
   13.056  ARD.RX                  msg=ARMED  raw=b'ARMED\r\n'  t=0.016
   13.696  ARD.RX                  msg=FRAME_DONE  raw=b'FRAME_DONE\r\n'  t=0.656
   13.697  ARD.FRAME_DONE          frame=6  attempt=1  dt=0.657  leftover=0
   13.699  FRAME.END               frame=6  t_total=1.929  t_hwp=0.246  t_qwp=0.544  t_trig=0.723  attempts=1  flags=ok
   13.700  FRAME.START             frame=7  hwp=78  qwp=178
   13.701  ELL.TX                  addr=0  deg=78  hex=00007955  cmd=0ma00007955
   14.030  ELL.RX                  addr=0  line=0PO00007954  raw=b'0PO00007954\r\n'
   14.032  ELL.DONE                addr=0  pos=78.0  dt=0.329  lines=1  leftover=0
   14.033  ELL.TX                  addr=2  deg=178  hex=000114E4  cmd=2ma000114E4
   14.574  ELL.RX                  addr=2  line=2PO000114E3  raw=b'2PO000114E3\r\n'
   14.576  ELL.DONE                addr=2  pos=178.0  dt=0.542  lines=1  leftover=0
   14.978  ARD.TRIG                frame=7  attempt=1
   15.041  ARD.RX                  msg=TRIGGERED  raw=b'TRIGGERED\r\n'  t=0.0
   15.056  ARD.RX                  msg=ARMED  raw=b'ARMED\r\n'  t=0.016
   15.698  ARD.RX                  msg=FRAME_DONE  raw=b'FRAME_DONE\r\n'  t=0.658
   15.699  ARD.FRAME_DONE          frame=7  attempt=1  dt=0.659  leftover=0
   15.700  FRAME.END               frame=7  t_total=2.0  t_hwp=0.332  t_qwp=0.544  t_trig=0.722  attempts=1  flags=ok
   15.702  FRAME.START             frame=8  hwp=91  qwp=186
   15.703  ELL.TX                  addr=0  deg=91  hex=00008D8E  cmd=0ma00008D8E
   15.966  ELL.RX                  addr=0  line=0PO00008D8C  raw=b'0PO00008D8C\r\n'
   15.968  ELL.DONE                addr=0  pos=90.99  dt=0.263  lines=1  leftover=0
   15.969  ELL.TX                  addr=2  deg=186  hex=00012155  cmd=2ma00012155
   16.302  ELL.RX                  addr=2  line=2PO00012153  raw=b'2PO00012153\r\n'
   16.304  ELL.DONE                addr=2  pos=185.99  dt=0.333  lines=1  leftover=0
   16.716  ARD.TRIG                frame=8  attempt=1
   16.780  ARD.RX                  msg=TRIGGERED  raw=b'TRIGGERED\r\n'  t=0.0
   16.796  ARD.RX                  msg=ARMED  raw=b'ARMED\r\n'  t=0.016
   17.438  ARD.RX                  msg=FRAME_DONE  raw=b'FRAME_DONE\r\n'  t=0.657
   17.439  ARD.FRAME_DONE          frame=8  attempt=1  dt=0.658  leftover=0
   17.440  FRAME.END               frame=8  t_total=1.738  t_hwp=0.266  t_qwp=0.336  t_trig=0.724  attempts=1  flags=ok
   17.441  FRAME.START             frame=9  hwp=102  qwp=186
   17.442  ELL.TX                  addr=0  deg=102  hex=00009EAB  cmd=0ma00009EAB
   17.695  ELL.RX                  addr=0  line=0PO00009EAA  raw=b'0PO00009EAA\r\n'
   17.696  ELL.DONE                addr=0  pos=102.0  dt=0.253  lines=1  leftover=0
   17.697  ELL.TX                  addr=2  deg=186  hex=00012155  cmd=2ma00012155
   17.791  ELL.RX                  addr=2  line=2PO00012154  raw=b'2PO00012154\r\n'
   17.792  ELL.DONE                addr=2  pos=186.0  dt=0.094  lines=1  leftover=0
   18.205  ARD.TRIG                frame=9  attempt=1
   18.269  ARD.RX                  msg=TRIGGERED  raw=b'TRIGGERED\r\n'  t=0.0
   18.285  ARD.RX                  msg=ARMED  raw=b'ARMED\r\n'  t=0.016
   18.925  ARD.RX                  msg=FRAME_DONE  raw=b'FRAME_DONE\r\n'  t=0.656
   18.926  ARD.FRAME_DONE          frame=9  attempt=1  dt=0.657  leftover=0
   18.927  FRAME.END               frame=9  t_total=1.486  t_hwp=0.255  t_qwp=0.096  t_trig=0.722  attempts=1  flags=ok
   18.928  FRAME.START             frame=10  hwp=106  qwp=178
   18.929  ELL.TX                  addr=0  deg=106  hex=0000A4E4  cmd=0ma0000A4E4
   19.151  ELL.RX                  addr=0  line=0PO0000A4E4  raw=b'0PO0000A4E4\r\n'
   19.152  ELL.DONE                addr=0  pos=106.0  dt=0.222  lines=1  leftover=0
   19.153  ELL.TX                  addr=2  deg=178  hex=000114E4  cmd=2ma000114E4
   19.439  ELL.RX                  addr=2  line=2PO000114E1  raw=b'2PO000114E1\r\n'
   19.440  ELL.DONE                addr=2  pos=177.99  dt=0.285  lines=1  leftover=0
   19.842  ARD.TRIG                frame=10  attempt=1
   19.907  ARD.RX                  msg=TRIGGERED  raw=b'TRIGGERED\r\n'  t=0.0
   19.922  ARD.RX                  msg=ARMED  raw=b'ARMED\r\n'  t=0.016
   20.563  ARD.RX                  msg=FRAME_DONE  raw=b'FRAME_DONE\r\n'  t=0.656
   20.564  ARD.FRAME_DONE          frame=10  attempt=1  dt=0.658  leftover=0
   20.565  FRAME.END               frame=10  t_total=1.636  t_hwp=0.224  t_qwp=0.288  t_trig=0.722  attempts=1  flags=ok
   20.567  FRAME.START             frame=11  hwp=106  qwp=167
   20.568  ELL.TX                  addr=0  deg=106  hex=0000A4E4  cmd=0ma0000A4E4
   20.607  ELL.RX                  addr=0  line=0PO0000A4E3  raw=b'0PO0000A4E3\r\n'
   20.608  ELL.DONE                addr=0  pos=106.0  dt=0.04  lines=1  leftover=0
   20.609  ELL.TX                  addr=2  deg=167  hex=000103C7  cmd=2ma000103C7
   20.863  ELL.RX                  addr=2  line=2PO000103C9  raw=b'2PO000103C9\r\n'
   20.864  ELL.DONE                addr=2  pos=167.0  dt=0.255  lines=1  leftover=0
   21.279  ARD.TRIG                frame=11  attempt=1
   21.343  ARD.RX                  msg=TRIGGERED  raw=b'TRIGGERED\r\n'  t=0.0
   21.359  ARD.RX                  msg=ARMED  raw=b'ARMED\r\n'  t=0.016
   22.000  ARD.RX                  msg=FRAME_DONE  raw=b'FRAME_DONE\r\n'  t=0.657
   22.002  ARD.FRAME_DONE          frame=11  attempt=1  dt=0.658  leftover=0
   22.002  FRAME.END               frame=11  t_total=1.436  t_hwp=0.041  t_qwp=0.256  t_trig=0.724  attempts=1  flags=ok
   22.004  FRAME.START             frame=12  hwp=105  qwp=155
   22.005  ELL.TX                  addr=0  deg=105  hex=0000A355  cmd=0ma0000A355
   22.207  ELL.RX                  addr=0  line=0PO0000A354  raw=b'0PO0000A354\r\n'
   22.208  ELL.DONE                addr=0  pos=105.0  dt=0.203  lines=1  leftover=0
   22.209  ELL.TX                  addr=2  deg=155  hex=0000F11C  cmd=2ma0000F11C
   22.511  ELL.RX                  addr=2  line=2PO0000F11D  raw=b'2PO0000F11D\r\n'
   22.514  ELL.DONE                addr=2  pos=155.0  dt=0.304  lines=1  leftover=0
   22.927  ARD.TRIG                frame=12  attempt=1
   22.991  ARD.RX                  msg=TRIGGERED  raw=b'TRIGGERED\r\n'  t=0.0
   23.008  ARD.RX                  msg=ARMED  raw=b'ARMED\r\n'  t=0.016
   23.647  ARD.RX                  msg=FRAME_DONE  raw=b'FRAME_DONE\r\n'  t=0.656
   23.648  ARD.FRAME_DONE          frame=12  attempt=1  dt=0.657  leftover=0
   23.649  FRAME.END               frame=12  t_total=1.645  t_hwp=0.204  t_qwp=0.308  t_trig=0.722  attempts=1  flags=ok
   23.651  FRAME.START             frame=13  hwp=104  qwp=143
   23.652  ELL.TX                  addr=0  deg=104  hex=0000A1C7  cmd=0ma0000A1C7
   23.855  ELL.RX                  addr=0  line=0PO0000A1C6  raw=b'0PO0000A1C6\r\n'
   23.856  ELL.DONE                addr=0  pos=104.0  dt=0.203  lines=1  leftover=0
   23.857  ELL.TX                  addr=2  deg=143  hex=0000DE72  cmd=2ma0000DE72
   24.143  ELL.RX                  addr=2  line=2PO0000DE75  raw=b'2PO0000DE75\r\n'
   24.144  ELL.DONE                addr=2  pos=143.01  dt=0.286  lines=1  leftover=0
   24.545  ARD.TRIG                frame=13  attempt=1
   24.609  ARD.RX                  msg=TRIGGERED  raw=b'TRIGGERED\r\n'  t=0.0
   24.625  ARD.RX                  msg=ARMED  raw=b'ARMED\r\n'  t=0.016
   25.265  ARD.RX                  msg=FRAME_DONE  raw=b'FRAME_DONE\r\n'  t=0.656
   25.266  ARD.FRAME_DONE          frame=13  attempt=1  dt=0.657  leftover=0
   25.267  FRAME.END               frame=13  t_total=1.616  t_hwp=0.205  t_qwp=0.289  t_trig=0.722  attempts=1  flags=ok
   25.268  FRAME.START             frame=14  hwp=112  qwp=137
   25.269  ELL.TX                  addr=0  deg=112  hex=0000AE39  cmd=0ma0000AE39
   25.503  ELL.RX                  addr=0  line=0PO0000AE3A  raw=b'0PO0000AE3A\r\n'
   25.504  ELL.DONE                addr=0  pos=112.0  dt=0.235  lines=1  leftover=0
   25.506  ELL.TX                  addr=2  deg=137  hex=0000D51C  cmd=2ma0000D51C
   25.855  ELL.RX                  addr=2  line=2PO0000D51B  raw=b'2PO0000D51B\r\n'
   25.856  ELL.DONE                addr=2  pos=137.0  dt=0.35  lines=1  leftover=0
   26.259  ARD.TRIG                frame=14  attempt=1
   26.323  ARD.RX                  msg=TRIGGERED  raw=b'TRIGGERED\r\n'  t=0.0
   26.339  ARD.RX                  msg=ARMED  raw=b'ARMED\r\n'  t=0.016
   26.981  ARD.RX                  msg=FRAME_DONE  raw=b'FRAME_DONE\r\n'  t=0.658
   26.982  ARD.FRAME_DONE          frame=14  attempt=1  dt=0.66  leftover=0
   26.983  FRAME.END               frame=14  t_total=1.715  t_hwp=0.237  t_qwp=0.352  t_trig=0.724  attempts=1  flags=ok
   26.987  LOOP.END              
