    0.020  SESSION.START           log=D:\1_software\Experimental control software\2023_06_22 new pSHG sequence MIRA\pshg_diag_20260622_181759.log  csv=D:\1_software\Experimental control software\2023_06_22 new pSHG sequence MIRA\pshg_diag_20260622_181759.csv  file=2023_06_22 new pSHG sequence MIRA.xlsx  drain_stale=True
    0.065  ELL.QUERY               cmd=0in  reply='0IN0E1140051420211501016800023000\r\n'
    0.161  ELL.QUERY               cmd=2in  reply='2IN0E1140064920211501016800023000\r\n'
    0.641  ELL.QUERY               cmd=0ho  reply='0POFFFFFFFE\r\n'
    1.265  ELL.QUERY               cmd=2ho  reply='2PO00000002\r\n'
    1.297  ELL.QUERY               cmd=0gp  reply='0POFFFFFFFF\r\n'
    1.377  ELL.QUERY               cmd=2gp  reply='2PO00000000\r\n'
    2.391  LOOP.START            
    3.398  FRAME.START             frame=1  hwp=20  qwp=155
    3.399  ELL.TX                  addr=0  deg=20  hex=00001F1C  cmd=0ma00001F1C
    3.570  ELL.RX                  addr=0  line=0PO00001F19  raw=b'0PO00001F19\r\n'
    3.573  ELL.DONE                addr=0  pos=19.99  dt=0.172  lines=1  leftover=0
    3.576  ELL.TX                  addr=2  deg=155  hex=0000F11C  cmd=2ma0000F11C
    4.033  ELL.RX                  addr=2  line=2PO0000F11A  raw=b'2PO0000F11A\r\n'
    4.035  ELL.DONE                addr=2  pos=154.99  dt=0.455  lines=1  leftover=0
    4.438  ARD.TRIG                frame=1  attempt=1
    4.500  ARD.RX                  msg=TRIGGERED  raw=b'TRIGGERED\r\n'  t=0.0
    4.516  ARD.RX                  msg=ARMED  raw=b'ARMED\r\n'  t=0.016
    5.163  ARD.RX                  msg=FRAME_DONE  raw=b'FRAME_DONE\r\n'  t=0.663
    5.165  ARD.FRAME_DONE          frame=1  attempt=1  dt=0.665  leftover=0
    5.166  FRAME.END               frame=1  t_total=1.768  t_hwp=0.176  t_qwp=0.46  t_trig=0.728  attempts=1  flags=ok
    5.168  FRAME.START             frame=2  hwp=18  qwp=143
    5.168  ELL.TX                  addr=0  deg=18  hex=00001C00  cmd=0ma00001C00
    5.266  ELL.RX                  addr=0  line=0PO00001C01  raw=b'0PO00001C01\r\n'
    5.267  ELL.DONE                addr=0  pos=18.0  dt=0.098  lines=1  leftover=0
    5.268  ELL.TX                  addr=2  deg=143  hex=0000DE72  cmd=2ma0000DE72
    5.666  ELL.RX                  addr=2  line=2PO0000DE70  raw=b'2PO0000DE70\r\n'
    5.667  ELL.DONE                addr=2  pos=143.0  dt=0.399  lines=1  leftover=0
    6.069  ARD.TRIG                frame=2  attempt=1
    6.132  ARD.RX                  msg=TRIGGERED  raw=b'TRIGGERED\r\n'  t=0.0
    6.148  ARD.RX                  msg=ARMED  raw=b'ARMED\r\n'  t=0.016
    6.789  ARD.RX                  msg=FRAME_DONE  raw=b'FRAME_DONE\r\n'  t=0.656
    6.790  ARD.FRAME_DONE          frame=2  attempt=1  dt=0.657  leftover=0
    6.791  FRAME.END               frame=2  t_total=1.623  t_hwp=0.099  t_qwp=0.4  t_trig=0.722  attempts=1  flags=ok
    6.792  FRAME.START             frame=3  hwp=27  qwp=138
    6.793  ELL.TX                  addr=0  deg=27  hex=00002A00  cmd=0ma00002A00
    6.914  ELL.RX                  addr=0  line=0PO000029FE  raw=b'0PO000029FE\r\n'
    6.915  ELL.DONE                addr=0  pos=26.99  dt=0.121  lines=1  leftover=0
    6.916  ELL.TX                  addr=2  deg=138  hex=0000D6AB  cmd=2ma0000D6AB
    7.170  ELL.RX                  addr=2  line=2PO0000D6AB  raw=b'2PO0000D6AB\r\n'
    7.171  ELL.DONE                addr=2  pos=138.0  dt=0.254  lines=1  leftover=0
    7.584  ARD.TRIG                frame=3  attempt=1
    7.646  ARD.RX                  msg=TRIGGERED  raw=b'TRIGGERED\r\n'  t=0.0
    7.661  ARD.RX                  msg=ARMED  raw=b'ARMED\r\n'  t=0.015
    8.304  ARD.RX                  msg=FRAME_DONE  raw=b'FRAME_DONE\r\n'  t=0.657
    8.305  ARD.FRAME_DONE          frame=3  attempt=1  dt=0.659  leftover=0
    8.307  FRAME.END               frame=3  t_total=1.514  t_hwp=0.122  t_qwp=0.257  t_trig=0.722  attempts=1  flags=ok
    8.309  FRAME.START             frame=4  hwp=40  qwp=143
    8.311  ELL.TX                  addr=0  deg=40  hex=00003E39  cmd=0ma00003E39
    8.514  ELL.RX                  addr=0  line=0PO00003E3B  raw=b'0PO00003E3B\r\n'
    8.515  ELL.DONE                addr=0  pos=40.01  dt=0.203  lines=1  leftover=0
    8.516  ELL.TX                  addr=2  deg=143  hex=0000DE72  cmd=2ma0000DE72
    8.738  ELL.RX                  addr=2  line=2PO0000DE70  raw=b'2PO0000DE70\r\n'
    8.739  ELL.DONE                addr=2  pos=143.0  dt=0.222  lines=1  leftover=0
    9.153  ARD.TRIG                frame=4  attempt=1
    9.216  ARD.RX                  msg=TRIGGERED  raw=b'TRIGGERED\r\n'  t=0.0
    9.231  ARD.RX                  msg=ARMED  raw=b'ARMED\r\n'  t=0.016
    9.873  ARD.RX                  msg=FRAME_DONE  raw=b'FRAME_DONE\r\n'  t=0.657
    9.874  ARD.FRAME_DONE          frame=4  attempt=1  dt=0.659  leftover=0
    9.876  FRAME.END               frame=4  t_total=1.566  t_hwp=0.205  t_qwp=0.224  t_trig=0.723  attempts=1  flags=ok
    9.879  FRAME.START             frame=5  hwp=55  qwp=155
    9.880  ELL.TX                  addr=0  deg=55  hex=0000558E  cmd=0ma0000558E
   10.130  ELL.RX                  addr=0  line=0PO0000558F  raw=b'0PO0000558F\r\n'
   10.132  ELL.DONE                addr=0  pos=55.0  dt=0.25  lines=1  leftover=0
   10.133  ELL.TX                  addr=2  deg=155  hex=0000F11C  cmd=2ma0000F11C
   10.419  ELL.RX                  addr=2  line=2PO0000F11C  raw=b'2PO0000F11C\r\n'
   10.425  ELL.DONE                addr=2  pos=155.0  dt=0.291  lines=1  leftover=0
   10.843  ARD.TRIG                frame=5  attempt=1
   10.907  ARD.RX                  msg=TRIGGERED  raw=b'TRIGGERED\r\n'  t=0.0
   10.923  ARD.RX                  msg=ARMED  raw=b'ARMED\r\n'  t=0.016
   11.566  ARD.RX                  msg=FRAME_DONE  raw=b'FRAME_DONE\r\n'  t=0.658
   11.568  ARD.FRAME_DONE          frame=5  attempt=1  dt=0.66  leftover=0
   11.569  FRAME.END               frame=5  t_total=1.691  t_hwp=0.253  t_qwp=0.296  t_trig=0.726  attempts=1  flags=ok
   11.572  FRAME.START             frame=6  hwp=67  qwp=168
   11.574  ELL.TX                  addr=0  deg=67  hex=00006839  cmd=0ma00006839
   11.746  ELL.RX                  addr=0  line=0PO00006836  raw=b'0PO00006836\r\n'
   11.747  ELL.DONE                addr=0  pos=66.99  dt=0.17  lines=1  leftover=0
   11.748  ELL.TX                  addr=2  deg=168  hex=00010555  cmd=2ma00010555
   12.066  ELL.RX                  addr=2  line=2PO00010552  raw=b'2PO00010552\r\n'
   12.067  ELL.DONE                addr=2  pos=167.99  dt=0.318  lines=1  leftover=0
   12.482  ARD.TRIG                frame=6  attempt=1
   12.546  ARD.RX                  msg=TRIGGERED  raw=b'TRIGGERED\r\n'  t=0.0
   12.562  ARD.RX                  msg=ARMED  raw=b'ARMED\r\n'  t=0.016
   13.202  ARD.RX                  msg=FRAME_DONE  raw=b'FRAME_DONE\r\n'  t=0.657
   13.204  ARD.FRAME_DONE          frame=6  attempt=1  dt=0.658  leftover=0
   13.204  FRAME.END               frame=6  t_total=1.632  t_hwp=0.174  t_qwp=0.32  t_trig=0.723  attempts=1  flags=ok
   13.206  FRAME.START             frame=7  hwp=78  qwp=178
   13.207  ELL.TX                  addr=0  deg=78  hex=00007955  cmd=0ma00007955
   13.522  ELL.RX                  addr=0  line=0PO00007958  raw=b'0PO00007958\r\n'
   13.524  ELL.DONE                addr=0  pos=78.01  dt=0.316  lines=1  leftover=0
   13.525  ELL.TX                  addr=2  deg=178  hex=000114E4  cmd=2ma000114E4
   13.762  ELL.RX                  addr=2  line=2PO000114E6  raw=b'2PO000114E6\r\n'
   13.764  ELL.DONE                addr=2  pos=178.01  dt=0.239  lines=1  leftover=0
   14.175  ARD.TRIG                frame=7  attempt=1
   14.239  ARD.RX                  msg=TRIGGERED  raw=b'TRIGGERED\r\n'  t=0.0
   14.254  ARD.RX                  msg=ARMED  raw=b'ARMED\r\n'  t=0.015
   14.894  ARD.RX                  msg=FRAME_DONE  raw=b'FRAME_DONE\r\n'  t=0.655
   14.895  ARD.FRAME_DONE          frame=7  attempt=1  dt=0.656  leftover=0
   14.896  FRAME.END               frame=7  t_total=1.69  t_hwp=0.318  t_qwp=0.241  t_trig=0.722  attempts=1  flags=ok
   14.898  FRAME.START             frame=8  hwp=91  qwp=186
   14.899  ELL.TX                  addr=0  deg=91  hex=00008D8E  cmd=0ma00008D8E
   15.170  ELL.RX                  addr=0  line=0PO00008D8F  raw=b'0PO00008D8F\r\n'
   15.172  ELL.DONE                addr=0  pos=91.0  dt=0.272  lines=1  leftover=0
   15.173  ELL.TX                  addr=2  deg=186  hex=00012155  cmd=2ma00012155
   15.378  ELL.RX                  addr=2  line=2PO00012157  raw=b'2PO00012157\r\n'
   15.380  ELL.DONE                addr=2  pos=186.0  dt=0.206  lines=1  leftover=0
   15.791  ARD.TRIG                frame=8  attempt=1
   15.853  ARD.RX                  msg=TRIGGERED  raw=b'TRIGGERED\r\n'  t=0.0
   15.869  ARD.RX                  msg=ARMED  raw=b'ARMED\r\n'  t=0.016
   16.512  ARD.RX                  msg=FRAME_DONE  raw=b'FRAME_DONE\r\n'  t=0.658
   16.513  ARD.FRAME_DONE          frame=8  attempt=1  dt=0.66  leftover=0
   16.514  FRAME.END               frame=8  t_total=1.616  t_hwp=0.273  t_qwp=0.208  t_trig=0.723  attempts=1  flags=ok
   16.516  FRAME.START             frame=9  hwp=102  qwp=186
   16.516  ELL.TX                  addr=0  deg=102  hex=00009EAB  cmd=0ma00009EAB
   16.739  ELL.RX                  addr=0  line=0PO00009EAD  raw=b'0PO00009EAD\r\n'
   16.740  ELL.DONE                addr=0  pos=102.01  dt=0.222  lines=1  leftover=0
   16.741  ELL.TX                  addr=2  deg=186  hex=00012155  cmd=2ma00012155
   16.834  ELL.RX                  addr=2  line=2PO00012154  raw=b'2PO00012154\r\n'
   16.836  ELL.DONE                addr=2  pos=186.0  dt=0.094  lines=1  leftover=0
   17.246  ARD.TRIG                frame=9  attempt=1
   17.309  ARD.RX                  msg=TRIGGERED  raw=b'TRIGGERED\r\n'  t=0.001
   17.325  ARD.RX                  msg=ARMED  raw=b'ARMED\r\n'  t=0.016
   17.966  ARD.RX                  msg=FRAME_DONE  raw=b'FRAME_DONE\r\n'  t=0.657
   17.967  ARD.FRAME_DONE          frame=9  attempt=1  dt=0.659  leftover=0
   17.968  FRAME.END               frame=9  t_total=1.452  t_hwp=0.224  t_qwp=0.096  t_trig=0.722  attempts=1  flags=ok
   17.970  FRAME.START             frame=10  hwp=106  qwp=178
   17.970  ELL.TX                  addr=0  deg=106  hex=0000A4E4  cmd=0ma0000A4E4
   18.243  ELL.RX                  addr=0  line=0PO0000A4E7  raw=b'0PO0000A4E7\r\n'
   18.244  ELL.DONE                addr=0  pos=106.01  dt=0.272  lines=1  leftover=0
   18.245  ELL.TX                  addr=2  deg=178  hex=000114E4  cmd=2ma000114E4
   18.531  ELL.RX                  addr=2  line=2PO000114E5  raw=b'2PO000114E5\r\n'
   18.532  ELL.DONE                addr=2  pos=178.0  dt=0.286  lines=1  leftover=0
   18.945  ARD.TRIG                frame=10  attempt=1
   19.007  ARD.RX                  msg=TRIGGERED  raw=b'TRIGGERED\r\n'  t=0.0
   19.023  ARD.RX                  msg=ARMED  raw=b'ARMED\r\n'  t=0.016
   19.666  ARD.RX                  msg=FRAME_DONE  raw=b'FRAME_DONE\r\n'  t=0.658
   19.667  ARD.FRAME_DONE          frame=10  attempt=1  dt=0.66  leftover=0
   19.668  FRAME.END               frame=10  t_total=1.699  t_hwp=0.274  t_qwp=0.288  t_trig=0.724  attempts=1  flags=ok
   19.670  FRAME.START             frame=11  hwp=106  qwp=167
   19.671  ELL.TX                  addr=0  deg=106  hex=0000A4E4  cmd=0ma0000A4E4
   19.715  ELL.RX                  addr=0  line=0PO0000A4E2  raw=b'0PO0000A4E2\r\n'
   19.716  ELL.DONE                addr=0  pos=106.0  dt=0.043  lines=1  leftover=0
   19.716  ELL.TX                  addr=2  deg=167  hex=000103C7  cmd=2ma000103C7
   20.003  ELL.RX                  addr=2  line=2PO000103C6  raw=b'2PO000103C6\r\n'
   20.004  ELL.DONE                addr=2  pos=167.0  dt=0.287  lines=1  leftover=0
   20.417  ARD.TRIG                frame=11  attempt=1
   20.480  ARD.RX                  msg=TRIGGERED  raw=b'TRIGGERED\r\n'  t=0.0
   20.496  ARD.RX                  msg=ARMED  raw=b'ARMED\r\n'  t=0.016
   21.140  ARD.RX                  msg=FRAME_DONE  raw=b'FRAME_DONE\r\n'  t=0.66
   21.141  ARD.FRAME_DONE          frame=11  attempt=1  dt=0.661  leftover=0
   21.142  FRAME.END               frame=11  t_total=1.472  t_hwp=0.045  t_qwp=0.288  t_trig=0.725  attempts=1  flags=ok
   21.144  FRAME.START             frame=12  hwp=105  qwp=155
   21.144  ELL.TX                  addr=0  deg=105  hex=0000A355  cmd=0ma0000A355
   21.379  ELL.RX                  addr=0  line=0PO0000A355  raw=b'0PO0000A355\r\n'
   21.382  ELL.DONE                addr=0  pos=105.0  dt=0.236  lines=1  leftover=0
   21.384  ELL.TX                  addr=2  deg=155  hex=0000F11C  cmd=2ma0000F11C
   21.603  ELL.RX                  addr=2  line=2PO0000F11A  raw=b'2PO0000F11A\r\n'
   21.604  ELL.DONE                addr=2  pos=154.99  dt=0.218  lines=1  leftover=0
   22.011  ARD.TRIG                frame=12  attempt=1
   22.075  ARD.RX                  msg=TRIGGERED  raw=b'TRIGGERED\r\n'  t=0.0
   22.091  ARD.RX                  msg=ARMED  raw=b'ARMED\r\n'  t=0.016
   22.729  ARD.RX                  msg=FRAME_DONE  raw=b'FRAME_DONE\r\n'  t=0.653
   22.731  ARD.FRAME_DONE          frame=12  attempt=1  dt=0.655  leftover=0
   22.732  FRAME.END               frame=12  t_total=1.589  t_hwp=0.24  t_qwp=0.222  t_trig=0.721  attempts=1  flags=ok
   22.735  FRAME.START             frame=13  hwp=104  qwp=143
   22.736  ELL.TX                  addr=0  deg=104  hex=0000A1C7  cmd=0ma0000A1C7
   22.931  ELL.RX                  addr=0  line=0PO0000A1C5  raw=b'0PO0000A1C5\r\n'
   22.932  ELL.DONE                addr=0  pos=103.99  dt=0.196  lines=1  leftover=0
   22.933  ELL.TX                  addr=2  deg=143  hex=0000DE72  cmd=2ma0000DE72
   23.235  ELL.RX                  addr=2  line=2PO0000DE70  raw=b'2PO0000DE70\r\n'
   23.236  ELL.DONE                addr=2  pos=143.0  dt=0.302  lines=1  leftover=0
   23.644  ARD.TRIG                frame=13  attempt=1
   23.708  ARD.RX                  msg=TRIGGERED  raw=b'TRIGGERED\r\n'  t=0.0
   23.723  ARD.RX                  msg=ARMED  raw=b'ARMED\r\n'  t=0.016
   24.368  ARD.RX                  msg=FRAME_DONE  raw=b'FRAME_DONE\r\n'  t=0.66
   24.369  ARD.FRAME_DONE          frame=13  attempt=1  dt=0.661  leftover=0
   24.370  FRAME.END               frame=13  t_total=1.635  t_hwp=0.197  t_qwp=0.304  t_trig=0.727  attempts=1  flags=ok
   24.372  FRAME.START             frame=14  hwp=112  qwp=137
   24.373  ELL.TX                  addr=0  deg=112  hex=0000AE39  cmd=0ma0000AE39
   24.643  ELL.RX                  addr=0  line=0PO0000AE3B  raw=b'0PO0000AE3B\r\n'
   24.644  ELL.DONE                addr=0  pos=112.01  dt=0.271  lines=1  leftover=0
   24.645  ELL.TX                  addr=2  deg=137  hex=0000D51C  cmd=2ma0000D51C
   24.931  ELL.RX                  addr=2  line=2PO0000D51C  raw=b'2PO0000D51C\r\n'
   24.932  ELL.DONE                addr=2  pos=137.0  dt=0.286  lines=1  leftover=0
   25.343  ARD.TRIG                frame=14  attempt=1
   25.406  ARD.RX                  msg=TRIGGERED  raw=b'TRIGGERED\r\n'  t=0.0
   25.421  ARD.RX                  msg=ARMED  raw=b'ARMED\r\n'  t=0.016
   26.063  ARD.RX                  msg=FRAME_DONE  raw=b'FRAME_DONE\r\n'  t=0.658
   26.065  ARD.FRAME_DONE          frame=14  attempt=1  dt=0.66  leftover=0
   26.066  FRAME.END               frame=14  t_total=1.694  t_hwp=0.272  t_qwp=0.288  t_trig=0.723  attempts=1  flags=ok
   26.069  LOOP.END              
