    0.005  SESSION.START           log=D:\1_software\Experimental control software\2023_06_22 new pSHG sequence MIRA\pshg_diag_20260622_184339.log  csv=D:\1_software\Experimental control software\2023_06_22 new pSHG sequence MIRA\pshg_diag_20260622_184339.csv  file=2023_06_22 new pSHG sequence MIRA.xlsx  drain_stale=True
    0.050  ELL.QUERY               cmd=0in  reply='0IN0E1140051420211501016800023000\r\n'
    0.146  ELL.QUERY               cmd=2in  reply='2IN0E1140064920211501016800023000\r\n'
    0.562  ELL.QUERY               cmd=0ho  reply='0PO00000002\r\n'
    1.122  ELL.QUERY               cmd=2ho  reply='2PO00000001\r\n'
    1.154  ELL.QUERY               cmd=0gp  reply='0PO00000002\r\n'
    1.218  ELL.QUERY               cmd=2gp  reply='2PO00000010\r\n'
    2.231  LOOP.START            
    3.237  FRAME.START             frame=1  hwp=20  qwp=155
    3.238  ELL.TX                  addr=0  deg=20  hex=00001F1C  cmd=0ma00001F1C
    3.394  ELL.RX                  addr=0  line=0PO00001F1C  raw=b'0PO00001F1C\r\n'
    3.396  ELL.DONE                addr=0  pos=20.0  dt=0.157  lines=1  leftover=0
    3.397  ELL.TX                  addr=2  deg=155  hex=0000F11C  cmd=2ma0000F11C
    4.018  ELL.RX                  addr=2  line=2PO0000F11F  raw=b'2PO0000F11F\r\n'
    4.020  ELL.DONE                addr=2  pos=155.01  dt=0.623  lines=1  leftover=0
    4.424  ARD.TRIG                frame=1  attempt=1
    4.488  ARD.RX                  msg=TRIGGERED  raw=b'TRIGGERED\r\n'  t=0.0
    4.503  ARD.RX                  msg=ARMED  raw=b'ARMED\r\n'  t=0.015
    5.145  ARD.RX                  msg=FRAME_DONE  raw=b'FRAME_DONE\r\n'  t=0.656
    5.146  ARD.FRAME_DONE          frame=1  attempt=1  dt=0.657  leftover=0
    5.147  FRAME.END               frame=1  t_total=1.91  t_hwp=0.159  t_qwp=0.624  t_trig=0.723  attempts=1  flags=ok
    5.149  FRAME.START             frame=2  hwp=18  qwp=143
    5.150  ELL.TX                  addr=0  deg=18  hex=00001C00  cmd=0ma00001C00
    5.219  ELL.RX                  addr=0  line=0PO00001C00  raw=b'0PO00001C00\r\n'
    5.220  ELL.DONE                addr=0  pos=18.0  dt=0.069  lines=1  leftover=0
    5.220  ELL.TX                  addr=2  deg=143  hex=0000DE72  cmd=2ma0000DE72
    5.506  ELL.RX                  addr=2  line=2PO0000DE6F  raw=b'2PO0000DE6F\r\n'
    5.508  ELL.DONE                addr=2  pos=142.99  dt=0.286  lines=1  leftover=0
    5.916  ARD.TRIG                frame=2  attempt=1
    5.978  ARD.RX                  msg=TRIGGERED  raw=b'TRIGGERED\r\n'  t=0.0
    5.994  ARD.RX                  msg=ARMED  raw=b'ARMED\r\n'  t=0.016
    6.638  ARD.RX                  msg=FRAME_DONE  raw=b'FRAME_DONE\r\n'  t=0.66
    6.639  ARD.FRAME_DONE          frame=2  attempt=1  dt=0.661  leftover=0
    6.640  FRAME.END               frame=2  t_total=1.491  t_hwp=0.071  t_qwp=0.289  t_trig=0.724  attempts=1  flags=ok
    6.642  FRAME.START             frame=3  hwp=27  qwp=138
    6.642  ELL.TX                  addr=0  deg=27  hex=00002A00  cmd=0ma00002A00
    6.835  ELL.RX                  addr=0  line=0PO00002A02  raw=b'0PO00002A02\r\n'
    6.836  ELL.DONE                addr=0  pos=27.01  dt=0.193  lines=1  leftover=0
    6.837  ELL.TX                  addr=2  deg=138  hex=0000D6AB  cmd=2ma0000D6AB
    7.155  ELL.RX                  addr=2  line=2PO0000D6AA  raw=b'2PO0000D6AA\r\n'
    7.156  ELL.DONE                addr=2  pos=138.0  dt=0.32  lines=1  leftover=0
    7.570  ARD.TRIG                frame=3  attempt=1
    7.634  ARD.RX                  msg=TRIGGERED  raw=b'TRIGGERED\r\n'  t=0.0
    7.650  ARD.RX                  msg=ARMED  raw=b'ARMED\r\n'  t=0.016
    8.290  ARD.RX                  msg=FRAME_DONE  raw=b'FRAME_DONE\r\n'  t=0.657
    8.292  ARD.FRAME_DONE          frame=3  attempt=1  dt=0.658  leftover=0
    8.292  FRAME.END               frame=3  t_total=1.651  t_hwp=0.194  t_qwp=0.321  t_trig=0.723  attempts=1  flags=ok
    8.294  FRAME.START             frame=4  hwp=40  qwp=143
    8.295  ELL.TX                  addr=0  deg=40  hex=00003E39  cmd=0ma00003E39
    8.483  ELL.RX                  addr=0  line=0PO00003E3A  raw=b'0PO00003E3A\r\n'
    8.485  ELL.DONE                addr=0  pos=40.0  dt=0.189  lines=1  leftover=0
    8.487  ELL.TX                  addr=2  deg=143  hex=0000DE72  cmd=2ma0000DE72
    8.787  ELL.RX                  addr=2  line=2PO0000DE73  raw=b'2PO0000DE73\r\n'
    8.788  ELL.DONE                addr=2  pos=143.0  dt=0.3  lines=1  leftover=0
    9.202  ARD.TRIG                frame=4  attempt=1
    9.266  ARD.RX                  msg=TRIGGERED  raw=b'TRIGGERED\r\n'  t=0.0
    9.282  ARD.RX                  msg=ARMED  raw=b'ARMED\r\n'  t=0.016
    9.921  ARD.RX                  msg=FRAME_DONE  raw=b'FRAME_DONE\r\n'  t=0.654
    9.922  ARD.FRAME_DONE          frame=4  attempt=1  dt=0.655  leftover=0
    9.923  FRAME.END               frame=4  t_total=1.628  t_hwp=0.192  t_qwp=0.302  t_trig=0.721  attempts=1  flags=ok
    9.924  FRAME.START             frame=5  hwp=55  qwp=155
    9.925  ELL.TX                  addr=0  deg=55  hex=0000558E  cmd=0ma0000558E
   10.115  ELL.RX                  addr=0  line=0PO0000558B  raw=b'0PO0000558B\r\n'
   10.117  ELL.DONE                addr=0  pos=54.99  dt=0.191  lines=1  leftover=0
   10.120  ELL.TX                  addr=2  deg=155  hex=0000F11C  cmd=2ma0000F11C
   10.355  ELL.RX                  addr=2  line=2PO0000F11F  raw=b'2PO0000F11F\r\n'
   10.357  ELL.DONE                addr=2  pos=155.01  dt=0.233  lines=1  leftover=0
   10.769  ARD.TRIG                frame=5  attempt=1
   10.831  ARD.RX                  msg=TRIGGERED  raw=b'TRIGGERED\r\n'  t=0.0
   10.847  ARD.RX                  msg=ARMED  raw=b'ARMED\r\n'  t=0.016
   11.489  ARD.RX                  msg=FRAME_DONE  raw=b'FRAME_DONE\r\n'  t=0.658
   11.491  ARD.FRAME_DONE          frame=5  attempt=1  dt=0.659  leftover=0
   11.492  FRAME.END               frame=5  t_total=1.568  t_hwp=0.195  t_qwp=0.238  t_trig=0.723  attempts=1  flags=ok
   11.495  FRAME.START             frame=6  hwp=67  qwp=168
   11.496  ELL.TX                  addr=0  deg=67  hex=00006839  cmd=0ma00006839
   11.731  ELL.RX                  addr=0  line=0PO00006839  raw=b'0PO00006839\r\n'
   11.732  ELL.DONE                addr=0  pos=67.0  dt=0.234  lines=1  leftover=0
   11.733  ELL.TX                  addr=2  deg=168  hex=00010555  cmd=2ma00010555
   12.115  ELL.RX                  addr=2  line=2PO00010555  raw=b'2PO00010555\r\n'
   12.117  ELL.DONE                addr=2  pos=168.0  dt=0.381  lines=1  leftover=0
   12.526  ARD.TRIG                frame=6  attempt=1
   12.590  ARD.RX                  msg=TRIGGERED  raw=b'TRIGGERED\r\n'  t=0.0
   12.606  ARD.RX                  msg=ARMED  raw=b'ARMED\r\n'  t=0.016
   13.246  ARD.RX                  msg=FRAME_DONE  raw=b'FRAME_DONE\r\n'  t=0.656
   13.248  ARD.FRAME_DONE          frame=6  attempt=1  dt=0.658  leftover=0
   13.248  FRAME.END               frame=6  t_total=1.754  t_hwp=0.237  t_qwp=0.385  t_trig=0.723  attempts=1  flags=ok
   13.250  FRAME.START             frame=7  hwp=78  qwp=178
   13.251  ELL.TX                  addr=0  deg=78  hex=00007955  cmd=0ma00007955
   13.651  ELL.RX                  addr=0  line=0PO00007955  raw=b'0PO00007955\r\n'
   13.652  ELL.DONE                addr=0  pos=78.0  dt=0.4  lines=1  leftover=0
   13.653  ELL.TX                  addr=2  deg=178  hex=000114E4  cmd=2ma000114E4
   14.019  ELL.RX                  addr=2  line=2PO000114E7  raw=b'2PO000114E7\r\n'
   14.020  ELL.DONE                addr=2  pos=178.01  dt=0.366  lines=1  leftover=0
   14.432  ARD.TRIG                frame=7  attempt=1
   14.496  ARD.RX                  msg=TRIGGERED  raw=b'TRIGGERED\r\n'  t=0.0
   14.512  ARD.RX                  msg=ARMED  raw=b'ARMED\r\n'  t=0.016
   15.151  ARD.RX                  msg=FRAME_DONE  raw=b'FRAME_DONE\r\n'  t=0.655
   15.152  ARD.FRAME_DONE          frame=7  attempt=1  dt=0.656  leftover=0
   15.153  FRAME.END               frame=7  t_total=1.903  t_hwp=0.402  t_qwp=0.368  t_trig=0.721  attempts=1  flags=ok
   15.155  FRAME.START             frame=8  hwp=91  qwp=186
   15.155  ELL.TX                  addr=0  deg=91  hex=00008D8E  cmd=0ma00008D8E
   15.347  ELL.RX                  addr=0  line=0PO00008D8C  raw=b'0PO00008D8C\r\n'
   15.348  ELL.DONE                addr=0  pos=90.99  dt=0.192  lines=1  leftover=0
   15.349  ELL.TX                  addr=2  deg=186  hex=00012155  cmd=2ma00012155
   15.699  ELL.RX                  addr=2  line=2PO00012152  raw=b'2PO00012152\r\n'
   15.701  ELL.DONE                addr=2  pos=185.99  dt=0.351  lines=1  leftover=0
   16.107  ARD.TRIG                frame=8  attempt=1
   16.171  ARD.RX                  msg=TRIGGERED  raw=b'TRIGGERED\r\n'  t=0.0
   16.187  ARD.RX                  msg=ARMED  raw=b'ARMED\r\n'  t=0.016
   16.826  ARD.RX                  msg=FRAME_DONE  raw=b'FRAME_DONE\r\n'  t=0.655
   16.827  ARD.FRAME_DONE          frame=8  attempt=1  dt=0.656  leftover=0
   16.828  FRAME.END               frame=8  t_total=1.673  t_hwp=0.194  t_qwp=0.353  t_trig=0.721  attempts=1  flags=ok
   16.830  FRAME.START             frame=9  hwp=102  qwp=186
   16.830  ELL.TX                  addr=0  deg=102  hex=00009EAB  cmd=0ma00009EAB
   17.043  ELL.RX                  addr=0  line=0PO00009EAC  raw=b'0PO00009EAC\r\n'
   17.047  ELL.DONE                addr=0  pos=102.0  dt=0.215  lines=1  leftover=0
   17.050  ELL.TX                  addr=2  deg=186  hex=00012155  cmd=2ma00012155
   17.139  ELL.RX                  addr=2  line=2PO00012153  raw=b'2PO00012153\r\n'
   17.141  ELL.DONE                addr=2  pos=185.99  dt=0.089  lines=1  leftover=0
   17.553  ARD.TRIG                frame=9  attempt=1
   17.617  ARD.RX                  msg=TRIGGERED  raw=b'TRIGGERED\r\n'  t=0.0
   17.633  ARD.RX                  msg=ARMED  raw=b'ARMED\r\n'  t=0.016
   18.272  ARD.RX                  msg=FRAME_DONE  raw=b'FRAME_DONE\r\n'  t=0.655
   18.273  ARD.FRAME_DONE          frame=9  attempt=1  dt=0.656  leftover=0
   18.274  FRAME.END               frame=9  t_total=1.444  t_hwp=0.219  t_qwp=0.092  t_trig=0.72  attempts=1  flags=ok
   18.275  FRAME.START             frame=10  hwp=106  qwp=178
   18.276  ELL.TX                  addr=0  deg=106  hex=0000A4E4  cmd=0ma0000A4E4
   18.435  ELL.RX                  addr=0  line=0PO0000A4E5  raw=b'0PO0000A4E5\r\n'
   18.437  ELL.DONE                addr=0  pos=106.0  dt=0.16  lines=1  leftover=0
   18.437  ELL.TX                  addr=2  deg=178  hex=000114E4  cmd=2ma000114E4
   18.691  ELL.RX                  addr=2  line=2PO000114E1  raw=b'2PO000114E1\r\n'
   18.693  ELL.DONE                addr=2  pos=177.99  dt=0.254  lines=1  leftover=0
   19.096  ARD.TRIG                frame=10  attempt=1
   19.160  ARD.RX                  msg=TRIGGERED  raw=b'TRIGGERED\r\n'  t=0.0
   19.176  ARD.RX                  msg=ARMED  raw=b'ARMED\r\n'  t=0.016
   19.819  ARD.RX                  msg=FRAME_DONE  raw=b'FRAME_DONE\r\n'  t=0.659
   19.824  ARD.FRAME_DONE          frame=10  attempt=1  dt=0.664  leftover=0
   19.826  FRAME.END               frame=10  t_total=1.551  t_hwp=0.161  t_qwp=0.256  t_trig=0.73  attempts=1  flags=ok
   19.832  FRAME.START             frame=11  hwp=106  qwp=167
   19.835  ELL.TX                  addr=0  deg=106  hex=0000A4E4  cmd=0ma0000A4E4
   19.875  ELL.RX                  addr=0  line=0PO0000A4E6  raw=b'0PO0000A4E6\r\n'
   19.877  ELL.DONE                addr=0  pos=106.01  dt=0.039  lines=1  leftover=0
   19.878  ELL.TX                  addr=2  deg=167  hex=000103C7  cmd=2ma000103C7
   20.227  ELL.RX                  addr=2  line=2PO000103C9  raw=b'2PO000103C9\r\n'
   20.228  ELL.DONE                addr=2  pos=167.0  dt=0.35  lines=1  leftover=0
   20.644  ARD.TRIG                frame=11  attempt=1
   20.708  ARD.RX                  msg=TRIGGERED  raw=b'TRIGGERED\r\n'  t=0.0
   20.723  ARD.RX                  msg=ARMED  raw=b'ARMED\r\n'  t=0.015
   21.364  ARD.RX                  msg=FRAME_DONE  raw=b'FRAME_DONE\r\n'  t=0.656
   21.365  ARD.FRAME_DONE          frame=11  attempt=1  dt=0.657  leftover=0
   21.366  FRAME.END               frame=11  t_total=1.534  t_hwp=0.043  t_qwp=0.352  t_trig=0.722  attempts=1  flags=ok
   21.368  FRAME.START             frame=12  hwp=105  qwp=155
   21.368  ELL.TX                  addr=0  deg=105  hex=0000A355  cmd=0ma0000A355
   21.556  ELL.RX                  addr=0  line=0PO0000A356  raw=b'0PO0000A356\r\n'
   21.557  ELL.DONE                addr=0  pos=105.0  dt=0.187  lines=1  leftover=0
   21.558  ELL.TX                  addr=2  deg=155  hex=0000F11C  cmd=2ma0000F11C
   21.843  ELL.RX                  addr=2  line=2PO0000F11B  raw=b'2PO0000F11B\r\n'
   21.844  ELL.DONE                addr=2  pos=155.0  dt=0.286  lines=1  leftover=0
   22.255  ARD.TRIG                frame=12  attempt=1
   22.320  ARD.RX                  msg=TRIGGERED  raw=b'TRIGGERED\r\n'  t=0.0
   22.335  ARD.RX                  msg=ARMED  raw=b'ARMED\r\n'  t=0.015
   22.974  ARD.RX                  msg=FRAME_DONE  raw=b'FRAME_DONE\r\n'  t=0.654
   22.975  ARD.FRAME_DONE          frame=12  attempt=1  dt=0.655  leftover=0
   22.976  FRAME.END               frame=12  t_total=1.608  t_hwp=0.189  t_qwp=0.288  t_trig=0.721  attempts=1  flags=ok
   22.977  FRAME.START             frame=13  hwp=104  qwp=143
   22.978  ELL.TX                  addr=0  deg=104  hex=0000A1C7  cmd=0ma0000A1C7
   23.203  ELL.RX                  addr=0  line=0PO0000A1C4  raw=b'0PO0000A1C4\r\n'
   23.205  ELL.DONE                addr=0  pos=103.99  dt=0.226  lines=1  leftover=0
   23.206  ELL.TX                  addr=2  deg=143  hex=0000DE72  cmd=2ma0000DE72
   23.491  ELL.RX                  addr=2  line=2PO0000DE74  raw=b'2PO0000DE74\r\n'
   23.493  ELL.DONE                addr=2  pos=143.01  dt=0.287  lines=1  leftover=0
   23.909  ARD.TRIG                frame=13  attempt=1
   23.972  ARD.RX                  msg=TRIGGERED  raw=b'TRIGGERED\r\n'  t=0.0
   23.988  ARD.RX                  msg=ARMED  raw=b'ARMED\r\n'  t=0.016
   24.632  ARD.RX                  msg=FRAME_DONE  raw=b'FRAME_DONE\r\n'  t=0.66
   24.635  ARD.FRAME_DONE          frame=13  attempt=1  dt=0.663  leftover=0
   24.637  FRAME.END               frame=13  t_total=1.659  t_hwp=0.227  t_qwp=0.288  t_trig=0.728  attempts=1  flags=ok
   24.640  FRAME.START             frame=14  hwp=112  qwp=137
   24.644  ELL.TX                  addr=0  deg=112  hex=0000AE39  cmd=0ma0000AE39
   24.900  ELL.RX                  addr=0  line=0PO0000AE38  raw=b'0PO0000AE38\r\n'
   24.901  ELL.DONE                addr=0  pos=112.0  dt=0.254  lines=1  leftover=0
   24.902  ELL.TX                  addr=2  deg=137  hex=0000D51C  cmd=2ma0000D51C
   25.140  ELL.RX                  addr=2  line=2PO0000D519  raw=b'2PO0000D519\r\n'
   25.144  ELL.DONE                addr=2  pos=136.99  dt=0.241  lines=1  leftover=0
   25.563  ARD.TRIG                frame=14  attempt=1
   25.628  ARD.RX                  msg=TRIGGERED  raw=b'TRIGGERED\r\n'  t=0.0
   25.643  ARD.RX                  msg=ARMED  raw=b'ARMED\r\n'  t=0.015
   26.290  ARD.RX                  msg=FRAME_DONE  raw=b'FRAME_DONE\r\n'  t=0.662
   26.291  ARD.FRAME_DONE          frame=14  attempt=1  dt=0.663  leftover=0
   26.292  FRAME.END               frame=14  t_total=1.652  t_hwp=0.258  t_qwp=0.248  t_trig=0.729  attempts=1  flags=ok
   26.297  LOOP.END              
