    0.021  SESSION.START           log=D:\1_software\Experimental control software\Synthetic birefringence\FA 50 deg\pshg_diag_20260622_175033.log  csv=D:\1_software\Experimental control software\Synthetic birefringence\FA 50 deg\pshg_diag_20260622_175033.csv  file=delta_waves=0.100_fast_axis=50.xlsx  drain_stale=True
    0.066  ELL.QUERY               cmd=0in  reply='0IN0E1140051420211501016800023000\r\n'
    0.162  ELL.QUERY               cmd=2in  reply='2IN0E1140064920211501016800023000\r\n'
    0.547  ELL.QUERY               cmd=0ho  reply='0PO00000001\r\n'
    1.234  ELL.QUERY               cmd=2ho  reply='2POFFFFFFFD\r\n'
    1.266  ELL.QUERY               cmd=0gp  reply='0PO00000001\r\n'
    1.330  ELL.QUERY               cmd=2gp  reply='2POFFFFFFF8\r\n'
    2.337  LOOP.START            
    3.348  FRAME.START             frame=1  hwp=125  qwp=85
    3.349  ELL.TX                  addr=0  deg=125  hex=0000C272  cmd=0ma0000C272
    3.826  ELL.RX                  addr=0  line=0PO0000C274  raw=b'0PO0000C274\r\n'
    3.828  ELL.DONE                addr=0  pos=125.01  dt=0.478  lines=1  leftover=0
    3.829  ELL.TX                  addr=2  deg=85  hex=00008439  cmd=2ma00008439
    4.386  ELL.RX                  addr=2  line=2PO00008439  raw=b'2PO00008439\r\n'
    4.388  ELL.DONE                addr=2  pos=85.0  dt=0.558  lines=1  leftover=0
    4.796  ARD.TRIG                frame=1  attempt=1
    4.860  ARD.RX                  msg=TRIGGERED  raw=b'TRIGGERED\r\n'  t=0.0
    4.876  ARD.RX                  msg=ARMED  raw=b'ARMED\r\n'  t=0.016
    5.517  ARD.RX                  msg=FRAME_DONE  raw=b'FRAME_DONE\r\n'  t=0.657
    5.519  ARD.FRAME_DONE          frame=1  attempt=1  dt=0.659  leftover=0
    5.520  FRAME.END               frame=1  t_total=2.172  t_hwp=0.48  t_qwp=0.56  t_trig=0.724  attempts=1  flags=SLOW
    5.522  FRAME.START             frame=2  hwp=36  qwp=94
    5.524  ELL.TX                  addr=0  deg=36  hex=00003800  cmd=0ma00003800
    5.842  ELL.RX                  addr=0  line=0PO000037FE  raw=b'0PO000037FE\r\n'
    5.843  ELL.DONE                addr=0  pos=35.99  dt=0.319  lines=1  leftover=0
    5.844  ELL.TX                  addr=2  deg=94  hex=00009239  cmd=2ma00009239
    6.002  ELL.RX                  addr=2  line=2PO0000923B  raw=b'2PO0000923B\r\n'
    6.004  ELL.DONE                addr=2  pos=94.01  dt=0.159  lines=1  leftover=0
    6.410  ARD.TRIG                frame=2  attempt=1
    6.476  ARD.RX                  msg=TRIGGERED  raw=b'TRIGGERED\r\n'  t=0.0
    6.490  ARD.RX                  msg=ARMED  raw=b'ARMED\r\n'  t=0.015
    7.129  ARD.RX                  msg=FRAME_DONE  raw=b'FRAME_DONE\r\n'  t=0.654
    7.130  ARD.FRAME_DONE          frame=2  attempt=1  dt=0.655  leftover=0
    7.131  FRAME.END               frame=2  t_total=1.609  t_hwp=0.321  t_qwp=0.16  t_trig=0.721  attempts=1  flags=ok
    7.133  FRAME.START             frame=3  hwp=49  qwp=109
    7.134  ELL.TX                  addr=0  deg=49  hex=00004C39  cmd=0ma00004C39
    7.330  ELL.RX                  addr=0  line=0PO00004C39  raw=b'0PO00004C39\r\n'
    7.332  ELL.DONE                addr=0  pos=49.0  dt=0.198  lines=1  leftover=0
    7.332  ELL.TX                  addr=2  deg=109  hex=0000A98E  cmd=2ma0000A98E
    7.522  ELL.RX                  addr=2  line=2PO0000A98D  raw=b'2PO0000A98D\r\n'
    7.524  ELL.DONE                addr=2  pos=109.0  dt=0.191  lines=1  leftover=0
    7.937  ARD.TRIG                frame=3  attempt=1
    8.002  ARD.RX                  msg=TRIGGERED  raw=b'TRIGGERED\r\n'  t=0.0
    8.017  ARD.RX                  msg=ARMED  raw=b'ARMED\r\n'  t=0.016
    8.659  ARD.RX                  msg=FRAME_DONE  raw=b'FRAME_DONE\r\n'  t=0.658
    8.661  ARD.FRAME_DONE          frame=3  attempt=1  dt=0.659  leftover=0
    8.662  FRAME.END               frame=3  t_total=1.53  t_hwp=0.199  t_qwp=0.192  t_trig=0.725  attempts=1  flags=ok
    8.665  FRAME.START             frame=4  hwp=151  qwp=136
    8.666  ELL.TX                  addr=0  deg=151  hex=0000EAE4  cmd=0ma0000EAE4
    9.123  ELL.RX                  addr=0  line=0PO0000EAE4  raw=b'0PO0000EAE4\r\n'
    9.124  ELL.DONE                addr=0  pos=151.0  dt=0.456  lines=1  leftover=0
    9.125  ELL.TX                  addr=2  deg=136  hex=0000D38E  cmd=2ma0000D38E
    9.459  ELL.RX                  addr=2  line=2PO0000D38C  raw=b'2PO0000D38C\r\n'
    9.460  ELL.DONE                addr=2  pos=135.99  dt=0.335  lines=1  leftover=0
    9.870  ARD.TRIG                frame=4  attempt=1
    9.931  ARD.RX                  msg=TRIGGERED  raw=b'TRIGGERED\r\n'  t=0.001
    9.947  ARD.RX                  msg=ARMED  raw=b'ARMED\r\n'  t=0.016
   10.595  ARD.RX                  msg=FRAME_DONE  raw=b'FRAME_DONE\r\n'  t=0.664
   10.597  ARD.FRAME_DONE          frame=4  attempt=1  dt=0.666  leftover=0
   10.599  FRAME.END               frame=4  t_total=1.934  t_hwp=0.459  t_qwp=0.336  t_trig=0.729  attempts=1  flags=ok
   10.604  FRAME.START             frame=5  hwp=173  qwp=91
   10.605  ELL.TX                  addr=0  deg=173  hex=00010D1C  cmd=0ma00010D1C
   10.867  ELL.RX                  addr=0  line=0PO00010D1A  raw=b'0PO00010D1A\r\n'
   10.868  ELL.DONE                addr=0  pos=172.99  dt=0.261  lines=1  leftover=0
   10.870  ELL.TX                  addr=2  deg=91  hex=00008D8E  cmd=2ma00008D8E
   11.187  ELL.RX                  addr=2  line=2PO00008D8D  raw=b'2PO00008D8D\r\n'
   11.188  ELL.DONE                addr=2  pos=91.0  dt=0.317  lines=1  leftover=0
   11.595  ARD.TRIG                frame=5  attempt=1
   11.658  ARD.RX                  msg=TRIGGERED  raw=b'TRIGGERED\r\n'  t=0.0
   11.673  ARD.RX                  msg=ARMED  raw=b'ARMED\r\n'  t=0.015
   12.315  ARD.RX                  msg=FRAME_DONE  raw=b'FRAME_DONE\r\n'  t=0.657
   12.316  ARD.FRAME_DONE          frame=5  attempt=1  dt=0.658  leftover=0
   12.317  FRAME.END               frame=5  t_total=1.713  t_hwp=0.264  t_qwp=0.319  t_trig=0.722  attempts=1  flags=ok
   12.318  FRAME.START             frame=6  hwp=165  qwp=77
   12.319  ELL.TX                  addr=0  deg=165  hex=000100AB  cmd=0ma000100AB
   12.627  ELL.RX                  addr=0  line=0PO000100AA  raw=b'0PO000100AA\r\n'
   12.633  ELL.DONE                addr=0  pos=165.0  dt=0.312  lines=1  leftover=0
   12.636  ELL.TX                  addr=2  deg=77  hex=000077C7  cmd=2ma000077C7
   13.059  ELL.RX                  addr=2  line=2PO000077C6  raw=b'2PO000077C6\r\n'
   13.060  ELL.DONE                addr=2  pos=77.0  dt=0.419  lines=1  leftover=0
   13.464  ARD.TRIG                frame=6  attempt=1
   13.528  ARD.RX                  msg=TRIGGERED  raw=b'TRIGGERED\r\n'  t=0.0
   13.544  ARD.RX                  msg=ARMED  raw=b'ARMED\r\n'  t=0.016
   14.182  ARD.RX                  msg=FRAME_DONE  raw=b'FRAME_DONE\r\n'  t=0.654
   14.183  ARD.FRAME_DONE          frame=6  attempt=1  dt=0.655  leftover=0
   14.184  FRAME.END               frame=6  t_total=1.866  t_hwp=0.317  t_qwp=0.425  t_trig=0.72  attempts=1  flags=ok
   14.186  FRAME.START             frame=7  hwp=156  qwp=60
   14.187  ELL.TX                  addr=0  deg=156  hex=0000F2AB  cmd=0ma0000F2AB
   14.580  ELL.RX                  addr=0  line=0PO0000F2AC  raw=b'0PO0000F2AC\r\n'
   14.585  ELL.DONE                addr=0  pos=156.0  dt=0.398  lines=1  leftover=0
   14.589  ELL.TX                  addr=2  deg=60  hex=00005D55  cmd=2ma00005D55
   15.059  ELL.RX                  addr=2  line=2PO00005D55  raw=b'2PO00005D55\r\n'
   15.065  ELL.DONE                addr=2  pos=60.0  dt=0.47  lines=1  leftover=0
   15.469  ARD.TRIG                frame=7  attempt=1
   15.533  ARD.RX                  msg=TRIGGERED  raw=b'TRIGGERED\r\n'  t=0.0
   15.549  ARD.RX                  msg=ARMED  raw=b'ARMED\r\n'  t=0.016
   16.189  ARD.RX                  msg=FRAME_DONE  raw=b'FRAME_DONE\r\n'  t=0.656
   16.190  ARD.FRAME_DONE          frame=7  attempt=1  dt=0.657  leftover=0
   16.191  FRAME.END               frame=7  t_total=2.005  t_hwp=0.402  t_qwp=0.48  t_trig=0.722  attempts=1  flags=SLOW
   16.193  FRAME.START             frame=8  hwp=91  qwp=12
   16.194  ELL.TX                  addr=0  deg=91  hex=00008D8E  cmd=0ma00008D8E
   16.419  ELL.RX                  addr=0  line=0PO00008D8C  raw=b'0PO00008D8C\r\n'
   16.420  ELL.DONE                addr=0  pos=90.99  dt=0.226  lines=1  leftover=0
   16.421  ELL.TX                  addr=2  deg=12  hex=000012AB  cmd=2ma000012AB
   16.627  ELL.RX                  addr=2  line=2PO000012AB  raw=b'2PO000012AB\r\n'
   16.628  ELL.DONE                addr=2  pos=12.0  dt=0.206  lines=1  leftover=0
   17.035  ARD.TRIG                frame=8  attempt=1
   17.098  ARD.RX                  msg=TRIGGERED  raw=b'TRIGGERED\r\n'  t=0.0
   17.114  ARD.RX                  msg=ARMED  raw=b'ARMED\r\n'  t=0.016
   17.754  ARD.RX                  msg=FRAME_DONE  raw=b'FRAME_DONE\r\n'  t=0.655
   17.755  ARD.FRAME_DONE          frame=8  attempt=1  dt=0.657  leftover=0
   17.757  FRAME.END               frame=8  t_total=1.564  t_hwp=0.228  t_qwp=0.208  t_trig=0.722  attempts=1  flags=ok
   17.759  FRAME.START             frame=9  hwp=128  qwp=20
   17.761  ELL.TX                  addr=0  deg=128  hex=0000C71C  cmd=0ma0000C71C
   18.067  ELL.RX                  addr=0  line=0PO0000C71E  raw=b'0PO0000C71E\r\n'
   18.068  ELL.DONE                addr=0  pos=128.0  dt=0.306  lines=1  leftover=0
   18.069  ELL.TX                  addr=2  deg=20  hex=00001F1C  cmd=2ma00001F1C
   18.259  ELL.RX                  addr=2  line=2PO00001F1F  raw=b'2PO00001F1F\r\n'
   18.262  ELL.DONE                addr=2  pos=20.01  dt=0.192  lines=1  leftover=0
   18.671  ARD.TRIG                frame=9  attempt=1
   18.735  ARD.RX                  msg=TRIGGERED  raw=b'TRIGGERED\r\n'  t=0.0
   18.751  ARD.RX                  msg=ARMED  raw=b'ARMED\r\n'  t=0.016
   19.392  ARD.RX                  msg=FRAME_DONE  raw=b'FRAME_DONE\r\n'  t=0.656
   19.393  ARD.FRAME_DONE          frame=9  attempt=1  dt=0.657  leftover=0
   19.394  FRAME.END               frame=9  t_total=1.635  t_hwp=0.309  t_qwp=0.194  t_trig=0.723  attempts=1  flags=ok
   19.396  FRAME.START             frame=10  hwp=38  qwp=23
   19.396  ELL.TX                  addr=0  deg=38  hex=00003B1C  cmd=0ma00003B1C
   19.747  ELL.RX                  addr=0  line=0PO00003B1D  raw=b'0PO00003B1D\r\n'
   19.749  ELL.DONE                addr=0  pos=38.0  dt=0.351  lines=1  leftover=0
   19.750  ELL.TX                  addr=2  deg=23  hex=000023C7  cmd=2ma000023C7
   20.035  ELL.RX                  addr=2  line=2PO000023CA  raw=b'2PO000023CA\r\n'
   20.037  ELL.DONE                addr=2  pos=23.01  dt=0.286  lines=1  leftover=0
   20.451  ARD.TRIG                frame=10  attempt=1
   20.514  ARD.RX                  msg=TRIGGERED  raw=b'TRIGGERED\r\n'  t=0.0
   20.528  ARD.RX                  msg=ARMED  raw=b'ARMED\r\n'  t=0.015
   21.176  ARD.RX                  msg=FRAME_DONE  raw=b'FRAME_DONE\r\n'  t=0.662
   21.177  ARD.FRAME_DONE          frame=10  attempt=1  dt=0.663  leftover=0
   21.178  FRAME.END               frame=10  t_total=1.782  t_hwp=0.353  t_qwp=0.288  t_trig=0.727  attempts=1  flags=ok
   21.180  FRAME.START             frame=11  hwp=39  qwp=11
   21.181  ELL.TX                  addr=0  deg=39  hex=00003CAB  cmd=0ma00003CAB
   21.235  ELL.RX                  addr=0  line=0PO00003CAB  raw=b'0PO00003CAB\r\n'
   21.236  ELL.DONE                addr=0  pos=39.0  dt=0.054  lines=1  leftover=0
   21.237  ELL.TX                  addr=2  deg=11  hex=0000111C  cmd=2ma0000111C
   21.491  ELL.RX                  addr=2  line=2PO0000111C  raw=b'2PO0000111C\r\n'
   21.492  ELL.DONE                addr=2  pos=11.0  dt=0.255  lines=1  leftover=0
   21.893  ARD.TRIG                frame=11  attempt=1
   21.958  ARD.RX                  msg=TRIGGERED  raw=b'TRIGGERED\r\n'  t=0.0
   21.973  ARD.RX                  msg=ARMED  raw=b'ARMED\r\n'  t=0.016
   22.613  ARD.RX                  msg=FRAME_DONE  raw=b'FRAME_DONE\r\n'  t=0.655
   22.615  ARD.FRAME_DONE          frame=11  attempt=1  dt=0.657  leftover=0
   22.616  FRAME.END               frame=11  t_total=1.436  t_hwp=0.056  t_qwp=0.256  t_trig=0.723  attempts=1  flags=ok
   22.619  FRAME.START             frame=12  hwp=20  qwp=56
   22.619  ELL.TX                  addr=0  deg=20  hex=00001F1C  cmd=0ma00001F1C
   22.755  ELL.RX                  addr=0  line=0PO00001F1D  raw=b'0PO00001F1D\r\n'
   22.756  ELL.DONE                addr=0  pos=20.0  dt=0.136  lines=1  leftover=0
   22.757  ELL.TX                  addr=2  deg=56  hex=0000571C  cmd=2ma0000571C
   23.107  ELL.RX                  addr=2  line=2PO0000571A  raw=b'2PO0000571A\r\n'
   23.109  ELL.DONE                addr=2  pos=55.99  dt=0.351  lines=1  leftover=0
   23.522  ARD.TRIG                frame=12  attempt=1
   23.586  ARD.RX                  msg=TRIGGERED  raw=b'TRIGGERED\r\n'  t=0.001
   23.600  ARD.RX                  msg=ARMED  raw=b'ARMED\r\n'  t=0.015
   24.242  ARD.RX                  msg=FRAME_DONE  raw=b'FRAME_DONE\r\n'  t=0.657
   24.243  ARD.FRAME_DONE          frame=12  attempt=1  dt=0.658  leftover=0
   24.244  FRAME.END               frame=12  t_total=1.625  t_hwp=0.138  t_qwp=0.353  t_trig=0.722  attempts=1  flags=ok
   24.246  FRAME.START             frame=13  hwp=26  qwp=70
   24.246  ELL.TX                  addr=0  deg=26  hex=00002872  cmd=0ma00002872
   24.403  ELL.RX                  addr=0  line=0PO00002874  raw=b'0PO00002874\r\n'
   24.404  ELL.DONE                addr=0  pos=26.01  dt=0.157  lines=1  leftover=0
   24.405  ELL.TX                  addr=2  deg=70  hex=00006CE4  cmd=2ma00006CE4
   24.676  ELL.RX                  addr=2  line=2PO00006CE2  raw=b'2PO00006CE2\r\n'
   24.681  ELL.DONE                addr=2  pos=70.0  dt=0.275  lines=1  leftover=0
   25.089  ARD.TRIG                frame=13  attempt=1
   25.153  ARD.RX                  msg=TRIGGERED  raw=b'TRIGGERED\r\n'  t=0.0
   25.169  ARD.RX                  msg=ARMED  raw=b'ARMED\r\n'  t=0.016
   25.810  ARD.RX                  msg=FRAME_DONE  raw=b'FRAME_DONE\r\n'  t=0.657
   25.812  ARD.FRAME_DONE          frame=13  attempt=1  dt=0.658  leftover=0
   25.813  FRAME.END               frame=13  t_total=1.567  t_hwp=0.159  t_qwp=0.281  t_trig=0.723  attempts=1  flags=ok
   25.814  FRAME.START             frame=14  hwp=131  qwp=109
   25.815  ELL.TX                  addr=0  deg=131  hex=0000CBC7  cmd=0ma0000CBC7
   26.259  ELL.RX                  addr=0  line=0PO0000CBCA  raw=b'0PO0000CBCA\r\n'
   26.260  ELL.DONE                addr=0  pos=131.01  dt=0.444  lines=1  leftover=0
   26.261  ELL.TX                  addr=2  deg=109  hex=0000A98E  cmd=2ma0000A98E
   26.643  ELL.RX                  addr=2  line=2PO0000A98D  raw=b'2PO0000A98D\r\n'
   26.645  ELL.DONE                addr=2  pos=109.0  dt=0.382  lines=1  leftover=0
   27.058  ARD.TRIG                frame=14  attempt=1
   27.121  ARD.RX                  msg=TRIGGERED  raw=b'TRIGGERED\r\n'  t=0.0
   27.137  ARD.RX                  msg=ARMED  raw=b'ARMED\r\n'  t=0.016
   27.783  ARD.RX                  msg=FRAME_DONE  raw=b'FRAME_DONE\r\n'  t=0.662
   27.784  ARD.FRAME_DONE          frame=14  attempt=1  dt=0.663  leftover=0
   27.785  FRAME.END               frame=14  t_total=1.971  t_hwp=0.446  t_qwp=0.385  t_trig=0.727  attempts=1  flags=ok
   27.788  LOOP.END              
