    0.020  SESSION.START           log=D:\1_software\Experimental control software\Synthetic birefringence\FA 50 deg\pshg_diag_20260622_180026.log  csv=D:\1_software\Experimental control software\Synthetic birefringence\FA 50 deg\pshg_diag_20260622_180026.csv  file=delta_waves=0.400_fast_axis=50.xlsx  drain_stale=True
    0.065  ELL.QUERY               cmd=0in  reply='0IN0E1140051420211501016800023000\r\n'
    0.161  ELL.QUERY               cmd=2in  reply='2IN0E1140064920211501016800023000\r\n'
    0.449  ELL.QUERY               cmd=0ho  reply='0PO00000002\r\n'
    0.866  ELL.QUERY               cmd=2ho  reply='2POFFFFFFFD\r\n'
    0.897  ELL.QUERY               cmd=0gp  reply='0PO00000003\r\n'
    0.961  ELL.QUERY               cmd=2gp  reply='2PO0000000A\r\n'
    1.971  LOOP.START            
    2.981  FRAME.START             frame=1  hwp=34  qwp=77
    2.983  ELL.TX                  addr=0  deg=34  hex=000034E4  cmd=0ma000034E4
    3.186  ELL.RX                  addr=0  line=0PO000034E6  raw=b'0PO000034E6\r\n'
    3.187  ELL.DONE                addr=0  pos=34.01  dt=0.203  lines=1  leftover=0
    3.188  ELL.TX                  addr=2  deg=77  hex=000077C7  cmd=2ma000077C7
    3.506  ELL.RX                  addr=2  line=2PO000077C5  raw=b'2PO000077C5\r\n'
    3.507  ELL.DONE                addr=2  pos=76.99  dt=0.317  lines=1  leftover=0
    3.909  ARD.TRIG                frame=1  attempt=1
    3.969  ARD.RX                  msg=TRIGGERED  raw=b'TRIGGERED\r\n'  t=0.0
    3.985  ARD.RX                  msg=ARMED  raw=b'ARMED\r\n'  t=0.016
    4.628  ARD.RX                  msg=FRAME_DONE  raw=b'FRAME_DONE\r\n'  t=0.659
    4.629  ARD.FRAME_DONE          frame=1  attempt=1  dt=0.66  leftover=0
    4.630  FRAME.END               frame=1  t_total=1.649  t_hwp=0.206  t_qwp=0.319  t_trig=0.721  attempts=1  flags=ok
    4.632  FRAME.START             frame=2  hwp=99  qwp=136
    4.633  ELL.TX                  addr=0  deg=99  hex=00009A00  cmd=0ma00009A00
    5.089  ELL.RX                  addr=0  line=0PO000099FE  raw=b'0PO000099FE\r\n'
    5.091  ELL.DONE                addr=0  pos=98.99  dt=0.457  lines=1  leftover=0
    5.091  ELL.TX                  addr=2  deg=136  hex=0000D38E  cmd=2ma0000D38E
    5.490  ELL.RX                  addr=2  line=2PO0000D38C  raw=b'2PO0000D38C\r\n'
    5.491  ELL.DONE                addr=2  pos=135.99  dt=0.399  lines=1  leftover=0
    5.906  ARD.TRIG                frame=2  attempt=1
    5.970  ARD.RX                  msg=TRIGGERED  raw=b'TRIGGERED\r\n'  t=0.0
    5.986  ARD.RX                  msg=ARMED  raw=b'ARMED\r\n'  t=0.016
    6.626  ARD.RX                  msg=FRAME_DONE  raw=b'FRAME_DONE\r\n'  t=0.656
    6.628  ARD.FRAME_DONE          frame=2  attempt=1  dt=0.657  leftover=0
    6.628  FRAME.END               frame=2  t_total=1.996  t_hwp=0.458  t_qwp=0.401  t_trig=0.722  attempts=1  flags=ok
    6.630  FRAME.START             frame=3  hwp=110  qwp=94
    6.631  ELL.TX                  addr=0  deg=110  hex=0000AB1C  cmd=0ma0000AB1C
    6.850  ELL.RX                  addr=0  line=0PO0000AB1A  raw=b'0PO0000AB1A\r\n'
    6.851  ELL.DONE                addr=0  pos=109.99  dt=0.219  lines=1  leftover=0
    6.852  ELL.TX                  addr=2  deg=94  hex=00009239  cmd=2ma00009239
    7.298  ELL.RX                  addr=2  line=2PO00009238  raw=b'2PO00009238\r\n'
    7.299  ELL.DONE                addr=2  pos=94.0  dt=0.446  lines=1  leftover=0
    7.714  ARD.TRIG                frame=3  attempt=1
    7.778  ARD.RX                  msg=TRIGGERED  raw=b'TRIGGERED\r\n'  t=0.0
    7.794  ARD.RX                  msg=ARMED  raw=b'ARMED\r\n'  t=0.016
    8.433  ARD.RX                  msg=FRAME_DONE  raw=b'FRAME_DONE\r\n'  t=0.655
    8.434  ARD.FRAME_DONE          frame=3  attempt=1  dt=0.656  leftover=0
    8.435  FRAME.END               frame=3  t_total=1.805  t_hwp=0.221  t_qwp=0.448  t_trig=0.721  attempts=1  flags=ok
    8.436  FRAME.START             frame=4  hwp=5  qwp=71
    8.437  ELL.TX                  addr=0  deg=5  hex=000007C7  cmd=0ma000007C7
    8.722  ELL.RX                  addr=0  line=0PO000007C6  raw=b'0PO000007C6\r\n'
    8.723  ELL.DONE                addr=0  pos=5.0  dt=0.286  lines=1  leftover=0
    8.724  ELL.TX                  addr=2  deg=71  hex=00006E72  cmd=2ma00006E72
    9.090  ELL.RX                  addr=2  line=2PO00006E6F  raw=b'2PO00006E6F\r\n'
    9.092  ELL.DONE                addr=2  pos=70.99  dt=0.366  lines=1  leftover=0
    9.501  ARD.TRIG                frame=4  attempt=1
    9.565  ARD.RX                  msg=TRIGGERED  raw=b'TRIGGERED\r\n'  t=0.0
    9.581  ARD.RX                  msg=ARMED  raw=b'ARMED\r\n'  t=0.016
   10.225  ARD.RX                  msg=FRAME_DONE  raw=b'FRAME_DONE\r\n'  t=0.66
   10.226  ARD.FRAME_DONE          frame=4  attempt=1  dt=0.661  leftover=0
   10.226  FRAME.END               frame=4  t_total=1.79  t_hwp=0.287  t_qwp=0.369  t_trig=0.725  attempts=1  flags=ok
   10.228  FRAME.START             frame=5  hwp=176  qwp=64
   10.229  ELL.TX                  addr=0  deg=176  hex=000111C7  cmd=0ma000111C7
   10.802  ELL.RX                  addr=0  line=0PO000111C7  raw=b'0PO000111C7\r\n'
   10.803  ELL.DONE                addr=0  pos=176.0  dt=0.572  lines=1  leftover=0
   10.804  ELL.TX                  addr=2  deg=64  hex=0000638E  cmd=2ma0000638E
   11.154  ELL.RX                  addr=2  line=2PO00006390  raw=b'2PO00006390\r\n'
   11.157  ELL.DONE                addr=2  pos=64.0  dt=0.352  lines=1  leftover=0
   11.570  ARD.TRIG                frame=5  attempt=1
   11.634  ARD.RX                  msg=TRIGGERED  raw=b'TRIGGERED\r\n'  t=0.0
   11.650  ARD.RX                  msg=ARMED  raw=b'ARMED\r\n'  t=0.016
   12.291  ARD.RX                  msg=FRAME_DONE  raw=b'FRAME_DONE\r\n'  t=0.657
   12.293  ARD.FRAME_DONE          frame=5  attempt=1  dt=0.659  leftover=0
   12.295  FRAME.END               frame=5  t_total=2.066  t_hwp=0.574  t_qwp=0.355  t_trig=0.725  attempts=1  flags=SLOW
   12.298  FRAME.START             frame=6  hwp=167  qwp=58
   12.300  ELL.TX                  addr=0  deg=167  hex=000103C7  cmd=0ma000103C7
   12.706  ELL.RX                  addr=0  line=0PO000103CA  raw=b'0PO000103CA\r\n'
   12.708  ELL.DONE                addr=0  pos=167.01  dt=0.406  lines=1  leftover=0
   12.709  ELL.TX                  addr=2  deg=58  hex=00005A39  cmd=2ma00005A39
   13.314  ELL.RX                  addr=2  line=2PO00005A38  raw=b'2PO00005A38\r\n'
   13.316  ELL.DONE                addr=2  pos=58.0  dt=0.606  lines=1  leftover=0
   13.729  ARD.TRIG                frame=6  attempt=1
   13.794  ARD.RX                  msg=TRIGGERED  raw=b'TRIGGERED\r\n'  t=0.0
   13.809  ARD.RX                  msg=ARMED  raw=b'ARMED\r\n'  t=0.016
   14.450  ARD.RX                  msg=FRAME_DONE  raw=b'FRAME_DONE\r\n'  t=0.657
   14.452  ARD.FRAME_DONE          frame=6  attempt=1  dt=0.658  leftover=0
   14.452  FRAME.END               frame=6  t_total=2.154  t_hwp=0.409  t_qwp=0.608  t_trig=0.723  attempts=1  flags=SLOW
   14.454  FRAME.START             frame=7  hwp=157  qwp=53
   14.455  ELL.TX                  addr=0  deg=157  hex=0000F439  cmd=0ma0000F439
   14.802  ELL.RX                  addr=0  line=0PO0000F43A  raw=b'0PO0000F43A\r\n'
   14.804  ELL.DONE                addr=0  pos=157.0  dt=0.348  lines=1  leftover=0
   14.804  ELL.TX                  addr=2  deg=53  hex=00005272  cmd=2ma00005272
   15.122  ELL.RX                  addr=2  line=2PO00005270  raw=b'2PO00005270\r\n'
   15.124  ELL.DONE                addr=2  pos=53.0  dt=0.317  lines=1  leftover=0
   15.526  ARD.TRIG                frame=7  attempt=1
   15.591  ARD.RX                  msg=TRIGGERED  raw=b'TRIGGERED\r\n'  t=0.0
   15.606  ARD.RX                  msg=ARMED  raw=b'ARMED\r\n'  t=0.016
   16.251  ARD.RX                  msg=FRAME_DONE  raw=b'FRAME_DONE\r\n'  t=0.661
   16.253  ARD.FRAME_DONE          frame=7  attempt=1  dt=0.662  leftover=0
   16.253  FRAME.END               frame=7  t_total=1.799  t_hwp=0.349  t_qwp=0.32  t_trig=0.727  attempts=1  flags=ok
   16.255  FRAME.START             frame=8  hwp=79  qwp=4
   16.256  ELL.TX                  addr=0  deg=79  hex=00007AE4  cmd=0ma00007AE4
   16.546  ELL.RX                  addr=0  line=0PO00007AE3  raw=b'0PO00007AE3\r\n'
   16.548  ELL.DONE                addr=0  pos=79.0  dt=0.291  lines=1  leftover=0
   16.549  ELL.TX                  addr=2  deg=4  hex=00000639  cmd=2ma00000639
   16.883  ELL.RX                  addr=2  line=2PO0000063B  raw=b'2PO0000063B\r\n'
   16.887  ELL.DONE                addr=2  pos=4.01  dt=0.338  lines=1  leftover=0
   17.291  ARD.TRIG                frame=8  attempt=1
   17.353  ARD.RX                  msg=TRIGGERED  raw=b'TRIGGERED\r\n'  t=0.0
   17.369  ARD.RX                  msg=ARMED  raw=b'ARMED\r\n'  t=0.016
   18.013  ARD.RX                  msg=FRAME_DONE  raw=b'FRAME_DONE\r\n'  t=0.66
   18.015  ARD.FRAME_DONE          frame=8  attempt=1  dt=0.661  leftover=0
   18.016  FRAME.END               frame=8  t_total=1.761  t_hwp=0.293  t_qwp=0.342  t_trig=0.725  attempts=1  flags=ok
   18.019  FRAME.START             frame=9  hwp=136  qwp=55
   18.020  ELL.TX                  addr=0  deg=136  hex=0000D38E  cmd=0ma0000D38E
   18.307  ELL.RX                  addr=0  line=0PO0000D38E  raw=b'0PO0000D38E\r\n'
   18.308  ELL.DONE                addr=0  pos=136.0  dt=0.287  lines=1  leftover=0
   18.309  ELL.TX                  addr=2  deg=55  hex=0000558E  cmd=2ma0000558E
   18.771  ELL.RX                  addr=2  line=2PO0000558C  raw=b'2PO0000558C\r\n'
   18.772  ELL.DONE                addr=2  pos=54.99  dt=0.463  lines=1  leftover=0
   19.186  ARD.TRIG                frame=9  attempt=1
   19.251  ARD.RX                  msg=TRIGGERED  raw=b'TRIGGERED\r\n'  t=0.0
   19.266  ARD.RX                  msg=ARMED  raw=b'ARMED\r\n'  t=0.016
   19.909  ARD.RX                  msg=FRAME_DONE  raw=b'FRAME_DONE\r\n'  t=0.659
   19.910  ARD.FRAME_DONE          frame=9  attempt=1  dt=0.66  leftover=0
   19.911  FRAME.END               frame=9  t_total=1.893  t_hwp=0.289  t_qwp=0.464  t_trig=0.725  attempts=1  flags=ok
   19.913  FRAME.START             frame=10  hwp=136  qwp=65
   19.914  ELL.TX                  addr=0  deg=136  hex=0000D38E  cmd=0ma0000D38E
   19.955  ELL.RX                  addr=0  line=0PO0000D38D  raw=b'0PO0000D38D\r\n'
   19.956  ELL.DONE                addr=0  pos=136.0  dt=0.042  lines=1  leftover=0
   19.957  ELL.TX                  addr=2  deg=65  hex=0000651C  cmd=2ma0000651C
   20.339  ELL.RX                  addr=2  line=2PO0000651D  raw=b'2PO0000651D\r\n'
   20.340  ELL.DONE                addr=2  pos=65.0  dt=0.382  lines=1  leftover=0
   20.747  ARD.TRIG                frame=10  attempt=1
   20.811  ARD.RX                  msg=TRIGGERED  raw=b'TRIGGERED\r\n'  t=0.0
   20.826  ARD.RX                  msg=ARMED  raw=b'ARMED\r\n'  t=0.016
   21.466  ARD.RX                  msg=FRAME_DONE  raw=b'FRAME_DONE\r\n'  t=0.655
   21.467  ARD.FRAME_DONE          frame=10  attempt=1  dt=0.656  leftover=0
   21.468  FRAME.END               frame=10  t_total=1.555  t_hwp=0.043  t_qwp=0.384  t_trig=0.72  attempts=1  flags=ok
   21.470  FRAME.START             frame=11  hwp=44  qwp=68
   21.471  ELL.TX                  addr=0  deg=44  hex=00004472  cmd=0ma00004472
   21.795  ELL.RX                  addr=0  line=0PO00004470  raw=b'0PO00004470\r\n'
   21.796  ELL.DONE                addr=0  pos=44.0  dt=0.324  lines=1  leftover=0
   21.797  ELL.TX                  addr=2  deg=68  hex=000069C7  cmd=2ma000069C7
   22.067  ELL.RX                  addr=2  line=2PO000069C7  raw=b'2PO000069C7\r\n'
   22.068  ELL.DONE                addr=2  pos=68.0  dt=0.27  lines=1  leftover=0
   22.481  ARD.TRIG                frame=11  attempt=1
   22.545  ARD.RX                  msg=TRIGGERED  raw=b'TRIGGERED\r\n'  t=0.0
   22.560  ARD.RX                  msg=ARMED  raw=b'ARMED\r\n'  t=0.015
   23.204  ARD.RX                  msg=FRAME_DONE  raw=b'FRAME_DONE\r\n'  t=0.659
   23.207  ARD.FRAME_DONE          frame=11  attempt=1  dt=0.663  leftover=0
   23.209  FRAME.END               frame=11  t_total=1.739  t_hwp=0.326  t_qwp=0.273  t_trig=0.727  attempts=1  flags=ok
   23.213  FRAME.START             frame=12  hwp=136  qwp=82
   23.214  ELL.TX                  addr=0  deg=136  hex=0000D38E  cmd=0ma0000D38E
   23.587  ELL.RX                  addr=0  line=0PO0000D390  raw=b'0PO0000D390\r\n'
   23.588  ELL.DONE                addr=0  pos=136.0  dt=0.373  lines=1  leftover=0
   23.590  ELL.TX                  addr=2  deg=82  hex=00007F8E  cmd=2ma00007F8E
   23.843  ELL.RX                  addr=2  line=2PO00007F8C  raw=b'2PO00007F8C\r\n'
   23.844  ELL.DONE                addr=2  pos=81.99  dt=0.253  lines=1  leftover=0
   24.248  ARD.TRIG                frame=12  attempt=1
   24.312  ARD.RX                  msg=TRIGGERED  raw=b'TRIGGERED\r\n'  t=0.0
   24.328  ARD.RX                  msg=ARMED  raw=b'ARMED\r\n'  t=0.016
   24.968  ARD.RX                  msg=FRAME_DONE  raw=b'FRAME_DONE\r\n'  t=0.655
   24.969  ARD.FRAME_DONE          frame=12  attempt=1  dt=0.657  leftover=0
   24.970  FRAME.END               frame=12  t_total=1.757  t_hwp=0.376  t_qwp=0.256  t_trig=0.722  attempts=1  flags=ok
   24.971  FRAME.START             frame=13  hwp=35  qwp=77
   24.972  ELL.TX                  addr=0  deg=35  hex=00003672  cmd=0ma00003672
   25.331  ELL.RX                  addr=0  line=0PO0000366F  raw=b'0PO0000366F\r\n'
   25.332  ELL.DONE                addr=0  pos=34.99  dt=0.36  lines=1  leftover=0
   25.333  ELL.TX                  addr=2  deg=77  hex=000077C7  cmd=2ma000077C7
   25.731  ELL.RX                  addr=2  line=2PO000077C9  raw=b'2PO000077C9\r\n'
   25.732  ELL.DONE                addr=2  pos=77.0  dt=0.399  lines=1  leftover=0
   26.139  ARD.TRIG                frame=13  attempt=1
   26.201  ARD.RX                  msg=TRIGGERED  raw=b'TRIGGERED\r\n'  t=0.0
   26.217  ARD.RX                  msg=ARMED  raw=b'ARMED\r\n'  t=0.016
   26.860  ARD.RX                  msg=FRAME_DONE  raw=b'FRAME_DONE\r\n'  t=0.66
   26.861  ARD.FRAME_DONE          frame=13  attempt=1  dt=0.661  leftover=0
   26.863  FRAME.END               frame=13  t_total=1.892  t_hwp=0.361  t_qwp=0.4  t_trig=0.724  attempts=1  flags=ok
   26.865  FRAME.START             frame=14  hwp=123  qwp=100
   26.865  ELL.TX                  addr=0  deg=123  hex=0000BF55  cmd=0ma0000BF55
   27.299  ELL.RX                  addr=0  line=0PO0000BF53  raw=b'0PO0000BF53\r\n'
   27.301  ELL.DONE                addr=0  pos=122.99  dt=0.434  lines=1  leftover=0
   27.302  ELL.TX                  addr=2  deg=100  hex=00009B8E  cmd=2ma00009B8E
   27.715  ELL.RX                  addr=2  line=2PO00009B8D  raw=b'2PO00009B8D\r\n'
   27.716  ELL.DONE                addr=2  pos=100.0  dt=0.414  lines=1  leftover=0
   28.123  ARD.TRIG                frame=14  attempt=1
   28.186  ARD.RX                  msg=TRIGGERED  raw=b'TRIGGERED\r\n'  t=0.001
   28.201  ARD.RX                  msg=ARMED  raw=b'ARMED\r\n'  t=0.016
   28.842  ARD.RX                  msg=FRAME_DONE  raw=b'FRAME_DONE\r\n'  t=0.657
   28.843  ARD.FRAME_DONE          frame=14  attempt=1  dt=0.658  leftover=0
   28.844  FRAME.END               frame=14  t_total=1.98  t_hwp=0.437  t_qwp=0.415  t_trig=0.721  attempts=1  flags=ok
   28.847  LOOP.END              
