    0.020  SESSION.START           log=D:\1_software\Experimental control software\Synthetic birefringence\FA 50 deg\pshg_diag_20260622_175639.log  csv=D:\1_software\Experimental control software\Synthetic birefringence\FA 50 deg\pshg_diag_20260622_175639.csv  file=delta_waves=0.300_fast_axis=50.xlsx  drain_stale=True
    0.065  ELL.QUERY               cmd=0in  reply='0IN0E1140051420211501016800023000\r\n'
    0.161  ELL.QUERY               cmd=2in  reply='2IN0E1140064920211501016800023000\r\n'
    0.593  ELL.QUERY               cmd=0ho  reply='0POFFFFFFFD\r\n'
    1.281  ELL.QUERY               cmd=2ho  reply='2PO00000001\r\n'
    1.313  ELL.QUERY               cmd=0gp  reply='0POFFFFFFFD\r\n'
    1.377  ELL.QUERY               cmd=2gp  reply='2POFFFFFFFE\r\n'
    2.391  LOOP.START            
    3.408  FRAME.START             frame=1  hwp=129  qwp=86
    3.409  ELL.TX                  addr=0  deg=129  hex=0000C8AB  cmd=0ma0000C8AB
    3.874  ELL.RX                  addr=0  line=0PO0000C8AA  raw=b'0PO0000C8AA\r\n'
    3.875  ELL.DONE                addr=0  pos=129.0  dt=0.466  lines=1  leftover=0
    3.876  ELL.TX                  addr=2  deg=86  hex=000085C7  cmd=2ma000085C7
    4.305  ELL.RX                  addr=2  line=2PO000085C6  raw=b'2PO000085C6\r\n'
    4.307  ELL.DONE                addr=2  pos=86.0  dt=0.43  lines=1  leftover=0
    4.720  ARD.TRIG                frame=1  attempt=1
    4.783  ARD.RX                  msg=TRIGGERED  raw=b'TRIGGERED\r\n'  t=0.0
    4.799  ARD.RX                  msg=ARMED  raw=b'ARMED\r\n'  t=0.015
   14.787  ARD.TIMEOUT             waited=10.003
   14.788  ARD.DROP                frame=1  attempt=1
   15.198  ARD.TRIG                frame=1  attempt=2
   15.262  ARD.RX                  msg=TRIGGERED  raw=b'TRIGGERED\r\n'  t=0.0
   15.278  ARD.RX                  msg=ARMED  raw=b'ARMED\r\n'  t=0.016
   15.919  ARD.RX                  msg=FRAME_DONE  raw=b'FRAME_DONE\r\n'  t=0.657
   15.920  ARD.FRAME_DONE          frame=1  attempt=2  dt=0.658  leftover=0
   15.921  FRAME.END               frame=1  t_total=12.513  t_hwp=0.467  t_qwp=0.432  t_trig=11.201  attempts=2  flags=SLOW,RETRY2
   15.924  FRAME.START             frame=2  hwp=96  qwp=130
   15.925  ELL.TX                  addr=0  deg=96  hex=00009555  cmd=0ma00009555
   16.162  ELL.RX                  addr=0  line=0PO00009553  raw=b'0PO00009553\r\n'
   16.163  ELL.DONE                addr=0  pos=95.99  dt=0.237  lines=1  leftover=0
   16.164  ELL.TX                  addr=2  deg=130  hex=0000CA39  cmd=2ma0000CA39
   16.514  ELL.RX                  addr=2  line=2PO0000CA37  raw=b'2PO0000CA37\r\n'
   16.516  ELL.DONE                addr=2  pos=130.0  dt=0.35  lines=1  leftover=0
   16.931  ARD.TRIG                frame=2  attempt=1
   16.993  ARD.RX                  msg=TRIGGERED  raw=b'TRIGGERED\r\n'  t=0.0
   17.009  ARD.RX                  msg=ARMED  raw=b'ARMED\r\n'  t=0.016
   17.651  ARD.RX                  msg=FRAME_DONE  raw=b'FRAME_DONE\r\n'  t=0.658
   17.653  ARD.FRAME_DONE          frame=2  attempt=1  dt=0.66  leftover=0
   17.654  FRAME.END               frame=2  t_total=1.73  t_hwp=0.239  t_qwp=0.353  t_trig=0.723  attempts=1  flags=ok
   17.657  FRAME.START             frame=3  hwp=86  qwp=131
   17.658  ELL.TX                  addr=0  deg=86  hex=000085C7  cmd=0ma000085C7
   17.842  ELL.RX                  addr=0  line=0PO000085C6  raw=b'0PO000085C6\r\n'
   17.844  ELL.DONE                addr=0  pos=86.0  dt=0.184  lines=1  leftover=0
   17.844  ELL.TX                  addr=2  deg=131  hex=0000CBC7  cmd=2ma0000CBC7
   18.082  ELL.RX                  addr=2  line=2PO0000CBC4  raw=b'2PO0000CBC4\r\n'
   18.083  ELL.DONE                addr=2  pos=130.99  dt=0.238  lines=1  leftover=0
   18.493  ARD.TRIG                frame=3  attempt=1
   18.558  ARD.RX                  msg=TRIGGERED  raw=b'TRIGGERED\r\n'  t=0.001
   18.573  ARD.RX                  msg=ARMED  raw=b'ARMED\r\n'  t=0.016
   19.212  ARD.RX                  msg=FRAME_DONE  raw=b'FRAME_DONE\r\n'  t=0.655
   19.213  ARD.FRAME_DONE          frame=3  attempt=1  dt=0.656  leftover=0
   19.214  FRAME.END               frame=3  t_total=1.557  t_hwp=0.186  t_qwp=0.24  t_trig=0.721  attempts=1  flags=ok
   19.216  FRAME.START             frame=4  hwp=80  qwp=136
   19.216  ELL.TX                  addr=0  deg=80  hex=00007C72  cmd=0ma00007C72
   19.410  ELL.RX                  addr=0  line=0PO00007C75  raw=b'0PO00007C75\r\n'
   19.412  ELL.DONE                addr=0  pos=80.01  dt=0.195  lines=1  leftover=0
   19.414  ELL.TX                  addr=2  deg=136  hex=0000D38E  cmd=2ma0000D38E
   19.827  ELL.RX                  addr=2  line=2PO0000D38C  raw=b'2PO0000D38C\r\n'
   19.829  ELL.DONE                addr=2  pos=135.99  dt=0.411  lines=1  leftover=0
   20.235  ARD.TRIG                frame=4  attempt=1
   20.297  ARD.RX                  msg=TRIGGERED  raw=b'TRIGGERED\r\n'  t=0.0
   20.313  ARD.RX                  msg=ARMED  raw=b'ARMED\r\n'  t=0.016
   20.957  ARD.RX                  msg=FRAME_DONE  raw=b'FRAME_DONE\r\n'  t=0.659
   20.958  ARD.FRAME_DONE          frame=4  attempt=1  dt=0.661  leftover=0
   20.959  FRAME.END               frame=4  t_total=1.743  t_hwp=0.198  t_qwp=0.416  t_trig=0.724  attempts=1  flags=ok
   20.961  FRAME.START             frame=5  hwp=91  qwp=85
   20.962  ELL.TX                  addr=0  deg=91  hex=00008D8E  cmd=0ma00008D8E
   21.170  ELL.RX                  addr=0  line=0PO00008D90  raw=b'0PO00008D90\r\n'
   21.172  ELL.DONE                addr=0  pos=91.0  dt=0.209  lines=1  leftover=0
   21.173  ELL.TX                  addr=2  deg=85  hex=00008439  cmd=2ma00008439
   21.762  ELL.RX                  addr=2  line=2PO00008439  raw=b'2PO00008439\r\n'
   21.764  ELL.DONE                addr=2  pos=85.0  dt=0.59  lines=1  leftover=0
   22.176  ARD.TRIG                frame=5  attempt=1
   22.240  ARD.RX                  msg=TRIGGERED  raw=b'TRIGGERED\r\n'  t=0.0
   22.256  ARD.RX                  msg=ARMED  raw=b'ARMED\r\n'  t=0.016
   22.896  ARD.RX                  msg=FRAME_DONE  raw=b'FRAME_DONE\r\n'  t=0.656
   22.897  ARD.FRAME_DONE          frame=5  attempt=1  dt=0.657  leftover=0
   22.898  FRAME.END               frame=5  t_total=1.937  t_hwp=0.211  t_qwp=0.592  t_trig=0.721  attempts=1  flags=ok
   22.899  FRAME.START             frame=6  hwp=84  qwp=79
   22.900  ELL.TX                  addr=0  deg=84  hex=000082AB  cmd=0ma000082AB
   23.106  ELL.RX                  addr=0  line=0PO000082AD  raw=b'0PO000082AD\r\n'
   23.108  ELL.DONE                addr=0  pos=84.01  dt=0.207  lines=1  leftover=0
   23.108  ELL.TX                  addr=2  deg=79  hex=00007AE4  cmd=2ma00007AE4
   23.299  ELL.RX                  addr=2  line=2PO00007AE2  raw=b'2PO00007AE2\r\n'
   23.300  ELL.DONE                addr=2  pos=79.0  dt=0.19  lines=1  leftover=0
   23.715  ARD.TRIG                frame=6  attempt=1
   23.777  ARD.RX                  msg=TRIGGERED  raw=b'TRIGGERED\r\n'  t=0.0
   23.792  ARD.RX                  msg=ARMED  raw=b'ARMED\r\n'  t=0.015
   24.436  ARD.RX                  msg=FRAME_DONE  raw=b'FRAME_DONE\r\n'  t=0.659
   24.437  ARD.FRAME_DONE          frame=6  attempt=1  dt=0.66  leftover=0
   24.439  FRAME.END               frame=6  t_total=1.54  t_hwp=0.208  t_qwp=0.192  t_trig=0.724  attempts=1  flags=ok
   24.442  FRAME.START             frame=7  hwp=158  qwp=57
   24.445  ELL.TX                  addr=0  deg=158  hex=0000F5C7  cmd=0ma0000F5C7
   24.883  ELL.RX                  addr=0  line=0PO0000F5C6  raw=b'0PO0000F5C6\r\n'
   24.884  ELL.DONE                addr=0  pos=158.0  dt=0.437  lines=1  leftover=0
   24.884  ELL.TX                  addr=2  deg=57  hex=000058AB  cmd=2ma000058AB
   25.123  ELL.RX                  addr=2  line=2PO000058A9  raw=b'2PO000058A9\r\n'
   25.124  ELL.DONE                addr=2  pos=57.0  dt=0.239  lines=1  leftover=0
   25.527  ARD.TRIG                frame=7  attempt=1
   25.591  ARD.RX                  msg=TRIGGERED  raw=b'TRIGGERED\r\n'  t=0.001
   25.606  ARD.RX                  msg=ARMED  raw=b'ARMED\r\n'  t=0.016
   26.251  ARD.RX                  msg=FRAME_DONE  raw=b'FRAME_DONE\r\n'  t=0.661
   26.252  ARD.FRAME_DONE          frame=7  attempt=1  dt=0.662  leftover=0
   26.253  FRAME.END               frame=7  t_total=1.811  t_hwp=0.44  t_qwp=0.241  t_trig=0.726  attempts=1  flags=ok
   26.255  FRAME.START             frame=8  hwp=161  qwp=5
   26.256  ELL.TX                  addr=0  deg=161  hex=0000FA72  cmd=0ma0000FA72
   26.547  ELL.RX                  addr=0  line=0PO0000FA73  raw=b'0PO0000FA73\r\n'
   26.548  ELL.DONE                addr=0  pos=161.0  dt=0.291  lines=1  leftover=0
   26.548  ELL.TX                  addr=2  deg=5  hex=000007C7  cmd=2ma000007C7
   26.963  ELL.RX                  addr=2  line=2PO000007C8  raw=b'2PO000007C8\r\n'
   26.966  ELL.DONE                addr=2  pos=5.0  dt=0.416  lines=1  leftover=0
   27.379  ARD.TRIG                frame=8  attempt=1
   27.442  ARD.RX                  msg=TRIGGERED  raw=b'TRIGGERED\r\n'  t=0.0
   27.457  ARD.RX                  msg=ARMED  raw=b'ARMED\r\n'  t=0.015
   28.101  ARD.RX                  msg=FRAME_DONE  raw=b'FRAME_DONE\r\n'  t=0.659
   28.102  ARD.FRAME_DONE          frame=8  attempt=1  dt=0.66  leftover=0
   28.103  FRAME.END               frame=8  t_total=1.848  t_hwp=0.293  t_qwp=0.419  t_trig=0.724  attempts=1  flags=ok
   28.105  FRAME.START             frame=9  hwp=47  qwp=49
   28.105  ELL.TX                  addr=0  deg=47  hex=0000491C  cmd=0ma0000491C
   28.403  ELL.RX                  addr=0  line=0PO0000491B  raw=b'0PO0000491B\r\n'
   28.406  ELL.DONE                addr=0  pos=47.0  dt=0.299  lines=1  leftover=0
   28.408  ELL.TX                  addr=2  deg=49  hex=00004C39  cmd=2ma00004C39
   28.835  ELL.RX                  addr=2  line=2PO00004C3A  raw=b'2PO00004C3A\r\n'
   28.836  ELL.DONE                addr=2  pos=49.0  dt=0.426  lines=1  leftover=0
   29.242  ARD.TRIG                frame=9  attempt=1
   29.304  ARD.RX                  msg=TRIGGERED  raw=b'TRIGGERED\r\n'  t=0.0
   29.319  ARD.RX                  msg=ARMED  raw=b'ARMED\r\n'  t=0.015
   29.964  ARD.RX                  msg=FRAME_DONE  raw=b'FRAME_DONE\r\n'  t=0.659
   29.965  ARD.FRAME_DONE          frame=9  attempt=1  dt=0.66  leftover=0
   29.965  FRAME.END               frame=9  t_total=1.861  t_hwp=0.302  t_qwp=0.429  t_trig=0.724  attempts=1  flags=ok
   29.967  FRAME.START             frame=10  hwp=125  qwp=53
   29.968  ELL.TX                  addr=0  deg=125  hex=0000C272  cmd=0ma0000C272
   30.339  ELL.RX                  addr=0  line=0PO0000C275  raw=b'0PO0000C275\r\n'
   30.340  ELL.DONE                addr=0  pos=125.01  dt=0.372  lines=1  leftover=0
   30.341  ELL.TX                  addr=2  deg=53  hex=00005272  cmd=2ma00005272
   30.595  ELL.RX                  addr=2  line=2PO00005271  raw=b'2PO00005271\r\n'
   30.596  ELL.DONE                addr=2  pos=53.0  dt=0.253  lines=1  leftover=0
   31.011  ARD.TRIG                frame=10  attempt=1
   31.072  ARD.RX                  msg=TRIGGERED  raw=b'TRIGGERED\r\n'  t=0.0
   31.087  ARD.RX                  msg=ARMED  raw=b'ARMED\r\n'  t=0.015
   31.736  ARD.RX                  msg=FRAME_DONE  raw=b'FRAME_DONE\r\n'  t=0.664
   31.739  ARD.FRAME_DONE          frame=10  attempt=1  dt=0.666  leftover=0
   31.741  FRAME.END               frame=10  t_total=1.774  t_hwp=0.373  t_qwp=0.256  t_trig=0.73  attempts=1  flags=ok
   31.744  FRAME.START             frame=11  hwp=37  qwp=60
   31.745  ELL.TX                  addr=0  deg=37  hex=0000398E  cmd=0ma0000398E
   32.019  ELL.RX                  addr=0  line=0PO0000398D  raw=b'0PO0000398D\r\n'
   32.025  ELL.DONE                addr=0  pos=37.0  dt=0.278  lines=1  leftover=0
   32.029  ELL.TX                  addr=2  deg=60  hex=00005D55  cmd=2ma00005D55
   32.307  ELL.RX                  addr=2  line=2PO00005D58  raw=b'2PO00005D58\r\n'
   32.308  ELL.DONE                addr=2  pos=60.01  dt=0.273  lines=1  leftover=0
   32.708  ARD.TRIG                frame=11  attempt=1
   32.773  ARD.RX                  msg=TRIGGERED  raw=b'TRIGGERED\r\n'  t=0.0
   32.788  ARD.RX                  msg=ARMED  raw=b'ARMED\r\n'  t=0.016
   33.429  ARD.RX                  msg=FRAME_DONE  raw=b'FRAME_DONE\r\n'  t=0.656
   33.430  ARD.FRAME_DONE          frame=11  attempt=1  dt=0.657  leftover=0
   33.430  FRAME.END               frame=11  t_total=1.687  t_hwp=0.284  t_qwp=0.28  t_trig=0.722  attempts=1  flags=ok
   33.432  FRAME.START             frame=12  hwp=34  qwp=65
   33.433  ELL.TX                  addr=0  deg=34  hex=000034E4  cmd=0ma000034E4
   33.539  ELL.RX                  addr=0  line=0PO000034E2  raw=b'0PO000034E2\r\n'
   33.540  ELL.DONE                addr=0  pos=34.0  dt=0.106  lines=1  leftover=0
   33.541  ELL.TX                  addr=2  deg=65  hex=0000651C  cmd=2ma0000651C
   33.795  ELL.RX                  addr=2  line=2PO00006519  raw=b'2PO00006519\r\n'
   33.796  ELL.DONE                addr=2  pos=64.99  dt=0.254  lines=1  leftover=0
   34.206  ARD.TRIG                frame=12  attempt=1
   34.269  ARD.RX                  msg=TRIGGERED  raw=b'TRIGGERED\r\n'  t=0.0
   34.285  ARD.RX                  msg=ARMED  raw=b'ARMED\r\n'  t=0.016
   34.928  ARD.RX                  msg=FRAME_DONE  raw=b'FRAME_DONE\r\n'  t=0.659
   34.929  ARD.FRAME_DONE          frame=12  attempt=1  dt=0.66  leftover=0
   34.930  FRAME.END               frame=12  t_total=1.498  t_hwp=0.108  t_qwp=0.255  t_trig=0.723  attempts=1  flags=ok
   34.931  FRAME.START             frame=13  hwp=129  qwp=84
   34.932  ELL.TX                  addr=0  deg=129  hex=0000C8AB  cmd=0ma0000C8AB
   35.331  ELL.RX                  addr=0  line=0PO0000C8A8  raw=b'0PO0000C8A8\r\n'
   35.332  ELL.DONE                addr=0  pos=128.99  dt=0.4  lines=1  leftover=0
   35.333  ELL.TX                  addr=2  deg=84  hex=000082AB  cmd=2ma000082AB
   35.699  ELL.RX                  addr=2  line=2PO000082AD  raw=b'2PO000082AD\r\n'
   35.700  ELL.DONE                addr=2  pos=84.01  dt=0.366  lines=1  leftover=0
   36.113  ARD.TRIG                frame=13  attempt=1
   36.176  ARD.RX                  msg=TRIGGERED  raw=b'TRIGGERED\r\n'  t=0.0
   36.192  ARD.RX                  msg=ARMED  raw=b'ARMED\r\n'  t=0.016
   36.842  ARD.RX                  msg=FRAME_DONE  raw=b'FRAME_DONE\r\n'  t=0.667
   36.844  ARD.FRAME_DONE          frame=13  attempt=1  dt=0.669  leftover=0
   36.845  FRAME.END               frame=13  t_total=1.914  t_hwp=0.401  t_qwp=0.368  t_trig=0.732  attempts=1  flags=ok
   36.847  FRAME.START             frame=14  hwp=98  qwp=131
   36.847  ELL.TX                  addr=0  deg=98  hex=00009872  cmd=0ma00009872
   37.219  ELL.RX                  addr=0  line=0PO00009875  raw=b'0PO00009875\r\n'
   37.220  ELL.DONE                addr=0  pos=98.01  dt=0.372  lines=1  leftover=0
   37.221  ELL.TX                  addr=2  deg=131  hex=0000CBC7  cmd=2ma0000CBC7
   37.635  ELL.RX                  addr=2  line=2PO0000CBC4  raw=b'2PO0000CBC4\r\n'
   37.636  ELL.DONE                addr=2  pos=130.99  dt=0.414  lines=1  leftover=0
   38.042  ARD.TRIG                frame=14  attempt=1
   38.103  ARD.RX                  msg=TRIGGERED  raw=b'TRIGGERED\r\n'  t=0.0
   38.118  ARD.RX                  msg=ARMED  raw=b'ARMED\r\n'  t=0.015
   38.761  ARD.RX                  msg=FRAME_DONE  raw=b'FRAME_DONE\r\n'  t=0.659
   38.763  ARD.FRAME_DONE          frame=14  attempt=1  dt=0.66  leftover=0
   38.764  FRAME.END               frame=14  t_total=1.917  t_hwp=0.374  t_qwp=0.416  t_trig=0.722  attempts=1  flags=ok
   38.767  LOOP.END              
